2026-10-04T21:53:34.116Z t=768 INFO client log opened pid=13768 build=release executable=D:/work/loadtime-exports/final/BattleDuty-aimbot.exe args=["--fixture","roguelite"]
2026-10-04T21:53:34.116Z t=768 INFO engine=4.6.1-stable (custom_build) build=release commit=73bf354166cc+dirty branch=perf/load-time built=2026-10-04T21:51:48.826Z
2026-10-04T21:53:34.116Z t=768 INFO os=Windows 10.0.19045 cpu="AMD Ryzen 7 9800X3D 8-Core Processor" cores=16 locale=en_US
2026-10-04T21:53:34.116Z t=768 INFO gpu="AMD Radeon RX 9070 XT" vendor="AMD" api=12_0 driver=d3d12 method=forward_plus
2026-10-04T21:53:34.116Z t=768 INFO godot's own log: C:/Users/Kam/AppData/Roaming/Godot/app_userdata/Godmode.exe/logs/godot.log
2026-10-04T21:53:34.117Z t=768 INFO [JS] GODMODE_LOG_FILE=D:/work/loadtime-exports/final/logs/client-20261004-215334-13768.log
2026-10-04T21:53:34.120Z t=772 INFO [JS] GODMODE_ROGUELITE_LEVEL_BUILT=0:2
2026-10-04T21:53:38.004Z t=4656 INFO [JS] GODMODE_ARENA_BUILD=client:prebuilt:load:1993:instantiate:272:expand:1496:rehook:123:expandedVertices:15120000:foliageMaterials:2
2026-10-04T21:53:38.914Z t=5566 INFO [JS] GODMODE_CRASH_SESSION=muucy92a-13768
2026-10-04T21:53:38.916Z t=5568 INFO [JS] GODMODE_DISPLAY boot mode=3 fullscreen=true applied=false
2026-10-04T21:53:38.916Z t=5568 INFO [JS] GODMODE_CLIENT_LAUNCHED
2026-10-04T21:53:39.428Z t=6080 STATE fps=1 worstFrameMs=0 mem=0MB objects=48382 nodes=27110 orphans=0 resources=17505 serverTickMs=none seed=none progress="" enemies=0 player=none alive=none hp=none flying=false
2026-10-04T21:53:39.515Z t=6167 INFO [JS] GODMODE_CRASH_REPORT=sent result=0 status=200 session=muucy1dv-36908 bytes=3551
2026-10-04T21:53:39.591Z t=6243 INFO [JS] GODMODE_ROGUELITE_LEVEL_BUILT=0:0
2026-10-04T21:53:39.790Z t=6442 INFO [JS] GODMODE_ARENA_BUILD=server:prebuilt:load:0:instantiate:199:expand:0:rehook:0:expandedVertices:0:foliageMaterials:0
2026-10-04T21:53:40.046Z t=6698 INFO [JS] GODMODE_SERVER_READY=local
2026-10-04T21:53:40.049Z t=6701 INFO [JS] GODMODE_PEER_CONNECTED=2
2026-10-04T21:53:40.288Z t=6940 INFO [JS] GODMODE_FIRST_GAMEPLAY_FRAME=6940
2026-10-04T21:53:40.293Z t=6945 WARN long frame: 751 ms
2026-10-04T21:53:40.320Z t=6972 INFO [JS] GODMODE_PEER_JOINED=2
2026-10-04T21:53:40.322Z t=6974 INFO [JS] GODMODE_ROGUELITE_SEED=F9EF52F2
2026-10-04T21:53:40.322Z t=6974 INFO [JS] GODMODE_ROGUELITE_PRIMARY=2:machineGun
2026-10-04T21:53:40.428Z t=7080 INFO [JS] GODMODE_SURVIVAL_MINUTE=0:rifleman:-
2026-10-04T21:53:40.432Z t=7084 INFO [JS] GODMODE_CLIENT_READY=2
2026-10-04T21:53:40.495Z t=7147 INFO [JS] GODMODE_STREAM_LIVE=18:1
2026-10-04T21:53:40.496Z t=7148 INFO [JS] GODMODE_STREAM_CHAT_EVENT=runStart
2026-10-04T21:53:41.870Z t=8522 INFO [JS] GODMODE_SYSTEM_ADMIN_SPAWNED=soldier-e1
