2026-10-04T21:53:23.096Z t=859 INFO client log opened pid=36908 build=release executable=D:/work/loadtime-exports/final/BattleDuty-aimbot.exe args=["--fixture","roguelite"]
2026-10-04T21:53:23.096Z t=859 INFO engine=4.6.1-stable (custom_build) build=release commit=73bf354166cc+dirty branch=perf/load-time built=2026-10-04T21:51:48.826Z
2026-10-04T21:53:23.096Z t=859 INFO os=Windows 10.0.19045 cpu="AMD Ryzen 7 9800X3D 8-Core Processor" cores=16 locale=en_US
2026-10-04T21:53:23.096Z t=859 INFO gpu="AMD Radeon RX 9070 XT" vendor="AMD" api=12_0 driver=d3d12 method=forward_plus
2026-10-04T21:53:23.096Z t=859 INFO godot's own log: C:/Users/Kam/AppData/Roaming/Godot/app_userdata/Godmode.exe/logs/godot.log
2026-10-04T21:53:23.096Z t=860 INFO [JS] GODMODE_LOG_FILE=D:/work/loadtime-exports/final/logs/client-20261004-215323-36908.log
2026-10-04T21:53:23.104Z t=867 INFO [JS] GODMODE_ROGUELITE_LEVEL_BUILT=0:0
2026-10-04T21:53:27.928Z t=5691 INFO [JS] GODMODE_ARENA_BUILD=client:prebuilt:load:2738:instantiate:336:expand:1601:rehook:149:expandedVertices:15120000:foliageMaterials:2
2026-10-04T21:53:28.964Z t=6727 INFO [JS] GODMODE_CRASH_SESSION=muucy1dv-36908
2026-10-04T21:53:28.965Z t=6728 INFO [JS] GODMODE_DISPLAY boot mode=3 fullscreen=true applied=false
2026-10-04T21:53:28.965Z t=6728 INFO [JS] GODMODE_CLIENT_LAUNCHED
2026-10-04T21:53:29.967Z t=7730 INFO [JS] GODMODE_ROGUELITE_LEVEL_BUILT=0:0
2026-10-04T21:53:30.185Z t=7948 INFO [JS] GODMODE_ARENA_BUILD=server:prebuilt:load:0:instantiate:217:expand:0:rehook:0:expandedVertices:0:foliageMaterials:0
2026-10-04T21:53:30.482Z t=8245 INFO [JS] GODMODE_SERVER_READY=local
2026-10-04T21:53:30.484Z t=8247 INFO [JS] GODMODE_PEER_CONNECTED=2
2026-10-04T21:53:30.751Z t=8515 INFO [JS] GODMODE_FIRST_GAMEPLAY_FRAME=8515
2026-10-04T21:53:30.761Z t=8524 STATE fps=1 worstFrameMs=0 mem=0MB objects=52747 nodes=31345 orphans=0 resources=17508 serverTickMs=0.0/0.0 seed=none progress="" enemies=0 player=none alive=none hp=none flying=false
2026-10-04T21:53:30.891Z t=8654 INFO [JS] GODMODE_PEER_JOINED=2
2026-10-04T21:53:30.895Z t=8658 INFO [JS] GODMODE_ROGUELITE_SEED=922693E8
2026-10-04T21:53:30.896Z t=8659 INFO [JS] GODMODE_ROGUELITE_PRIMARY=2:machineGun
2026-10-04T21:53:31.008Z t=8771 INFO [JS] GODMODE_SURVIVAL_MINUTE=0:rifleman:-
2026-10-04T21:53:31.013Z t=8776 INFO [JS] GODMODE_CLIENT_READY=2
2026-10-04T21:53:31.092Z t=8855 INFO [JS] GODMODE_STREAM_LIVE=18:1
2026-10-04T21:53:31.093Z t=8856 INFO [JS] GODMODE_STREAM_CHAT_EVENT=runStart
2026-10-04T21:53:32.570Z t=10333 INFO [JS] GODMODE_SYSTEM_ADMIN_SPAWNED=soldier-e1
