2026-10-06T07:26:32.501Z t=530 INFO client log opened pid=34624 build=release executable=D:/work/godmode-roguelite-worktrees/export-window-capture/artifacts/release-v033/unpacked/BattleDuty-aimbot.exe args=["--godmode-session","export-capture-20261006","--session-heartbeat","C:\\Users\\Kam\\AppData\\Local\\Temp\\godot-cli\\_sessions\\export-capture-20261006.heartbeat","--session-ttl-ms","0","--godot-cli-export","RDpcd29ya1xnb2Rtb2RlLXJvZ3VlbGl0ZS13b3JrdHJlZXNcZXhwb3J0LXdpbmRvdy1jYXB0dXJlXGFydGlmYWN0c1xyZWxlYXNlLXYwMzNcdW5wYWNrZWRcQmF0dGxlRHV0eS1haW1ib3QuZXhl","--windowed","--fixture","roguelite","--settings-path","C:\\Users\\Kam\\AppData\\Local\\Temp\\godot-cli\\1812ac26f44e\\settings-v033-warm-timed.cfg"]
2026-10-06T07:26:32.501Z t=530 INFO engine=4.6.1-stable (custom_build) build=release commit=f28cb4c17cb3 branch=release/playtest-033 built=2026-10-06T06:24:39.411Z
2026-10-06T07:26:32.501Z t=530 INFO os=Windows 10.0.19045 cpu="AMD Ryzen 7 9800X3D 8-Core Processor" cores=16 locale=en_US
2026-10-06T07:26:32.501Z t=530 INFO gpu="AMD Radeon RX 9070 XT" vendor="AMD" api=12_0 driver=d3d12 method=forward_plus
2026-10-06T07:26:32.501Z t=530 INFO godot's own log: C:/Users/Kam/AppData/Roaming/Godmode-release-capture-20261006-0750/logs/godot.log
2026-10-06T07:26:32.501Z t=530 INFO [JS] GODMODE_LOG_FILE=D:/work/godmode-roguelite-worktrees/export-window-capture/artifacts/release-v033/unpacked/logs/client-20261006-072632-34624.log
2026-10-06T07:26:37.693Z t=5722 INFO [JS] GODMODE_ARENA_PRELOAD=client:5192
2026-10-06T07:26:37.723Z t=5752 INFO [JS] GODMODE_ARENA_PRELOAD=server:30
2026-10-06T07:26:37.723Z t=5752 INFO [JS] GODMODE_ROGUELITE_LEVEL_BUILT=0:0
2026-10-06T07:26:37.994Z t=6023 INFO [JS] GODMODE_ARENA_BUILD=client:prebuilt:load:0:instantiate:197:rehook:74:foliageMaterials:2
2026-10-06T07:26:40.779Z t=8808 INFO [JS] GODMODE_CRASH_SESSION=muwcv0y2-34624
2026-10-06T07:26:40.780Z t=8809 INFO [JS] GODMODE_DISPLAY boot mode=0 fullscreen=true applied=false
2026-10-06T07:26:40.780Z t=8809 INFO [JS] GODMODE_CLIENT_LAUNCHED
2026-10-06T07:26:41.206Z t=9235 STATE fps=1 worstFrameMs=0 mem=0MB objects=48528 nodes=27276 orphans=0 resources=17454 serverTickMs=none seed=none progress="" enemies=0 player=none alive=none hp=none flying=false
2026-10-06T07:26:41.450Z t=9479 INFO [JS] GODMODE_ROGUELITE_LEVEL_BUILT=0:0
2026-10-06T07:26:41.597Z t=9626 INFO [JS] GODMODE_ARENA_BUILD=server:prebuilt:load:0:instantiate:147:rehook:0:foliageMaterials:0
2026-10-06T07:26:41.767Z t=9796 INFO [JS] GODMODE_SERVER_READY=local
2026-10-06T07:26:41.769Z t=9798 INFO [JS] GODMODE_PEER_CONNECTED=2
2026-10-06T07:26:41.988Z t=10017 INFO [JS] GODMODE_FIRST_GAMEPLAY_FRAME=10017
2026-10-06T07:26:41.995Z t=10024 WARN long frame: 582 ms
2026-10-06T07:26:42.011Z t=10040 INFO [JS] GODMODE_PEER_JOINED=2
2026-10-06T07:26:42.013Z t=10042 INFO [JS] GODMODE_ROGUELITE_SEED=EEDA0A83
2026-10-06T07:26:42.013Z t=10042 INFO [JS] GODMODE_ROGUELITE_PRIMARY=2:machineGun
2026-10-06T07:26:42.080Z t=10109 INFO [JS] GODMODE_SURVIVAL_MINUTE=0:rifleman:-
2026-10-06T07:26:42.082Z t=10111 INFO [JS] GODMODE_CLIENT_READY=2
2026-10-06T07:26:42.668Z t=10697 INFO [JS] GODMODE_STREAM_LIVE=18:1
2026-10-06T07:26:42.669Z t=10698 INFO [JS] GODMODE_STREAM_CHAT_EVENT=runStart
2026-10-06T07:26:43.224Z t=11253 INFO [JS] GODMODE_MOCAP_LOAD=machineGun:554
2026-10-06T07:26:43.224Z t=11253 WARN long frame: 1229 ms
2026-10-06T07:26:43.259Z t=11288 INFO [JS] GODMODE_FIRST_PRESENTED_GAMEPLAY_FRAME=11288
