2026-10-06T07:26:09.587Z t=1408 INFO client log opened pid=29340 build=release executable=D:/work/godmode-roguelite-worktrees/export-window-capture/artifacts/release-v033/unpacked/BattleDuty-aimbot.exe args=["--godmode-session","export-capture-20261006","--session-heartbeat","C:\\Users\\Kam\\AppData\\Local\\Temp\\godot-cli\\_sessions\\export-capture-20261006.heartbeat","--session-ttl-ms","0","--godot-cli-export","RDpcd29ya1xnb2Rtb2RlLXJvZ3VlbGl0ZS13b3JrdHJlZXNcZXhwb3J0LXdpbmRvdy1jYXB0dXJlXGFydGlmYWN0c1xyZWxlYXNlLXYwMzNcdW5wYWNrZWRcQmF0dGxlRHV0eS1haW1ib3QuZXhl","--windowed","--fixture","roguelite","--settings-path","C:\\Users\\Kam\\AppData\\Local\\Temp\\godot-cli\\1812ac26f44e\\settings-v033-cold-timed.cfg"]
2026-10-06T07:26:09.587Z t=1409 INFO engine=4.6.1-stable (custom_build) build=release commit=f28cb4c17cb3 branch=release/playtest-033 built=2026-10-06T06:24:39.411Z
2026-10-06T07:26:09.587Z t=1409 INFO os=Windows 10.0.19045 cpu="AMD Ryzen 7 9800X3D 8-Core Processor" cores=16 locale=en_US
2026-10-06T07:26:09.587Z t=1409 INFO gpu="AMD Radeon RX 9070 XT" vendor="AMD" api=12_0 driver=d3d12 method=forward_plus
2026-10-06T07:26:09.587Z t=1409 INFO godot's own log: C:/Users/Kam/AppData/Roaming/Godmode-release-capture-20261006-0750/logs/godot.log
2026-10-06T07:26:09.587Z t=1409 INFO [JS] GODMODE_LOG_FILE=D:/work/godmode-roguelite-worktrees/export-window-capture/artifacts/release-v033/unpacked/logs/client-20261006-072609-29340.log
2026-10-06T07:26:16.137Z t=7959 INFO [JS] GODMODE_ARENA_PRELOAD=client:6550
2026-10-06T07:26:16.166Z t=7988 INFO [JS] GODMODE_ARENA_PRELOAD=server:29
2026-10-06T07:26:16.167Z t=7989 INFO [JS] GODMODE_ROGUELITE_LEVEL_BUILT=0:0
2026-10-06T07:26:16.517Z t=8339 INFO [JS] GODMODE_ARENA_BUILD=client:prebuilt:load:0:instantiate:275:rehook:74:foliageMaterials:2
2026-10-06T07:26:19.774Z t=11596 INFO [JS] GODMODE_CRASH_SESSION=muwcukql-29340
2026-10-06T07:26:19.778Z t=11599 INFO [JS] GODMODE_DISPLAY boot mode=0 fullscreen=true applied=false
2026-10-06T07:26:19.778Z t=11599 INFO [JS] GODMODE_CLIENT_LAUNCHED
2026-10-06T07:26:27.657Z t=19479 INFO [JS] GODMODE_CRASH_REPORT=sent result=0 status=200 session=muwcsreb-7792 bytes=3237
2026-10-06T07:26:27.688Z t=19510 INFO [JS] GODMODE_ROGUELITE_LEVEL_BUILT=0:0
2026-10-06T07:26:27.851Z t=19672 INFO [JS] GODMODE_ARENA_BUILD=server:prebuilt:load:0:instantiate:163:rehook:0:foliageMaterials:0
2026-10-06T07:26:28.032Z t=19854 INFO [JS] GODMODE_SERVER_READY=local
2026-10-06T07:26:28.034Z t=19856 INFO [JS] GODMODE_PEER_CONNECTED=2
2026-10-06T07:26:28.283Z t=20104 INFO [JS] GODMODE_FIRST_GAMEPLAY_FRAME=20104
2026-10-06T07:26:28.289Z t=20110 STATE fps=1 worstFrameMs=0 mem=0MB objects=52915 nodes=31513 orphans=0 resources=17482 serverTickMs=0.0/0.0 seed=none progress="" enemies=0 player=none alive=none hp=none flying=false
2026-10-06T07:26:28.317Z t=20138 INFO [JS] GODMODE_PEER_JOINED=2
2026-10-06T07:26:28.319Z t=20140 INFO [JS] GODMODE_ROGUELITE_SEED=5506F256
2026-10-06T07:26:28.319Z t=20141 INFO [JS] GODMODE_ROGUELITE_PRIMARY=2:machineGun
2026-10-06T07:26:28.388Z t=20210 INFO [JS] GODMODE_SURVIVAL_MINUTE=0:rifleman:-
2026-10-06T07:26:28.391Z t=20213 INFO [JS] GODMODE_CLIENT_READY=2
2026-10-06T07:26:29.012Z t=20834 INFO [JS] GODMODE_STREAM_LIVE=18:1
2026-10-06T07:26:29.013Z t=20835 INFO [JS] GODMODE_STREAM_CHAT_EVENT=runStart
2026-10-06T07:26:29.626Z t=21448 INFO [JS] GODMODE_MOCAP_LOAD=machineGun:611
2026-10-06T07:26:29.627Z t=21448 WARN long frame: 1338 ms
2026-10-06T07:26:29.679Z t=21501 INFO [JS] GODMODE_FIRST_PRESENTED_GAMEPLAY_FRAME=21501
2026-10-06T07:26:29.919Z t=21741 INFO [JS] GODMODE_SYSTEM_ADMIN_SPAWNED=soldier-e1
