Godot Engine v4.6.1.stable.custom_build.14d19694e (2026-02-16 15:13:51 UTC) - https://godotengine.org
D3D12 12_0 - Forward+ - Using Device #0: AMD - AMD Radeon RX 9070 XT

[JSDebugger][Debug] [LWS] [2026/10/03 07:22:13:8402] E: [null wsi]: lws_socket_bind: ERROR on binding fd 3376 to port 9229 (-1 10048)
[JSDebugger][Debug] [LWS] [2026/10/03 07:22:13:8418] E: [vh|0|default||9229]: lws_create_vhost: init server failed
[JSDebugger][Debug] [LWS] [2026/10/03 07:22:13:8423] E: lws_create_context: Failed to create default vhost
[JSDebugger][Debug] devtools://devtools/bundled/inspector.html?v8only=true&ws=127.0.0.1:9229/1
[jsb][Debug] slow process JSRealm._load_module: 0.040848 s (modules\GodotJS\bridge\jsb_environment.cpp:1131)
[jsb][Debug] slow process JSRealm._require: 0.041483 s (modules\GodotJS\bridge\jsb_builtins.cpp:61)
[jsb][Debug] slow process JSRealm._load_module: 0.049544 s (modules\GodotJS\bridge\jsb_environment.cpp:1131)
[jsb][Debug] slow process JSRealm._require: 0.050259 s (modules\GodotJS\bridge\jsb_builtins.cpp:61)
[jsb][Debug] slow process JSRealm._load_module: 0.102897 s (modules\GodotJS\bridge\jsb_environment.cpp:1131)
[jsb][Debug] slow process JSRealm._require: 0.103498 s (modules\GodotJS\bridge\jsb_builtins.cpp:61)
[jsb][Debug] slow process JSRealm._load_module: 0.022960 s (modules\GodotJS\bridge\jsb_environment.cpp:1131)
[jsb][Debug] slow process JSRealm._require: 0.023649 s (modules\GodotJS\bridge\jsb_builtins.cpp:61)
[jsb][Debug] slow process JSRealm._load_module: 0.026300 s (modules\GodotJS\bridge\jsb_environment.cpp:1131)
[jsb][Debug] slow process JSRealm._require: 0.028026 s (modules\GodotJS\bridge\jsb_builtins.cpp:61)
[jsb][Debug] slow process JSRealm._load_module: 0.050004 s (modules\GodotJS\bridge\jsb_environment.cpp:1131)
[jsb][Debug] slow process JSRealm._require: 0.050621 s (modules\GodotJS\bridge\jsb_builtins.cpp:61)
[jsb][Debug] slow process JSRealm._load_module: 0.035830 s (modules\GodotJS\bridge\jsb_environment.cpp:1131)
[jsb][Debug] slow process JSRealm._require: 0.037479 s (modules\GodotJS\bridge\jsb_builtins.cpp:61)
[jsb][Debug] slow process JSRealm._load_module: 0.039321 s (modules\GodotJS\bridge\jsb_environment.cpp:1131)
[jsb][Debug] slow process JSRealm._require: 0.039995 s (modules\GodotJS\bridge\jsb_builtins.cpp:61)
[jsb][Debug] slow process JSRealm._load_module: 0.285182 s (modules\GodotJS\bridge\jsb_environment.cpp:1131)
[jsb][Debug] slow process JSRealm.load: 0.286900 s (modules\GodotJS\bridge\jsb_environment.cpp:1518)
[jsb][Debug] slow process GodotJSScript.load_module: 0.290285 s (modules\GodotJS\weaver\jsb_script.cpp:520)
[JS] GODMODE_LOG_FILE=C:\Users\Kam\AppData\Local\Temp\godot-cli\ccb97c5f9589/logs/client-20261003-112214-6240.log
[JS] GODMODE_ROGUELITE_LEVEL_BUILT=0:0
[JS] GODMODE_STREET_DRESSING=placements:597:cells:39:renderNodes:159:shrubShapes:4:shrubInstances:879:collisionShapes:423
[JS] GODMODE_PATTERN_RUNTIME_RETIREMENT=[]
[JS] GODMODE_WESTERN_STREET_KIT=frontages:10; practicals:4
[JS] GODMODE_WESTERN_DRESSING=roofKits:0; lowPlanting:210; drains:90; buildMs:4605
[JS] GODMODE_ENVIRONMENT_GROUND=gutters:1552;grates:53;leaves:10525;manholes:11
[JS] GODMODE_ENVIRONMENT_MODULES=46268
[JS] GODMODE_ENVIRONMENT_STREET_LIGHTS=visibleHeads:1;pools:1
[JS] GODMODE_STUDY_AUTHORED_PROBES=9201
[JS] GODMODE_CRASH_REPORT=off
[JS] GODMODE_DISPLAY boot mode=3 fullscreen=true applied=false
[JS] GODMODE_CLIENT_LAUNCHED
GODOT_CLI_INSPECTION=http://127.0.0.1:51972/inspect
[JS] GODMODE_ROGUELITE_LEVEL_BUILT=0:0
[JS] GODMODE_STREET_DRESSING=placements:597:cells:39:renderNodes:0:shrubShapes:0:shrubInstances:0:collisionShapes:423
[JS] GODMODE_SERVER_READY=local
[JS] GODMODE_PEER_CONNECTED=2
[JS] GODMODE_PEER_JOINED=2
[JS] GODMODE_ROGUELITE_SEED=634884E2
[JS] GODMODE_ROGUELITE_PRIMARY=2:machineGun
[JS] GODMODE_SURVIVAL_MINUTE=0:rifleman:-
[JS] GODMODE_CLIENT_READY=2
[JS] GODMODE_DEBUG_MENU=invincible:ok
[JS] GODMODE_PHOTO_MODE=true
[JS] GODMODE_ACTOR_COST={"id":"soldier-e1","visual":false,"ms":0.348}
[JS] GODMODE_SYSTEM_ADMIN_SPAWNED=soldier-e1
[JS] GODMODE_PATROL_PRESENTATION={"id":"soldier-e1","distance":55.69951629638672,"visible":false,"seenPast":""}
[JS] GODMODE_ACTOR_COST={"id":"soldier-e1","visual":true,"ms":92.714}
[JS] GODMODE_SYSTEM_ADMIN_TARGET=soldier-e1:2
[JS] GODMODE_PATROL_PRESENTATION={"id":"soldier-e2","distance":57.052268981933594,"visible":false,"seenPast":""}
[JS] GODMODE_ACTOR_COST={"id":"soldier-e2","visual":true,"ms":0.866}
[JS] GODMODE_ACTOR_COST={"id":"soldier-e2","visual":false,"ms":0.1}
[JS] GODMODE_SYSTEM_ADMIN_SPAWNED=soldier-e2
[JS] GODMODE_SYSTEM_ADMIN_TARGET=soldier-e2:2
[JS] GODMODE_ACTOR_COST={"id":"soldier-e3","visual":false,"ms":0.151}
[JS] GODMODE_SYSTEM_ADMIN_SPAWNED=soldier-e3
[JS] GODMODE_PATROL_PRESENTATION={"id":"soldier-e3","distance":441.89306640625,"visible":false,"seenPast":""}
[JS] GODMODE_ACTOR_COST={"id":"soldier-e3","visual":true,"ms":0.761}
[JS] GODMODE_SYSTEM_ADMIN_DESPAWNED=soldier-e1
[JS] GODMODE_SYSTEM_ADMIN_DESPAWNED=soldier-e2
[JS] GODMODE_SYSTEM_ADMIN_DESPAWNED=soldier-e3
[JS] GODMODE_ROGUELITE_MULTI_KILL=TRIPLE KILL
[JS] GODMODE_ROGUELITE_CLEAR_BEAT
ERROR: Condition "p.d == 0" is true. Returning: Point2()
   at: Camera3D::unproject_position (scene\3d\camera_3d.cpp:482)
   GDScript backtrace (most recent call first):
       [0] _append_nodes (res://tools/godot-cli/runner/inspection_bridge.gd:449)
       [1] _append_nodes (res://tools/godot-cli/runner/inspection_bridge.gd:575)
       [2] _append_nodes (res://tools/godot-cli/runner/inspection_bridge.gd:575)
       [3] _snapshot_with_store (res://tools/godot-cli/runner/inspection_bridge.gd:394)
       [4] _respond (res://tools/godot-cli/runner/inspection_bridge.gd:377)
       [5] _process (res://tools/godot-cli/runner/inspection_bridge.gd:213)
ERROR: Condition "p.d == 0" is true. Returning: Point2()
   at: Camera3D::unproject_position (scene\3d\camera_3d.cpp:482)
   GDScript backtrace (most recent call first):
       [0] _append_nodes (res://tools/godot-cli/runner/inspection_bridge.gd:449)
       [1] _append_nodes (res://tools/godot-cli/runner/inspection_bridge.gd:575)
       [2] _append_nodes (res://tools/godot-cli/runner/inspection_bridge.gd:575)
       [3] _append_nodes (res://tools/godot-cli/runner/inspection_bridge.gd:575)
       [4] _snapshot_with_store (res://tools/godot-cli/runner/inspection_bridge.gd:394)
       [5] _respond (res://tools/godot-cli/runner/inspection_bridge.gd:377)
       [6] _process (res://tools/godot-cli/runner/inspection_bridge.gd:213)
ERROR: Condition "p.d == 0" is true. Returning: Point2()
   at: Camera3D::unproject_position (scene\3d\camera_3d.cpp:482)
   GDScript backtrace (most recent call first):
       [0] _append_nodes (res://tools/godot-cli/runner/inspection_bridge.gd:449)
       [1] _append_nodes (res://tools/godot-cli/runner/inspection_bridge.gd:575)
       [2] _append_nodes (res://tools/godot-cli/runner/inspection_bridge.gd:575)
       [3] _append_nodes (res://tools/godot-cli/runner/inspection_bridge.gd:575)
       [4] _append_nodes (res://tools/godot-cli/runner/inspection_bridge.gd:575)
       [5] _snapshot_with_store (res://tools/godot-cli/runner/inspection_bridge.gd:394)
       [6] _respond (res://tools/godot-cli/runner/inspection_bridge.gd:377)
       [7] _process (res://tools/godot-cli/runner/inspection_bridge.gd:213)
ERROR: Condition "p.d == 0" is true. Returning: Point2()
   at: Camera3D::unproject_position (scene\3d\camera_3d.cpp:482)
   GDScript backtrace (most recent call first):
       [0] _append_nodes (res://tools/godot-cli/runner/inspection_bridge.gd:449)
       [1] _append_nodes (res://tools/godot-cli/runner/inspection_bridge.gd:575)
       [2] _append_nodes (res://tools/godot-cli/runner/inspection_bridge.gd:575)
       [3] _append_nodes (res://tools/godot-cli/runner/inspection_bridge.gd:575)
       [4] _append_nodes (res://tools/godot-cli/runner/inspection_bridge.gd:575)
       [5] _append_nodes (res://tools/godot-cli/runner/inspection_bridge.gd:575)
       [6] _snapshot_with_store (res://tools/godot-cli/runner/inspection_bridge.gd:394)
       [7] _respond (res://tools/godot-cli/runner/inspection_bridge.gd:377)
       [8] _process (res://tools/godot-cli/runner/inspection_bridge.gd:213)
ERROR: Condition "p.d == 0" is true. Returning: Point2()
   at: Camera3D::unproject_position (scene\3d\camera_3d.cpp:482)
   GDScript backtrace (most recent call first):
       [0] _append_nodes (res://tools/godot-cli/runner/inspection_bridge.gd:449)
       [1] _append_nodes (res://tools/godot-cli/runner/inspection_bridge.gd:575)
       [2] _append_nodes (res://tools/godot-cli/runner/inspection_bridge.gd:575)
       [3] _append_nodes (res://tools/godot-cli/runner/inspection_bridge.gd:575)
       [4] _append_nodes (res://tools/godot-cli/runner/inspection_bridge.gd:575)
       [5] _append_nodes (res://tools/godot-cli/runner/inspection_bridge.gd:575)
       [6] _append_nodes (res://tools/godot-cli/runner/inspection_bridge.gd:575)
       [7] _snapshot_with_store (res://tools/godot-cli/runner/inspection_bridge.gd:394)
       [8] _respond (res://tools/godot-cli/runner/inspection_bridge.gd:377)
       [9] _process (res://tools/godot-cli/runner/inspection_bridge.gd:213)
ERROR: Condition "p.d == 0" is true. Returning: Point2()
   at: Camera3D::unproject_position (scene\3d\camera_3d.cpp:482)
   GDScript backtrace (most recent call first):
       [0] _append_nodes (res://tools/godot-cli/runner/inspection_bridge.gd:449)
       [1] _append_nodes (res://tools/godot-cli/runner/inspection_bridge.gd:575)
       [2] _append_nodes (res://tools/godot-cli/runner/inspection_bridge.gd:575)
       [3] _append_nodes (res://tools/godot-cli/runner/inspection_bridge.gd:575)
       [4] _append_nodes (res://tools/godot-cli/runner/inspection_bridge.gd:575)
       [5] _append_nodes (res://tools/godot-cli/runner/inspection_bridge.gd:575)
       [6] _append_nodes (res://tools/godot-cli/runner/inspection_bridge.gd:575)
       [7] _append_nodes (res://tools/godot-cli/runner/inspection_bridge.gd:575)
       [8] _snapshot_with_store (res://tools/godot-cli/runner/inspection_bridge.gd:394)
       [9] _respond (res://tools/godot-cli/runner/inspection_bridge.gd:377)
       [10] _process (res://tools/godot-cli/runner/inspection_bridge.gd:213)
ERROR: Condition "p.d == 0" is true. Returning: Point2()
   at: Camera3D::unproject_position (scene\3d\camera_3d.cpp:482)
   GDScript backtrace (most recent call first):
       [0] _append_nodes (res://tools/godot-cli/runner/inspection_bridge.gd:449)
       [1] _append_nodes (res://tools/godot-cli/runner/inspection_bridge.gd:575)
       [2] _append_nodes (res://tools/godot-cli/runner/inspection_bridge.gd:575)
       [3] _append_nodes (res://tools/godot-cli/runner/inspection_bridge.gd:575)
       [4] _append_nodes (res://tools/godot-cli/runner/inspection_bridge.gd:575)
       [5] _append_nodes (res://tools/godot-cli/runner/inspection_bridge.gd:575)
       [6] _append_nodes (res://tools/godot-cli/runner/inspection_bridge.gd:575)
       [7] _append_nodes (res://tools/godot-cli/runner/inspection_bridge.gd:575)
       [8] _append_nodes (res://tools/godot-cli/runner/inspection_bridge.gd:575)
       [9] _snapshot_with_store (res://tools/godot-cli/runner/inspection_bridge.gd:394)
       [10] _respond (res://tools/godot-cli/runner/inspection_bridge.gd:377)
       [11] _process (res://tools/godot-cli/runner/inspection_bridge.gd:213)
ERROR: Condition "p.d == 0" is true. Returning: Point2()
   at: Camera3D::unproject_position (scene\3d\camera_3d.cpp:482)
   GDScript backtrace (most recent call first):
       [0] _append_nodes (res://tools/godot-cli/runner/inspection_bridge.gd:449)
       [1] _append_nodes (res://tools/godot-cli/runner/inspection_bridge.gd:575)
       [2] _append_nodes (res://tools/godot-cli/runner/inspection_bridge.gd:575)
       [3] _append_nodes (res://tools/godot-cli/runner/inspection_bridge.gd:575)
       [4] _append_nodes (res://tools/godot-cli/runner/inspection_bridge.gd:575)
       [5] _snapshot_with_store (res://tools/godot-cli/runner/inspection_bridge.gd:394)
       [6] _respond (res://tools/godot-cli/runner/inspection_bridge.gd:377)
       [7] _process (res://tools/godot-cli/runner/inspection_bridge.gd:213)
ERROR: Condition "p.d == 0" is true. Returning: Point2()
   at: Camera3D::unproject_position (scene\3d\camera_3d.cpp:482)
   GDScript backtrace (most recent call first):
       [0] _append_nodes (res://tools/godot-cli/runner/inspection_bridge.gd:449)
       [1] _append_nodes (res://tools/godot-cli/runner/inspection_bridge.gd:575)
       [2] _append_nodes (res://tools/godot-cli/runner/inspection_bridge.gd:575)
       [3] _append_nodes (res://tools/godot-cli/runner/inspection_bridge.gd:575)
       [4] _append_nodes (res://tools/godot-cli/runner/inspection_bridge.gd:575)
       [5] _append_nodes (res://tools/godot-cli/runner/inspection_bridge.gd:575)
       [6] _snapshot_with_store (res://tools/godot-cli/runner/inspection_bridge.gd:394)
       [7] _respond (res://tools/godot-cli/runner/inspection_bridge.gd:377)
       [8] _process (res://tools/godot-cli/runner/inspection_bridge.gd:213)
ERROR: Condition "p.d == 0" is true. Returning: Point2()
   at: Camera3D::unproject_position (scene\3d\camera_3d.cpp:482)
   GDScript backtrace (most recent call first):
       [0] _append_nodes (res://tools/godot-cli/runner/inspection_bridge.gd:449)
       [1] _append_nodes (res://tools/godot-cli/runner/inspection_bridge.gd:575)
       [2] _append_nodes (res://tools/godot-cli/runner/inspection_bridge.gd:575)
       [3] _append_nodes (res://tools/godot-cli/runner/inspection_bridge.gd:575)
       [4] _append_nodes (res://tools/godot-cli/runner/inspection_bridge.gd:575)
       [5] _append_nodes (res://tools/godot-cli/runner/inspection_bridge.gd:575)
       [6] _append_nodes (res://tools/godot-cli/runner/inspection_bridge.gd:575)
       [7] _snapshot_with_store (res://tools/godot-cli/runner/inspection_bridge.gd:394)
       [8] _respond (res://tools/godot-cli/runner/inspection_bridge.gd:377)
       [9] _process (res://tools/godot-cli/runner/inspection_bridge.gd:213)
ERROR: Condition "p.d == 0" is true. Returning: Point2()
   at: Camera3D::unproject_position (scene\3d\camera_3d.cpp:482)
   GDScript backtrace (most recent call first):
       [0] _append_nodes (res://tools/godot-cli/runner/inspection_bridge.gd:449)
       [1] _append_nodes (res://tools/godot-cli/runner/inspection_bridge.gd:575)
       [2] _append_nodes (res://tools/godot-cli/runner/inspection_bridge.gd:575)
       [3] _append_nodes (res://tools/godot-cli/runner/inspection_bridge.gd:575)
       [4] _append_nodes (res://tools/godot-cli/runner/inspection_bridge.gd:575)
       [5] _append_nodes (res://tools/godot-cli/runner/inspection_bridge.gd:575)
       [6] _append_nodes (res://tools/godot-cli/runner/inspection_bridge.gd:575)
       [7] _append_nodes (res://tools/godot-cli/runner/inspection_bridge.gd:575)
       [8] _snapshot_with_store (res://tools/godot-cli/runner/inspection_bridge.gd:394)
       [9] _respond (res://tools/godot-cli/runner/inspection_bridge.gd:377)
       [10] _process (res://tools/godot-cli/runner/inspection_bridge.gd:213)
ERROR: Condition "p.d == 0" is true. Returning: Point2()
   at: Camera3D::unproject_position (scene\3d\camera_3d.cpp:482)
   GDScript backtrace (most recent call first):
       [0] _append_nodes (res://tools/godot-cli/runner/inspection_bridge.gd:449)
       [1] _append_nodes (res://tools/godot-cli/runner/inspection_bridge.gd:575)
       [2] _append_nodes (res://tools/godot-cli/runner/inspection_bridge.gd:575)
       [3] _append_nodes (res://tools/godot-cli/runner/inspection_bridge.gd:575)
       [4] _append_nodes (res://tools/godot-cli/runner/inspection_bridge.gd:575)
       [5] _append_nodes (res://tools/godot-cli/runner/inspection_bridge.gd:575)
       [6] _append_nodes (res://tools/godot-cli/runner/inspection_bridge.gd:575)
       [7] _append_nodes (res://tools/godot-cli/runner/inspection_bridge.gd:575)
       [8] _append_nodes (res://tools/godot-cli/runner/inspection_bridge.gd:575)
       [9] _snapshot_with_store (res://tools/godot-cli/runner/inspection_bridge.gd:394)
       [10] _respond (res://tools/godot-cli/runner/inspection_bridge.gd:377)
       [11] _process (res://tools/godot-cli/runner/inspection_bridge.gd:213)
ERROR: Condition "p.d == 0" is true. Returning: Point2()
   at: Camera3D::unproject_position (scene\3d\camera_3d.cpp:482)
   GDScript backtrace (most recent call first):
       [0] _append_nodes (res://tools/godot-cli/runner/inspection_bridge.gd:449)
       [1] _append_nodes (res://tools/godot-cli/runner/inspection_bridge.gd:575)
       [2] _append_nodes (res://tools/godot-cli/runner/inspection_bridge.gd:575)
       [3] _append_nodes (res://tools/godot-cli/runner/inspection_bridge.gd:575)
       [4] _snapshot_with_store (res://tools/godot-cli/runner/inspection_bridge.gd:394)
       [5] _respond (res://tools/godot-cli/runner/inspection_bridge.gd:377)
       [6] _process (res://tools/godot-cli/runner/inspection_bridge.gd:213)
ERROR: Condition "p.d == 0" is true. Returning: Point2()
   at: Camera3D::unproject_position (scene\3d\camera_3d.cpp:482)
   GDScript backtrace (most recent call first):
       [0] _append_nodes (res://tools/godot-cli/runner/inspection_bridge.gd:449)
       [1] _append_nodes (res://tools/godot-cli/runner/inspection_bridge.gd:575)
       [2] _append_nodes (res://tools/godot-cli/runner/inspection_bridge.gd:575)
       [3] _append_nodes (res://tools/godot-cli/runner/inspection_bridge.gd:575)
       [4] _append_nodes (res://tools/godot-cli/runner/inspection_bridge.gd:575)
       [5] _snapshot_with_store (res://tools/godot-cli/runner/inspection_bridge.gd:394)
       [6] _respond (res://tools/godot-cli/runner/inspection_bridge.gd:377)
       [7] _process (res://tools/godot-cli/runner/inspection_bridge.gd:213)
ERROR: Condition "p.d == 0" is true. Returning: Point2()
   at: Camera3D::unproject_position (scene\3d\camera_3d.cpp:482)
   GDScript backtrace (most recent call first):
       [0] _append_nodes (res://tools/godot-cli/runner/inspection_bridge.gd:449)
       [1] _append_nodes (res://tools/godot-cli/runner/inspection_bridge.gd:575)
       [2] _append_nodes (res://tools/godot-cli/runner/inspection_bridge.gd:575)
       [3] _append_nodes (res://tools/godot-cli/runner/inspection_bridge.gd:575)
       [4] _append_nodes (res://tools/godot-cli/runner/inspection_bridge.gd:575)
       [5] _append_nodes (res://tools/godot-cli/runner/inspection_bridge.gd:575)
       [6] _snapshot_with_store (res://tools/godot-cli/runner/inspection_bridge.gd:394)
       [7] _respond (res://tools/godot-cli/runner/inspection_bridge.gd:377)
       [8] _process (res://tools/godot-cli/runner/inspection_bridge.gd:213)
ERROR: Condition "p.d == 0" is true. Returning: Point2()
   at: Camera3D::unproject_position (scene\3d\camera_3d.cpp:482)
   GDScript backtrace (most recent call first):
       [0] _append_nodes (res://tools/godot-cli/runner/inspection_bridge.gd:449)
       [1] _append_nodes (res://tools/godot-cli/runner/inspection_bridge.gd:575)
       [2] _append_nodes (res://tools/godot-cli/runner/inspection_bridge.gd:575)
       [3] _append_nodes (res://tools/godot-cli/runner/inspection_bridge.gd:575)
       [4] _snapshot_with_store (res://tools/godot-cli/runner/inspection_bridge.gd:394)
       [5] _respond (res://tools/godot-cli/runner/inspection_bridge.gd:377)
       [6] _process (res://tools/godot-cli/runner/inspection_bridge.gd:213)
[JS] GODMODE_PATROL_PRESENTATION={"id":"soldier-e4","distance":347.239013671875,"visible":false,"seenPast":""}
[JS] GODMODE_ACTOR_COST={"id":"soldier-e4","visual":true,"ms":0.905}
[JS] GODMODE_ACTOR_COST={"id":"soldier-e4","visual":false,"ms":0.129}
[JS] GODMODE_SYSTEM_ADMIN_SPAWNED=soldier-e4
[JS] GODMODE_SYSTEM_ADMIN_TARGET=soldier-e4:2
[JS] GODMODE_ACTOR_COST={"id":"soldier-e5","visual":false,"ms":0.213}
[JS] GODMODE_SYSTEM_ADMIN_SPAWNED=soldier-e5
[JS] GODMODE_PATROL_PRESENTATION={"id":"soldier-e5","distance":132.20928955078125,"visible":false,"seenPast":""}
[JS] GODMODE_ACTOR_COST={"id":"soldier-e5","visual":true,"ms":0.976}
[JS] GODMODE_SYSTEM_ADMIN_DESPAWNED=soldier-e4
[JS] GODMODE_SYSTEM_ADMIN_DESPAWNED=soldier-e5
[JS] GODMODE_ROGUELITE_MULTI_KILL=DOUBLE KILL
[JS] GODMODE_ROGUELITE_CLEAR_BEAT
ERROR: Condition "p.d == 0" is true. Returning: Point2()
   at: Camera3D::unproject_position (scene\3d\camera_3d.cpp:482)
   GDScript backtrace (most recent call first):
       [0] _append_nodes (res://tools/godot-cli/runner/inspection_bridge.gd:449)
       [1] _append_nodes (res://tools/godot-cli/runner/inspection_bridge.gd:575)
       [2] _append_nodes (res://tools/godot-cli/runner/inspection_bridge.gd:575)
       [3] _snapshot_with_store (res://tools/godot-cli/runner/inspection_bridge.gd:394)
       [4] _respond (res://tools/godot-cli/runner/inspection_bridge.gd:377)
       [5] _process (res://tools/godot-cli/runner/inspection_bridge.gd:213)
ERROR: Condition "p.d == 0" is true. Returning: Point2()
   at: Camera3D::unproject_position (scene\3d\camera_3d.cpp:482)
   GDScript backtrace (most recent call first):
       [0] _append_nodes (res://tools/godot-cli/runner/inspection_bridge.gd:449)
       [1] _append_nodes (res://tools/godot-cli/runner/inspection_bridge.gd:575)
       [2] _append_nodes (res://tools/godot-cli/runner/inspection_bridge.gd:575)
       [3] _append_nodes (res://tools/godot-cli/runner/inspection_bridge.gd:575)
       [4] _snapshot_with_store (res://tools/godot-cli/runner/inspection_bridge.gd:394)
       [5] _respond (res://tools/godot-cli/runner/inspection_bridge.gd:377)
       [6] _process (res://tools/godot-cli/runner/inspection_bridge.gd:213)
ERROR: Condition "p.d == 0" is true. Returning: Point2()
   at: Camera3D::unproject_position (scene\3d\camera_3d.cpp:482)
   GDScript backtrace (most recent call first):
       [0] _append_nodes (res://tools/godot-cli/runner/inspection_bridge.gd:449)
       [1] _append_nodes (res://tools/godot-cli/runner/inspection_bridge.gd:575)
       [2] _append_nodes (res://tools/godot-cli/runner/inspection_bridge.gd:575)
       [3] _append_nodes (res://tools/godot-cli/runner/inspection_bridge.gd:575)
       [4] _append_nodes (res://tools/godot-cli/runner/inspection_bridge.gd:575)
       [5] _snapshot_with_store (res://tools/godot-cli/runner/inspection_bridge.gd:394)
       [6] _respond (res://tools/godot-cli/runner/inspection_bridge.gd:377)
       [7] _process (res://tools/godot-cli/runner/inspection_bridge.gd:213)
ERROR: Condition "p.d == 0" is true. Returning: Point2()
   at: Camera3D::unproject_position (scene\3d\camera_3d.cpp:482)
   GDScript backtrace (most recent call first):
       [0] _append_nodes (res://tools/godot-cli/runner/inspection_bridge.gd:449)
       [1] _append_nodes (res://tools/godot-cli/runner/inspection_bridge.gd:575)
       [2] _append_nodes (res://tools/godot-cli/runner/inspection_bridge.gd:575)
       [3] _append_nodes (res://tools/godot-cli/runner/inspection_bridge.gd:575)
       [4] _append_nodes (res://tools/godot-cli/runner/inspection_bridge.gd:575)
       [5] _append_nodes (res://tools/godot-cli/runner/inspection_bridge.gd:575)
       [6] _snapshot_with_store (res://tools/godot-cli/runner/inspection_bridge.gd:394)
       [7] _respond (res://tools/godot-cli/runner/inspection_bridge.gd:377)
       [8] _process (res://tools/godot-cli/runner/inspection_bridge.gd:213)
ERROR: Condition "p.d == 0" is true. Returning: Point2()
   at: Camera3D::unproject_position (scene\3d\camera_3d.cpp:482)
   GDScript backtrace (most recent call first):
       [0] _append_nodes (res://tools/godot-cli/runner/inspection_bridge.gd:449)
       [1] _append_nodes (res://tools/godot-cli/runner/inspection_bridge.gd:575)
       [2] _append_nodes (res://tools/godot-cli/runner/inspection_bridge.gd:575)
       [3] _append_nodes (res://tools/godot-cli/runner/inspection_bridge.gd:575)
       [4] _append_nodes (res://tools/godot-cli/runner/inspection_bridge.gd:575)
       [5] _append_nodes (res://tools/godot-cli/runner/inspection_bridge.gd:575)
       [6] _append_nodes (res://tools/godot-cli/runner/inspection_bridge.gd:575)
       [7] _snapshot_with_store (res://tools/godot-cli/runner/inspection_bridge.gd:394)
       [8] _respond (res://tools/godot-cli/runner/inspection_bridge.gd:377)
       [9] _process (res://tools/godot-cli/runner/inspection_bridge.gd:213)
ERROR: Condition "p.d == 0" is true. Returning: Point2()
   at: Camera3D::unproject_position (scene\3d\camera_3d.cpp:482)
   GDScript backtrace (most recent call first):
       [0] _append_nodes (res://tools/godot-cli/runner/inspection_bridge.gd:449)
       [1] _append_nodes (res://tools/godot-cli/runner/inspection_bridge.gd:575)
       [2] _append_nodes (res://tools/godot-cli/runner/inspection_bridge.gd:575)
       [3] _append_nodes (res://tools/godot-cli/runner/inspection_bridge.gd:575)
       [4] _append_nodes (res://tools/godot-cli/runner/inspection_bridge.gd:575)
       [5] _append_nodes (res://tools/godot-cli/runner/inspection_bridge.gd:575)
       [6] _append_nodes (res://tools/godot-cli/runner/inspection_bridge.gd:575)
       [7] _append_nodes (res://tools/godot-cli/runner/inspection_bridge.gd:575)
       [8] _snapshot_with_store (res://tools/godot-cli/runner/inspection_bridge.gd:394)
       [9] _respond (res://tools/godot-cli/runner/inspection_bridge.gd:377)
       [10] _process (res://tools/godot-cli/runner/inspection_bridge.gd:213)
ERROR: Condition "p.d == 0" is true. Returning: Point2()
   at: Camera3D::unproject_position (scene\3d\camera_3d.cpp:482)
   GDScript backtrace (most recent call first):
       [0] _append_nodes (res://tools/godot-cli/runner/inspection_bridge.gd:449)
       [1] _append_nodes (res://tools/godot-cli/runner/inspection_bridge.gd:575)
       [2] _append_nodes (res://tools/godot-cli/runner/inspection_bridge.gd:575)
       [3] _append_nodes (res://tools/godot-cli/runner/inspection_bridge.gd:575)
       [4] _append_nodes (res://tools/godot-cli/runner/inspection_bridge.gd:575)
       [5] _append_nodes (res://tools/godot-cli/runner/inspection_bridge.gd:575)
       [6] _append_nodes (res://tools/godot-cli/runner/inspection_bridge.gd:575)
       [7] _append_nodes (res://tools/godot-cli/runner/inspection_bridge.gd:575)
       [8] _append_nodes (res://tools/godot-cli/runner/inspection_bridge.gd:575)
       [9] _snapshot_with_store (res://tools/godot-cli/runner/inspection_bridge.gd:394)
       [10] _respond (res://tools/godot-cli/runner/inspection_bridge.gd:377)
       [11] _process (res://tools/godot-cli/runner/inspection_bridge.gd:213)
ERROR: Condition "p.d == 0" is true. Returning: Point2()
   at: Camera3D::unproject_position (scene\3d\camera_3d.cpp:482)
   GDScript backtrace (most recent call first):
       [0] _append_nodes (res://tools/godot-cli/runner/inspection_bridge.gd:449)
       [1] _append_nodes (res://tools/godot-cli/runner/inspection_bridge.gd:575)
       [2] _append_nodes (res://tools/godot-cli/runner/inspection_bridge.gd:575)
       [3] _append_nodes (res://tools/godot-cli/runner/inspection_bridge.gd:575)
       [4] _append_nodes (res://tools/godot-cli/runner/inspection_bridge.gd:575)
       [5] _snapshot_with_store (res://tools/godot-cli/runner/inspection_bridge.gd:394)
       [6] _respond (res://tools/godot-cli/runner/inspection_bridge.gd:377)
       [7] _process (res://tools/godot-cli/runner/inspection_bridge.gd:213)
ERROR: Condition "p.d == 0" is true. Returning: Point2()
   at: Camera3D::unproject_position (scene\3d\camera_3d.cpp:482)
   GDScript backtrace (most recent call first):
       [0] _append_nodes (res://tools/godot-cli/runner/inspection_bridge.gd:449)
       [1] _append_nodes (res://tools/godot-cli/runner/inspection_bridge.gd:575)
       [2] _append_nodes (res://tools/godot-cli/runner/inspection_bridge.gd:575)
       [3] _append_nodes (res://tools/godot-cli/runner/inspection_bridge.gd:575)
       [4] _append_nodes (res://tools/godot-cli/runner/inspection_bridge.gd:575)
       [5] _append_nodes (res://tools/godot-cli/runner/inspection_bridge.gd:575)
       [6] _snapshot_with_store (res://tools/godot-cli/runner/inspection_bridge.gd:394)
       [7] _respond (res://tools/godot-cli/runner/inspection_bridge.gd:377)
       [8] _process (res://tools/godot-cli/runner/inspection_bridge.gd:213)
ERROR: Condition "p.d == 0" is true. Returning: Point2()
   at: Camera3D::unproject_position (scene\3d\camera_3d.cpp:482)
   GDScript backtrace (most recent call first):
       [0] _append_nodes (res://tools/godot-cli/runner/inspection_bridge.gd:449)
       [1] _append_nodes (res://tools/godot-cli/runner/inspection_bridge.gd:575)
       [2] _append_nodes (res://tools/godot-cli/runner/inspection_bridge.gd:575)
       [3] _append_nodes (res://tools/godot-cli/runner/inspection_bridge.gd:575)
       [4] _append_nodes (res://tools/godot-cli/runner/inspection_bridge.gd:575)
       [5] _append_nodes (res://tools/godot-cli/runner/inspection_bridge.gd:575)
       [6] _append_nodes (res://tools/godot-cli/runner/inspection_bridge.gd:575)
       [7] _snapshot_with_store (res://tools/godot-cli/runner/inspection_bridge.gd:394)
       [8] _respond (res://tools/godot-cli/runner/inspection_bridge.gd:377)
       [9] _process (res://tools/godot-cli/runner/inspection_bridge.gd:213)
ERROR: Condition "p.d == 0" is true. Returning: Point2()
   at: Camera3D::unproject_position (scene\3d\camera_3d.cpp:482)
   GDScript backtrace (most recent call first):
       [0] _append_nodes (res://tools/godot-cli/runner/inspection_bridge.gd:449)
       [1] _append_nodes (res://tools/godot-cli/runner/inspection_bridge.gd:575)
       [2] _append_nodes (res://tools/godot-cli/runner/inspection_bridge.gd:575)
       [3] _append_nodes (res://tools/godot-cli/runner/inspection_bridge.gd:575)
       [4] _append_nodes (res://tools/godot-cli/runner/inspection_bridge.gd:575)
       [5] _append_nodes (res://tools/godot-cli/runner/inspection_bridge.gd:575)
       [6] _append_nodes (res://tools/godot-cli/runner/inspection_bridge.gd:575)
       [7] _append_nodes (res://tools/godot-cli/runner/inspection_bridge.gd:575)
       [8] _snapshot_with_store (res://tools/godot-cli/runner/inspection_bridge.gd:394)
       [9] _respond (res://tools/godot-cli/runner/inspection_bridge.gd:377)
       [10] _process (res://tools/godot-cli/runner/inspection_bridge.gd:213)
ERROR: Condition "p.d == 0" is true. Returning: Point2()
   at: Camera3D::unproject_position (scene\3d\camera_3d.cpp:482)
   GDScript backtrace (most recent call first):
       [0] _append_nodes (res://tools/godot-cli/runner/inspection_bridge.gd:449)
       [1] _append_nodes (res://tools/godot-cli/runner/inspection_bridge.gd:575)
       [2] _append_nodes (res://tools/godot-cli/runner/inspection_bridge.gd:575)
       [3] _append_nodes (res://tools/godot-cli/runner/inspection_bridge.gd:575)
       [4] _append_nodes (res://tools/godot-cli/runner/inspection_bridge.gd:575)
       [5] _append_nodes (res://tools/godot-cli/runner/inspection_bridge.gd:575)
       [6] _append_nodes (res://tools/godot-cli/runner/inspection_bridge.gd:575)
       [7] _append_nodes (res://tools/godot-cli/runner/inspection_bridge.gd:575)
       [8] _append_nodes (res://tools/godot-cli/runner/inspection_bridge.gd:575)
       [9] _snapshot_with_store (res://tools/godot-cli/runner/inspection_bridge.gd:394)
       [10] _respond (res://tools/godot-cli/runner/inspection_bridge.gd:377)
       [11] _process (res://tools/godot-cli/runner/inspection_bridge.gd:213)
ERROR: Condition "p.d == 0" is true. Returning: Point2()
   at: Camera3D::unproject_position (scene\3d\camera_3d.cpp:482)
   GDScript backtrace (most recent call first):
       [0] _append_nodes (res://tools/godot-cli/runner/inspection_bridge.gd:449)
       [1] _append_nodes (res://tools/godot-cli/runner/inspection_bridge.gd:575)
       [2] _append_nodes (res://tools/godot-cli/runner/inspection_bridge.gd:575)
       [3] _append_nodes (res://tools/godot-cli/runner/inspection_bridge.gd:575)
       [4] _snapshot_with_store (res://tools/godot-cli/runner/inspection_bridge.gd:394)
       [5] _respond (res://tools/godot-cli/runner/inspection_bridge.gd:377)
       [6] _process (res://tools/godot-cli/runner/inspection_bridge.gd:213)
ERROR: Condition "p.d == 0" is true. Returning: Point2()
   at: Camera3D::unproject_position (scene\3d\camera_3d.cpp:482)
   GDScript backtrace (most recent call first):
       [0] _append_nodes (res://tools/godot-cli/runner/inspection_bridge.gd:449)
       [1] _append_nodes (res://tools/godot-cli/runner/inspection_bridge.gd:575)
       [2] _append_nodes (res://tools/godot-cli/runner/inspection_bridge.gd:575)
       [3] _append_nodes (res://tools/godot-cli/runner/inspection_bridge.gd:575)
       [4] _append_nodes (res://tools/godot-cli/runner/inspection_bridge.gd:575)
       [5] _snapshot_with_store (res://tools/godot-cli/runner/inspection_bridge.gd:394)
       [6] _respond (res://tools/godot-cli/runner/inspection_bridge.gd:377)
       [7] _process (res://tools/godot-cli/runner/inspection_bridge.gd:213)
ERROR: Condition "p.d == 0" is true. Returning: Point2()
   at: Camera3D::unproject_position (scene\3d\camera_3d.cpp:482)
   GDScript backtrace (most recent call first):
       [0] _append_nodes (res://tools/godot-cli/runner/inspection_bridge.gd:449)
       [1] _append_nodes (res://tools/godot-cli/runner/inspection_bridge.gd:575)
       [2] _append_nodes (res://tools/godot-cli/runner/inspection_bridge.gd:575)
       [3] _append_nodes (res://tools/godot-cli/runner/inspection_bridge.gd:575)
       [4] _append_nodes (res://tools/godot-cli/runner/inspection_bridge.gd:575)
       [5] _append_nodes (res://tools/godot-cli/runner/inspection_bridge.gd:575)
       [6] _snapshot_with_store (res://tools/godot-cli/runner/inspection_bridge.gd:394)
       [7] _respond (res://tools/godot-cli/runner/inspection_bridge.gd:377)
       [8] _process (res://tools/godot-cli/runner/inspection_bridge.gd:213)
ERROR: Condition "p.d == 0" is true. Returning: Point2()
   at: Camera3D::unproject_position (scene\3d\camera_3d.cpp:482)
   GDScript backtrace (most recent call first):
       [0] _append_nodes (res://tools/godot-cli/runner/inspection_bridge.gd:449)
       [1] _append_nodes (res://tools/godot-cli/runner/inspection_bridge.gd:575)
       [2] _append_nodes (res://tools/godot-cli/runner/inspection_bridge.gd:575)
       [3] _append_nodes (res://tools/godot-cli/runner/inspection_bridge.gd:575)
       [4] _snapshot_with_store (res://tools/godot-cli/runner/inspection_bridge.gd:394)
       [5] _respond (res://tools/godot-cli/runner/inspection_bridge.gd:377)
       [6] _process (res://tools/godot-cli/runner/inspection_bridge.gd:213)
[JS] GODMODE_ACTOR_COST={"id":"soldier-e6","visual":false,"ms":0.158}
[JS] GODMODE_SYSTEM_ADMIN_SPAWNED=soldier-e6
[JS] GODMODE_PATROL_PRESENTATION={"id":"soldier-e6","distance":128.37158203125,"visible":false,"seenPast":""}
[JS] GODMODE_ACTOR_COST={"id":"soldier-e6","visual":true,"ms":0.774}
[JS] GODMODE_SYSTEM_ADMIN_TARGET=soldier-e6:2
[JS] GODMODE_PATROL_PRESENTATION={"id":"soldier-e7","distance":488.2729187011719,"visible":false,"seenPast":""}
[JS] GODMODE_ACTOR_COST={"id":"soldier-e7","visual":true,"ms":1.095}
[JS] GODMODE_ACTOR_COST={"id":"soldier-e7","visual":false,"ms":0.151}
[JS] GODMODE_SYSTEM_ADMIN_SPAWNED=soldier-e7
[JS] GODMODE_SYSTEM_ADMIN_DESPAWNED=soldier-e6
[JS] GODMODE_SYSTEM_ADMIN_DESPAWNED=soldier-e7
[JS] GODMODE_ROGUELITE_MULTI_KILL=DOUBLE KILL
[JS] GODMODE_ROGUELITE_CLEAR_BEAT
ERROR: Condition "p.d == 0" is true. Returning: Point2()
   at: Camera3D::unproject_position (scene\3d\camera_3d.cpp:482)
   GDScript backtrace (most recent call first):
       [0] _append_nodes (res://tools/godot-cli/runner/inspection_bridge.gd:449)
       [1] _append_nodes (res://tools/godot-cli/runner/inspection_bridge.gd:575)
       [2] _append_nodes (res://tools/godot-cli/runner/inspection_bridge.gd:575)
       [3] _snapshot_with_store (res://tools/godot-cli/runner/inspection_bridge.gd:394)
       [4] _respond (res://tools/godot-cli/runner/inspection_bridge.gd:377)
       [5] _process (res://tools/godot-cli/runner/inspection_bridge.gd:213)
ERROR: Condition "p.d == 0" is true. Returning: Point2()
   at: Camera3D::unproject_position (scene\3d\camera_3d.cpp:482)
   GDScript backtrace (most recent call first):
       [0] _append_nodes (res://tools/godot-cli/runner/inspection_bridge.gd:449)
       [1] _append_nodes (res://tools/godot-cli/runner/inspection_bridge.gd:575)
       [2] _append_nodes (res://tools/godot-cli/runner/inspection_bridge.gd:575)
       [3] _append_nodes (res://tools/godot-cli/runner/inspection_bridge.gd:575)
       [4] _snapshot_with_store (res://tools/godot-cli/runner/inspection_bridge.gd:394)
       [5] _respond (res://tools/godot-cli/runner/inspection_bridge.gd:377)
       [6] _process (res://tools/godot-cli/runner/inspection_bridge.gd:213)
ERROR: Condition "p.d == 0" is true. Returning: Point2()
   at: Camera3D::unproject_position (scene\3d\camera_3d.cpp:482)
   GDScript backtrace (most recent call first):
       [0] _append_nodes (res://tools/godot-cli/runner/inspection_bridge.gd:449)
       [1] _append_nodes (res://tools/godot-cli/runner/inspection_bridge.gd:575)
       [2] _append_nodes (res://tools/godot-cli/runner/inspection_bridge.gd:575)
       [3] _append_nodes (res://tools/godot-cli/runner/inspection_bridge.gd:575)
       [4] _append_nodes (res://tools/godot-cli/runner/inspection_bridge.gd:575)
       [5] _snapshot_with_store (res://tools/godot-cli/runner/inspection_bridge.gd:394)
       [6] _respond (res://tools/godot-cli/runner/inspection_bridge.gd:377)
       [7] _process (res://tools/godot-cli/runner/inspection_bridge.gd:213)
ERROR: Condition "p.d == 0" is true. Returning: Point2()
   at: Camera3D::unproject_position (scene\3d\camera_3d.cpp:482)
   GDScript backtrace (most recent call first):
       [0] _append_nodes (res://tools/godot-cli/runner/inspection_bridge.gd:449)
       [1] _append_nodes (res://tools/godot-cli/runner/inspection_bridge.gd:575)
       [2] _append_nodes (res://tools/godot-cli/runner/inspection_bridge.gd:575)
       [3] _append_nodes (res://tools/godot-cli/runner/inspection_bridge.gd:575)
       [4] _append_nodes (res://tools/godot-cli/runner/inspection_bridge.gd:575)
       [5] _append_nodes (res://tools/godot-cli/runner/inspection_bridge.gd:575)
       [6] _snapshot_with_store (res://tools/godot-cli/runner/inspection_bridge.gd:394)
       [7] _respond (res://tools/godot-cli/runner/inspection_bridge.gd:377)
       [8] _process (res://tools/godot-cli/runner/inspection_bridge.gd:213)
ERROR: Condition "p.d == 0" is true. Returning: Point2()
   at: Camera3D::unproject_position (scene\3d\camera_3d.cpp:482)
   GDScript backtrace (most recent call first):
       [0] _append_nodes (res://tools/godot-cli/runner/inspection_bridge.gd:449)
       [1] _append_nodes (res://tools/godot-cli/runner/inspection_bridge.gd:575)
       [2] _append_nodes (res://tools/godot-cli/runner/inspection_bridge.gd:575)
       [3] _append_nodes (res://tools/godot-cli/runner/inspection_bridge.gd:575)
       [4] _append_nodes (res://tools/godot-cli/runner/inspection_bridge.gd:575)
       [5] _append_nodes (res://tools/godot-cli/runner/inspection_bridge.gd:575)
       [6] _append_nodes (res://tools/godot-cli/runner/inspection_bridge.gd:575)
       [7] _snapshot_with_store (res://tools/godot-cli/runner/inspection_bridge.gd:394)
       [8] _respond (res://tools/godot-cli/runner/inspection_bridge.gd:377)
       [9] _process (res://tools/godot-cli/runner/inspection_bridge.gd:213)
ERROR: Condition "p.d == 0" is true. Returning: Point2()
   at: Camera3D::unproject_position (scene\3d\camera_3d.cpp:482)
   GDScript backtrace (most recent call first):
       [0] _append_nodes (res://tools/godot-cli/runner/inspection_bridge.gd:449)
       [1] _append_nodes (res://tools/godot-cli/runner/inspection_bridge.gd:575)
       [2] _append_nodes (res://tools/godot-cli/runner/inspection_bridge.gd:575)
       [3] _append_nodes (res://tools/godot-cli/runner/inspection_bridge.gd:575)
       [4] _append_nodes (res://tools/godot-cli/runner/inspection_bridge.gd:575)
       [5] _append_nodes (res://tools/godot-cli/runner/inspection_bridge.gd:575)
       [6] _append_nodes (res://tools/godot-cli/runner/inspection_bridge.gd:575)
       [7] _append_nodes (res://tools/godot-cli/runner/inspection_bridge.gd:575)
       [8] _snapshot_with_store (res://tools/godot-cli/runner/inspection_bridge.gd:394)
       [9] _respond (res://tools/godot-cli/runner/inspection_bridge.gd:377)
       [10] _process (res://tools/godot-cli/runner/inspection_bridge.gd:213)
ERROR: Condition "p.d == 0" is true. Returning: Point2()
   at: Camera3D::unproject_position (scene\3d\camera_3d.cpp:482)
   GDScript backtrace (most recent call first):
       [0] _append_nodes (res://tools/godot-cli/runner/inspection_bridge.gd:449)
       [1] _append_nodes (res://tools/godot-cli/runner/inspection_bridge.gd:575)
       [2] _append_nodes (res://tools/godot-cli/runner/inspection_bridge.gd:575)
       [3] _append_nodes (res://tools/godot-cli/runner/inspection_bridge.gd:575)
       [4] _append_nodes (res://tools/godot-cli/runner/inspection_bridge.gd:575)
       [5] _append_nodes (res://tools/godot-cli/runner/inspection_bridge.gd:575)
       [6] _append_nodes (res://tools/godot-cli/runner/inspection_bridge.gd:575)
       [7] _append_nodes (res://tools/godot-cli/runner/inspection_bridge.gd:575)
       [8] _append_nodes (res://tools/godot-cli/runner/inspection_bridge.gd:575)
       [9] _snapshot_with_store (res://tools/godot-cli/runner/inspection_bridge.gd:394)
       [10] _respond (res://tools/godot-cli/runner/inspection_bridge.gd:377)
       [11] _process (res://tools/godot-cli/runner/inspection_bridge.gd:213)
ERROR: Condition "p.d == 0" is true. Returning: Point2()
   at: Camera3D::unproject_position (scene\3d\camera_3d.cpp:482)
   GDScript backtrace (most recent call first):
       [0] _append_nodes (res://tools/godot-cli/runner/inspection_bridge.gd:449)
       [1] _append_nodes (res://tools/godot-cli/runner/inspection_bridge.gd:575)
       [2] _append_nodes (res://tools/godot-cli/runner/inspection_bridge.gd:575)
       [3] _append_nodes (res://tools/godot-cli/runner/inspection_bridge.gd:575)
       [4] _append_nodes (res://tools/godot-cli/runner/inspection_bridge.gd:575)
       [5] _snapshot_with_store (res://tools/godot-cli/runner/inspection_bridge.gd:394)
       [6] _respond (res://tools/godot-cli/runner/inspection_bridge.gd:377)
       [7] _process (res://tools/godot-cli/runner/inspection_bridge.gd:213)
ERROR: Condition "p.d == 0" is true. Returning: Point2()
   at: Camera3D::unproject_position (scene\3d\camera_3d.cpp:482)
   GDScript backtrace (most recent call first):
       [0] _append_nodes (res://tools/godot-cli/runner/inspection_bridge.gd:449)
       [1] _append_nodes (res://tools/godot-cli/runner/inspection_bridge.gd:575)
       [2] _append_nodes (res://tools/godot-cli/runner/inspection_bridge.gd:575)
       [3] _append_nodes (res://tools/godot-cli/runner/inspection_bridge.gd:575)
       [4] _append_nodes (res://tools/godot-cli/runner/inspection_bridge.gd:575)
       [5] _append_nodes (res://tools/godot-cli/runner/inspection_bridge.gd:575)
       [6] _snapshot_with_store (res://tools/godot-cli/runner/inspection_bridge.gd:394)
       [7] _respond (res://tools/godot-cli/runner/inspection_bridge.gd:377)
       [8] _process (res://tools/godot-cli/runner/inspection_bridge.gd:213)
ERROR: Condition "p.d == 0" is true. Returning: Point2()
   at: Camera3D::unproject_position (scene\3d\camera_3d.cpp:482)
   GDScript backtrace (most recent call first):
       [0] _append_nodes (res://tools/godot-cli/runner/inspection_bridge.gd:449)
       [1] _append_nodes (res://tools/godot-cli/runner/inspection_bridge.gd:575)
       [2] _append_nodes (res://tools/godot-cli/runner/inspection_bridge.gd:575)
       [3] _append_nodes (res://tools/godot-cli/runner/inspection_bridge.gd:575)
       [4] _append_nodes (res://tools/godot-cli/runner/inspection_bridge.gd:575)
       [5] _append_nodes (res://tools/godot-cli/runner/inspection_bridge.gd:575)
       [6] _append_nodes (res://tools/godot-cli/runner/inspection_bridge.gd:575)
       [7] _snapshot_with_store (res://tools/godot-cli/runner/inspection_bridge.gd:394)
       [8] _respond (res://tools/godot-cli/runner/inspection_bridge.gd:377)
       [9] _process (res://tools/godot-cli/runner/inspection_bridge.gd:213)
ERROR: Condition "p.d == 0" is true. Returning: Point2()
   at: Camera3D::unproject_position (scene\3d\camera_3d.cpp:482)
   GDScript backtrace (most recent call first):
       [0] _append_nodes (res://tools/godot-cli/runner/inspection_bridge.gd:449)
       [1] _append_nodes (res://tools/godot-cli/runner/inspection_bridge.gd:575)
       [2] _append_nodes (res://tools/godot-cli/runner/inspection_bridge.gd:575)
       [3] _append_nodes (res://tools/godot-cli/runner/inspection_bridge.gd:575)
       [4] _append_nodes (res://tools/godot-cli/runner/inspection_bridge.gd:575)
       [5] _append_nodes (res://tools/godot-cli/runner/inspection_bridge.gd:575)
       [6] _append_nodes (res://tools/godot-cli/runner/inspection_bridge.gd:575)
       [7] _append_nodes (res://tools/godot-cli/runner/inspection_bridge.gd:575)
       [8] _snapshot_with_store (res://tools/godot-cli/runner/inspection_bridge.gd:394)
       [9] _respond (res://tools/godot-cli/runner/inspection_bridge.gd:377)
       [10] _process (res://tools/godot-cli/runner/inspection_bridge.gd:213)
ERROR: Condition "p.d == 0" is true. Returning: Point2()
   at: Camera3D::unproject_position (scene\3d\camera_3d.cpp:482)
   GDScript backtrace (most recent call first):
       [0] _append_nodes (res://tools/godot-cli/runner/inspection_bridge.gd:449)
       [1] _append_nodes (res://tools/godot-cli/runner/inspection_bridge.gd:575)
       [2] _append_nodes (res://tools/godot-cli/runner/inspection_bridge.gd:575)
       [3] _append_nodes (res://tools/godot-cli/runner/inspection_bridge.gd:575)
       [4] _append_nodes (res://tools/godot-cli/runner/inspection_bridge.gd:575)
       [5] _append_nodes (res://tools/godot-cli/runner/inspection_bridge.gd:575)
       [6] _append_nodes (res://tools/godot-cli/runner/inspection_bridge.gd:575)
       [7] _append_nodes (res://tools/godot-cli/runner/inspection_bridge.gd:575)
       [8] _append_nodes (res://tools/godot-cli/runner/inspection_bridge.gd:575)
       [9] _snapshot_with_store (res://tools/godot-cli/runner/inspection_bridge.gd:394)
       [10] _respond (res://tools/godot-cli/runner/inspection_bridge.gd:377)
       [11] _process (res://tools/godot-cli/runner/inspection_bridge.gd:213)
ERROR: Condition "p.d == 0" is true. Returning: Point2()
   at: Camera3D::unproject_position (scene\3d\camera_3d.cpp:482)
   GDScript backtrace (most recent call first):
       [0] _append_nodes (res://tools/godot-cli/runner/inspection_bridge.gd:449)
       [1] _append_nodes (res://tools/godot-cli/runner/inspection_bridge.gd:575)
       [2] _append_nodes (res://tools/godot-cli/runner/inspection_bridge.gd:575)
       [3] _append_nodes (res://tools/godot-cli/runner/inspection_bridge.gd:575)
       [4] _snapshot_with_store (res://tools/godot-cli/runner/inspection_bridge.gd:394)
       [5] _respond (res://tools/godot-cli/runner/inspection_bridge.gd:377)
       [6] _process (res://tools/godot-cli/runner/inspection_bridge.gd:213)
ERROR: Condition "p.d == 0" is true. Returning: Point2()
   at: Camera3D::unproject_position (scene\3d\camera_3d.cpp:482)
   GDScript backtrace (most recent call first):
       [0] _append_nodes (res://tools/godot-cli/runner/inspection_bridge.gd:449)
       [1] _append_nodes (res://tools/godot-cli/runner/inspection_bridge.gd:575)
       [2] _append_nodes (res://tools/godot-cli/runner/inspection_bridge.gd:575)
       [3] _append_nodes (res://tools/godot-cli/runner/inspection_bridge.gd:575)
       [4] _append_nodes (res://tools/godot-cli/runner/inspection_bridge.gd:575)
       [5] _snapshot_with_store (res://tools/godot-cli/runner/inspection_bridge.gd:394)
       [6] _respond (res://tools/godot-cli/runner/inspection_bridge.gd:377)
       [7] _process (res://tools/godot-cli/runner/inspection_bridge.gd:213)
ERROR: Condition "p.d == 0" is true. Returning: Point2()
   at: Camera3D::unproject_position (scene\3d\camera_3d.cpp:482)
   GDScript backtrace (most recent call first):
       [0] _append_nodes (res://tools/godot-cli/runner/inspection_bridge.gd:449)
       [1] _append_nodes (res://tools/godot-cli/runner/inspection_bridge.gd:575)
       [2] _append_nodes (res://tools/godot-cli/runner/inspection_bridge.gd:575)
       [3] _append_nodes (res://tools/godot-cli/runner/inspection_bridge.gd:575)
       [4] _append_nodes (res://tools/godot-cli/runner/inspection_bridge.gd:575)
       [5] _append_nodes (res://tools/godot-cli/runner/inspection_bridge.gd:575)
       [6] _snapshot_with_store (res://tools/godot-cli/runner/inspection_bridge.gd:394)
       [7] _respond (res://tools/godot-cli/runner/inspection_bridge.gd:377)
       [8] _process (res://tools/godot-cli/runner/inspection_bridge.gd:213)
ERROR: Condition "p.d == 0" is true. Returning: Point2()
   at: Camera3D::unproject_position (scene\3d\camera_3d.cpp:482)
   GDScript backtrace (most recent call first):
       [0] _append_nodes (res://tools/godot-cli/runner/inspection_bridge.gd:449)
       [1] _append_nodes (res://tools/godot-cli/runner/inspection_bridge.gd:575)
       [2] _append_nodes (res://tools/godot-cli/runner/inspection_bridge.gd:575)
       [3] _append_nodes (res://tools/godot-cli/runner/inspection_bridge.gd:575)
       [4] _snapshot_with_store (res://tools/godot-cli/runner/inspection_bridge.gd:394)
       [5] _respond (res://tools/godot-cli/runner/inspection_bridge.gd:377)
       [6] _process (res://tools/godot-cli/runner/inspection_bridge.gd:213)
[JS] GODMODE_PATROL_PRESENTATION={"id":"soldier-e8","distance":526.6500244140625,"visible":false,"seenPast":""}
[JS] GODMODE_ACTOR_COST={"id":"soldier-e8","visual":true,"ms":0.785}
[JS] GODMODE_ACTOR_COST={"id":"soldier-e8","visual":false,"ms":0.137}
[JS] GODMODE_SYSTEM_ADMIN_SPAWNED=soldier-e8
[JS] GODMODE_SYSTEM_ADMIN_TARGET=soldier-e8:2
[JS] GODMODE_ACTOR_COST={"id":"soldier-e9","visual":false,"ms":0.109}
[JS] GODMODE_SYSTEM_ADMIN_SPAWNED=soldier-e9
[JS] GODMODE_PATROL_PRESENTATION={"id":"soldier-e9","distance":424.4688415527344,"visible":false,"seenPast":""}
[JS] GODMODE_ACTOR_COST={"id":"soldier-e9","visual":true,"ms":0.595}
[JS] GODMODE_SYSTEM_ADMIN_TARGET=soldier-e9:2
[JS] GODMODE_ACTOR_COST={"id":"soldier-e10","visual":false,"ms":0.176}
[JS] GODMODE_SYSTEM_ADMIN_SPAWNED=soldier-e10
[JS] GODMODE_PATROL_PRESENTATION={"id":"soldier-e10","distance":587.6589965820312,"visible":false,"seenPast":""}
[JS] GODMODE_ACTOR_COST={"id":"soldier-e10","visual":true,"ms":0.712}
[JS] GODMODE_SYSTEM_ADMIN_TARGET=soldier-e10:2
[JS] GODMODE_ACTOR_COST={"id":"soldier-e11","visual":false,"ms":0.128}
[JS] GODMODE_SYSTEM_ADMIN_SPAWNED=soldier-e11
[JS] GODMODE_PATROL_PRESENTATION={"id":"soldier-e11","distance":621.1555786132812,"visible":false,"seenPast":""}
[JS] GODMODE_ACTOR_COST={"id":"soldier-e11","visual":true,"ms":0.789}
[JS] GODMODE_SYSTEM_ADMIN_TARGET=soldier-e11:2
[JS] GODMODE_PATROL_PRESENTATION={"id":"soldier-e12","distance":585.628662109375,"visible":false,"seenPast":""}
[JS] GODMODE_ACTOR_COST={"id":"soldier-e12","visual":true,"ms":0.826}
[JS] GODMODE_ACTOR_COST={"id":"soldier-e12","visual":false,"ms":0.151}
[JS] GODMODE_SYSTEM_ADMIN_SPAWNED=soldier-e12
[JS] GODMODE_SYSTEM_ADMIN_TARGET=soldier-e12:2
[JS] GODMODE_ACTOR_COST={"id":"soldier-e13","visual":false,"ms":0.13}
[JS] GODMODE_SYSTEM_ADMIN_SPAWNED=soldier-e13
[JS] GODMODE_PATROL_PRESENTATION={"id":"soldier-e13","distance":527.5960083007812,"visible":false,"seenPast":""}
[JS] GODMODE_ACTOR_COST={"id":"soldier-e13","visual":true,"ms":0.665}
[JS] GODMODE_SYSTEM_ADMIN_TARGET=soldier-e13:2
[JS] GODMODE_ACTOR_COST={"id":"soldier-e14","visual":false,"ms":0.114}
[JS] GODMODE_SYSTEM_ADMIN_SPAWNED=soldier-e14
[JS] GODMODE_PATROL_PRESENTATION={"id":"soldier-e14","distance":415.3346862792969,"visible":false,"seenPast":""}
[JS] GODMODE_ACTOR_COST={"id":"soldier-e14","visual":true,"ms":0.635}
[JS] GODMODE_SYSTEM_ADMIN_TARGET=soldier-e14:2
[JS] GODMODE_ACTOR_COST={"id":"soldier-e15","visual":false,"ms":0.11}
[JS] GODMODE_SYSTEM_ADMIN_SPAWNED=soldier-e15
[JS] GODMODE_PATROL_PRESENTATION={"id":"soldier-e15","distance":100.08555603027344,"visible":false,"seenPast":""}
[JS] GODMODE_ACTOR_COST={"id":"soldier-e15","visual":true,"ms":0.672}
[JS] GODMODE_SYSTEM_ADMIN_TARGET=soldier-e15:2
[JS] GODMODE_PATROL_PRESENTATION={"id":"soldier-e16","distance":466.15716552734375,"visible":false,"seenPast":""}
[JS] GODMODE_ACTOR_COST={"id":"soldier-e16","visual":true,"ms":0.756}
[JS] GODMODE_ACTOR_COST={"id":"soldier-e16","visual":false,"ms":0.087}
[JS] GODMODE_SYSTEM_ADMIN_SPAWNED=soldier-e16
[JS] GODMODE_SYSTEM_ADMIN_TARGET=soldier-e16:2
[JS] GODMODE_PATROL_PRESENTATION={"id":"soldier-e17","distance":430.0494079589844,"visible":false,"seenPast":""}
[JS] GODMODE_ACTOR_COST={"id":"soldier-e17","visual":true,"ms":0.778}
[JS] GODMODE_ACTOR_COST={"id":"soldier-e17","visual":false,"ms":0.096}
[JS] GODMODE_SYSTEM_ADMIN_SPAWNED=soldier-e17
[JS] GODMODE_SYSTEM_ADMIN_TARGET=soldier-e17:2
[JS] GODMODE_ACTOR_COST={"id":"soldier-e18","visual":false,"ms":0.119}
[JS] GODMODE_SYSTEM_ADMIN_SPAWNED=soldier-e18
[JS] GODMODE_PATROL_PRESENTATION={"id":"soldier-e18","distance":463.7748718261719,"visible":false,"seenPast":""}
[JS] GODMODE_ACTOR_COST={"id":"soldier-e18","visual":true,"ms":0.623}
[JS] GODMODE_SYSTEM_ADMIN_TARGET=soldier-e18:2
[JS] GODMODE_FIRST_RUN_HINT=infoPanel
[JS] GODMODE_ACTOR_COST={"id":"soldier-e19","visual":false,"ms":0.16}
[JS] GODMODE_SYSTEM_ADMIN_SPAWNED=soldier-e19
[JS] GODMODE_PATROL_PRESENTATION={"id":"soldier-e19","distance":371.11627197265625,"visible":false,"seenPast":""}
[JS] GODMODE_ACTOR_COST={"id":"soldier-e19","visual":true,"ms":0.658}
[JS] GODMODE_SYSTEM_ADMIN_TARGET=soldier-e19:2
[JS] GODMODE_ACTOR_COST={"id":"soldier-e20","visual":false,"ms":0.122}
[JS] GODMODE_SYSTEM_ADMIN_SPAWNED=soldier-e20
[JS] GODMODE_PATROL_PRESENTATION={"id":"soldier-e20","distance":342.5786437988281,"visible":false,"seenPast":""}
[JS] GODMODE_ACTOR_COST={"id":"soldier-e20","visual":true,"ms":0.64}
[JS] GODMODE_SYSTEM_ADMIN_TARGET=soldier-e20:2
[JS] GODMODE_ACTOR_COST={"id":"soldier-e21","visual":false,"ms":0.116}
[JS] GODMODE_SYSTEM_ADMIN_SPAWNED=soldier-e21
[JS] GODMODE_PATROL_PRESENTATION={"id":"soldier-e21","distance":486.9669494628906,"visible":false,"seenPast":""}
[JS] GODMODE_ACTOR_COST={"id":"soldier-e21","visual":true,"ms":0.636}
[JS] GODMODE_SYSTEM_ADMIN_TARGET=soldier-e21:2
[JS] GODMODE_ADMIN_UNSTUCK=soldier-e8:noProgress
[JS] GODMODE_SOLDIER_SHOT=soldier-e8:rifle:2:hit
[JS] GODMODE_SOLDIER_SHOT=soldier-e8:rifle:2:miss
[JS] GODMODE_SOLDIER_SHOT=soldier-e8:rifle:2:hit
[JS] GODMODE_FIRST_RUN_HINT=aimbot
[JS] GODMODE_SOLDIER_SHOT=soldier-e8:rifle:2:hit
[JS] GODMODE_SOLDIER_SHOT=soldier-e8:rifle:2:miss
[JS] GODMODE_SUPPLY_AUTO=1:31427:46048
[JS] GODMODE_SUPPLY_LAUNCHED=1:upgrade:-398.2:-17.3:-372.1
[JS] GODMODE_SOLDIER_SHOT=soldier-e8:rifle:2:hit
[JS] GODMODE_SOLDIER_SHOT=soldier-e8:rifle:2:miss
[JS] GODMODE_SOLDIER_SHOT=soldier-e8:rifle:2:miss
[JS] GODMODE_SOLDIER_SHOT=soldier-e8:rifle:2:miss
[JS] GODMODE_SOLDIER_SHOT=soldier-e8:rifle:2:miss
[JS] GODMODE_SOLDIER_SHOT=soldier-e17:rifle:2:miss
[JS] GODMODE_SOLDIER_SHOT=soldier-e17:rifle:2:miss
[JS] GODMODE_SOLDIER_SHOT=soldier-e17:rifle:2:hit
[JS] GODMODE_SOLDIER_SHOT=soldier-e17:rifle:2:miss
[JS] GODMODE_SOLDIER_SHOT=soldier-e17:rifle:2:hit
[JS] GODMODE_SOLDIER_SHOT=soldier-e8:rifle:2:miss
[JS] GODMODE_SOLDIER_SHOT=soldier-e8:rifle:2:miss
[JS] GODMODE_SOLDIER_SHOT=soldier-e8:rifle:2:miss
[JS] GODMODE_SOLDIER_SHOT=soldier-e8:rifle:2:miss
[JS] GODMODE_SOLDIER_SHOT=soldier-e8:rifle:2:miss
[JS] GODMODE_SOLDIER_SHOT=soldier-e17:rifle:2:miss
[JS] GODMODE_SOLDIER_SHOT=soldier-e17:rifle:2:miss
[JS] GODMODE_SOLDIER_SHOT=soldier-e17:rifle:2:miss
[JS] GODMODE_SOLDIER_SHOT=soldier-e17:rifle:2:hit
[JS] GODMODE_SOLDIER_SHOT=soldier-e17:rifle:2:miss
[JS] GODMODE_SOLDIER_SHOT=soldier-e8:rifle:2:miss
[JS] GODMODE_SOLDIER_SHOT=soldier-e8:rifle:2:miss
[JS] GODMODE_SOLDIER_SHOT=soldier-e8:rifle:2:miss
[JS] GODMODE_SOLDIER_SHOT=soldier-e8:rifle:2:hit
[JS] GODMODE_SOLDIER_SHOT=soldier-e8:rifle:2:miss
[JS] GODMODE_SUPPLY_LANDED=1:2:-398.16:-17.29:-372.11:3:0
[JS] GODMODE_SOLDIER_SHOT=soldier-e16:rifle:2:miss
[JS] GODMODE_SOLDIER_SHOT=soldier-e16:rifle:2:miss
[JS] GODMODE_SOLDIER_SHOT=soldier-e16:rifle:2:miss
[JS] GODMODE_SOLDIER_SHOT=soldier-e16:rifle:2:hit
[JS] GODMODE_SOLDIER_SHOT=soldier-e16:rifle:2:miss
[JS] GODMODE_ACTOR_COST={"id":"soldier-e22","visual":false,"ms":0.143}
[JS] GODMODE_SYSTEM_ADMIN_SPAWNED=soldier-e22
[JS] GODMODE_PATROL_PRESENTATION={"id":"soldier-e22","distance":624.1728515625,"visible":false,"seenPast":""}
[JS] GODMODE_ACTOR_COST={"id":"soldier-e22","visual":true,"ms":0.673}
[JS] GODMODE_SOLDIER_SHOT=soldier-e8:rifle:2:hit
[JS] GODMODE_SOLDIER_SHOT=soldier-e8:rifle:2:miss
[JS] GODMODE_SOLDIER_SHOT=soldier-e8:rifle:2:miss
[JS] GODMODE_SOLDIER_SHOT=soldier-e8:rifle:2:miss
[JS] GODMODE_SOLDIER_SHOT=soldier-e8:rifle:2:hit
[JS] GODMODE_SYSTEM_ADMIN_TARGET=soldier-e22:2
[JS] GODMODE_SOLDIER_SHOT=soldier-e17:rifle:2:hit
[JS] GODMODE_SOLDIER_SHOT=soldier-e17:rifle:2:miss
[JS] GODMODE_SOLDIER_SHOT=soldier-e17:rifle:2:miss
[JS] GODMODE_SOLDIER_SHOT=soldier-e17:rifle:2:miss
[JS] GODMODE_SOLDIER_SHOT=soldier-e17:rifle:2:miss
[JS] GODMODE_SOLDIER_SHOT=soldier-e16:rifle:2:miss
[JS] GODMODE_SOLDIER_SHOT=soldier-e16:rifle:2:miss
[JS] GODMODE_SOLDIER_SHOT=soldier-e16:rifle:2:miss
[JS] GODMODE_SOLDIER_SHOT=soldier-e16:rifle:2:miss
[JS] GODMODE_SOLDIER_SHOT=soldier-e16:rifle:2:miss
[JS] GODMODE_SOLDIER_SHOT=soldier-e8:rifle:2:miss
[JS] GODMODE_SOLDIER_SHOT=soldier-e8:rifle:2:miss
[JS] GODMODE_SOLDIER_SHOT=soldier-e8:rifle:2:miss
[JS] GODMODE_SOLDIER_SHOT=soldier-e8:rifle:2:hit
[JS] GODMODE_SOLDIER_SHOT=soldier-e8:rifle:2:miss
[JS] GODMODE_SOLDIER_SHOT=soldier-e10:rifle:2:hit
[JS] GODMODE_SOLDIER_SHOT=soldier-e10:rifle:2:hit
[JS] GODMODE_SOLDIER_SHOT=soldier-e10:rifle:2:hit
[JS] GODMODE_SOLDIER_SHOT=soldier-e10:rifle:2:miss
[JS] GODMODE_SOLDIER_SHOT=soldier-e10:rifle:2:miss
[JS] GODMODE_SOLDIER_SHOT=soldier-e17:rifle:2:miss
[JS] GODMODE_SOLDIER_SHOT=soldier-e17:rifle:2:miss
[JS] GODMODE_SOLDIER_SHOT=soldier-e17:rifle:2:miss
[JS] GODMODE_SOLDIER_SHOT=soldier-e17:rifle:2:miss
[JS] GODMODE_SOLDIER_SHOT=soldier-e17:rifle:2:miss
[JS] GODMODE_SOLDIER_SHOT=soldier-e16:rifle:2:miss
[JS] GODMODE_SOLDIER_SHOT=soldier-e16:rifle:2:miss
[JS] GODMODE_SOLDIER_SHOT=soldier-e16:rifle:2:hit
[JS] GODMODE_SOLDIER_SHOT=soldier-e16:rifle:2:miss
[JS] GODMODE_SOLDIER_SHOT=soldier-e16:rifle:2:miss
[JS] GODMODE_SOLDIER_SHOT=soldier-e13:rifle:2:miss
[JS] GODMODE_SOLDIER_SHOT=soldier-e13:rifle:2:miss
[JS] GODMODE_SOLDIER_SHOT=soldier-e13:rifle:2:miss
[JS] GODMODE_SOLDIER_SHOT=soldier-e13:rifle:2:miss
[JS] GODMODE_SOLDIER_SHOT=soldier-e13:rifle:2:hit
[JS] GODMODE_SOLDIER_SHOT=soldier-e8:rifle:2:miss
[JS] GODMODE_SOLDIER_SHOT=soldier-e8:rifle:2:miss
[JS] GODMODE_SOLDIER_SHOT=soldier-e8:rifle:2:miss
[JS] GODMODE_SOLDIER_SHOT=soldier-e8:rifle:2:miss
[JS] GODMODE_SOLDIER_SHOT=soldier-e8:rifle:2:miss
[JS] GODMODE_SOLDIER_SHOT=soldier-e10:rifle:2:miss
[JS] GODMODE_SOLDIER_SHOT=soldier-e10:rifle:2:miss
[JS] GODMODE_SOLDIER_SHOT=soldier-e10:rifle:2:miss
[JS] GODMODE_SOLDIER_SHOT=soldier-e10:rifle:2:miss
[JS] GODMODE_SOLDIER_SHOT=soldier-e10:rifle:2:hit
[JS] GODMODE_SOLDIER_SHOT=soldier-e17:rifle:2:miss
[JS] GODMODE_SOLDIER_SHOT=soldier-e17:rifle:2:miss
[JS] GODMODE_SOLDIER_SHOT=soldier-e17:rifle:2:miss
[JS] GODMODE_SOLDIER_SHOT=soldier-e17:rifle:2:miss
[JS] GODMODE_SOLDIER_SHOT=soldier-e17:rifle:2:miss
[JS] GODMODE_SOLDIER_SHOT=soldier-e16:rifle:2:hit
[JS] GODMODE_SOLDIER_SHOT=soldier-e16:rifle:2:miss
[JS] GODMODE_SOLDIER_SHOT=soldier-e16:rifle:2:miss
[JS] GODMODE_SOLDIER_SHOT=soldier-e16:rifle:2:miss
[JS] GODMODE_SOLDIER_SHOT=soldier-e16:rifle:2:miss
[JS] GODMODE_SOLDIER_SHOT=soldier-e13:rifle:2:miss
[JS] GODMODE_SOLDIER_SHOT=soldier-e13:rifle:2:miss
[JS] GODMODE_SOLDIER_SHOT=soldier-e13:rifle:2:miss
[JS] GODMODE_SOLDIER_SHOT=soldier-e13:rifle:2:miss
[JS] GODMODE_SOLDIER_SHOT=soldier-e13:rifle:2:miss
[JS] GODMODE_SOLDIER_SHOT=soldier-e9:rifle:2:miss
[JS] GODMODE_SOLDIER_SHOT=soldier-e9:rifle:2:miss
[JS] GODMODE_SOLDIER_SHOT=soldier-e9:rifle:2:hit
[JS] GODMODE_SOLDIER_SHOT=soldier-e9:rifle:2:miss
[JS] GODMODE_SURVIVAL_MINUTE=1:rifleman+smg:-
[JS] GODMODE_SOLDIER_SHOT=soldier-e9:rifle:2:miss
[JS] GODMODE_SOLDIER_SHOT=soldier-e12:rifle:2:hit
[JS] GODMODE_SOLDIER_SHOT=soldier-e12:rifle:2:miss
[JS] GODMODE_SOLDIER_SHOT=soldier-e12:rifle:2:miss
[JS] GODMODE_SOLDIER_SHOT=soldier-e12:rifle:2:miss
[JS] GODMODE_SOLDIER_SHOT=soldier-e12:rifle:2:hit
[JS] GODMODE_SOLDIER_SHOT=soldier-e8:rifle:2:hit
[JS] GODMODE_SOLDIER_SHOT=soldier-e8:rifle:2:miss
[JS] GODMODE_SOLDIER_SHOT=soldier-e8:rifle:2:miss
[JS] GODMODE_SOLDIER_SHOT=soldier-e8:rifle:2:miss
[JS] GODMODE_SOLDIER_SHOT=soldier-e8:rifle:2:hit
[JS] GODMODE_SOLDIER_SHOT=soldier-e10:rifle:2:hit
[JS] GODMODE_SOLDIER_SHOT=soldier-e10:rifle:2:hit
[JS] GODMODE_SOLDIER_SHOT=soldier-e10:rifle:2:hit
[JS] GODMODE_SOLDIER_SHOT=soldier-e10:rifle:2:miss
[JS] GODMODE_SOLDIER_SHOT=soldier-e10:rifle:2:miss
[JS] GODMODE_SOLDIER_SHOT=soldier-e17:rifle:2:miss
[JS] GODMODE_SOLDIER_SHOT=soldier-e17:rifle:2:miss
[JS] GODMODE_SOLDIER_SHOT=soldier-e17:rifle:2:miss
[JS] GODMODE_SOLDIER_SHOT=soldier-e17:rifle:2:hit
[JS] GODMODE_SOLDIER_SHOT=soldier-e17:rifle:2:hit
[JS] GODMODE_SOLDIER_SHOT=soldier-e16:rifle:2:miss
[JS] GODMODE_SOLDIER_SHOT=soldier-e16:rifle:2:miss
[JS] GODMODE_SOLDIER_SHOT=soldier-e16:rifle:2:miss
[JS] GODMODE_SOLDIER_SHOT=soldier-e16:rifle:2:hit
[JS] GODMODE_SOLDIER_SHOT=soldier-e16:rifle:2:miss
[JS] GODMODE_SOLDIER_SHOT=soldier-e14:rifle:2:hit
[JS] GODMODE_SOLDIER_SHOT=soldier-e14:rifle:2:miss
[JS] GODMODE_SOLDIER_SHOT=soldier-e14:rifle:2:hit
[JS] GODMODE_SOLDIER_SHOT=soldier-e14:rifle:2:miss
[JS] GODMODE_SOLDIER_SHOT=soldier-e14:rifle:2:miss
[JS] GODMODE_SOLDIER_SHOT=soldier-e13:rifle:2:miss
[JS] GODMODE_SOLDIER_SHOT=soldier-e13:rifle:2:miss
[JS] GODMODE_SOLDIER_SHOT=soldier-e13:rifle:2:miss
[JS] GODMODE_SOLDIER_SHOT=soldier-e13:rifle:2:miss
[JS] GODMODE_SOLDIER_SHOT=soldier-e13:rifle:2:hit
[JS] GODMODE_SOLDIER_SHOT=soldier-e21:rifle:2:hit
[JS] GODMODE_SOLDIER_SHOT=soldier-e21:rifle:2:hit
[JS] GODMODE_SOLDIER_SHOT=soldier-e21:rifle:2:miss
[JS] GODMODE_SOLDIER_SHOT=soldier-e21:rifle:2:hit
[JS] GODMODE_SOLDIER_SHOT=soldier-e21:rifle:2:hit
[JS] GODMODE_SOLDIER_SHOT=soldier-e12:rifle:2:hit
[JS] GODMODE_SOLDIER_SHOT=soldier-e12:rifle:2:miss
[JS] GODMODE_SOLDIER_SHOT=soldier-e12:rifle:2:miss
[JS] GODMODE_SOLDIER_SHOT=soldier-e12:rifle:2:miss
[JS] GODMODE_SOLDIER_SHOT=soldier-e12:rifle:2:miss
[JS] GODMODE_SOLDIER_SHOT=soldier-e9:rifle:2:miss
[JS] GODMODE_SOLDIER_SHOT=soldier-e9:rifle:2:miss
[JS] GODMODE_SOLDIER_SHOT=soldier-e9:rifle:2:miss
[JS] GODMODE_SOLDIER_SHOT=soldier-e9:rifle:2:hit
[JS] GODMODE_SOLDIER_SHOT=soldier-e9:rifle:2:hit
[JS] GODMODE_SOLDIER_SHOT=soldier-e8:rifle:2:miss
[JS] GODMODE_SOLDIER_SHOT=soldier-e8:rifle:2:miss
[JS] GODMODE_SOLDIER_SHOT=soldier-e8:rifle:2:hit
[JS] GODMODE_SOLDIER_SHOT=soldier-e8:rifle:2:miss
[JS] GODMODE_SOLDIER_SHOT=soldier-e8:rifle:2:miss
[JS] GODMODE_SOLDIER_SHOT=soldier-e10:rifle:2:miss
[JS] GODMODE_SOLDIER_SHOT=soldier-e10:rifle:2:hit
[JS] GODMODE_SOLDIER_SHOT=soldier-e10:rifle:2:miss
[JS] GODMODE_SOLDIER_SHOT=soldier-e10:rifle:2:hit
[JS] GODMODE_SOLDIER_SHOT=soldier-e10:rifle:2:miss
[JS] GODMODE_SOLDIER_SHOT=soldier-e20:rifle:2:hit
[JS] GODMODE_SOLDIER_SHOT=soldier-e20:rifle:2:hit
[JS] GODMODE_SOLDIER_SHOT=soldier-e20:rifle:2:miss
[JS] GODMODE_SOLDIER_SHOT=soldier-e20:rifle:2:miss
[JS] GODMODE_SOLDIER_SHOT=soldier-e20:rifle:2:hit
[JS] GODMODE_SOLDIER_SHOT=soldier-e17:rifle:2:miss
[JS] GODMODE_SOLDIER_SHOT=soldier-e17:rifle:2:miss
[JS] GODMODE_SOLDIER_SHOT=soldier-e17:rifle:2:miss
[JS] GODMODE_SOLDIER_SHOT=soldier-e17:rifle:2:miss
[JS] GODMODE_SOLDIER_SHOT=soldier-e17:rifle:2:miss
[JS] GODMODE_SOLDIER_SHOT=soldier-e16:rifle:2:miss
[JS] GODMODE_SOLDIER_SHOT=soldier-e16:rifle:2:miss
[JS] GODMODE_SOLDIER_SHOT=soldier-e16:rifle:2:hit
[JS] GODMODE_SOLDIER_SHOT=soldier-e16:rifle:2:hit
[JS] GODMODE_SOLDIER_SHOT=soldier-e16:rifle:2:miss
[JS] GODMODE_SOLDIER_SHOT=soldier-e14:rifle:2:miss
[JS] GODMODE_SOLDIER_SHOT=soldier-e14:rifle:2:miss
[JS] GODMODE_SOLDIER_SHOT=soldier-e14:rifle:2:miss
[JS] GODMODE_SOLDIER_SHOT=soldier-e14:rifle:2:hit
[JS] GODMODE_SOLDIER_SHOT=soldier-e14:rifle:2:hit
[JS] GODMODE_SOLDIER_SHOT=soldier-e13:rifle:2:miss
[JS] GODMODE_SOLDIER_SHOT=soldier-e13:rifle:2:miss
[JS] GODMODE_SOLDIER_SHOT=soldier-e13:rifle:2:hit
[JS] GODMODE_SOLDIER_SHOT=soldier-e13:rifle:2:miss
[JS] GODMODE_SOLDIER_SHOT=soldier-e13:rifle:2:miss
[JS] GODMODE_SOLDIER_SHOT=soldier-e21:rifle:2:hit
[JS] GODMODE_SOLDIER_SHOT=soldier-e21:rifle:2:hit
[JS] GODMODE_SOLDIER_SHOT=soldier-e21:rifle:2:miss
[JS] GODMODE_SOLDIER_SHOT=soldier-e21:rifle:2:miss
[JS] GODMODE_SOLDIER_SHOT=soldier-e21:rifle:2:miss
[JS] GODMODE_SOLDIER_SHOT=soldier-e12:rifle:2:hit
[JS] GODMODE_SOLDIER_SHOT=soldier-e12:rifle:2:miss
[JS] GODMODE_SOLDIER_SHOT=soldier-e12:rifle:2:miss
[JS] GODMODE_SOLDIER_SHOT=soldier-e12:rifle:2:miss
[JS] GODMODE_SOLDIER_SHOT=soldier-e12:rifle:2:miss
[JS] GODMODE_SOLDIER_SHOT=soldier-e9:rifle:2:hit
[JS] GODMODE_SOLDIER_SHOT=soldier-e9:rifle:2:miss
[JS] GODMODE_SOLDIER_SHOT=soldier-e9:rifle:2:hit
[JS] GODMODE_SOLDIER_SHOT=soldier-e9:rifle:2:hit
[JS] GODMODE_SOLDIER_SHOT=soldier-e9:rifle:2:miss
[JS] GODMODE_SOLDIER_SHOT=soldier-e8:rifle:2:miss
[JS] GODMODE_SOLDIER_SHOT=soldier-e8:rifle:2:hit
[JS] GODMODE_SOLDIER_SHOT=soldier-e8:rifle:2:miss
[JS] GODMODE_SOLDIER_SHOT=soldier-e8:rifle:2:miss
[JS] GODMODE_SOLDIER_SHOT=soldier-e8:rifle:2:miss
[JS] GODMODE_SOLDIER_SHOT=soldier-e10:rifle:2:miss
[JS] GODMODE_SOLDIER_SHOT=soldier-e10:rifle:2:hit
[JS] GODMODE_SOLDIER_SHOT=soldier-e10:rifle:2:miss
[JS] GODMODE_SOLDIER_SHOT=soldier-e10:rifle:2:miss
[JS] GODMODE_SOLDIER_SHOT=soldier-e10:rifle:2:miss
[JS] GODMODE_SOLDIER_SHOT=soldier-e20:rifle:2:miss
[JS] GODMODE_SOLDIER_SHOT=soldier-e20:rifle:2:hit
[JS] GODMODE_SOLDIER_SHOT=soldier-e20:rifle:2:miss
[JS] GODMODE_SOLDIER_SHOT=soldier-e20:rifle:2:miss
[JS] GODMODE_SOLDIER_SHOT=soldier-e20:rifle:2:miss
[JS] GODMODE_SOLDIER_SHOT=soldier-e17:rifle:2:miss
[JS] GODMODE_SOLDIER_SHOT=soldier-e17:rifle:2:hit
[JS] GODMODE_SOLDIER_SHOT=soldier-e17:rifle:2:miss
[JS] GODMODE_SOLDIER_SHOT=soldier-e17:rifle:2:miss
[JS] GODMODE_SOLDIER_SHOT=soldier-e17:rifle:2:hit
[JS] GODMODE_SOLDIER_SHOT=soldier-e16:rifle:2:hit
[JS] GODMODE_SOLDIER_SHOT=soldier-e16:rifle:2:hit
[JS] GODMODE_SUPPLY_AUTO=2:77477:40446
[JS] GODMODE_SUPPLY_LAUNCHED=2:upgrade:-409.0:-16.2:-383.2
[JS] GODMODE_SOLDIER_SHOT=soldier-e16:rifle:2:miss
[JS] GODMODE_FIRST_RUN_HINT=knife
[JS] GODMODE_SOLDIER_SHOT=soldier-e16:rifle:2:hit
[JS] GODMODE_SOLDIER_SHOT=soldier-e16:rifle:2:miss
[JS] GODMODE_SOLDIER_SHOT=soldier-e14:rifle:2:hit
[JS] GODMODE_SOLDIER_SHOT=soldier-e14:rifle:2:miss
[JS] GODMODE_SOLDIER_SHOT=soldier-e14:rifle:2:hit
[JS] GODMODE_SOLDIER_SHOT=soldier-e14:rifle:2:miss
[JS] GODMODE_SOLDIER_SHOT=soldier-e14:rifle:2:miss
[JS] GODMODE_SOLDIER_SHOT=soldier-e13:rifle:2:hit
[JS] GODMODE_SOLDIER_SHOT=soldier-e13:rifle:2:hit
[JS] GODMODE_SOLDIER_SHOT=soldier-e13:rifle:2:hit
[JS] GODMODE_SOLDIER_SHOT=soldier-e13:rifle:2:miss
[JS] GODMODE_SOLDIER_SHOT=soldier-e13:rifle:2:miss
[JS] GODMODE_SOLDIER_SHOT=soldier-e12:rifle:2:miss
[JS] GODMODE_SOLDIER_SHOT=soldier-e12:rifle:2:miss
[JS] GODMODE_SOLDIER_SHOT=soldier-e12:rifle:2:miss
[JS] GODMODE_SOLDIER_SHOT=soldier-e12:rifle:2:miss
[JS] GODMODE_SOLDIER_SHOT=soldier-e12:rifle:2:hit
[JS] GODMODE_SOLDIER_SHOT=soldier-e9:rifle:2:hit
[JS] GODMODE_SOLDIER_SHOT=soldier-e9:rifle:2:miss
[JS] GODMODE_SOLDIER_SHOT=soldier-e9:rifle:2:hit
[JS] GODMODE_SOLDIER_SHOT=soldier-e9:rifle:2:miss
[JS] GODMODE_SOLDIER_SHOT=soldier-e9:rifle:2:hit
[JS] GODMODE_SOLDIER_SHOT=soldier-e8:rifle:2:miss
[JS] GODMODE_SOLDIER_SHOT=soldier-e8:rifle:2:hit
[JS] GODMODE_SOLDIER_SHOT=soldier-e8:rifle:2:miss
[JS] GODMODE_SOLDIER_SHOT=soldier-e8:rifle:2:hit
[JS] GODMODE_SOLDIER_SHOT=soldier-e8:rifle:2:miss
[JS] GODMODE_SOLDIER_SHOT=soldier-e10:rifle:2:miss
[JS] GODMODE_SOLDIER_SHOT=soldier-e10:rifle:2:hit
[JS] GODMODE_SOLDIER_SHOT=soldier-e10:rifle:2:hit
[JS] GODMODE_SOLDIER_SHOT=soldier-e10:rifle:2:miss
[JS] GODMODE_SOLDIER_SHOT=soldier-e10:rifle:2:miss
[JS] GODMODE_SOLDIER_SHOT=soldier-e20:rifle:2:miss
[JS] GODMODE_SOLDIER_SHOT=soldier-e20:rifle:2:miss
[JS] GODMODE_SOLDIER_SHOT=soldier-e20:rifle:2:miss
[JS] GODMODE_SOLDIER_SHOT=soldier-e20:rifle:2:miss
[JS] GODMODE_SOLDIER_SHOT=soldier-e20:rifle:2:hit
[JS] GODMODE_SOLDIER_SHOT=soldier-e17:rifle:2:miss
[JS] GODMODE_SOLDIER_SHOT=soldier-e17:rifle:2:miss
[JS] GODMODE_SOLDIER_SHOT=soldier-e17:rifle:2:hit
[JS] GODMODE_SOLDIER_SHOT=soldier-e17:rifle:2:miss
[JS] GODMODE_SOLDIER_SHOT=soldier-e17:rifle:2:miss
[JS] GODMODE_SOLDIER_SHOT=soldier-e16:rifle:2:miss
[JS] GODMODE_SOLDIER_SHOT=soldier-e16:rifle:2:miss
[JS] GODMODE_SOLDIER_SHOT=soldier-e16:rifle:2:hit
[JS] GODMODE_SOLDIER_SHOT=soldier-e16:rifle:2:hit
[JS] GODMODE_SOLDIER_SHOT=soldier-e16:rifle:2:miss
[JS] GODMODE_SOLDIER_SHOT=soldier-e21:rifle:2:hit
[JS] GODMODE_SOLDIER_SHOT=soldier-e21:rifle:2:miss
[JS] GODMODE_SOLDIER_SHOT=soldier-e21:rifle:2:miss
[JS] GODMODE_SOLDIER_SHOT=soldier-e21:rifle:2:miss
[JS] GODMODE_SOLDIER_SHOT=soldier-e21:rifle:2:hit
[JS] GODMODE_SOLDIER_SHOT=soldier-e14:rifle:2:miss
[JS] GODMODE_SOLDIER_SHOT=soldier-e14:rifle:2:miss
[JS] GODMODE_SOLDIER_SHOT=soldier-e14:rifle:2:hit
[JS] GODMODE_SOLDIER_SHOT=soldier-e14:rifle:2:miss
[JS] GODMODE_SOLDIER_SHOT=soldier-e14:rifle:2:miss
[JS] GODMODE_SOLDIER_SHOT=soldier-e13:rifle:2:miss
[JS] GODMODE_SOLDIER_SHOT=soldier-e13:rifle:2:miss
[JS] GODMODE_SOLDIER_SHOT=soldier-e13:rifle:2:miss
[JS] GODMODE_SOLDIER_SHOT=soldier-e13:rifle:2:hit
[JS] GODMODE_SOLDIER_SHOT=soldier-e13:rifle:2:miss
[JS] GODMODE_SOLDIER_SHOT=soldier-e12:rifle:2:miss
[JS] GODMODE_SOLDIER_SHOT=soldier-e12:rifle:2:miss
[JS] GODMODE_SOLDIER_SHOT=soldier-e12:rifle:2:miss
[JS] GODMODE_SOLDIER_SHOT=soldier-e12:rifle:2:miss
[JS] GODMODE_SOLDIER_SHOT=soldier-e12:rifle:2:miss
[JS] GODMODE_SOLDIER_SHOT=soldier-e9:rifle:2:miss
[JS] GODMODE_SOLDIER_SHOT=soldier-e9:rifle:2:miss
[JS] GODMODE_SOLDIER_SHOT=soldier-e9:rifle:2:miss
[JS] GODMODE_SOLDIER_SHOT=soldier-e9:rifle:2:miss
[JS] GODMODE_SOLDIER_SHOT=soldier-e9:rifle:2:miss
[JS] GODMODE_SOLDIER_SHOT=soldier-e8:rifle:2:miss
[JS] GODMODE_SOLDIER_SHOT=soldier-e8:rifle:2:miss
[JS] GODMODE_SOLDIER_SHOT=soldier-e8:rifle:2:miss
[JS] GODMODE_SOLDIER_SHOT=soldier-e8:rifle:2:hit
[JS] GODMODE_SOLDIER_SHOT=soldier-e8:rifle:2:hit
[JS] GODMODE_SOLDIER_SHOT=soldier-e10:rifle:2:hit
[JS] GODMODE_SOLDIER_SHOT=soldier-e10:rifle:2:miss
[JS] GODMODE_SOLDIER_SHOT=soldier-e10:rifle:2:miss
[JS] GODMODE_SOLDIER_SHOT=soldier-e10:rifle:2:miss
[JS] GODMODE_SOLDIER_SHOT=soldier-e10:rifle:2:miss
[JS] GODMODE_SUPPLY_LANDED=2:6:-408.95:-16.23:-383.18:3:0
[JS] GODMODE_SOLDIER_SHOT=soldier-e21:rifle:2:miss
[JS] GODMODE_SOLDIER_SHOT=soldier-e21:rifle:2:hit
[JS] GODMODE_SOLDIER_SHOT=soldier-e21:rifle:2:miss
[JS] GODMODE_SOLDIER_SHOT=soldier-e21:rifle:2:miss
[JS] GODMODE_SOLDIER_SHOT=soldier-e21:rifle:2:miss
[JS] GODMODE_SOLDIER_SHOT=soldier-e12:rifle:2:miss
[JS] GODMODE_SOLDIER_SHOT=soldier-e12:rifle:2:miss
[JS] GODMODE_SOLDIER_SHOT=soldier-e12:rifle:2:miss
[JS] GODMODE_SOLDIER_SHOT=soldier-e12:rifle:2:miss
[JS] GODMODE_SOLDIER_SHOT=soldier-e12:rifle:2:miss
[JS] GODMODE_SOLDIER_SHOT=soldier-e8:rifle:2:miss
[JS] GODMODE_SOLDIER_SHOT=soldier-e8:rifle:2:hit
[JS] GODMODE_SOLDIER_SHOT=soldier-e8:rifle:2:miss
[JS] GODMODE_SOLDIER_SHOT=soldier-e8:rifle:2:miss
[JS] GODMODE_SOLDIER_SHOT=soldier-e8:rifle:2:miss
[JS] GODMODE_SOLDIER_SHOT=soldier-e10:rifle:2:miss
[JS] GODMODE_SOLDIER_SHOT=soldier-e10:rifle:2:miss
[JS] GODMODE_SOLDIER_SHOT=soldier-e10:rifle:2:hit
[JS] GODMODE_SOLDIER_SHOT=soldier-e10:rifle:2:miss
[JS] GODMODE_SOLDIER_SHOT=soldier-e10:rifle:2:miss
[JS] GODMODE_PATROL_PRESENTATION={"id":"soldier-e23","distance":426.9595642089844,"visible":false,"seenPast":""}
[JS] GODMODE_ACTOR_COST={"id":"soldier-e23","visual":true,"ms":0.63}
[JS] GODMODE_ACTOR_COST={"id":"soldier-e23","visual":false,"ms":0.09}
[JS] GODMODE_SYSTEM_ADMIN_SPAWNED=soldier-e23
[JS] GODMODE_SYSTEM_ADMIN_TARGET=soldier-e23:2
[JS] GODMODE_SOLDIER_SHOT=soldier-e12:rifle:2:miss
[JS] GODMODE_SOLDIER_SHOT=soldier-e12:rifle:2:miss
[JS] GODMODE_SOLDIER_SHOT=soldier-e12:rifle:2:miss
[JS] GODMODE_SOLDIER_SHOT=soldier-e12:rifle:2:hit
[JS] GODMODE_SOLDIER_SHOT=soldier-e12:rifle:2:miss
[JS] GODMODE_SOLDIER_SHOT=soldier-e21:rifle:2:hit
[JS] GODMODE_SOLDIER_SHOT=soldier-e21:rifle:2:miss
[JS] GODMODE_SOLDIER_SHOT=soldier-e21:rifle:2:hit
[JS] GODMODE_SOLDIER_SHOT=soldier-e21:rifle:2:miss
[JS] GODMODE_SOLDIER_SHOT=soldier-e21:rifle:2:miss
[JS] GODMODE_SOLDIER_SHOT=soldier-e8:rifle:2:miss
[JS] GODMODE_SOLDIER_SHOT=soldier-e8:rifle:2:miss
[JS] GODMODE_SOLDIER_SHOT=soldier-e8:rifle:2:hit
[JS] GODMODE_SOLDIER_SHOT=soldier-e8:rifle:2:miss
[JS] GODMODE_SOLDIER_SHOT=soldier-e8:rifle:2:hit
[JS] GODMODE_SOLDIER_SHOT=soldier-e20:rifle:2:miss
[JS] GODMODE_SOLDIER_SHOT=soldier-e20:rifle:2:miss
[JS] GODMODE_SOLDIER_SHOT=soldier-e20:rifle:2:miss
[JS] GODMODE_SOLDIER_SHOT=soldier-e20:rifle:2:miss
[JS] GODMODE_SOLDIER_SHOT=soldier-e20:rifle:2:miss
[JS] GODMODE_SOLDIER_SHOT=soldier-e17:rifle:2:hit
[JS] GODMODE_SOLDIER_SHOT=soldier-e17:rifle:2:miss
[JS] GODMODE_SOLDIER_SHOT=soldier-e17:rifle:2:miss
[JS] GODMODE_SOLDIER_SHOT=soldier-e17:rifle:2:miss
[JS] GODMODE_SOLDIER_SHOT=soldier-e17:rifle:2:miss
[JS] GODMODE_SOLDIER_SHOT=soldier-e9:rifle:2:miss
[JS] GODMODE_SOLDIER_SHOT=soldier-e9:rifle:2:hit
[JS] GODMODE_SOLDIER_SHOT=soldier-e9:rifle:2:miss
[JS] GODMODE_SOLDIER_SHOT=soldier-e9:rifle:2:miss
[JS] GODMODE_SOLDIER_SHOT=soldier-e9:rifle:2:miss
[JS] GODMODE_SOLDIER_SHOT=soldier-e16:rifle:2:miss
[JS] GODMODE_SOLDIER_SHOT=soldier-e16:rifle:2:hit
[JS] GODMODE_SOLDIER_SHOT=soldier-e16:rifle:2:miss
[JS] GODMODE_SOLDIER_SHOT=soldier-e16:rifle:2:hit
[JS] GODMODE_SOLDIER_SHOT=soldier-e16:rifle:2:miss
[JS] GODMODE_SOLDIER_SHOT=soldier-e12:rifle:2:miss
[JS] GODMODE_SOLDIER_SHOT=soldier-e12:rifle:2:hit
[JS] GODMODE_SOLDIER_SHOT=soldier-e12:rifle:2:miss
[JS] GODMODE_SOLDIER_SHOT=soldier-e12:rifle:2:miss
[JS] GODMODE_SOLDIER_SHOT=soldier-e12:rifle:2:hit
[JS] GODMODE_SOLDIER_SHOT=soldier-e13:rifle:2:hit
[JS] GODMODE_SOLDIER_SHOT=soldier-e13:rifle:2:miss
[JS] GODMODE_SOLDIER_SHOT=soldier-e13:rifle:2:hit
[JS] GODMODE_SOLDIER_SHOT=soldier-e13:rifle:2:miss
[JS] GODMODE_SOLDIER_SHOT=soldier-e13:rifle:2:hit
[JS] GODMODE_SOLDIER_SHOT=soldier-e21:rifle:2:hit
[JS] GODMODE_SOLDIER_SHOT=soldier-e21:rifle:2:miss
[JS] GODMODE_SOLDIER_SHOT=soldier-e21:rifle:2:miss
[JS] GODMODE_SOLDIER_SHOT=soldier-e21:rifle:2:hit
[JS] GODMODE_SOLDIER_SHOT=soldier-e21:rifle:2:miss
[JS] GODMODE_SOLDIER_SHOT=soldier-e8:rifle:2:hit
[JS] GODMODE_SOLDIER_SHOT=soldier-e8:rifle:2:miss
[JS] GODMODE_SOLDIER_SHOT=soldier-e8:rifle:2:miss
[JS] GODMODE_SOLDIER_SHOT=soldier-e8:rifle:2:hit
[JS] GODMODE_SOLDIER_SHOT=soldier-e8:rifle:2:miss
[JS] GODMODE_SOLDIER_SHOT=soldier-e20:rifle:2:miss
[JS] GODMODE_SOLDIER_SHOT=soldier-e20:rifle:2:hit
[JS] GODMODE_SOLDIER_SHOT=soldier-e20:rifle:2:miss
[JS] GODMODE_SOLDIER_SHOT=soldier-e20:rifle:2:miss
[JS] GODMODE_SOLDIER_SHOT=soldier-e20:rifle:2:miss
[JS] GODMODE_SOLDIER_SHOT=soldier-e17:rifle:2:miss
[JS] GODMODE_SOLDIER_SHOT=soldier-e17:rifle:2:hit
[JS] GODMODE_SOLDIER_SHOT=soldier-e17:rifle:2:hit
[JS] GODMODE_SOLDIER_SHOT=soldier-e17:rifle:2:miss
[JS] GODMODE_SOLDIER_SHOT=soldier-e17:rifle:2:miss
[JS] GODMODE_SOLDIER_SHOT=soldier-e9:rifle:2:miss
[JS] GODMODE_SOLDIER_SHOT=soldier-e9:rifle:2:miss
[JS] GODMODE_SOLDIER_SHOT=soldier-e9:rifle:2:hit
[JS] GODMODE_SOLDIER_SHOT=soldier-e9:rifle:2:miss
[JS] GODMODE_SOLDIER_SHOT=soldier-e9:rifle:2:miss
[JS] GODMODE_SOLDIER_SHOT=soldier-e16:rifle:2:miss
[JS] GODMODE_SOLDIER_SHOT=soldier-e16:rifle:2:hit
[JS] GODMODE_SOLDIER_SHOT=soldier-e16:rifle:2:miss
[JS] GODMODE_SOLDIER_SHOT=soldier-e16:rifle:2:miss
[JS] GODMODE_SOLDIER_SHOT=soldier-e16:rifle:2:hit
[JS] GODMODE_SOLDIER_SHOT=soldier-e13:rifle:2:hit
[JS] GODMODE_ACTOR_COST={"id":"soldier-e24","visual":false,"ms":0.101}
[JS] GODMODE_SYSTEM_ADMIN_SPAWNED=soldier-e24
[JS] GODMODE_SOLDIER_SHOT=soldier-e13:rifle:2:miss
[JS] GODMODE_PATROL_PRESENTATION={"id":"soldier-e24","distance":426.8381652832031,"visible":false,"seenPast":""}
[JS] GODMODE_ACTOR_COST={"id":"soldier-e24","visual":true,"ms":3.078}
[JS] GODMODE_SOLDIER_SHOT=soldier-e13:rifle:2:hit
[JS] GODMODE_SOLDIER_SHOT=soldier-e13:rifle:2:miss
[JS] GODMODE_SOLDIER_SHOT=soldier-e13:rifle:2:miss
[JS] GODMODE_SOLDIER_SHOT=soldier-e21:rifle:2:hit
[JS] GODMODE_SYSTEM_ADMIN_TARGET=soldier-e24:2
[JS] GODMODE_SOLDIER_SHOT=soldier-e21:rifle:2:miss
[JS] GODMODE_SOLDIER_SHOT=soldier-e21:rifle:2:hit
[JS] GODMODE_PATROL_PRESENTATION={"id":"smg-e25","distance":349.29547119140625,"visible":false,"seenPast":""}
[JS] GODMODE_ACTOR_COST={"id":"smg-e25","visual":true,"ms":122.028}
[JS] GODMODE_ACTOR_COST={"id":"smg-e25","visual":false,"ms":0.095}
[JS] GODMODE_SYSTEM_ADMIN_SPAWNED=smg-e25
[JS] GODMODE_SOLDIER_SHOT=soldier-e21:rifle:2:miss
[JS] GODMODE_SOLDIER_SHOT=soldier-e21:rifle:2:miss
[JS] GODMODE_SOLDIER_SHOT=soldier-e8:rifle:2:hit
[JS] GODMODE_SOLDIER_SHOT=soldier-e8:rifle:2:miss
[JS] GODMODE_SOLDIER_SHOT=soldier-e8:rifle:2:miss
[JS] GODMODE_SOLDIER_SHOT=soldier-e8:rifle:2:hit
[JS] GODMODE_SYSTEM_ADMIN_TARGET=smg-e25:2
[JS] GODMODE_SOLDIER_SHOT=soldier-e8:rifle:2:miss
[JS] GODMODE_SOLDIER_SHOT=soldier-e20:rifle:2:miss
[JS] GODMODE_SOLDIER_SHOT=soldier-e20:rifle:2:miss
[JS] GODMODE_SOLDIER_SHOT=soldier-e20:rifle:2:miss
[JS] GODMODE_SOLDIER_SHOT=soldier-e20:rifle:2:miss
[JS] GODMODE_SOLDIER_SHOT=soldier-e20:rifle:2:miss
[JS] GODMODE_SOLDIER_SHOT=soldier-e17:rifle:2:miss
[JS] GODMODE_SOLDIER_SHOT=soldier-e17:rifle:2:hit
[JS] GODMODE_SOLDIER_SHOT=soldier-e17:rifle:2:miss
[JS] GODMODE_SOLDIER_SHOT=soldier-e17:rifle:2:miss
[JS] GODMODE_SOLDIER_SHOT=soldier-e17:rifle:2:miss
[JS] GODMODE_SOLDIER_SHOT=soldier-e12:rifle:2:hit
[JS] GODMODE_SOLDIER_SHOT=soldier-e12:rifle:2:miss
[JS] GODMODE_SOLDIER_SHOT=soldier-e12:rifle:2:miss
[JS] GODMODE_SOLDIER_SHOT=soldier-e12:rifle:2:miss
[JS] GODMODE_SOLDIER_SHOT=soldier-e12:rifle:2:miss
[JS] GODMODE_SOLDIER_SHOT=soldier-e23:rifle:2:hit
[JS] GODMODE_SOLDIER_SHOT=soldier-e23:rifle:2:miss
[JS] GODMODE_SOLDIER_SHOT=soldier-e23:rifle:2:miss
[JS] GODMODE_SOLDIER_SHOT=soldier-e23:rifle:2:hit
[JS] GODMODE_SOLDIER_SHOT=soldier-e23:rifle:2:miss
[JS] GODMODE_SOLDIER_SHOT=soldier-e9:rifle:2:miss
[JS] GODMODE_SOLDIER_SHOT=soldier-e9:rifle:2:miss
[JS] GODMODE_SOLDIER_SHOT=soldier-e9:rifle:2:miss
[JS] GODMODE_SOLDIER_SHOT=soldier-e9:rifle:2:miss
[JS] GODMODE_SOLDIER_SHOT=soldier-e9:rifle:2:miss
[JS] GODMODE_SOLDIER_SHOT=soldier-e16:rifle:2:hit
[JS] GODMODE_SOLDIER_SHOT=soldier-e16:rifle:2:hit
[JS] GODMODE_SOLDIER_SHOT=soldier-e16:rifle:2:miss
[JS] GODMODE_SOLDIER_SHOT=soldier-e16:rifle:2:miss
[JS] GODMODE_SOLDIER_SHOT=soldier-e16:rifle:2:miss
[JS] GODMODE_SOLDIER_SHOT=soldier-e13:rifle:2:miss
[JS] GODMODE_SOLDIER_SHOT=soldier-e13:rifle:2:hit
[JS] GODMODE_SOLDIER_SHOT=soldier-e13:rifle:2:miss
[JS] GODMODE_SOLDIER_SHOT=soldier-e13:rifle:2:miss
[JS] GODMODE_SOLDIER_SHOT=soldier-e13:rifle:2:miss
[JS] GODMODE_SOLDIER_SHOT=soldier-e21:rifle:2:miss
[JS] GODMODE_SOLDIER_SHOT=soldier-e21:rifle:2:miss
[JS] GODMODE_SOLDIER_SHOT=soldier-e21:rifle:2:miss
[JS] GODMODE_SOLDIER_SHOT=soldier-e21:rifle:2:hit
[JS] GODMODE_SOLDIER_SHOT=soldier-e21:rifle:2:hit
[JS] GODMODE_SOLDIER_SHOT=soldier-e8:rifle:2:hit
[JS] GODMODE_SOLDIER_SHOT=soldier-e8:rifle:2:miss
[JS] GODMODE_SOLDIER_SHOT=soldier-e8:rifle:2:hit
[JS] GODMODE_SOLDIER_SHOT=soldier-e8:rifle:2:miss
[JS] GODMODE_SOLDIER_SHOT=soldier-e8:rifle:2:miss
[JS] GODMODE_SOLDIER_SHOT=soldier-e20:rifle:2:miss
[JS] GODMODE_SOLDIER_SHOT=soldier-e20:rifle:2:hit
[JS] GODMODE_SOLDIER_SHOT=soldier-e20:rifle:2:hit
[JS] GODMODE_SOLDIER_SHOT=soldier-e20:rifle:2:miss
[JS] GODMODE_SOLDIER_SHOT=soldier-e20:rifle:2:miss
[JS] GODMODE_SOLDIER_SHOT=soldier-e17:rifle:2:miss
[JS] GODMODE_SOLDIER_SHOT=soldier-e17:rifle:2:miss
[JS] GODMODE_SOLDIER_SHOT=soldier-e17:rifle:2:miss
[JS] GODMODE_SOLDIER_SHOT=soldier-e17:rifle:2:miss
[JS] GODMODE_SOLDIER_SHOT=soldier-e17:rifle:2:miss
[JS] GODMODE_SOLDIER_SHOT=soldier-e12:rifle:2:hit
[JS] GODMODE_SOLDIER_SHOT=soldier-e12:rifle:2:miss
[JS] GODMODE_SOLDIER_SHOT=soldier-e12:rifle:2:miss
[JS] GODMODE_SOLDIER_SHOT=soldier-e12:rifle:2:miss
[JS] GODMODE_SOLDIER_SHOT=soldier-e12:rifle:2:miss
[JS] GODMODE_SUPPLY_AUTO=3:117935:53824
[JS] GODMODE_SUPPLY_LAUNCHED=3:upgrade:-406.2:-17.1:-403.6
[JS] GODMODE_SOLDIER_SHOT=soldier-e23:rifle:2:miss
[JS] GODMODE_SOLDIER_SHOT=soldier-e23:rifle:2:hit
[JS] GODMODE_SOLDIER_SHOT=soldier-e23:rifle:2:hit
[JS] GODMODE_SOLDIER_SHOT=soldier-e23:rifle:2:miss
[JS] GODMODE_SOLDIER_SHOT=soldier-e23:rifle:2:hit
[JS] GODMODE_SOLDIER_SHOT=soldier-e9:rifle:2:hit
[JS] GODMODE_SOLDIER_SHOT=soldier-e9:rifle:2:hit
[JS] GODMODE_SOLDIER_SHOT=soldier-e9:rifle:2:miss
[JS] GODMODE_SOLDIER_SHOT=soldier-e9:rifle:2:hit
[JS] GODMODE_SOLDIER_SHOT=soldier-e9:rifle:2:miss
[JS] GODMODE_SOLDIER_SHOT=soldier-e13:rifle:2:miss
[JS] GODMODE_SOLDIER_SHOT=soldier-e13:rifle:2:hit
[JS] GODMODE_SOLDIER_SHOT=soldier-e13:rifle:2:hit
[JS] GODMODE_SOLDIER_SHOT=soldier-e13:rifle:2:miss
[JS] GODMODE_SURVIVAL_MINUTE=2:smg+rccar:swarm
[JS] GODMODE_PATROL_PRESENTATION={"id":"rccar-e26","distance":488.7005310058594,"visible":false,"seenPast":""}
[JS] GODMODE_PATROL_PRESENTATION={"id":"rccar-e27","distance":501.0279235839844,"visible":false,"seenPast":""}
[JS] GODMODE_PATROL_PRESENTATION={"id":"rccar-e28","distance":549.6176147460938,"visible":false,"seenPast":""}
[JS] GODMODE_ACTOR_COST={"id":"rccar-e26","visual":true,"ms":171.891}
[JS] GODMODE_ACTOR_COST={"id":"rccar-e27","visual":true,"ms":0.737}
[JS] GODMODE_ACTOR_COST={"id":"rccar-e28","visual":true,"ms":0.498}
[JS] GODMODE_ACTOR_COST={"id":"rccar-e26","visual":false,"ms":0.104}
[JS] GODMODE_ACTOR_COST={"id":"rccar-e27","visual":false,"ms":0.096}
[JS] GODMODE_ACTOR_COST={"id":"rccar-e28","visual":false,"ms":0.097}
[JS] GODMODE_SYSTEM_ADMIN_SPAWNED=rccar-e26
[JS] GODMODE_SYSTEM_ADMIN_SPAWNED=rccar-e27
[JS] GODMODE_SYSTEM_ADMIN_SPAWNED=rccar-e28
[JS] GODMODE_SOLDIER_SHOT=soldier-e13:rifle:2:hit
[JS] GODMODE_ACTOR_COST={"id":"rccar-e29","visual":false,"ms":0.231}
[JS] GODMODE_ACTOR_COST={"id":"rccar-e30","visual":false,"ms":0.128}
[JS] GODMODE_SYSTEM_ADMIN_SPAWNED=rccar-e29
[JS] GODMODE_SYSTEM_ADMIN_SPAWNED=rccar-e30
[JS] GODMODE_SOLDIER_SHOT=soldier-e21:rifle:2:miss
[JS] GODMODE_PATROL_PRESENTATION={"id":"rccar-e29","distance":569.0326538085938,"visible":false,"seenPast":""}
[JS] GODMODE_PATROL_PRESENTATION={"id":"rccar-e30","distance":403.9949645996094,"visible":false,"seenPast":""}
[JS] GODMODE_ACTOR_COST={"id":"rccar-e29","visual":true,"ms":0.684}
[JS] GODMODE_ACTOR_COST={"id":"rccar-e30","visual":true,"ms":0.443}
[JS] GODMODE_SOLDIER_SHOT=soldier-e21:rifle:2:miss
[JS] GODMODE_SOLDIER_SHOT=soldier-e21:rifle:2:hit
[JS] GODMODE_SOLDIER_SHOT=soldier-e21:rifle:2:miss
[JS] GODMODE_SYSTEM_ADMIN_TARGET=rccar-e26:2
[JS] GODMODE_SOLDIER_SHOT=soldier-e21:rifle:2:miss
[JS] GODMODE_SYSTEM_ADMIN_TARGET=rccar-e27:2
[JS] GODMODE_SYSTEM_ADMIN_TARGET=rccar-e28:2
[JS] GODMODE_SOLDIER_SHOT=soldier-e8:rifle:2:miss
[JS] GODMODE_SYSTEM_ADMIN_TARGET=rccar-e29:2
[JS] GODMODE_SYSTEM_ADMIN_TARGET=rccar-e30:2
[JS] GODMODE_SOLDIER_SHOT=soldier-e8:rifle:2:miss
[JS] GODMODE_SOLDIER_SHOT=soldier-e8:rifle:2:miss
[JS] GODMODE_SOLDIER_SHOT=soldier-e8:rifle:2:miss
[JS] GODMODE_SOLDIER_SHOT=soldier-e8:rifle:2:miss
[JS] GODMODE_SOLDIER_SHOT=soldier-e17:rifle:2:miss
[JS] GODMODE_SOLDIER_SHOT=soldier-e17:rifle:2:miss
[JS] GODMODE_SOLDIER_SHOT=soldier-e17:rifle:2:miss
[JS] GODMODE_SOLDIER_SHOT=soldier-e17:rifle:2:hit
[JS] GODMODE_SOLDIER_SHOT=soldier-e17:rifle:2:miss
[JS] GODMODE_SOLDIER_SHOT=soldier-e23:rifle:2:miss
[JS] GODMODE_SOLDIER_SHOT=soldier-e23:rifle:2:miss
[JS] GODMODE_SOLDIER_SHOT=soldier-e23:rifle:2:miss
[JS] GODMODE_SOLDIER_SHOT=soldier-e23:rifle:2:miss
[JS] GODMODE_SOLDIER_SHOT=soldier-e23:rifle:2:hit
[JS] GODMODE_SOLDIER_SHOT=soldier-e12:rifle:2:miss
[JS] GODMODE_SOLDIER_SHOT=soldier-e12:rifle:2:hit
[JS] GODMODE_SOLDIER_SHOT=soldier-e12:rifle:2:miss
[JS] GODMODE_SOLDIER_SHOT=soldier-e12:rifle:2:hit
[JS] GODMODE_SOLDIER_SHOT=soldier-e12:rifle:2:miss
[JS] GODMODE_SOLDIER_SHOT=soldier-e16:rifle:2:miss
[JS] GODMODE_SOLDIER_SHOT=soldier-e16:rifle:2:miss
[JS] GODMODE_SOLDIER_SHOT=soldier-e16:rifle:2:miss
[JS] GODMODE_SOLDIER_SHOT=soldier-e16:rifle:2:miss
[JS] GODMODE_SOLDIER_SHOT=soldier-e16:rifle:2:miss
[JS] GODMODE_SOLDIER_SHOT=soldier-e9:rifle:2:miss
[JS] GODMODE_SOLDIER_SHOT=soldier-e9:rifle:2:hit
[JS] GODMODE_SOLDIER_SHOT=soldier-e9:rifle:2:hit
[JS] GODMODE_SOLDIER_SHOT=soldier-e9:rifle:2:miss
[JS] GODMODE_SOLDIER_SHOT=soldier-e9:rifle:2:miss
[JS] GODMODE_SOLDIER_SHOT=soldier-e21:rifle:2:miss
[JS] GODMODE_SOLDIER_SHOT=soldier-e21:rifle:2:miss
[JS] GODMODE_SOLDIER_SHOT=soldier-e21:rifle:2:miss
[JS] GODMODE_SOLDIER_SHOT=soldier-e21:rifle:2:miss
[JS] GODMODE_SOLDIER_SHOT=soldier-e21:rifle:2:hit
[JS] GODMODE_SOLDIER_SHOT=soldier-e8:rifle:2:miss
[JS] GODMODE_SOLDIER_SHOT=soldier-e8:rifle:2:miss
[JS] GODMODE_SOLDIER_SHOT=soldier-e8:rifle:2:hit
[JS] GODMODE_SOLDIER_SHOT=soldier-e8:rifle:2:miss
[JS] GODMODE_SOLDIER_SHOT=soldier-e8:rifle:2:miss
[JS] GODMODE_SOLDIER_SHOT=soldier-e23:rifle:2:miss
[JS] GODMODE_SOLDIER_SHOT=soldier-e23:rifle:2:hit
[JS] GODMODE_SOLDIER_SHOT=soldier-e23:rifle:2:miss
[JS] GODMODE_SOLDIER_SHOT=soldier-e23:rifle:2:hit
[JS] GODMODE_SOLDIER_SHOT=soldier-e23:rifle:2:miss
[JS] GODMODE_SOLDIER_SHOT=soldier-e17:rifle:2:miss
[JS] GODMODE_SOLDIER_SHOT=soldier-e17:rifle:2:miss
[JS] GODMODE_SOLDIER_SHOT=soldier-e17:rifle:2:miss
[JS] GODMODE_SOLDIER_SHOT=soldier-e17:rifle:2:miss
[JS] GODMODE_SOLDIER_SHOT=soldier-e17:rifle:2:miss
[JS] GODMODE_SOLDIER_SHOT=soldier-e13:rifle:2:miss
[JS] GODMODE_SOLDIER_SHOT=soldier-e13:rifle:2:miss
[JS] GODMODE_SOLDIER_SHOT=soldier-e13:rifle:2:miss
[JS] GODMODE_SOLDIER_SHOT=soldier-e13:rifle:2:hit
[JS] GODMODE_SOLDIER_SHOT=soldier-e13:rifle:2:miss
[JS] GODMODE_SOLDIER_SHOT=soldier-e12:rifle:2:miss
[JS] GODMODE_SOLDIER_SHOT=soldier-e12:rifle:2:miss
[JS] GODMODE_SOLDIER_SHOT=soldier-e12:rifle:2:miss
[JS] GODMODE_SOLDIER_SHOT=soldier-e12:rifle:2:miss
[JS] GODMODE_SOLDIER_SHOT=soldier-e12:rifle:2:hit
[JS] GODMODE_SUPPLY_LANDED=3:2:-406.23:-17.10:-403.62:3:0
[JS] GODMODE_SOLDIER_SHOT=soldier-e9:rifle:2:miss
[JS] GODMODE_SOLDIER_SHOT=soldier-e9:rifle:2:miss
[JS] GODMODE_SOLDIER_SHOT=soldier-e9:rifle:2:miss
[JS] GODMODE_SOLDIER_SHOT=soldier-e9:rifle:2:miss
[JS] GODMODE_SOLDIER_SHOT=soldier-e9:rifle:2:miss
[JS] GODMODE_SOLDIER_SHOT=soldier-e21:rifle:2:miss
[JS] GODMODE_SOLDIER_SHOT=soldier-e21:rifle:2:hit
[JS] GODMODE_SOLDIER_SHOT=soldier-e21:rifle:2:miss
[JS] GODMODE_SOLDIER_SHOT=soldier-e21:rifle:2:miss
[JS] GODMODE_SOLDIER_SHOT=soldier-e21:rifle:2:hit
[JS] GODMODE_SOLDIER_SHOT=soldier-e23:rifle:2:hit
[JS] GODMODE_SOLDIER_SHOT=soldier-e23:rifle:2:miss
[JS] GODMODE_SOLDIER_SHOT=soldier-e23:rifle:2:miss
[JS] GODMODE_SOLDIER_SHOT=soldier-e23:rifle:2:hit
[JS] GODMODE_SOLDIER_SHOT=soldier-e23:rifle:2:miss
[JS] GODMODE_SOLDIER_SHOT=soldier-e8:rifle:2:miss
[JS] GODMODE_SOLDIER_SHOT=soldier-e8:rifle:2:miss
[JS] GODMODE_SOLDIER_SHOT=soldier-e8:rifle:2:miss
[JS] GODMODE_SOLDIER_SHOT=soldier-e8:rifle:2:hit
[JS] GODMODE_SOLDIER_SHOT=soldier-e8:rifle:2:miss
