Godot Engine v4.6.1.stable.custom_build.14d19694e (2026-02-16 15:13:51 UTC) - https://godotengine.org
D3D12 12_0 - Forward+ - Using Device #0: AMD - AMD Radeon RX 9070 XT

[JSDebugger][Debug] devtools://devtools/bundled/inspector.html?v8only=true&ws=127.0.0.1:9229/1
[jsb][Debug] slow process GodotJSScriptLanguage.init: 0.041221 s (modules\GodotJS\weaver\jsb_script_language.cpp:80)
[jsb][Debug] slow process JSRealm._load_module: 0.022324 s (modules\GodotJS\bridge\jsb_environment.cpp:1131)
[jsb][Debug] slow process JSRealm._require: 0.024177 s (modules\GodotJS\bridge\jsb_builtins.cpp:61)
[jsb][Debug] slow process JSRealm._load_module: 0.042663 s (modules\GodotJS\bridge\jsb_environment.cpp:1131)
[jsb][Debug] slow process JSRealm._require: 0.043281 s (modules\GodotJS\bridge\jsb_builtins.cpp:61)
[jsb][Debug] slow process JSRealm._load_module: 0.040922 s (modules\GodotJS\bridge\jsb_environment.cpp:1131)
[jsb][Debug] slow process JSRealm._require: 0.041608 s (modules\GodotJS\bridge\jsb_builtins.cpp:61)
[jsb][Debug] slow process JSRealm._load_module: 0.054282 s (modules\GodotJS\bridge\jsb_environment.cpp:1131)
[jsb][Debug] slow process JSRealm._require: 0.054871 s (modules\GodotJS\bridge\jsb_builtins.cpp:61)
[jsb][Debug] slow process JSRealm._load_module: 0.057533 s (modules\GodotJS\bridge\jsb_environment.cpp:1131)
[jsb][Debug] slow process JSRealm._require: 0.058119 s (modules\GodotJS\bridge\jsb_builtins.cpp:61)
[jsb][Debug] slow process JSRealm._load_module: 0.227387 s (modules\GodotJS\bridge\jsb_environment.cpp:1131)
[jsb][Debug] slow process JSRealm._require: 0.228029 s (modules\GodotJS\bridge\jsb_builtins.cpp:61)
[jsb][Debug] slow process JSRealm._load_module: 0.232151 s (modules\GodotJS\bridge\jsb_environment.cpp:1131)
[jsb][Debug] slow process JSRealm._require: 0.232745 s (modules\GodotJS\bridge\jsb_builtins.cpp:61)
[jsb][Debug] slow process JSRealm._load_module: 0.034504 s (modules\GodotJS\bridge\jsb_environment.cpp:1131)
[jsb][Debug] slow process JSRealm._require: 0.035167 s (modules\GodotJS\bridge\jsb_builtins.cpp:61)
[jsb][Debug] slow process JSRealm._load_module: 0.072605 s (modules\GodotJS\bridge\jsb_environment.cpp:1131)
[jsb][Debug] slow process JSRealm._require: 0.073335 s (modules\GodotJS\bridge\jsb_builtins.cpp:61)
[jsb][Debug] slow process JSRealm._load_module: 0.025385 s (modules\GodotJS\bridge\jsb_environment.cpp:1131)
[jsb][Debug] slow process JSRealm._require: 0.026976 s (modules\GodotJS\bridge\jsb_builtins.cpp:61)
[jsb][Debug] slow process JSRealm._load_module: 0.022259 s (modules\GodotJS\bridge\jsb_environment.cpp:1131)
[jsb][Debug] slow process JSRealm._require: 0.023845 s (modules\GodotJS\bridge\jsb_builtins.cpp:61)
[jsb][Debug] slow process JSRealm._load_module: 0.039589 s (modules\GodotJS\bridge\jsb_environment.cpp:1131)
[jsb][Debug] slow process JSRealm._require: 0.040265 s (modules\GodotJS\bridge\jsb_builtins.cpp:61)
[jsb][Debug] slow process JSRealm._load_module: 0.027118 s (modules\GodotJS\bridge\jsb_environment.cpp:1131)
[jsb][Debug] slow process JSRealm._require: 0.027897 s (modules\GodotJS\bridge\jsb_builtins.cpp:61)
[jsb][Debug] slow process JSRealm._load_module: 0.053298 s (modules\GodotJS\bridge\jsb_environment.cpp:1131)
[jsb][Debug] slow process JSRealm._require: 0.055050 s (modules\GodotJS\bridge\jsb_builtins.cpp:61)
[jsb][Debug] slow process JSRealm._load_module: 0.141741 s (modules\GodotJS\bridge\jsb_environment.cpp:1131)
[jsb][Debug] slow process JSRealm._require: 0.142352 s (modules\GodotJS\bridge\jsb_builtins.cpp:61)
[jsb][Debug] slow process JSRealm._load_module: 0.028585 s (modules\GodotJS\bridge\jsb_environment.cpp:1131)
[jsb][Debug] slow process JSRealm._require: 0.029295 s (modules\GodotJS\bridge\jsb_builtins.cpp:61)
[jsb][Debug] slow process JSRealm._load_module: 0.091957 s (modules\GodotJS\bridge\jsb_environment.cpp:1131)
[jsb][Debug] slow process JSRealm._require: 0.093486 s (modules\GodotJS\bridge\jsb_builtins.cpp:61)
[jsb][Debug] slow process JSRealm._load_module: 0.096298 s (modules\GodotJS\bridge\jsb_environment.cpp:1131)
[jsb][Debug] slow process JSRealm._require: 0.096904 s (modules\GodotJS\bridge\jsb_builtins.cpp:61)
[jsb][Debug] slow process JSRealm._load_module: 0.020930 s (modules\GodotJS\bridge\jsb_environment.cpp:1131)
[jsb][Debug] slow process JSRealm._require: 0.022545 s (modules\GodotJS\bridge\jsb_builtins.cpp:61)
[jsb][Debug] slow process JSRealm._load_module: 0.047399 s (modules\GodotJS\bridge\jsb_environment.cpp:1131)
[jsb][Debug] slow process JSRealm._require: 0.048139 s (modules\GodotJS\bridge\jsb_builtins.cpp:61)
[jsb][Debug] slow process JSRealm._load_module: 0.829650 s (modules\GodotJS\bridge\jsb_environment.cpp:1131)
[jsb][Debug] slow process JSRealm.load: 0.830359 s (modules\GodotJS\bridge\jsb_environment.cpp:1518)
[jsb][Debug] slow process GodotJSScript.load_module: 0.831564 s (modules\GodotJS\weaver\jsb_script.cpp:520)
[JS] GODMODE_LOG_FILE=C:\Users\Kam\AppData\Local\Temp\godot-cli\d8badeb0d32f/logs/client-20261004-205617-19108.log
[JS] GODMODE_ROGUELITE_LEVEL_BUILT=0:0
[JS] GODMODE_ARENA_BUILD=client:prebuilt:load:2087:instantiate:252:expand:1275:rehook:110:expandedVertices:15120000:foliageMaterials:2
[JS] GODMODE_CRASH_REPORT=off
[JS] GODMODE_DISPLAY boot mode=3 fullscreen=true applied=false
[JS] GODMODE_CLIENT_LAUNCHED
GODOT_CLI_INSPECTION=http://127.0.0.1:51146/inspect
[JS] GODMODE_ROGUELITE_LEVEL_BUILT=0:0
[JS] GODMODE_ARENA_BUILD=server:prebuilt:load:0:instantiate:166:expand:0:rehook:0:expandedVertices:0:foliageMaterials:0
[JS] GODMODE_SERVER_READY=local
[JS] GODMODE_PEER_CONNECTED=2
[JS] GODMODE_PEER_JOINED=2
[JS] GODMODE_ROGUELITE_SEED=35B4F217
[JS] GODMODE_ROGUELITE_PRIMARY=2:machineGun
[JS] GODMODE_SURVIVAL_MINUTE=0:rifleman:-
[JS] GODMODE_CLIENT_READY=2
[JS] GODMODE_FIRST_GAMEPLAY_FRAME=13028
[JS] GODMODE_STREAM_LIVE=18:1
[JS] GODMODE_STREAM_CHAT_EVENT=runStart
[JS] GODMODE_PATROL_PRESENTATION={"id":"soldier-e1","distance":15.404808044433594,"visible":false,"seenPast":""}
[JS] GODMODE_ACTOR_COST={"id":"soldier-e1","visual":true,"ms":176.141}
[JS] GODMODE_ACTOR_COST={"id":"soldier-e1","visual":false,"ms":0.127}
[JS] GODMODE_SYSTEM_ADMIN_SPAWNED=soldier-e1
[JS] GODMODE_SYSTEM_ADMIN_TARGET=soldier-e1:2
[JS] GODMODE_PATROL_PRESENTATION={"id":"soldier-e2","distance":23.724180221557617,"visible":false,"seenPast":""}
[JS] GODMODE_ACTOR_COST={"id":"soldier-e2","visual":true,"ms":0.783}
[JS] GODMODE_ACTOR_COST={"id":"soldier-e2","visual":false,"ms":0.095}
[JS] GODMODE_SYSTEM_ADMIN_SPAWNED=soldier-e2
[JS] GODMODE_SYSTEM_ADMIN_TARGET=soldier-e2:2
[JS] GODMODE_PATROL_PRESENTATION={"id":"soldier-e3","distance":15.086516380310059,"visible":false,"seenPast":""}
[JS] GODMODE_ACTOR_COST={"id":"soldier-e3","visual":true,"ms":0.772}
[JS] GODMODE_ACTOR_COST={"id":"soldier-e3","visual":false,"ms":0.093}
[JS] GODMODE_SYSTEM_ADMIN_SPAWNED=soldier-e3
[JS] GODMODE_SYSTEM_ADMIN_TARGET=soldier-e3:2
[JS] GODMODE_PATROL_PRESENTATION={"id":"soldier-e4","distance":15.404808044433594,"visible":false,"seenPast":""}
[JS] GODMODE_ACTOR_COST={"id":"soldier-e4","visual":true,"ms":0.737}
[JS] GODMODE_ACTOR_COST={"id":"soldier-e4","visual":false,"ms":0.088}
[JS] GODMODE_SYSTEM_ADMIN_SPAWNED=soldier-e4
[JS] GODMODE_SYSTEM_ADMIN_TARGET=soldier-e4:2
[JS] GODMODE_PATROL_PRESENTATION={"id":"soldier-e5","distance":17.685720443725586,"visible":false,"seenPast":""}
[JS] GODMODE_ACTOR_COST={"id":"soldier-e5","visual":true,"ms":0.92}
[JS] GODMODE_ACTOR_COST={"id":"soldier-e5","visual":false,"ms":0.098}
[JS] GODMODE_SYSTEM_ADMIN_SPAWNED=soldier-e5
[JS] GODMODE_SOLDIER_SHOT=soldier-e2:rifle:2:hit
[JS] GODMODE_FEEDBACK=damage
[JS] GODMODE_SOLDIER_SHOT=soldier-e2:rifle:2:miss
[JS] GODMODE_SOLDIER_SHOT=soldier-e2:rifle:2:miss
[JS] GODMODE_SOLDIER_SHOT=soldier-e2:rifle:2:miss
[JS] GODMODE_SYSTEM_ADMIN_TARGET=soldier-e5:2
[JS] GODMODE_SOLDIER_SHOT=soldier-e2:rifle:2:miss
[JS] GODMODE_PATROL_PRESENTATION={"id":"soldier-e6","distance":23.205495834350586,"visible":false,"seenPast":""}
[JS] GODMODE_ACTOR_COST={"id":"soldier-e6","visual":true,"ms":0.726}
[JS] GODMODE_ACTOR_COST={"id":"soldier-e6","visual":false,"ms":0.094}
[JS] GODMODE_SYSTEM_ADMIN_SPAWNED=soldier-e6
[JS] GODMODE_SYSTEM_ADMIN_TARGET=soldier-e6:2
[JS] GODMODE_SOLDIER_SHOT=soldier-e1:rifle:2:miss
[JS] GODMODE_SOLDIER_SHOT=soldier-e1:rifle:2:miss
[JS] GODMODE_ACTOR_COST={"id":"soldier-e7","visual":false,"ms":0.112}
[JS] GODMODE_SYSTEM_ADMIN_SPAWNED=soldier-e7
[JS] GODMODE_PATROL_PRESENTATION={"id":"soldier-e7","distance":17.691997528076172,"visible":false,"seenPast":""}
[JS] GODMODE_ACTOR_COST={"id":"soldier-e7","visual":true,"ms":3.469}
[JS] GODMODE_SOLDIER_SHOT=soldier-e1:rifle:2:hit
[JS] GODMODE_FEEDBACK=damage
[JS] GODMODE_SOLDIER_SHOT=soldier-e1:rifle:2:hit
[JS] GODMODE_FEEDBACK=damage
[JS] GODMODE_SOLDIER_SHOT=soldier-e1:rifle:2:hit
[JS] GODMODE_FEEDBACK=damage
[JS] GODMODE_SYSTEM_ADMIN_TARGET=soldier-e7:2
[JS] GODMODE_FIRST_RUN_HINT=knife
[JS] GODMODE_ACTOR_COST={"id":"soldier-e8","visual":false,"ms":0.126}
[JS] GODMODE_SYSTEM_ADMIN_SPAWNED=soldier-e8
[JS] GODMODE_PATROL_PRESENTATION={"id":"soldier-e8","distance":23.7266845703125,"visible":false,"seenPast":""}
[JS] GODMODE_ACTOR_COST={"id":"soldier-e8","visual":true,"ms":0.736}
[JS] GODMODE_SYSTEM_ADMIN_TARGET=soldier-e8:2
[JS] GODMODE_PATROL_PRESENTATION={"id":"soldier-e9","distance":20.01886558532715,"visible":false,"seenPast":""}
[JS] GODMODE_ACTOR_COST={"id":"soldier-e9","visual":true,"ms":0.629}
[JS] GODMODE_ACTOR_COST={"id":"soldier-e9","visual":false,"ms":0.091}
[JS] GODMODE_SYSTEM_ADMIN_SPAWNED=soldier-e9
[JS] GODMODE_SOLDIER_SHOT=soldier-e2:rifle:2:miss
[JS] GODMODE_SOLDIER_SHOT=soldier-e2:rifle:2:miss
[JS] GODMODE_SOLDIER_SHOT=soldier-e2:rifle:2:hit
[JS] GODMODE_FEEDBACK=damage
[JS] GODMODE_SYSTEM_ADMIN_TARGET=soldier-e9:2
[JS] GODMODE_SOLDIER_SHOT=soldier-e2:rifle:2:miss
[JS] GODMODE_SOLDIER_SHOT=soldier-e2:rifle:2:hit
[JS] GODMODE_FEEDBACK=damage
[JS] GODMODE_ACTOR_COST={"id":"soldier-e10","visual":false,"ms":0.139}
[JS] GODMODE_SYSTEM_ADMIN_SPAWNED=soldier-e10
[JS] GODMODE_PATROL_PRESENTATION={"id":"soldier-e10","distance":17.691997528076172,"visible":false,"seenPast":""}
[JS] GODMODE_ACTOR_COST={"id":"soldier-e10","visual":true,"ms":0.615}
[JS] GODMODE_SOLDIER_SHOT=soldier-e5:rifle:2:hit
[JS] GODMODE_FEEDBACK=damage
[JS] GODMODE_SOLDIER_SHOT=soldier-e5:rifle:2:miss
[JS] GODMODE_SOLDIER_SHOT=soldier-e5:rifle:2:hit
[JS] GODMODE_FEEDBACK=damage
[JS] GODMODE_SOLDIER_SHOT=soldier-e5:rifle:2:miss
[JS] GODMODE_SOLDIER_SHOT=soldier-e5:rifle:2:miss
[JS] GODMODE_SYSTEM_ADMIN_TARGET=soldier-e10:2
[JS] GODMODE_SOLDIER_SHOT=soldier-e4:rifle:2:miss
[JS] GODMODE_SOLDIER_SHOT=soldier-e4:rifle:2:miss
[JS] GODMODE_ACTOR_COST={"id":"soldier-e11","visual":false,"ms":0.135}
[JS] GODMODE_SYSTEM_ADMIN_SPAWNED=soldier-e11
[JS] GODMODE_SOLDIER_SHOT=soldier-e4:rifle:2:hit
[JS] GODMODE_FEEDBACK=damage
[JS] GODMODE_PATROL_PRESENTATION={"id":"soldier-e11","distance":23.20730972290039,"visible":false,"seenPast":""}
[JS] GODMODE_ACTOR_COST={"id":"soldier-e11","visual":true,"ms":0.669}
[JS] GODMODE_SOLDIER_SHOT=soldier-e4:rifle:2:hit
[JS] GODMODE_FEEDBACK=damage
[JS] GODMODE_SOLDIER_SHOT=soldier-e4:rifle:2:miss
[JS] GODMODE_SOLDIER_SHOT=soldier-e1:rifle:2:miss
[JS] GODMODE_SOLDIER_SHOT=soldier-e1:rifle:2:miss
[JS] GODMODE_SOLDIER_SHOT=soldier-e1:rifle:2:miss
[JS] GODMODE_SYSTEM_ADMIN_TARGET=soldier-e11:2
[JS] GODMODE_SOLDIER_SHOT=soldier-e1:rifle:2:hit
[JS] GODMODE_FEEDBACK=damage
[JS] GODMODE_SOLDIER_SHOT=soldier-e1:rifle:2:miss
[JS] GODMODE_ACTOR_COST={"id":"soldier-e12","visual":false,"ms":0.173}
[JS] GODMODE_SYSTEM_ADMIN_SPAWNED=soldier-e12
[JS] GODMODE_PATROL_PRESENTATION={"id":"soldier-e12","distance":23.7266845703125,"visible":false,"seenPast":""}
[JS] GODMODE_ACTOR_COST={"id":"soldier-e12","visual":true,"ms":0.816}
[JS] GODMODE_SOLDIER_SHOT=soldier-e8:rifle:2:miss
[JS] GODMODE_SOLDIER_SHOT=soldier-e8:rifle:2:miss
[JS] GODMODE_SOLDIER_SHOT=soldier-e8:rifle:2:miss
[JS] GODMODE_SOLDIER_SHOT=soldier-e8:rifle:2:miss
[JS] GODMODE_SOLDIER_SHOT=soldier-e8:rifle:2:miss
[JS] GODMODE_SOLDIER_SHOT=soldier-e3:rifle:2:miss
[JS] GODMODE_SYSTEM_ADMIN_TARGET=soldier-e12:2
[JS] GODMODE_SOLDIER_SHOT=soldier-e3:rifle:2:hit
[JS] GODMODE_FEEDBACK=damage
[JS] GODMODE_SOLDIER_SHOT=soldier-e3:rifle:2:miss
[JS] GODMODE_SOLDIER_SHOT=soldier-e3:rifle:2:miss
[JS] GODMODE_SOLDIER_SHOT=soldier-e3:rifle:2:miss
[JS] GODMODE_SOLDIER_SHOT=soldier-e7:rifle:2:miss
[JS] GODMODE_FIRST_RUN_HINT=aimbot
[JS] GODMODE_SOLDIER_SHOT=soldier-e7:rifle:2:miss
[JS] GODMODE_SOLDIER_SHOT=soldier-e7:rifle:2:hit
[JS] GODMODE_FEEDBACK=damage
[JS] GODMODE_SOLDIER_SHOT=soldier-e7:rifle:2:hit
[JS] GODMODE_FEEDBACK=damage
[JS] GODMODE_SOLDIER_SHOT=soldier-e7:rifle:2:hit
[JS] GODMODE_FEEDBACK=damage
[JS] GODMODE_SOLDIER_SHOT=soldier-e2:rifle:2:hit
[JS] GODMODE_FEEDBACK=damage
[JS] GODMODE_SOLDIER_SHOT=soldier-e2:rifle:2:hit
[JS] GODMODE_FEEDBACK=damage
[JS] GODMODE_SOLDIER_SHOT=soldier-e2:rifle:2:hit
[JS] GODMODE_FEEDBACK=damage
[JS] GODMODE_SOLDIER_SHOT=soldier-e2:rifle:2:miss
[JS] GODMODE_SOLDIER_SHOT=soldier-e2:rifle:2:hit
[JS] GODMODE_FEEDBACK=damage
[JS] GODMODE_SOLDIER_SHOT=soldier-e6:rifle:2:hit
[JS] GODMODE_FEEDBACK=damage
[JS] GODMODE_SOLDIER_SHOT=soldier-e6:rifle:2:miss
