Godot Engine v4.6.1.stable.custom_build.14d19694e (2026-02-16 15:13:51 UTC) - https://godotengine.org
D3D12 12_0 - Forward+ - Using Device #0: AMD - AMD Radeon RX 9070 XT

[JSDebugger][Debug] devtools://devtools/bundled/inspector.html?v8only=true&ws=127.0.0.1:9229/1
[jsb][Debug] slow process JSRealm._load_module: 0.022809 s (modules\GodotJS\bridge\jsb_environment.cpp:1131)
[jsb][Debug] slow process JSRealm._require: 0.025276 s (modules\GodotJS\bridge\jsb_builtins.cpp:61)
[jsb][Debug] slow process JSRealm._load_module: 0.025340 s (modules\GodotJS\bridge\jsb_environment.cpp:1131)
[jsb][Debug] slow process JSRealm._require: 0.028587 s (modules\GodotJS\bridge\jsb_builtins.cpp:61)
[jsb][Debug] slow process JSRealm._load_module: 0.030466 s (modules\GodotJS\bridge\jsb_environment.cpp:1131)
[jsb][Debug] slow process JSRealm._require: 0.031025 s (modules\GodotJS\bridge\jsb_builtins.cpp:61)
[jsb][Debug] slow process JSRealm._load_module: 0.032096 s (modules\GodotJS\bridge\jsb_environment.cpp:1131)
[jsb][Debug] slow process JSRealm._require: 0.032646 s (modules\GodotJS\bridge\jsb_builtins.cpp:61)
[jsb][Debug] slow process JSRealm._load_module: 0.042407 s (modules\GodotJS\bridge\jsb_environment.cpp:1131)
[jsb][Debug] slow process JSRealm._require: 0.045004 s (modules\GodotJS\bridge\jsb_builtins.cpp:61)
[jsb][Debug] slow process JSRealm._load_module: 0.052850 s (modules\GodotJS\bridge\jsb_environment.cpp:1131)
[jsb][Debug] slow process JSRealm._require: 0.056590 s (modules\GodotJS\bridge\jsb_builtins.cpp:61)
[jsb][Debug] slow process JSRealm._load_module: 0.062128 s (modules\GodotJS\bridge\jsb_environment.cpp:1131)
[jsb][Debug] slow process JSRealm._require: 0.062728 s (modules\GodotJS\bridge\jsb_builtins.cpp:61)
[jsb][Debug] slow process JSRealm._load_module: 0.065644 s (modules\GodotJS\bridge\jsb_environment.cpp:1131)
[jsb][Debug] slow process JSRealm._require: 0.066321 s (modules\GodotJS\bridge\jsb_builtins.cpp:61)
[jsb][Debug] slow process JSRealm._load_module: 0.220228 s (modules\GodotJS\bridge\jsb_environment.cpp:1131)
[jsb][Debug] slow process JSRealm._require: 0.221928 s (modules\GodotJS\bridge\jsb_builtins.cpp:61)
[jsb][Debug] slow process JSRealm._load_module: 0.040321 s (modules\GodotJS\bridge\jsb_environment.cpp:1131)
[jsb][Debug] slow process JSRealm._require: 0.042064 s (modules\GodotJS\bridge\jsb_builtins.cpp:61)
[jsb][Debug] slow process JSRealm._load_module: 0.038953 s (modules\GodotJS\bridge\jsb_environment.cpp:1131)
[jsb][Debug] slow process JSRealm._require: 0.039718 s (modules\GodotJS\bridge\jsb_builtins.cpp:61)
[jsb][Debug] slow process JSRealm._load_module: 0.092111 s (modules\GodotJS\bridge\jsb_environment.cpp:1131)
[jsb][Debug] slow process JSRealm._require: 0.092715 s (modules\GodotJS\bridge\jsb_builtins.cpp:61)
[jsb][Debug] slow process JSRealm._load_module: 0.060369 s (modules\GodotJS\bridge\jsb_environment.cpp:1131)
[jsb][Debug] slow process JSRealm._require: 0.061060 s (modules\GodotJS\bridge\jsb_builtins.cpp:61)
[jsb][Debug] slow process JSRealm._load_module: 0.063254 s (modules\GodotJS\bridge\jsb_environment.cpp:1131)
[jsb][Debug] slow process JSRealm._require: 0.063877 s (modules\GodotJS\bridge\jsb_builtins.cpp:61)
[jsb][Debug] slow process JSRealm._load_module: 0.024197 s (modules\GodotJS\bridge\jsb_environment.cpp:1131)
[jsb][Debug] slow process JSRealm._require: 0.025855 s (modules\GodotJS\bridge\jsb_builtins.cpp:61)
[jsb][Debug] slow process JSRealm._load_module: 0.561040 s (modules\GodotJS\bridge\jsb_environment.cpp:1131)
[jsb][Debug] slow process JSRealm.load: 0.562707 s (modules\GodotJS\bridge\jsb_environment.cpp:1518)
[jsb][Debug] slow process GodotJSScript.load_module: 0.567682 s (modules\GodotJS\weaver\jsb_script.cpp:520)
[JS] GODMODE_LOG_FILE=C:\Users\Kam\AppData\Local\Temp\godot-cli\d8badeb0d32f/logs/client-20261004-165036-19712.log
[JS] GODMODE_ROGUELITE_LEVEL_BUILT=0:0
[JS] GODMODE_MODULE_BATCHES=instances:233:nodes:90:groundInstances:97:groundChunks:18:shrubShapes:5:treeShapes:6
[JS] GODMODE_STREET_DRESSING=placements:235:cells:33:renderNodes:137:shrubShapes:4:shrubInstances:385:collisionShapes:162
[JS] GODMODE_PATTERN_RUNTIME_RETIREMENT=[]
[JS] GODMODE_WESTERN_STREET_KIT=frontages:10; practicals:4
[JS] GODMODE_WESTERN_DRESSING=roofKits:0; lowPlanting:210; drains:90; buildMs:21660
[JS] GODMODE_ENVIRONMENT_GROUND=gutters:1506;grates:50;leaves:10288;manholes:11
[JS] GODMODE_STREET_FIDELITY={"crosswalk":1265,"stop":22,"centre":2778,"lane":2,"kerb":8045}
[JS] GODMODE_ENVIRONMENT_MODULES=39312
[JS] GODMODE_MODULE_BATCHES=instances:46999:nodes:7431:groundInstances:2597:groundChunks:68:shrubShapes:7:treeShapes:6
[JS] GODMODE_WATERFRONT_BATCHES=instances:38898:nodes:207:meshes:8
[JS] GODMODE_ENVIRONMENT_STREET_LIGHTS=visibleHeads:6;pools:5
[JS] GODMODE_STUDY_AUTHORED_PROBES=9234
[JS] GODMODE_STUDY_LIGHTMAP=static:1382;probeOnly:421;environmentOnly:1113
[JS] GODMODE_ARENA_PHASES=client;chunks:667;chunkShells:3399;environmentDetail:1420;streetDressing:5530;westernDressing:21662;groundDetails:2299;streetFidelity:7295;appearance:24535;modules:44485;horizon:27233;bridge:136;propsAndLights:4446;collisionBoxes:583;attachLighting:20356;bindLighting:12285;rest:0
[JS] GODMODE_CRASH_REPORT=off
[JS] GODMODE_DISPLAY boot mode=3 fullscreen=true applied=false
[JS] GODMODE_CLIENT_LAUNCHED
GODOT_CLI_INSPECTION=http://127.0.0.1:53414/inspect
ERROR: Pre-raster shader (vertex shader) is not provided for pipeline creation.
ERROR: Pre-raster shader (vertex shader) is not provided for pipeline creation.
   at: RenderingDevice::render_pipeline_create (servers\rendering\rendering_device.cpp:4134)
   at: RenderingDevice::render_pipeline_create (servers\rendering\rendering_device.cpp:4134)
ERROR: Condition "pipeline.is_null()" is true.
ERROR: Condition "pipeline.is_null()" is true.
   at: RendererSceneRenderImplementation::SceneShaderForwardClustered::ShaderData::_create_pipeline (servers\rendering\renderer_rd\forward_clustered\scene_shader_forward_clustered.cpp:502)
   at: RendererSceneRenderImplementation::SceneShaderForwardClustered::ShaderData::_create_pipeline (servers\rendering\renderer_rd\forward_clustered\scene_shader_forward_clustered.cpp:502)
ERROR: Pre-raster shader (vertex shader) is not provided for pipeline creation.
ERROR: Pre-raster shader (vertex shader) is not provided for pipeline creation.
ERROR: Pre-raster shader (vertex shader) is not provided for pipeline creation.
ERROR: Pre-raster shader (vertex shader) is not provided for pipeline creation.
ERROR: Pre-raster shader (vertex shader) is not provided for pipeline creation.
   at: RenderingDevice::render_pipeline_create (servers\rendering\rendering_device.cpp:4134)
   at: RenderingDevice::render_pipeline_create (servers\rendering\rendering_device.cpp:4134)
   at: RenderingDevice::render_pipeline_create (servers\rendering\rendering_device.cpp:4134)
   at: RenderingDevice::render_pipeline_create (servers\rendering\rendering_device.cpp:4134)
ERROR: Pre-raster shader (vertex shader) is not provided for pipeline creation.
   at: RenderingDevice::render_pipeline_create (servers\rendering\rendering_device.cpp:4134)
   at: RenderingDevice::render_pipeline_create (servers\rendering\rendering_device.cpp:4134)
ERROR: Pre-raster shader (vertex shader) is not provided for pipeline creation.
ERROR: Condition "pipeline.is_null()" is true.
ERROR: Pre-raster shader (vertex shader) is not provided for pipeline creation.
   at: RenderingDevice::render_pipeline_create (servers\rendering\rendering_device.cpp:4134)
ERROR: Pre-raster shader (vertex shader) is not provided for pipeline creation.
ERROR: Condition "pipeline.is_null()" is true.
   at: RenderingDevice::render_pipeline_create (servers\rendering\rendering_device.cpp:4134)
ERROR: Pre-raster shader (vertex shader) is not provided for pipeline creation.
ERROR: Pre-raster shader (vertex shader) is not provided for pipeline creation.
ERROR: Pre-raster shader (vertex shader) is not provided for pipeline creation.
ERROR: Pre-raster shader (vertex shader) is not provided for pipeline creation.
ERROR: Condition "pipeline.is_null()" is true.
ERROR: Condition "pipeline.is_null()" is true.
ERROR: Pre-raster shader (vertex shader) is not provided for pipeline creation.
ERROR: Condition "pipeline.is_null()" is true.
ERROR: Condition "pipeline.is_null()" is true.
   at: RendererSceneRenderImplementation::SceneShaderForwardClustered::ShaderData::_create_pipeline (servers\rendering\renderer_rd\forward_clustered\scene_shader_forward_clustered.cpp:502)
   at: RendererSceneRenderImplementation::SceneShaderForwardClustered::ShaderData::_create_pipeline (servers\rendering\renderer_rd\forward_clustered\scene_shader_forward_clustered.cpp:502)
   at: RenderingDevice::render_pipeline_create (servers\rendering\rendering_device.cpp:4134)
ERROR: Condition "pipeline.is_null()" is true.
   at: RenderingDevice::render_pipeline_create (servers\rendering\rendering_device.cpp:4134)
   at: RendererSceneRenderImplementation::SceneShaderForwardClustered::ShaderData::_create_pipeline (servers\rendering\renderer_rd\forward_clustered\scene_shader_forward_clustered.cpp:502)
ERROR: Condition "pipeline.is_null()" is true.
   at: RenderingDevice::render_pipeline_create (servers\rendering\rendering_device.cpp:4134)
   at: RenderingDevice::render_pipeline_create (servers\rendering\rendering_device.cpp:4134)
ERROR: Pre-raster shader (vertex shader) is not provided for pipeline creation.
ERROR: Condition "pipeline.is_null()" is true.
   at: RendererSceneRenderImplementation::SceneShaderForwardClustered::ShaderData::_create_pipeline (servers\rendering\renderer_rd\forward_clustered\scene_shader_forward_clustered.cpp:502)
   at: RendererSceneRenderImplementation::SceneShaderForwardClustered::ShaderData::_create_pipeline (servers\rendering\renderer_rd\forward_clustered\scene_shader_forward_clustered.cpp:502)
   at: RendererSceneRenderImplementation::SceneShaderForwardClustered::ShaderData::_create_pipeline (servers\rendering\renderer_rd\forward_clustered\scene_shader_forward_clustered.cpp:502)
   at: RendererSceneRenderImplementation::SceneShaderForwardClustered::ShaderData::_create_pipeline (servers\rendering\renderer_rd\forward_clustered\scene_shader_forward_clustered.cpp:502)
   at: RendererSceneRenderImplementation::SceneShaderForwardClustered::ShaderData::_create_pipeline (servers\rendering\renderer_rd\forward_clustered\scene_shader_forward_clustered.cpp:502)
ERROR: Pre-raster shader (vertex shader) is not provided for pipeline creation.
ERROR: Condition "pipeline.is_null()" is true.
ERROR: Condition "pipeline.is_null()" is true.
   at: RenderingDevice::render_pipeline_create (servers\rendering\rendering_device.cpp:4134)
   at: RendererSceneRenderImplementation::SceneShaderForwardClustered::ShaderData::_create_pipeline (servers\rendering\renderer_rd\forward_clustered\scene_shader_forward_clustered.cpp:502)
   at: RenderingDevice::render_pipeline_create (servers\rendering\rendering_device.cpp:4134)
ERROR: Pre-raster shader (vertex shader) is not provided for pipeline creation.
   at: RenderingDevice::render_pipeline_create (servers\rendering\rendering_device.cpp:4134)
ERROR: Pre-raster shader (vertex shader) is not provided for pipeline creation.
ERROR: Condition "pipeline.is_null()" is true.
ERROR: Condition "pipeline.is_null()" is true.
   at: RenderingDevice::render_pipeline_create (servers\rendering\rendering_device.cpp:4134)
ERROR: Condition "pipeline.is_null()" is true.
ERROR: Condition "pipeline.is_null()" is true.
ERROR: Pre-raster shader (vertex shader) is not provided for pipeline creation.
   at: RendererSceneRenderImplementation::SceneShaderForwardClustered::ShaderData::_create_pipeline (servers\rendering\renderer_rd\forward_clustered\scene_shader_forward_clustered.cpp:502)
   at: RenderingDevice::render_pipeline_create (servers\rendering\rendering_device.cpp:4134)
   at: RendererSceneRenderImplementation::SceneShaderForwardClustered::ShaderData::_create_pipeline (servers\rendering\renderer_rd\forward_clustered\scene_shader_forward_clustered.cpp:502)
   at: RendererSceneRenderImplementation::SceneShaderForwardClustered::ShaderData::_create_pipeline (servers\rendering\renderer_rd\forward_clustered\scene_shader_forward_clustered.cpp:502)
   at: RenderingDevice::render_pipeline_create (servers\rendering\rendering_device.cpp:4134)
   at: RendererSceneRenderImplementation::SceneShaderForwardClustered::ShaderData::_create_pipeline (servers\rendering\renderer_rd\forward_clustered\scene_shader_forward_clustered.cpp:502)
ERROR: Condition "pipeline.is_null()" is true.
   at: RenderingDevice::render_pipeline_create (servers\rendering\rendering_device.cpp:4134)
   at: RendererSceneRenderImplementation::SceneShaderForwardClustered::ShaderData::_create_pipeline (servers\rendering\renderer_rd\forward_clustered\scene_shader_forward_clustered.cpp:502)
   at: RendererSceneRenderImplementation::SceneShaderForwardClustered::ShaderData::_create_pipeline (servers\rendering\renderer_rd\forward_clustered\scene_shader_forward_clustered.cpp:502)
   at: RendererSceneRenderImplementation::SceneShaderForwardClustered::ShaderData::_create_pipeline (servers\rendering\renderer_rd\forward_clustered\scene_shader_forward_clustered.cpp:502)
ERROR: Condition "pipeline.is_null()" is true.
ERROR: Condition "pipeline.is_null()" is true.
ERROR: Condition "pipeline.is_null()" is true.
   at: RendererSceneRenderImplementation::SceneShaderForwardClustered::ShaderData::_create_pipeline (servers\rendering\renderer_rd\forward_clustered\scene_shader_forward_clustered.cpp:502)
   at: RendererSceneRenderImplementation::SceneShaderForwardClustered::ShaderData::_create_pipeline (servers\rendering\renderer_rd\forward_clustered\scene_shader_forward_clustered.cpp:502)
   at: RendererSceneRenderImplementation::SceneShaderForwardClustered::ShaderData::_create_pipeline (servers\rendering\renderer_rd\forward_clustered\scene_shader_forward_clustered.cpp:502)
[JS] GODMODE_ROGUELITE_LEVEL_BUILT=0:0
[JS] GODMODE_STREET_DRESSING=placements:235:cells:33:renderNodes:0:shrubShapes:0:shrubInstances:0:collisionShapes:162
[JS] GODMODE_ARENA_PHASES=server;chunks:58;chunkShells:293;environmentDetail:179;streetDressing:5153;collisionBoxes:46;rest:596
[JS] GODMODE_SERVER_READY=local
[JS] GODMODE_PEER_CONNECTED=2
[JS] GODMODE_PEER_JOINED=2
[JS] GODMODE_ROGUELITE_SEED=91C85F5F
[JS] GODMODE_ROGUELITE_PRIMARY=2:machineGun
[JS] GODMODE_SURVIVAL_MINUTE=0:rifleman:-
[JS] GODMODE_CLIENT_READY=2
[JS] GODMODE_FIRST_GAMEPLAY_FRAME=192525
[JS] GODMODE_STREAM_LIVE=18:1
[JS] GODMODE_STREAM_CHAT_EVENT=runStart
[JS] GODMODE_PATROL_PRESENTATION={"id":"soldier-e1","distance":307.6238098144531,"visible":false,"seenPast":""}
[JS] GODMODE_ACTOR_COST={"id":"soldier-e1","visual":true,"ms":221.64}
[JS] GODMODE_ACTOR_COST={"id":"soldier-e1","visual":false,"ms":0.213}
[JS] GODMODE_SYSTEM_ADMIN_SPAWNED=soldier-e1
[JS] GODMODE_SYSTEM_ADMIN_TARGET=soldier-e1:2
[JS] GODMODE_PATROL_PRESENTATION={"id":"soldier-e2","distance":176.9730682373047,"visible":false,"seenPast":""}
[JS] GODMODE_ACTOR_COST={"id":"soldier-e2","visual":true,"ms":1.061}
[JS] GODMODE_ACTOR_COST={"id":"soldier-e2","visual":false,"ms":0.126}
[JS] GODMODE_SYSTEM_ADMIN_SPAWNED=soldier-e2
[JS] GODMODE_SYSTEM_ADMIN_TARGET=soldier-e2:2
[JS] GODMODE_PATROL_PRESENTATION={"id":"soldier-e3","distance":254.89010620117188,"visible":false,"seenPast":""}
[JS] GODMODE_ACTOR_COST={"id":"soldier-e3","visual":true,"ms":0.98}
[JS] GODMODE_ACTOR_COST={"id":"soldier-e3","visual":false,"ms":0.116}
[JS] GODMODE_SYSTEM_ADMIN_SPAWNED=soldier-e3
[JS] GODMODE_SYSTEM_ADMIN_TARGET=soldier-e3:2
[JS] GODMODE_PATROL_PRESENTATION={"id":"soldier-e4","distance":230.73902893066406,"visible":false,"seenPast":""}
[JS] GODMODE_ACTOR_COST={"id":"soldier-e4","visual":true,"ms":1.072}
[JS] GODMODE_ACTOR_COST={"id":"soldier-e4","visual":false,"ms":0.111}
[JS] GODMODE_SYSTEM_ADMIN_SPAWNED=soldier-e4
[JS] GODMODE_SYSTEM_ADMIN_TARGET=soldier-e4:2
[JS] GODMODE_PATROL_PRESENTATION={"id":"soldier-e5","distance":154.67616271972656,"visible":false,"seenPast":""}
[JS] GODMODE_ACTOR_COST={"id":"soldier-e5","visual":true,"ms":1.011}
[JS] GODMODE_ACTOR_COST={"id":"soldier-e5","visual":false,"ms":0.125}
[JS] GODMODE_SYSTEM_ADMIN_SPAWNED=soldier-e5
[JS] GODMODE_SYSTEM_ADMIN_TARGET=soldier-e5:2
[JS] GODMODE_PATROL_PRESENTATION={"id":"soldier-e6","distance":34.08970642089844,"visible":false,"seenPast":""}
[JS] GODMODE_ACTOR_COST={"id":"soldier-e6","visual":true,"ms":0.91}
[JS] GODMODE_ACTOR_COST={"id":"soldier-e6","visual":false,"ms":0.082}
[JS] GODMODE_SYSTEM_ADMIN_SPAWNED=soldier-e6
[JS] GODMODE_SYSTEM_ADMIN_TARGET=soldier-e6:2
[JS] GODMODE_PATROL_PRESENTATION={"id":"soldier-e7","distance":99.107666015625,"visible":false,"seenPast":""}
[JS] GODMODE_ACTOR_COST={"id":"soldier-e7","visual":true,"ms":1.158}
[JS] GODMODE_ACTOR_COST={"id":"soldier-e7","visual":false,"ms":0.097}
[JS] GODMODE_SYSTEM_ADMIN_SPAWNED=soldier-e7
[JS] GODMODE_SYSTEM_ADMIN_TARGET=soldier-e7:2
[JS] GODMODE_PATROL_PRESENTATION={"id":"soldier-e8","distance":344.2787780761719,"visible":false,"seenPast":""}
[JS] GODMODE_ACTOR_COST={"id":"soldier-e8","visual":true,"ms":0.866}
[JS] GODMODE_ACTOR_COST={"id":"soldier-e8","visual":false,"ms":0.088}
[JS] GODMODE_SYSTEM_ADMIN_SPAWNED=soldier-e8
[JS] GODMODE_SYSTEM_ADMIN_TARGET=soldier-e8:2
[JS] GODMODE_PATROL_PRESENTATION={"id":"soldier-e9","distance":157.11074829101562,"visible":false,"seenPast":""}
[JS] GODMODE_ACTOR_COST={"id":"soldier-e9","visual":true,"ms":1.105}
[JS] GODMODE_ACTOR_COST={"id":"soldier-e9","visual":false,"ms":0.1}
[JS] GODMODE_SYSTEM_ADMIN_SPAWNED=soldier-e9
[JS] GODMODE_SYSTEM_ADMIN_TARGET=soldier-e9:2
[JS] GODMODE_PATROL_PRESENTATION={"id":"soldier-e10","distance":308.8131408691406,"visible":false,"seenPast":""}
[JS] GODMODE_ACTOR_COST={"id":"soldier-e10","visual":true,"ms":1.203}
[JS] GODMODE_ACTOR_COST={"id":"soldier-e10","visual":false,"ms":0.104}
[JS] GODMODE_SYSTEM_ADMIN_SPAWNED=soldier-e10
[JS] GODMODE_SYSTEM_ADMIN_TARGET=soldier-e10:2
[JS] GODMODE_PATROL_PRESENTATION={"id":"soldier-e11","distance":307.6531066894531,"visible":false,"seenPast":""}
[JS] GODMODE_ACTOR_COST={"id":"soldier-e11","visual":true,"ms":0.909}
[JS] GODMODE_ACTOR_COST={"id":"soldier-e11","visual":false,"ms":0.082}
[JS] GODMODE_SYSTEM_ADMIN_SPAWNED=soldier-e11
[JS] GODMODE_SYSTEM_ADMIN_TARGET=soldier-e11:2
[JS] GODMODE_PATROL_PRESENTATION={"id":"soldier-e12","distance":355.5218200683594,"visible":false,"seenPast":""}
[JS] GODMODE_ACTOR_COST={"id":"soldier-e12","visual":true,"ms":0.913}
[JS] GODMODE_ACTOR_COST={"id":"soldier-e12","visual":false,"ms":0.098}
[JS] GODMODE_SYSTEM_ADMIN_SPAWNED=soldier-e12
[JS] GODMODE_SYSTEM_ADMIN_TARGET=soldier-e12:2
[JS] GODMODE_SOLDIER_SHOT=soldier-e6:rifle:2:miss
[JS] GODMODE_SOLDIER_SHOT=soldier-e6:rifle:2:miss
[JS] GODMODE_SOLDIER_SHOT=soldier-e6:rifle:2:miss
[JS] GODMODE_SOLDIER_SHOT=soldier-e6:rifle:2:miss
[JS] GODMODE_SOLDIER_SHOT=soldier-e6:rifle:2:miss
[JS] GODMODE_FIRST_RUN_HINT=infoPanel
[JS] GODMODE_ACTOR_COST={"id":"soldier-e13","visual":false,"ms":0.154}
[JS] GODMODE_SYSTEM_ADMIN_SPAWNED=soldier-e13
[JS] GODMODE_PATROL_PRESENTATION={"id":"soldier-e13","distance":259.6278991699219,"visible":false,"seenPast":""}
[JS] GODMODE_ACTOR_COST={"id":"soldier-e13","visual":true,"ms":0.814}
[JS] GODMODE_SOLDIER_SHOT=soldier-e6:rifle:2:miss
[JS] GODMODE_SYSTEM_ADMIN_TARGET=soldier-e13:2
[JS] GODMODE_SOLDIER_SHOT=soldier-e6:rifle:2:hit
[JS] GODMODE_FEEDBACK=damage
[JS] GODMODE_ACTOR_COST={"id":"soldier-e14","visual":false,"ms":0.141}
[JS] GODMODE_SYSTEM_ADMIN_SPAWNED=soldier-e14
[JS] GODMODE_SOLDIER_SHOT=soldier-e6:rifle:2:hit
[JS] GODMODE_FEEDBACK=damage
[JS] GODMODE_PATROL_PRESENTATION={"id":"soldier-e14","distance":217.64102172851562,"visible":false,"seenPast":""}
[JS] GODMODE_ACTOR_COST={"id":"soldier-e14","visual":true,"ms":0.83}
[JS] GODMODE_SOLDIER_SHOT=soldier-e6:rifle:2:hit
[JS] GODMODE_FEEDBACK=damage
[JS] GODMODE_SOLDIER_SHOT=soldier-e6:rifle:2:hit
[JS] GODMODE_FEEDBACK=damage
[JS] GODMODE_SYSTEM_ADMIN_TARGET=soldier-e14:2
[JS] GODMODE_SOLDIER_SHOT=soldier-e6:rifle:2:miss
[JS] GODMODE_SOLDIER_SHOT=soldier-e6:rifle:2:miss
[JS] GODMODE_SOLDIER_SHOT=soldier-e6:rifle:2:miss
[JS] GODMODE_SOLDIER_SHOT=soldier-e6:rifle:2:hit
[JS] GODMODE_FEEDBACK=damage
[JS] GODMODE_SOLDIER_SHOT=soldier-e6:rifle:2:hit
[JS] GODMODE_FEEDBACK=damage
ERROR: FATAL: Condition "!(object_handle->ref_count_ > 0)" is true.
   at: jsb::Environment::reference_object (modules\GodotJS\bridge\jsb_environment.cpp:963)
