✔ approved packs retain separate readable signal geometry within budget (31.6009ms)
✔ minigun housing remains separate from the centered -Z barrel pivot (16.8653ms)
✔ production dog retains a finite quadruped skin, 12k triangles and animated attack phases (26.6281ms)
✔ production supply crate preserves independently blinkable beacon geometry (1.0327ms)
✔ smg has embedded runtime textures and the camera-safe mesh contract (49.0819ms)
✔ dmr has embedded runtime textures and the camera-safe mesh contract (90.2946ms)
✔ grenade-launcher has embedded runtime textures and the camera-safe mesh contract (26.9876ms)
✔ every humanoid kind is drawn as a player gun the stance solver can hold (0.4941ms)
✔ the off-hand goes on every gun but the SHIELD's pistol (0.1159ms)
✔ only the HEAVY's LMG is drawn bigger (0.0587ms)
✔ the gun points along the line from the shoulder to the target (0.1026ms)
✔ with nobody to shoot it carries the gun at a low ready (0.0582ms)
✔ a round kicks the muzzle up and it settles back (0.0772ms)
✔ a long gun blades the chest toward the off-side and sits back into the shoulder, within what reads as a stance (0.0776ms)
ℹ tests 14
ℹ suites 0
ℹ pass 14
ℹ fail 0
ℹ cancelled 0
ℹ skipped 0
ℹ todo 0
ℹ duration_ms 241.9362
