2026-10-04T22:37:30.164Z t=731 INFO client log opened pid=42032 build=release executable=D:/work/prebuilt-export-release/BattleDuty-aimbot.exe args=["--fixture","roguelite"]
2026-10-04T22:37:30.164Z t=731 INFO engine=4.6.1-stable (custom_build) build=release commit=312c59fd975c+dirty branch=HEAD built=2026-10-04T22:36:14.190Z
2026-10-04T22:37:30.165Z t=731 INFO os=Windows 10.0.19045 cpu="AMD Ryzen 7 9800X3D 8-Core Processor" cores=16 locale=en_US
2026-10-04T22:37:30.165Z t=731 INFO gpu="AMD Radeon RX 9070 XT" vendor="AMD" api=12_0 driver=d3d12 method=forward_plus
2026-10-04T22:37:30.165Z t=731 INFO godot's own log: C:/Users/Kam/AppData/Roaming/Godot/app_userdata/Godmode.exe/logs/godot.log
2026-10-04T22:37:30.165Z t=731 INFO [JS] GODMODE_LOG_FILE=D:/work/prebuilt-export-release/logs/client-20261004-223730-42032.log
2026-10-04T22:37:30.166Z t=732 INFO [JS] GODMODE_ROGUELITE_LEVEL_BUILT=0:0
2026-10-04T22:37:33.869Z t=4436 INFO [JS] GODMODE_ARENA_BUILD=client:prebuilt:load:1873:instantiate:273:expand:1445:rehook:112:expandedVertices:15120000:foliageMaterials:2
2026-10-04T22:37:35.031Z t=5597 INFO [JS] GODMODE_CRASH_SESSION=muueir3q-42032
2026-10-04T22:37:35.032Z t=5598 INFO [JS] GODMODE_DISPLAY boot mode=3 fullscreen=true applied=false
2026-10-04T22:37:35.032Z t=5598 INFO [JS] GODMODE_CLIENT_LAUNCHED
2026-10-04T22:37:35.537Z t=6103 STATE fps=1 worstFrameMs=0 mem=0MB objects=48324 nodes=27117 orphans=0 resources=17525 serverTickMs=none seed=none progress="" enemies=0 player=none alive=none hp=none flying=false
2026-10-04T22:37:35.649Z t=6215 INFO [JS] GODMODE_CRASH_REPORT=sent result=0 status=200 session=muueiji5-35992 bytes=3668
2026-10-04T22:37:35.745Z t=6311 INFO [JS] GODMODE_ROGUELITE_LEVEL_BUILT=0:0
2026-10-04T22:37:35.932Z t=6498 INFO [JS] GODMODE_ARENA_BUILD=server:prebuilt:load:0:instantiate:187:expand:0:rehook:0:expandedVertices:0:foliageMaterials:0
2026-10-04T22:37:36.152Z t=6719 INFO [JS] GODMODE_SERVER_READY=local
2026-10-04T22:37:36.154Z t=6720 INFO [JS] GODMODE_PEER_CONNECTED=2
2026-10-04T22:37:36.401Z t=6967 INFO [JS] GODMODE_PEER_JOINED=2
2026-10-04T22:37:36.403Z t=6970 INFO [JS] GODMODE_ROGUELITE_SEED=7DE049E4
2026-10-04T22:37:36.404Z t=6970 INFO [JS] GODMODE_ROGUELITE_PRIMARY=2:machineGun
2026-10-04T22:37:36.498Z t=7064 INFO [JS] GODMODE_SURVIVAL_MINUTE=0:rifleman:-
2026-10-04T22:37:36.501Z t=7068 INFO [JS] GODMODE_CLIENT_READY=2
2026-10-04T22:37:36.505Z t=7071 INFO [JS] GODMODE_FIRST_GAMEPLAY_FRAME=7071
2026-10-04T22:37:36.511Z t=7077 INFO [JS] GODMODE_STREAM_LIVE=18:1
2026-10-04T22:37:36.512Z t=7078 INFO [JS] GODMODE_STREAM_CHAT_EVENT=runStart
2026-10-04T22:37:36.515Z t=7082 WARN long frame: 847 ms
2026-10-04T22:37:38.058Z t=8625 INFO [JS] GODMODE_SYSTEM_ADMIN_SPAWNED=soldier-e1
