2026-10-04T22:37:19.684Z t=968 INFO client log opened pid=35992 build=release executable=D:/work/prebuilt-export-release/BattleDuty-aimbot.exe args=["--fixture","roguelite"]
2026-10-04T22:37:19.684Z t=968 INFO engine=4.6.1-stable (custom_build) build=release commit=312c59fd975c+dirty branch=HEAD built=2026-10-04T22:36:14.190Z
2026-10-04T22:37:19.684Z t=969 INFO os=Windows 10.0.19045 cpu="AMD Ryzen 7 9800X3D 8-Core Processor" cores=16 locale=en_US
2026-10-04T22:37:19.684Z t=969 INFO gpu="AMD Radeon RX 9070 XT" vendor="AMD" api=12_0 driver=d3d12 method=forward_plus
2026-10-04T22:37:19.684Z t=969 INFO godot's own log: C:/Users/Kam/AppData/Roaming/Godot/app_userdata/Godmode.exe/logs/godot.log
2026-10-04T22:37:19.685Z t=969 INFO [JS] GODMODE_LOG_FILE=D:/work/prebuilt-export-release/logs/client-20261004-223719-35992.log
2026-10-04T22:37:19.686Z t=970 INFO [JS] GODMODE_ROGUELITE_LEVEL_BUILT=0:0
2026-10-04T22:37:23.890Z t=5174 INFO [JS] GODMODE_ARENA_BUILD=client:prebuilt:load:2273:instantiate:425:expand:1413:rehook:94:expandedVertices:15120000:foliageMaterials:2
2026-10-04T22:37:25.182Z t=6466 INFO [JS] GODMODE_CRASH_SESSION=muueiji5-35992
2026-10-04T22:37:25.183Z t=6467 INFO [JS] GODMODE_DISPLAY boot mode=3 fullscreen=true applied=false
2026-10-04T22:37:25.183Z t=6467 INFO [JS] GODMODE_CLIENT_LAUNCHED
2026-10-04T22:37:25.653Z t=6937 STATE fps=1 worstFrameMs=0 mem=0MB objects=48392 nodes=27115 orphans=0 resources=17525 serverTickMs=none seed=none progress="" enemies=0 player=none alive=none hp=none flying=false
2026-10-04T22:37:25.901Z t=7186 INFO [JS] GODMODE_ROGUELITE_LEVEL_BUILT=0:0
2026-10-04T22:37:26.094Z t=7378 INFO [JS] GODMODE_ARENA_BUILD=server:prebuilt:load:0:instantiate:192:expand:0:rehook:0:expandedVertices:0:foliageMaterials:0
2026-10-04T22:37:26.338Z t=7622 INFO [JS] GODMODE_SERVER_READY=local
2026-10-04T22:37:26.340Z t=7624 INFO [JS] GODMODE_PEER_CONNECTED=2
2026-10-04T22:37:26.585Z t=7869 INFO [JS] GODMODE_PEER_JOINED=2
2026-10-04T22:37:26.588Z t=7872 INFO [JS] GODMODE_ROGUELITE_SEED=EBD1B4AE
2026-10-04T22:37:26.589Z t=7873 INFO [JS] GODMODE_ROGUELITE_PRIMARY=2:machineGun
2026-10-04T22:37:26.672Z t=7956 INFO [JS] GODMODE_SURVIVAL_MINUTE=0:rifleman:-
2026-10-04T22:37:26.676Z t=7960 INFO [JS] GODMODE_CLIENT_READY=2
2026-10-04T22:37:26.681Z t=7965 INFO [JS] GODMODE_FIRST_GAMEPLAY_FRAME=7965
2026-10-04T22:37:26.687Z t=7971 INFO [JS] GODMODE_STREAM_LIVE=18:1
2026-10-04T22:37:26.688Z t=7972 INFO [JS] GODMODE_STREAM_CHAT_EVENT=runStart
2026-10-04T22:37:26.693Z t=7977 WARN long frame: 869 ms
2026-10-04T22:37:28.116Z t=9400 INFO [JS] GODMODE_SYSTEM_ADMIN_SPAWNED=soldier-e1
2026-10-04T22:37:28.902Z t=10186 INFO [JS] GODMODE_SYSTEM_ADMIN_TARGET=soldier-e1:2
