Godot Engine v4.6.1.stable.custom_build.14d19694e (2026-02-16 15:13:51 UTC) - https://godotengine.org
D3D12 12_0 - Forward+ - Using Device #0: AMD - AMD Radeon RX 9070 XT

[JSDebugger][Debug] devtools://devtools/bundled/inspector.html?v8only=true&ws=127.0.0.1:9229/1
[jsb][Debug] slow process JSRealm._load_module: 0.025298 s (modules\GodotJS\bridge\jsb_environment.cpp:1131)
[jsb][Debug] slow process JSRealm._require: 0.027626 s (modules\GodotJS\bridge\jsb_builtins.cpp:61)
[jsb][Debug] slow process JSRealm._load_module: 0.032314 s (modules\GodotJS\bridge\jsb_environment.cpp:1131)
[jsb][Debug] slow process JSRealm._require: 0.033036 s (modules\GodotJS\bridge\jsb_builtins.cpp:61)
[jsb][Debug] slow process JSRealm._load_module: 0.035053 s (modules\GodotJS\bridge\jsb_environment.cpp:1131)
[jsb][Debug] slow process JSRealm._require: 0.035614 s (modules\GodotJS\bridge\jsb_builtins.cpp:61)
[jsb][Debug] slow process JSRealm._load_module: 0.107138 s (modules\GodotJS\bridge\jsb_environment.cpp:1131)
[jsb][Debug] slow process JSRealm._require: 0.107720 s (modules\GodotJS\bridge\jsb_builtins.cpp:61)
[jsb][Debug] slow process JSRealm._load_module: 0.020656 s (modules\GodotJS\bridge\jsb_environment.cpp:1131)
[jsb][Debug] slow process JSRealm._require: 0.022220 s (modules\GodotJS\bridge\jsb_builtins.cpp:61)
[jsb][Debug] slow process JSRealm._load_module: 0.039381 s (modules\GodotJS\bridge\jsb_environment.cpp:1131)
[jsb][Debug] slow process JSRealm._require: 0.040978 s (modules\GodotJS\bridge\jsb_builtins.cpp:61)
[jsb][Debug] slow process JSRealm._load_module: 0.029747 s (modules\GodotJS\bridge\jsb_environment.cpp:1131)
[jsb][Debug] slow process JSRealm._require: 0.031321 s (modules\GodotJS\bridge\jsb_builtins.cpp:61)
[jsb][Debug] slow process JSRealm._load_module: 0.035442 s (modules\GodotJS\bridge\jsb_environment.cpp:1131)
[jsb][Debug] slow process JSRealm._require: 0.036081 s (modules\GodotJS\bridge\jsb_builtins.cpp:61)
[jsb][Debug] slow process JSRealm._load_module: 0.270153 s (modules\GodotJS\bridge\jsb_environment.cpp:1131)
[jsb][Debug] slow process JSRealm.load: 0.271817 s (modules\GodotJS\bridge\jsb_environment.cpp:1518)
[jsb][Debug] slow process GodotJSScript.load_module: 0.272399 s (modules\GodotJS\weaver\jsb_script.cpp:520)
[JS] GODMODE_LOG_FILE=C:\Users\Kam\AppData\Local\Temp\godot-cli\eb07defd97a2/logs/client-20261004-113710-9376.log
[JS] GODMODE_ROGUELITE_LEVEL_BUILT=0:0
[JS] GODMODE_MODULE_BATCHES=instances:233:nodes:90:groundInstances:97:groundChunks:18:shrubShapes:5:treeShapes:6
[JS] GODMODE_STREET_DRESSING=placements:235:cells:33:renderNodes:137:shrubShapes:4:shrubInstances:385:collisionShapes:162
[JS] GODMODE_PATTERN_RUNTIME_RETIREMENT=[]
[JS] GODMODE_WESTERN_STREET_KIT=frontages:10; practicals:4
[JS] GODMODE_WESTERN_DRESSING=roofKits:0; lowPlanting:210; drains:90; buildMs:7614
[JS] GODMODE_ENVIRONMENT_GROUND=gutters:1506;grates:50;leaves:10288;manholes:11
[JS] GODMODE_STREET_FIDELITY={"crosswalk":1265,"stop":22,"centre":2778,"lane":2,"kerb":8045}
[JS] GODMODE_ENVIRONMENT_MODULES=39312
[JS] GODMODE_MODULE_BATCHES=instances:46999:nodes:7431:groundInstances:2597:groundChunks:68:shrubShapes:7:treeShapes:6
[JS] GODMODE_WATERFRONT_BATCHES=instances:38898:nodes:207:meshes:8
[JS] GODMODE_ENVIRONMENT_STREET_LIGHTS=visibleHeads:6;pools:5
[JS] GODMODE_STUDY_AUTHORED_PROBES=9234
WARNING: [JS] GODMODE_STUDY_LIGHTMAP=stale:267;first:C10_L0_R0_106_Apron; playing unbaked until the next version bake
   at: console.<computed> [as warn] (res:\\..\..\..\scripts\log_file.ts:93)
   GDScript backtrace (most recent call first):
       [0] _start (res://tools/godot-cli/runner/inspection_bridge.gd:148)
[JS] GODMODE_CRASH_REPORT=off
[JS] GODMODE_DISPLAY boot mode=3 fullscreen=true applied=false
[JS] GODMODE_CLIENT_LAUNCHED
GODOT_CLI_INSPECTION=http://127.0.0.1:58635/inspect
[JS] GODMODE_ROGUELITE_LEVEL_BUILT=0:0
[JS] GODMODE_STREET_DRESSING=placements:235:cells:33:renderNodes:0:shrubShapes:0:shrubInstances:0:collisionShapes:162
[JS] GODMODE_SERVER_READY=local
[JS] GODMODE_PEER_CONNECTED=2
[JS] GODMODE_PEER_JOINED=2
[JS] GODMODE_ROGUELITE_SEED=DB09A9B2
[JS] GODMODE_ROGUELITE_PRIMARY=2:machineGun
[JS] GODMODE_SURVIVAL_MINUTE=0:rifleman:-
[JS] GODMODE_CLIENT_READY=2
[JS] GODMODE_STREAM_CHAT_EVENT=runStart
[JS] GODMODE_ACTOR_COST={"id":"soldier-e1","visual":false,"ms":0.302}
[JS] GODMODE_SYSTEM_ADMIN_SPAWNED=soldier-e1
[JS] GODMODE_PATROL_PRESENTATION={"id":"soldier-e1","distance":24.303701400756836,"visible":false,"seenPast":""}
[JS] GODMODE_ACTOR_COST={"id":"soldier-e1","visual":true,"ms":90.064}
[JS] GODMODE_SYSTEM_ADMIN_TARGET=soldier-e1:2
[JS] GODMODE_ACTOR_COST={"id":"soldier-e2","visual":false,"ms":0.139}
[JS] GODMODE_SYSTEM_ADMIN_SPAWNED=soldier-e2
[JS] GODMODE_PATROL_PRESENTATION={"id":"soldier-e2","distance":24.716636657714844,"visible":false,"seenPast":""}
[JS] GODMODE_ACTOR_COST={"id":"soldier-e2","visual":true,"ms":0.684}
[JS] GODMODE_FIRST_RUN_HINT=aimbot
[JS] GODMODE_SYSTEM_ADMIN_TARGET=soldier-e2:2
[JS] GODMODE_ACTOR_COST={"id":"soldier-e3","visual":false,"ms":0.205}
[JS] GODMODE_SYSTEM_ADMIN_SPAWNED=soldier-e3
[JS] GODMODE_PATROL_PRESENTATION={"id":"soldier-e3","distance":24.303701400756836,"visible":false,"seenPast":""}
[JS] GODMODE_ACTOR_COST={"id":"soldier-e3","visual":true,"ms":0.661}
[JS] GODMODE_SYSTEM_ADMIN_TARGET=soldier-e3:2
[JS] GODMODE_ACTOR_COST={"id":"soldier-e4","visual":false,"ms":0.143}
[JS] GODMODE_SYSTEM_ADMIN_SPAWNED=soldier-e4
[JS] GODMODE_PATROL_PRESENTATION={"id":"soldier-e4","distance":21.217529296875,"visible":false,"seenPast":""}
[JS] GODMODE_ACTOR_COST={"id":"soldier-e4","visual":true,"ms":0.669}
[JS] GODMODE_SYSTEM_ADMIN_TARGET=soldier-e4:2
[JS] GODMODE_ACTOR_COST={"id":"soldier-e5","visual":false,"ms":0.159}
[JS] GODMODE_SYSTEM_ADMIN_SPAWNED=soldier-e5
[JS] GODMODE_PATROL_PRESENTATION={"id":"soldier-e5","distance":20.372451782226562,"visible":false,"seenPast":""}
[JS] GODMODE_ACTOR_COST={"id":"soldier-e5","visual":true,"ms":0.656}
[JS] GODMODE_SOLDIER_SHOT=soldier-e1:rifle:2:hit
[JS] GODMODE_FEEDBACK=damage
[JS] GODMODE_SOLDIER_SHOT=soldier-e1:rifle:2:hit
[JS] GODMODE_FEEDBACK=damage
[JS] GODMODE_SOLDIER_SHOT=soldier-e1:rifle:2:miss
[JS] GODMODE_SOLDIER_SHOT=soldier-e1:rifle:2:hit
[JS] GODMODE_FEEDBACK=damage
[JS] GODMODE_SOLDIER_SHOT=soldier-e1:rifle:2:miss
[JS] GODMODE_SYSTEM_ADMIN_TARGET=soldier-e5:2
[JS] GODMODE_ACTOR_COST={"id":"soldier-e6","visual":false,"ms":0.12}
[JS] GODMODE_SYSTEM_ADMIN_SPAWNED=soldier-e6
[JS] GODMODE_PATROL_PRESENTATION={"id":"soldier-e6","distance":24.303701400756836,"visible":false,"seenPast":""}
[JS] GODMODE_ACTOR_COST={"id":"soldier-e6","visual":true,"ms":0.589}
[JS] GODMODE_SOLDIER_SHOT=soldier-e2:rifle:2:miss
[JS] GODMODE_SOLDIER_SHOT=soldier-e2:rifle:2:miss
[JS] GODMODE_SOLDIER_SHOT=soldier-e2:rifle:2:miss
[JS] GODMODE_SOLDIER_SHOT=soldier-e2:rifle:2:hit
[JS] GODMODE_FEEDBACK=damage
[JS] GODMODE_SOLDIER_SHOT=soldier-e2:rifle:2:miss
[JS] GODMODE_SYSTEM_ADMIN_TARGET=soldier-e6:2
[JS] GODMODE_SOLDIER_SHOT=soldier-e3:rifle:2:hit
[JS] GODMODE_FEEDBACK=damage
[JS] GODMODE_SOLDIER_SHOT=soldier-e3:rifle:2:hit
[JS] GODMODE_FEEDBACK=damage
[JS] GODMODE_ACTOR_COST={"id":"soldier-e7","visual":false,"ms":0.101}
[JS] GODMODE_SYSTEM_ADMIN_SPAWNED=soldier-e7
[JS] GODMODE_PATROL_PRESENTATION={"id":"soldier-e7","distance":20.372451782226562,"visible":false,"seenPast":""}
[JS] GODMODE_ACTOR_COST={"id":"soldier-e7","visual":true,"ms":0.557}
[JS] GODMODE_SOLDIER_SHOT=soldier-e3:rifle:2:miss
[JS] GODMODE_SOLDIER_SHOT=soldier-e3:rifle:2:miss
[JS] GODMODE_SOLDIER_SHOT=soldier-e3:rifle:2:hit
[JS] GODMODE_FEEDBACK=damage
[JS] GODMODE_SYSTEM_ADMIN_TARGET=soldier-e7:2
[JS] GODMODE_ACTOR_COST={"id":"soldier-e8","visual":false,"ms":0.159}
[JS] GODMODE_SYSTEM_ADMIN_SPAWNED=soldier-e8
[JS] GODMODE_PATROL_PRESENTATION={"id":"soldier-e8","distance":21.435461044311523,"visible":false,"seenPast":""}
[JS] GODMODE_ACTOR_COST={"id":"soldier-e8","visual":true,"ms":0.6}
[JS] GODMODE_SYSTEM_ADMIN_TARGET=soldier-e8:2
[JS] GODMODE_ACTOR_COST={"id":"soldier-e9","visual":false,"ms":0.138}
[JS] GODMODE_SYSTEM_ADMIN_SPAWNED=soldier-e9
[JS] GODMODE_PATROL_PRESENTATION={"id":"soldier-e9","distance":21.003643035888672,"visible":false,"seenPast":""}
[JS] GODMODE_ACTOR_COST={"id":"soldier-e9","visual":true,"ms":0.66}
[JS] GODMODE_SOLDIER_SHOT=soldier-e1:rifle:2:miss
[JS] GODMODE_SOLDIER_SHOT=soldier-e1:rifle:2:miss
[JS] GODMODE_SOLDIER_SHOT=soldier-e1:rifle:2:miss
[JS] GODMODE_SOLDIER_SHOT=soldier-e1:rifle:2:miss
[JS] GODMODE_SOLDIER_SHOT=soldier-e1:rifle:2:miss
[JS] GODMODE_SYSTEM_ADMIN_TARGET=soldier-e9:2
[JS] GODMODE_SOLDIER_SHOT=soldier-e5:rifle:2:hit
[JS] GODMODE_FEEDBACK=damage
[JS] GODMODE_ACTOR_COST={"id":"soldier-e10","visual":false,"ms":0.143}
[JS] GODMODE_SYSTEM_ADMIN_SPAWNED=soldier-e10
[JS] GODMODE_SOLDIER_SHOT=soldier-e5:rifle:2:miss
[JS] GODMODE_PATROL_PRESENTATION={"id":"soldier-e10","distance":24.71698760986328,"visible":false,"seenPast":""}
[JS] GODMODE_ACTOR_COST={"id":"soldier-e10","visual":true,"ms":0.556}
[JS] GODMODE_SOLDIER_SHOT=soldier-e5:rifle:2:hit
[JS] GODMODE_FEEDBACK=damage
[JS] GODMODE_SOLDIER_SHOT=soldier-e5:rifle:2:hit
[JS] GODMODE_FEEDBACK=damage
[JS] GODMODE_SOLDIER_SHOT=soldier-e5:rifle:2:miss
[JS] GODMODE_SOLDIER_SHOT=soldier-e6:rifle:2:miss
[JS] GODMODE_SOLDIER_SHOT=soldier-e6:rifle:2:hit
[JS] GODMODE_FEEDBACK=damage
[JS] GODMODE_SYSTEM_ADMIN_TARGET=soldier-e10:2
[JS] GODMODE_SOLDIER_SHOT=soldier-e6:rifle:2:miss
[JS] GODMODE_SOLDIER_SHOT=soldier-e6:rifle:2:miss
[JS] GODMODE_ACTOR_COST={"id":"soldier-e11","visual":false,"ms":0.1}
[JS] GODMODE_SYSTEM_ADMIN_SPAWNED=soldier-e11
[JS] GODMODE_PATROL_PRESENTATION={"id":"soldier-e11","distance":24.303701400756836,"visible":false,"seenPast":""}
[JS] GODMODE_ACTOR_COST={"id":"soldier-e11","visual":true,"ms":0.566}
[JS] GODMODE_SOLDIER_SHOT=soldier-e6:rifle:2:miss
[JS] GODMODE_SOLDIER_SHOT=soldier-e7:rifle:2:hit
[JS] GODMODE_FEEDBACK=damage
[JS] GODMODE_SOLDIER_SHOT=soldier-e7:rifle:2:miss
[JS] GODMODE_SOLDIER_SHOT=soldier-e7:rifle:2:miss
[JS] GODMODE_SOLDIER_SHOT=soldier-e7:rifle:2:hit
[JS] GODMODE_FEEDBACK=damage
[JS] GODMODE_SOLDIER_SHOT=soldier-e7:rifle:2:hit
[JS] GODMODE_SYSTEM_ADMIN_TARGET=soldier-e11:2
[JS] GODMODE_FEEDBACK=damage
[JS] GODMODE_SOLDIER_SHOT=soldier-e3:rifle:2:miss
[JS] GODMODE_PATROL_PRESENTATION={"id":"soldier-e12","distance":21.434907913208008,"visible":false,"seenPast":""}
[JS] GODMODE_ACTOR_COST={"id":"soldier-e12","visual":true,"ms":0.693}
[JS] GODMODE_ACTOR_COST={"id":"soldier-e12","visual":false,"ms":0.065}
[JS] GODMODE_SYSTEM_ADMIN_SPAWNED=soldier-e12
[JS] GODMODE_SOLDIER_SHOT=soldier-e3:rifle:2:miss
[JS] GODMODE_SOLDIER_SHOT=soldier-e3:rifle:2:miss
[JS] GODMODE_SOLDIER_SHOT=soldier-e3:rifle:2:miss
[JS] GODMODE_SOLDIER_SHOT=soldier-e3:rifle:2:miss
[JS] GODMODE_SOLDIER_SHOT=soldier-e9:rifle:2:miss
[JS] GODMODE_SOLDIER_SHOT=soldier-e9:rifle:2:miss
[JS] GODMODE_SYSTEM_ADMIN_TARGET=soldier-e12:2
[JS] GODMODE_FIRST_RUN_HINT=knife
[JS] GODMODE_SOLDIER_SHOT=soldier-e9:rifle:2:miss
[JS] GODMODE_SOLDIER_SHOT=soldier-e9:rifle:2:miss
[JS] GODMODE_SOLDIER_SHOT=soldier-e9:rifle:2:hit
[JS] GODMODE_FEEDBACK=damage
[JS] GODMODE_SOLDIER_SHOT=soldier-e4:rifle:2:miss
[JS] GODMODE_SOLDIER_SHOT=soldier-e4:rifle:2:hit
[JS] GODMODE_FEEDBACK=damage
[JS] GODMODE_SOLDIER_SHOT=soldier-e4:rifle:2:miss
[JS] GODMODE_SOLDIER_SHOT=soldier-e4:rifle:2:hit
[JS] GODMODE_FEEDBACK=damage
[JS] GODMODE_SOLDIER_SHOT=soldier-e4:rifle:2:miss
[JS] GODMODE_SOLDIER_SHOT=soldier-e10:rifle:2:hit
[JS] GODMODE_FEEDBACK=damage
[JS] GODMODE_SOLDIER_SHOT=soldier-e10:rifle:2:miss
[JS] GODMODE_SOLDIER_SHOT=soldier-e10:rifle:2:hit
[JS] GODMODE_FEEDBACK=damage
[JS] GODMODE_SOLDIER_SHOT=soldier-e10:rifle:2:miss
[JS] GODMODE_SOLDIER_SHOT=soldier-e10:rifle:2:miss
[JS] GODMODE_SOLDIER_SHOT=soldier-e2:rifle:2:hit
[JS] GODMODE_FEEDBACK=damage
[JS] GODMODE_SOLDIER_SHOT=soldier-e2:rifle:2:miss
[JS] GODMODE_SOLDIER_SHOT=soldier-e2:rifle:2:miss
[JS] GODMODE_SOLDIER_SHOT=soldier-e2:rifle:2:hit
[JS] GODMODE_FEEDBACK=damage
[JS] GODMODE_SOLDIER_SHOT=soldier-e2:rifle:2:hit
[JS] GODMODE_FEEDBACK=damage
[JS] GODMODE_SOLDIER_SHOT=soldier-e5:rifle:2:miss
[JS] GODMODE_SOLDIER_SHOT=soldier-e5:rifle:2:hit
[JS] GODMODE_FEEDBACK=damage
[JS] GODMODE_SOLDIER_SHOT=soldier-e5:rifle:2:hit
[JS] GODMODE_FEEDBACK=damage
[JS] GODMODE_SOLDIER_SHOT=soldier-e5:rifle:2:miss
[JS] GODMODE_SOLDIER_SHOT=soldier-e5:rifle:2:hit
[JS] GODMODE_FEEDBACK=damage
[JS] GODMODE_SOLDIER_SHOT=soldier-e11:rifle:2:miss
[JS] GODMODE_SOLDIER_SHOT=soldier-e11:rifle:2:miss
[JS] GODMODE_SOLDIER_SHOT=soldier-e11:rifle:2:hit
[JS] GODMODE_FEEDBACK=damage
[JS] GODMODE_SOLDIER_SHOT=soldier-e11:rifle:2:hit
[JS] GODMODE_FEEDBACK=damage
[JS] GODMODE_SOLDIER_SHOT=soldier-e11:rifle:2:hit
[JS] GODMODE_FEEDBACK=damage
[JS] GODMODE_SOLDIER_SHOT=soldier-e8:rifle:2:miss
[JS] GODMODE_SOLDIER_SHOT=soldier-e8:rifle:2:miss
[JS] GODMODE_SOLDIER_SHOT=soldier-e8:rifle:2:miss
[JS] GODMODE_SOLDIER_SHOT=soldier-e8:rifle:2:miss
[JS] GODMODE_SOLDIER_SHOT=soldier-e8:rifle:2:hit
[JS] GODMODE_FEEDBACK=damage
[JS] GODMODE_SOLDIER_SHOT=soldier-e6:rifle:2:miss
[JS] GODMODE_SOLDIER_SHOT=soldier-e6:rifle:2:hit
[JS] GODMODE_FEEDBACK=damage
[JS] GODMODE_SOLDIER_SHOT=soldier-e6:rifle:2:miss
[JS] GODMODE_SOLDIER_SHOT=soldier-e6:rifle:2:miss
[JS] GODMODE_SOLDIER_SHOT=soldier-e6:rifle:2:miss
[JS] GODMODE_SOLDIER_SHOT=soldier-e7:rifle:2:hit
[JS] GODMODE_FEEDBACK=damage
[JS] GODMODE_SOLDIER_SHOT=soldier-e7:rifle:2:miss
[JS] GODMODE_SOLDIER_SHOT=soldier-e7:rifle:2:hit
[JS] GODMODE_FEEDBACK=damage
[JS] GODMODE_SOLDIER_SHOT=soldier-e7:rifle:2:miss
[JS] GODMODE_SOLDIER_SHOT=soldier-e7:rifle:2:miss
[JS] GODMODE_SOLDIER_SHOT=soldier-e3:rifle:2:miss
[JS] GODMODE_SOLDIER_SHOT=soldier-e3:rifle:2:miss
[JS] GODMODE_SOLDIER_SHOT=soldier-e3:rifle:2:miss
[JS] GODMODE_SOLDIER_SHOT=soldier-e3:rifle:2:miss
[JS] GODMODE_SOLDIER_SHOT=soldier-e3:rifle:2:miss
[JS] GODMODE_SOLDIER_SHOT=soldier-e9:rifle:2:hit
[JS] GODMODE_FEEDBACK=damage
[JS] GODMODE_SOLDIER_SHOT=soldier-e9:rifle:2:miss
[JS] GODMODE_SOLDIER_SHOT=soldier-e9:rifle:2:hit
[JS] GODMODE_FEEDBACK=damage
[JS] GODMODE_DEBUG_COMMAND=invincible:ok
[JS] GODMODE_SOLDIER_SHOT=soldier-e9:rifle:2:miss
[JS] GODMODE_DEBUG_COMMAND=timeScale:ok
[JS] GODMODE_DEBUG_COMMAND=giveStreak:ok
[JS] GODMODE_FIRST_RUN_HINT=streak
[JS] GODMODE_DEBUG_COMMAND=giveStreak:ok
[JS] GODMODE_SOLDIER_SHOT=soldier-e9:rifle:2:miss
ERROR: Condition "p.d == 0" is true. Returning: Point2()
   at: Camera3D::unproject_position (scene\3d\camera_3d.cpp:482)
   GDScript backtrace (most recent call first):
       [0] _append_nodes (res://tools/godot-cli/runner/inspection_bridge.gd:449)
       [1] _append_nodes (res://tools/godot-cli/runner/inspection_bridge.gd:575)
       [2] _append_nodes (res://tools/godot-cli/runner/inspection_bridge.gd:575)
       [3] _snapshot_with_store (res://tools/godot-cli/runner/inspection_bridge.gd:394)
       [4] _respond (res://tools/godot-cli/runner/inspection_bridge.gd:377)
       [5] _process (res://tools/godot-cli/runner/inspection_bridge.gd:213)
ERROR: Condition "p.d == 0" is true. Returning: Point2()
   at: Camera3D::unproject_position (scene\3d\camera_3d.cpp:482)
   GDScript backtrace (most recent call first):
       [0] _append_nodes (res://tools/godot-cli/runner/inspection_bridge.gd:449)
       [1] _append_nodes (res://tools/godot-cli/runner/inspection_bridge.gd:575)
       [2] _append_nodes (res://tools/godot-cli/runner/inspection_bridge.gd:575)
       [3] _append_nodes (res://tools/godot-cli/runner/inspection_bridge.gd:575)
       [4] _snapshot_with_store (res://tools/godot-cli/runner/inspection_bridge.gd:394)
       [5] _respond (res://tools/godot-cli/runner/inspection_bridge.gd:377)
       [6] _process (res://tools/godot-cli/runner/inspection_bridge.gd:213)
ERROR: Condition "p.d == 0" is true. Returning: Point2()
   at: Camera3D::unproject_position (scene\3d\camera_3d.cpp:482)
   GDScript backtrace (most recent call first):
       [0] _append_nodes (res://tools/godot-cli/runner/inspection_bridge.gd:449)
       [1] _append_nodes (res://tools/godot-cli/runner/inspection_bridge.gd:575)
       [2] _append_nodes (res://tools/godot-cli/runner/inspection_bridge.gd:575)
       [3] _append_nodes (res://tools/godot-cli/runner/inspection_bridge.gd:575)
       [4] _append_nodes (res://tools/godot-cli/runner/inspection_bridge.gd:575)
       [5] _snapshot_with_store (res://tools/godot-cli/runner/inspection_bridge.gd:394)
       [6] _respond (res://tools/godot-cli/runner/inspection_bridge.gd:377)
       [7] _process (res://tools/godot-cli/runner/inspection_bridge.gd:213)
ERROR: Condition "p.d == 0" is true. Returning: Point2()
   at: Camera3D::unproject_position (scene\3d\camera_3d.cpp:482)
   GDScript backtrace (most recent call first):
       [0] _append_nodes (res://tools/godot-cli/runner/inspection_bridge.gd:449)
       [1] _append_nodes (res://tools/godot-cli/runner/inspection_bridge.gd:575)
       [2] _append_nodes (res://tools/godot-cli/runner/inspection_bridge.gd:575)
       [3] _append_nodes (res://tools/godot-cli/runner/inspection_bridge.gd:575)
       [4] _append_nodes (res://tools/godot-cli/runner/inspection_bridge.gd:575)
       [5] _append_nodes (res://tools/godot-cli/runner/inspection_bridge.gd:575)
       [6] _snapshot_with_store (res://tools/godot-cli/runner/inspection_bridge.gd:394)
       [7] _respond (res://tools/godot-cli/runner/inspection_bridge.gd:377)
       [8] _process (res://tools/godot-cli/runner/inspection_bridge.gd:213)
ERROR: Condition "p.d == 0" is true. Returning: Point2()
   at: Camera3D::unproject_position (scene\3d\camera_3d.cpp:482)
   GDScript backtrace (most recent call first):
       [0] _append_nodes (res://tools/godot-cli/runner/inspection_bridge.gd:449)
       [1] _append_nodes (res://tools/godot-cli/runner/inspection_bridge.gd:575)
       [2] _append_nodes (res://tools/godot-cli/runner/inspection_bridge.gd:575)
       [3] _append_nodes (res://tools/godot-cli/runner/inspection_bridge.gd:575)
       [4] _append_nodes (res://tools/godot-cli/runner/inspection_bridge.gd:575)
       [5] _append_nodes (res://tools/godot-cli/runner/inspection_bridge.gd:575)
       [6] _append_nodes (res://tools/godot-cli/runner/inspection_bridge.gd:575)
       [7] _snapshot_with_store (res://tools/godot-cli/runner/inspection_bridge.gd:394)
       [8] _respond (res://tools/godot-cli/runner/inspection_bridge.gd:377)
       [9] _process (res://tools/godot-cli/runner/inspection_bridge.gd:213)
ERROR: Condition "p.d == 0" is true. Returning: Point2()
   at: Camera3D::unproject_position (scene\3d\camera_3d.cpp:482)
   GDScript backtrace (most recent call first):
       [0] _append_nodes (res://tools/godot-cli/runner/inspection_bridge.gd:449)
       [1] _append_nodes (res://tools/godot-cli/runner/inspection_bridge.gd:575)
       [2] _append_nodes (res://tools/godot-cli/runner/inspection_bridge.gd:575)
       [3] _append_nodes (res://tools/godot-cli/runner/inspection_bridge.gd:575)
       [4] _append_nodes (res://tools/godot-cli/runner/inspection_bridge.gd:575)
       [5] _append_nodes (res://tools/godot-cli/runner/inspection_bridge.gd:575)
       [6] _append_nodes (res://tools/godot-cli/runner/inspection_bridge.gd:575)
       [7] _append_nodes (res://tools/godot-cli/runner/inspection_bridge.gd:575)
       [8] _snapshot_with_store (res://tools/godot-cli/runner/inspection_bridge.gd:394)
       [9] _respond (res://tools/godot-cli/runner/inspection_bridge.gd:377)
       [10] _process (res://tools/godot-cli/runner/inspection_bridge.gd:213)
ERROR: Condition "p.d == 0" is true. Returning: Point2()
   at: Camera3D::unproject_position (scene\3d\camera_3d.cpp:482)
   GDScript backtrace (most recent call first):
       [0] _append_nodes (res://tools/godot-cli/runner/inspection_bridge.gd:449)
       [1] _append_nodes (res://tools/godot-cli/runner/inspection_bridge.gd:575)
       [2] _append_nodes (res://tools/godot-cli/runner/inspection_bridge.gd:575)
       [3] _append_nodes (res://tools/godot-cli/runner/inspection_bridge.gd:575)
       [4] _append_nodes (res://tools/godot-cli/runner/inspection_bridge.gd:575)
       [5] _append_nodes (res://tools/godot-cli/runner/inspection_bridge.gd:575)
       [6] _append_nodes (res://tools/godot-cli/runner/inspection_bridge.gd:575)
       [7] _append_nodes (res://tools/godot-cli/runner/inspection_bridge.gd:575)
       [8] _append_nodes (res://tools/godot-cli/runner/inspection_bridge.gd:575)
       [9] _snapshot_with_store (res://tools/godot-cli/runner/inspection_bridge.gd:394)
       [10] _respond (res://tools/godot-cli/runner/inspection_bridge.gd:377)
       [11] _process (res://tools/godot-cli/runner/inspection_bridge.gd:213)
ERROR: Condition "p.d == 0" is true. Returning: Point2()
   at: Camera3D::unproject_position (scene\3d\camera_3d.cpp:482)
   GDScript backtrace (most recent call first):
       [0] _append_nodes (res://tools/godot-cli/runner/inspection_bridge.gd:449)
       [1] _append_nodes (res://tools/godot-cli/runner/inspection_bridge.gd:575)
       [2] _append_nodes (res://tools/godot-cli/runner/inspection_bridge.gd:575)
       [3] _append_nodes (res://tools/godot-cli/runner/inspection_bridge.gd:575)
       [4] _append_nodes (res://tools/godot-cli/runner/inspection_bridge.gd:575)
       [5] _snapshot_with_store (res://tools/godot-cli/runner/inspection_bridge.gd:394)
       [6] _respond (res://tools/godot-cli/runner/inspection_bridge.gd:377)
       [7] _process (res://tools/godot-cli/runner/inspection_bridge.gd:213)
ERROR: Condition "p.d == 0" is true. Returning: Point2()
   at: Camera3D::unproject_position (scene\3d\camera_3d.cpp:482)
   GDScript backtrace (most recent call first):
       [0] _append_nodes (res://tools/godot-cli/runner/inspection_bridge.gd:449)
       [1] _append_nodes (res://tools/godot-cli/runner/inspection_bridge.gd:575)
       [2] _append_nodes (res://tools/godot-cli/runner/inspection_bridge.gd:575)
       [3] _append_nodes (res://tools/godot-cli/runner/inspection_bridge.gd:575)
       [4] _append_nodes (res://tools/godot-cli/runner/inspection_bridge.gd:575)
       [5] _append_nodes (res://tools/godot-cli/runner/inspection_bridge.gd:575)
       [6] _snapshot_with_store (res://tools/godot-cli/runner/inspection_bridge.gd:394)
       [7] _respond (res://tools/godot-cli/runner/inspection_bridge.gd:377)
       [8] _process (res://tools/godot-cli/runner/inspection_bridge.gd:213)
ERROR: Condition "p.d == 0" is true. Returning: Point2()
   at: Camera3D::unproject_position (scene\3d\camera_3d.cpp:482)
   GDScript backtrace (most recent call first):
       [0] _append_nodes (res://tools/godot-cli/runner/inspection_bridge.gd:449)
       [1] _append_nodes (res://tools/godot-cli/runner/inspection_bridge.gd:575)
       [2] _append_nodes (res://tools/godot-cli/runner/inspection_bridge.gd:575)
       [3] _append_nodes (res://tools/godot-cli/runner/inspection_bridge.gd:575)
       [4] _append_nodes (res://tools/godot-cli/runner/inspection_bridge.gd:575)
       [5] _append_nodes (res://tools/godot-cli/runner/inspection_bridge.gd:575)
       [6] _append_nodes (res://tools/godot-cli/runner/inspection_bridge.gd:575)
       [7] _snapshot_with_store (res://tools/godot-cli/runner/inspection_bridge.gd:394)
       [8] _respond (res://tools/godot-cli/runner/inspection_bridge.gd:377)
       [9] _process (res://tools/godot-cli/runner/inspection_bridge.gd:213)
ERROR: Condition "p.d == 0" is true. Returning: Point2()
   at: Camera3D::unproject_position (scene\3d\camera_3d.cpp:482)
   GDScript backtrace (most recent call first):
       [0] _append_nodes (res://tools/godot-cli/runner/inspection_bridge.gd:449)
       [1] _append_nodes (res://tools/godot-cli/runner/inspection_bridge.gd:575)
       [2] _append_nodes (res://tools/godot-cli/runner/inspection_bridge.gd:575)
       [3] _append_nodes (res://tools/godot-cli/runner/inspection_bridge.gd:575)
       [4] _append_nodes (res://tools/godot-cli/runner/inspection_bridge.gd:575)
       [5] _append_nodes (res://tools/godot-cli/runner/inspection_bridge.gd:575)
       [6] _append_nodes (res://tools/godot-cli/runner/inspection_bridge.gd:575)
       [7] _append_nodes (res://tools/godot-cli/runner/inspection_bridge.gd:575)
       [8] _snapshot_with_store (res://tools/godot-cli/runner/inspection_bridge.gd:394)
       [9] _respond (res://tools/godot-cli/runner/inspection_bridge.gd:377)
       [10] _process (res://tools/godot-cli/runner/inspection_bridge.gd:213)
ERROR: Condition "p.d == 0" is true. Returning: Point2()
   at: Camera3D::unproject_position (scene\3d\camera_3d.cpp:482)
   GDScript backtrace (most recent call first):
       [0] _append_nodes (res://tools/godot-cli/runner/inspection_bridge.gd:449)
       [1] _append_nodes (res://tools/godot-cli/runner/inspection_bridge.gd:575)
       [2] _append_nodes (res://tools/godot-cli/runner/inspection_bridge.gd:575)
       [3] _append_nodes (res://tools/godot-cli/runner/inspection_bridge.gd:575)
       [4] _append_nodes (res://tools/godot-cli/runner/inspection_bridge.gd:575)
       [5] _append_nodes (res://tools/godot-cli/runner/inspection_bridge.gd:575)
       [6] _append_nodes (res://tools/godot-cli/runner/inspection_bridge.gd:575)
       [7] _append_nodes (res://tools/godot-cli/runner/inspection_bridge.gd:575)
       [8] _append_nodes (res://tools/godot-cli/runner/inspection_bridge.gd:575)
       [9] _snapshot_with_store (res://tools/godot-cli/runner/inspection_bridge.gd:394)
       [10] _respond (res://tools/godot-cli/runner/inspection_bridge.gd:377)
       [11] _process (res://tools/godot-cli/runner/inspection_bridge.gd:213)
ERROR: Condition "p.d == 0" is true. Returning: Point2()
   at: Camera3D::unproject_position (scene\3d\camera_3d.cpp:482)
   GDScript backtrace (most recent call first):
       [0] _append_nodes (res://tools/godot-cli/runner/inspection_bridge.gd:449)
       [1] _append_nodes (res://tools/godot-cli/runner/inspection_bridge.gd:575)
       [2] _append_nodes (res://tools/godot-cli/runner/inspection_bridge.gd:575)
       [3] _append_nodes (res://tools/godot-cli/runner/inspection_bridge.gd:575)
       [4] _snapshot_with_store (res://tools/godot-cli/runner/inspection_bridge.gd:394)
       [5] _respond (res://tools/godot-cli/runner/inspection_bridge.gd:377)
       [6] _process (res://tools/godot-cli/runner/inspection_bridge.gd:213)
ERROR: Condition "p.d == 0" is true. Returning: Point2()
   at: Camera3D::unproject_position (scene\3d\camera_3d.cpp:482)
   GDScript backtrace (most recent call first):
       [0] _append_nodes (res://tools/godot-cli/runner/inspection_bridge.gd:449)
       [1] _append_nodes (res://tools/godot-cli/runner/inspection_bridge.gd:575)
       [2] _append_nodes (res://tools/godot-cli/runner/inspection_bridge.gd:575)
       [3] _append_nodes (res://tools/godot-cli/runner/inspection_bridge.gd:575)
       [4] _append_nodes (res://tools/godot-cli/runner/inspection_bridge.gd:575)
       [5] _snapshot_with_store (res://tools/godot-cli/runner/inspection_bridge.gd:394)
       [6] _respond (res://tools/godot-cli/runner/inspection_bridge.gd:377)
       [7] _process (res://tools/godot-cli/runner/inspection_bridge.gd:213)
ERROR: Condition "p.d == 0" is true. Returning: Point2()
   at: Camera3D::unproject_position (scene\3d\camera_3d.cpp:482)
   GDScript backtrace (most recent call first):
       [0] _append_nodes (res://tools/godot-cli/runner/inspection_bridge.gd:449)
       [1] _append_nodes (res://tools/godot-cli/runner/inspection_bridge.gd:575)
       [2] _append_nodes (res://tools/godot-cli/runner/inspection_bridge.gd:575)
       [3] _append_nodes (res://tools/godot-cli/runner/inspection_bridge.gd:575)
       [4] _append_nodes (res://tools/godot-cli/runner/inspection_bridge.gd:575)
       [5] _append_nodes (res://tools/godot-cli/runner/inspection_bridge.gd:575)
       [6] _snapshot_with_store (res://tools/godot-cli/runner/inspection_bridge.gd:394)
       [7] _respond (res://tools/godot-cli/runner/inspection_bridge.gd:377)
       [8] _process (res://tools/godot-cli/runner/inspection_bridge.gd:213)
ERROR: Condition "p.d == 0" is true. Returning: Point2()
   at: Camera3D::unproject_position (scene\3d\camera_3d.cpp:482)
   GDScript backtrace (most recent call first):
       [0] _append_nodes (res://tools/godot-cli/runner/inspection_bridge.gd:449)
       [1] _append_nodes (res://tools/godot-cli/runner/inspection_bridge.gd:575)
       [2] _append_nodes (res://tools/godot-cli/runner/inspection_bridge.gd:575)
       [3] _append_nodes (res://tools/godot-cli/runner/inspection_bridge.gd:575)
       [4] _snapshot_with_store (res://tools/godot-cli/runner/inspection_bridge.gd:394)
       [5] _respond (res://tools/godot-cli/runner/inspection_bridge.gd:377)
       [6] _process (res://tools/godot-cli/runner/inspection_bridge.gd:213)
ERROR: Condition "p.d == 0" is true. Returning: Point2()
   at: Camera3D::unproject_position (scene\3d\camera_3d.cpp:482)
   GDScript backtrace (most recent call first):
       [0] _append_nodes (res://tools/godot-cli/runner/inspection_bridge.gd:449)
       [1] _append_nodes (res://tools/godot-cli/runner/inspection_bridge.gd:575)
       [2] _append_nodes (res://tools/godot-cli/runner/inspection_bridge.gd:575)
       [3] _snapshot_with_store (res://tools/godot-cli/runner/inspection_bridge.gd:394)
       [4] _respond (res://tools/godot-cli/runner/inspection_bridge.gd:377)
       [5] _process (res://tools/godot-cli/runner/inspection_bridge.gd:213)
ERROR: Condition "p.d == 0" is true. Returning: Point2()
   at: Camera3D::unproject_position (scene\3d\camera_3d.cpp:482)
   GDScript backtrace (most recent call first):
       [0] _append_nodes (res://tools/godot-cli/runner/inspection_bridge.gd:449)
       [1] _append_nodes (res://tools/godot-cli/runner/inspection_bridge.gd:575)
       [2] _append_nodes (res://tools/godot-cli/runner/inspection_bridge.gd:575)
       [3] _append_nodes (res://tools/godot-cli/runner/inspection_bridge.gd:575)
       [4] _snapshot_with_store (res://tools/godot-cli/runner/inspection_bridge.gd:394)
       [5] _respond (res://tools/godot-cli/runner/inspection_bridge.gd:377)
       [6] _process (res://tools/godot-cli/runner/inspection_bridge.gd:213)
ERROR: Condition "p.d == 0" is true. Returning: Point2()
   at: Camera3D::unproject_position (scene\3d\camera_3d.cpp:482)
   GDScript backtrace (most recent call first):
       [0] _append_nodes (res://tools/godot-cli/runner/inspection_bridge.gd:449)
       [1] _append_nodes (res://tools/godot-cli/runner/inspection_bridge.gd:575)
       [2] _append_nodes (res://tools/godot-cli/runner/inspection_bridge.gd:575)
       [3] _append_nodes (res://tools/godot-cli/runner/inspection_bridge.gd:575)
       [4] _snapshot_with_store (res://tools/godot-cli/runner/inspection_bridge.gd:394)
       [5] _respond (res://tools/godot-cli/runner/inspection_bridge.gd:377)
       [6] _process (res://tools/godot-cli/runner/inspection_bridge.gd:213)
ERROR: Condition "p.d == 0" is true. Returning: Point2()
   at: Camera3D::unproject_position (scene\3d\camera_3d.cpp:482)
   GDScript backtrace (most recent call first):
       [0] _append_nodes (res://tools/godot-cli/runner/inspection_bridge.gd:449)
       [1] _append_nodes (res://tools/godot-cli/runner/inspection_bridge.gd:575)
       [2] _append_nodes (res://tools/godot-cli/runner/inspection_bridge.gd:575)
       [3] _append_nodes (res://tools/godot-cli/runner/inspection_bridge.gd:575)
       [4] _append_nodes (res://tools/godot-cli/runner/inspection_bridge.gd:575)
       [5] _snapshot_with_store (res://tools/godot-cli/runner/inspection_bridge.gd:394)
       [6] _respond (res://tools/godot-cli/runner/inspection_bridge.gd:377)
       [7] _process (res://tools/godot-cli/runner/inspection_bridge.gd:213)
ERROR: Condition "p.d == 0" is true. Returning: Point2()
   at: Camera3D::unproject_position (scene\3d\camera_3d.cpp:482)
   GDScript backtrace (most recent call first):
       [0] _append_nodes (res://tools/godot-cli/runner/inspection_bridge.gd:449)
       [1] _append_nodes (res://tools/godot-cli/runner/inspection_bridge.gd:575)
       [2] _append_nodes (res://tools/godot-cli/runner/inspection_bridge.gd:575)
       [3] _append_nodes (res://tools/godot-cli/runner/inspection_bridge.gd:575)
       [4] _append_nodes (res://tools/godot-cli/runner/inspection_bridge.gd:575)
       [5] _append_nodes (res://tools/godot-cli/runner/inspection_bridge.gd:575)
       [6] _snapshot_with_store (res://tools/godot-cli/runner/inspection_bridge.gd:394)
       [7] _respond (res://tools/godot-cli/runner/inspection_bridge.gd:377)
       [8] _process (res://tools/godot-cli/runner/inspection_bridge.gd:213)
ERROR: Condition "p.d == 0" is true. Returning: Point2()
   at: Camera3D::unproject_position (scene\3d\camera_3d.cpp:482)
   GDScript backtrace (most recent call first):
       [0] _append_nodes (res://tools/godot-cli/runner/inspection_bridge.gd:449)
       [1] _append_nodes (res://tools/godot-cli/runner/inspection_bridge.gd:575)
       [2] _append_nodes (res://tools/godot-cli/runner/inspection_bridge.gd:575)
       [3] _append_nodes (res://tools/godot-cli/runner/inspection_bridge.gd:575)
       [4] _append_nodes (res://tools/godot-cli/runner/inspection_bridge.gd:575)
       [5] _append_nodes (res://tools/godot-cli/runner/inspection_bridge.gd:575)
       [6] _append_nodes (res://tools/godot-cli/runner/inspection_bridge.gd:575)
       [7] _snapshot_with_store (res://tools/godot-cli/runner/inspection_bridge.gd:394)
       [8] _respond (res://tools/godot-cli/runner/inspection_bridge.gd:377)
       [9] _process (res://tools/godot-cli/runner/inspection_bridge.gd:213)
ERROR: Condition "p.d == 0" is true. Returning: Point2()
   at: Camera3D::unproject_position (scene\3d\camera_3d.cpp:482)
   GDScript backtrace (most recent call first):
       [0] _append_nodes (res://tools/godot-cli/runner/inspection_bridge.gd:449)
       [1] _append_nodes (res://tools/godot-cli/runner/inspection_bridge.gd:575)
       [2] _append_nodes (res://tools/godot-cli/runner/inspection_bridge.gd:575)
       [3] _append_nodes (res://tools/godot-cli/runner/inspection_bridge.gd:575)
       [4] _append_nodes (res://tools/godot-cli/runner/inspection_bridge.gd:575)
       [5] _append_nodes (res://tools/godot-cli/runner/inspection_bridge.gd:575)
       [6] _append_nodes (res://tools/godot-cli/runner/inspection_bridge.gd:575)
       [7] _append_nodes (res://tools/godot-cli/runner/inspection_bridge.gd:575)
       [8] _snapshot_with_store (res://tools/godot-cli/runner/inspection_bridge.gd:394)
       [9] _respond (res://tools/godot-cli/runner/inspection_bridge.gd:377)
       [10] _process (res://tools/godot-cli/runner/inspection_bridge.gd:213)
ERROR: Condition "p.d == 0" is true. Returning: Point2()
   at: Camera3D::unproject_position (scene\3d\camera_3d.cpp:482)
   GDScript backtrace (most recent call first):
       [0] _append_nodes (res://tools/godot-cli/runner/inspection_bridge.gd:449)
       [1] _append_nodes (res://tools/godot-cli/runner/inspection_bridge.gd:575)
       [2] _append_nodes (res://tools/godot-cli/runner/inspection_bridge.gd:575)
       [3] _append_nodes (res://tools/godot-cli/runner/inspection_bridge.gd:575)
       [4] _snapshot_with_store (res://tools/godot-cli/runner/inspection_bridge.gd:394)
       [5] _respond (res://tools/godot-cli/runner/inspection_bridge.gd:377)
       [6] _process (res://tools/godot-cli/runner/inspection_bridge.gd:213)
ERROR: Condition "p.d == 0" is true. Returning: Point2()
   at: Camera3D::unproject_position (scene\3d\camera_3d.cpp:482)
   GDScript backtrace (most recent call first):
       [0] _append_nodes (res://tools/godot-cli/runner/inspection_bridge.gd:449)
       [1] _append_nodes (res://tools/godot-cli/runner/inspection_bridge.gd:575)
       [2] _append_nodes (res://tools/godot-cli/runner/inspection_bridge.gd:575)
       [3] _append_nodes (res://tools/godot-cli/runner/inspection_bridge.gd:575)
       [4] _snapshot_with_store (res://tools/godot-cli/runner/inspection_bridge.gd:394)
       [5] _respond (res://tools/godot-cli/runner/inspection_bridge.gd:377)
       [6] _process (res://tools/godot-cli/runner/inspection_bridge.gd:213)
[JS] GODMODE_ACTOR_COST={"id":"soldier-e13","visual":false,"ms":0.138}
[JS] GODMODE_SYSTEM_ADMIN_SPAWNED=soldier-e13
[JS] GODMODE_PATROL_PRESENTATION={"id":"soldier-e13","distance":24.98436737060547,"visible":false,"seenPast":""}
[JS] GODMODE_ACTOR_COST={"id":"soldier-e13","visual":true,"ms":0.704}
[JS] GODMODE_SOLDIER_SHOT=soldier-e4:rifle:2:hit
[JS] GODMODE_SOLDIER_SHOT=soldier-e4:rifle:2:miss
[JS] GODMODE_FIRST_RUN_HINT=infoPanel
[JS] GODMODE_SOLDIER_SHOT=soldier-e4:rifle:2:miss
[JS] GODMODE_SOLDIER_SHOT=soldier-e4:rifle:2:miss
[JS] GODMODE_SOLDIER_SHOT=soldier-e4:rifle:2:miss
[JS] GODMODE_SOLDIER_SHOT=soldier-e1:rifle:2:hit
[JS] GODMODE_SYSTEM_ADMIN_TARGET=soldier-e13:2
[JS] GODMODE_SOLDIER_SHOT=soldier-e1:rifle:2:miss
[JS] GODMODE_SOLDIER_SHOT=soldier-e1:rifle:2:miss
[JS] GODMODE_ACTOR_COST={"id":"soldier-e14","visual":false,"ms":0.183}
[JS] GODMODE_SYSTEM_ADMIN_SPAWNED=soldier-e14
[JS] GODMODE_PATROL_PRESENTATION={"id":"soldier-e14","distance":21.435453414916992,"visible":false,"seenPast":""}
[JS] GODMODE_ACTOR_COST={"id":"soldier-e14","visual":true,"ms":1.101}
[JS] GODMODE_SOLDIER_SHOT=soldier-e1:rifle:2:miss
[JS] GODMODE_SOLDIER_SHOT=soldier-e1:rifle:2:hit
[JS] GODMODE_SOLDIER_SHOT=soldier-e2:rifle:2:hit
[JS] GODMODE_SOLDIER_SHOT=soldier-e2:rifle:2:miss
[JS] GODMODE_SOLDIER_SHOT=soldier-e2:rifle:2:miss
[JS] GODMODE_SOLDIER_SHOT=soldier-e2:rifle:2:hit
[JS] GODMODE_SYSTEM_ADMIN_TARGET=soldier-e14:2
[JS] GODMODE_SOLDIER_SHOT=soldier-e2:rifle:2:miss
[JS] GODMODE_SOLDIER_SHOT=soldier-e5:rifle:2:hit
[JS] GODMODE_DEBUG_EQUIP=2:machineGun
[JS] GODMODE_DEBUG_COMMAND=refill:ok
[JS] GODMODE_DEBUG_COMMAND=giveStreak:ok
[JS] GODMODE_DEBUG_COMMAND=giveStreak:ok
[JS] GODMODE_DEBUG_COMMAND=giveStreak:ok
[JS] GODMODE_DEBUG_COMMAND=giveStreak:ok
[JS] GODMODE_DEBUG_COMMAND=giveStreak:ok
[JS] GODMODE_DEBUG_COMMAND=giveStreak:ok
[JS] GODMODE_DEBUG_COMMAND=timeScale:ok
[JS] GODMODE_SOLDIER_SHOT=soldier-e5:rifle:2:miss
[JS] GODMODE_SOLDIER_SHOT=soldier-e5:rifle:2:miss
[JS] GODMODE_SOLDIER_SHOT=soldier-e5:rifle:2:hit
[JS] GODMODE_SOLDIER_SHOT=soldier-e5:rifle:2:hit
[JS] GODMODE_SOLDIER_SHOT=soldier-e10:rifle:2:miss
[JS] GODMODE_SOLDIER_SHOT=soldier-e10:rifle:2:miss
[JS] GODMODE_SOLDIER_SHOT=soldier-e10:rifle:2:miss
ERROR: Condition "p.d == 0" is true. Returning: Point2()
   at: Camera3D::unproject_position (scene\3d\camera_3d.cpp:482)
   GDScript backtrace (most recent call first):
       [0] _append_nodes (res://tools/godot-cli/runner/inspection_bridge.gd:449)
       [1] _append_nodes (res://tools/godot-cli/runner/inspection_bridge.gd:575)
       [2] _append_nodes (res://tools/godot-cli/runner/inspection_bridge.gd:575)
       [3] _snapshot_with_store (res://tools/godot-cli/runner/inspection_bridge.gd:394)
       [4] _respond (res://tools/godot-cli/runner/inspection_bridge.gd:377)
       [5] _process (res://tools/godot-cli/runner/inspection_bridge.gd:213)
ERROR: Condition "p.d == 0" is true. Returning: Point2()
   at: Camera3D::unproject_position (scene\3d\camera_3d.cpp:482)
   GDScript backtrace (most recent call first):
       [0] _append_nodes (res://tools/godot-cli/runner/inspection_bridge.gd:449)
       [1] _append_nodes (res://tools/godot-cli/runner/inspection_bridge.gd:575)
       [2] _append_nodes (res://tools/godot-cli/runner/inspection_bridge.gd:575)
       [3] _append_nodes (res://tools/godot-cli/runner/inspection_bridge.gd:575)
       [4] _snapshot_with_store (res://tools/godot-cli/runner/inspection_bridge.gd:394)
       [5] _respond (res://tools/godot-cli/runner/inspection_bridge.gd:377)
       [6] _process (res://tools/godot-cli/runner/inspection_bridge.gd:213)
ERROR: Condition "p.d == 0" is true. Returning: Point2()
   at: Camera3D::unproject_position (scene\3d\camera_3d.cpp:482)
   GDScript backtrace (most recent call first):
       [0] _append_nodes (res://tools/godot-cli/runner/inspection_bridge.gd:449)
       [1] _append_nodes (res://tools/godot-cli/runner/inspection_bridge.gd:575)
       [2] _append_nodes (res://tools/godot-cli/runner/inspection_bridge.gd:575)
       [3] _append_nodes (res://tools/godot-cli/runner/inspection_bridge.gd:575)
       [4] _append_nodes (res://tools/godot-cli/runner/inspection_bridge.gd:575)
       [5] _snapshot_with_store (res://tools/godot-cli/runner/inspection_bridge.gd:394)
       [6] _respond (res://tools/godot-cli/runner/inspection_bridge.gd:377)
       [7] _process (res://tools/godot-cli/runner/inspection_bridge.gd:213)
ERROR: Condition "p.d == 0" is true. Returning: Point2()
   at: Camera3D::unproject_position (scene\3d\camera_3d.cpp:482)
   GDScript backtrace (most recent call first):
       [0] _append_nodes (res://tools/godot-cli/runner/inspection_bridge.gd:449)
       [1] _append_nodes (res://tools/godot-cli/runner/inspection_bridge.gd:575)
       [2] _append_nodes (res://tools/godot-cli/runner/inspection_bridge.gd:575)
       [3] _append_nodes (res://tools/godot-cli/runner/inspection_bridge.gd:575)
       [4] _append_nodes (res://tools/godot-cli/runner/inspection_bridge.gd:575)
       [5] _append_nodes (res://tools/godot-cli/runner/inspection_bridge.gd:575)
       [6] _snapshot_with_store (res://tools/godot-cli/runner/inspection_bridge.gd:394)
       [7] _respond (res://tools/godot-cli/runner/inspection_bridge.gd:377)
       [8] _process (res://tools/godot-cli/runner/inspection_bridge.gd:213)
ERROR: Condition "p.d == 0" is true. Returning: Point2()
   at: Camera3D::unproject_position (scene\3d\camera_3d.cpp:482)
   GDScript backtrace (most recent call first):
       [0] _append_nodes (res://tools/godot-cli/runner/inspection_bridge.gd:449)
       [1] _append_nodes (res://tools/godot-cli/runner/inspection_bridge.gd:575)
       [2] _append_nodes (res://tools/godot-cli/runner/inspection_bridge.gd:575)
       [3] _append_nodes (res://tools/godot-cli/runner/inspection_bridge.gd:575)
       [4] _append_nodes (res://tools/godot-cli/runner/inspection_bridge.gd:575)
       [5] _append_nodes (res://tools/godot-cli/runner/inspection_bridge.gd:575)
       [6] _append_nodes (res://tools/godot-cli/runner/inspection_bridge.gd:575)
       [7] _snapshot_with_store (res://tools/godot-cli/runner/inspection_bridge.gd:394)
       [8] _respond (res://tools/godot-cli/runner/inspection_bridge.gd:377)
       [9] _process (res://tools/godot-cli/runner/inspection_bridge.gd:213)
ERROR: Condition "p.d == 0" is true. Returning: Point2()
   at: Camera3D::unproject_position (scene\3d\camera_3d.cpp:482)
   GDScript backtrace (most recent call first):
       [0] _append_nodes (res://tools/godot-cli/runner/inspection_bridge.gd:449)
       [1] _append_nodes (res://tools/godot-cli/runner/inspection_bridge.gd:575)
       [2] _append_nodes (res://tools/godot-cli/runner/inspection_bridge.gd:575)
       [3] _append_nodes (res://tools/godot-cli/runner/inspection_bridge.gd:575)
       [4] _append_nodes (res://tools/godot-cli/runner/inspection_bridge.gd:575)
       [5] _append_nodes (res://tools/godot-cli/runner/inspection_bridge.gd:575)
       [6] _append_nodes (res://tools/godot-cli/runner/inspection_bridge.gd:575)
       [7] _append_nodes (res://tools/godot-cli/runner/inspection_bridge.gd:575)
       [8] _snapshot_with_store (res://tools/godot-cli/runner/inspection_bridge.gd:394)
       [9] _respond (res://tools/godot-cli/runner/inspection_bridge.gd:377)
       [10] _process (res://tools/godot-cli/runner/inspection_bridge.gd:213)
ERROR: Condition "p.d == 0" is true. Returning: Point2()
   at: Camera3D::unproject_position (scene\3d\camera_3d.cpp:482)
   GDScript backtrace (most recent call first):
       [0] _append_nodes (res://tools/godot-cli/runner/inspection_bridge.gd:449)
       [1] _append_nodes (res://tools/godot-cli/runner/inspection_bridge.gd:575)
       [2] _append_nodes (res://tools/godot-cli/runner/inspection_bridge.gd:575)
       [3] _append_nodes (res://tools/godot-cli/runner/inspection_bridge.gd:575)
       [4] _append_nodes (res://tools/godot-cli/runner/inspection_bridge.gd:575)
       [5] _append_nodes (res://tools/godot-cli/runner/inspection_bridge.gd:575)
       [6] _append_nodes (res://tools/godot-cli/runner/inspection_bridge.gd:575)
       [7] _append_nodes (res://tools/godot-cli/runner/inspection_bridge.gd:575)
       [8] _append_nodes (res://tools/godot-cli/runner/inspection_bridge.gd:575)
       [9] _snapshot_with_store (res://tools/godot-cli/runner/inspection_bridge.gd:394)
       [10] _respond (res://tools/godot-cli/runner/inspection_bridge.gd:377)
       [11] _process (res://tools/godot-cli/runner/inspection_bridge.gd:213)
ERROR: Condition "p.d == 0" is true. Returning: Point2()
   at: Camera3D::unproject_position (scene\3d\camera_3d.cpp:482)
   GDScript backtrace (most recent call first):
       [0] _append_nodes (res://tools/godot-cli/runner/inspection_bridge.gd:449)
       [1] _append_nodes (res://tools/godot-cli/runner/inspection_bridge.gd:575)
       [2] _append_nodes (res://tools/godot-cli/runner/inspection_bridge.gd:575)
       [3] _append_nodes (res://tools/godot-cli/runner/inspection_bridge.gd:575)
       [4] _append_nodes (res://tools/godot-cli/runner/inspection_bridge.gd:575)
       [5] _snapshot_with_store (res://tools/godot-cli/runner/inspection_bridge.gd:394)
       [6] _respond (res://tools/godot-cli/runner/inspection_bridge.gd:377)
       [7] _process (res://tools/godot-cli/runner/inspection_bridge.gd:213)
ERROR: Condition "p.d == 0" is true. Returning: Point2()
   at: Camera3D::unproject_position (scene\3d\camera_3d.cpp:482)
   GDScript backtrace (most recent call first):
       [0] _append_nodes (res://tools/godot-cli/runner/inspection_bridge.gd:449)
       [1] _append_nodes (res://tools/godot-cli/runner/inspection_bridge.gd:575)
       [2] _append_nodes (res://tools/godot-cli/runner/inspection_bridge.gd:575)
       [3] _append_nodes (res://tools/godot-cli/runner/inspection_bridge.gd:575)
       [4] _append_nodes (res://tools/godot-cli/runner/inspection_bridge.gd:575)
       [5] _append_nodes (res://tools/godot-cli/runner/inspection_bridge.gd:575)
       [6] _snapshot_with_store (res://tools/godot-cli/runner/inspection_bridge.gd:394)
       [7] _respond (res://tools/godot-cli/runner/inspection_bridge.gd:377)
       [8] _process (res://tools/godot-cli/runner/inspection_bridge.gd:213)
ERROR: Condition "p.d == 0" is true. Returning: Point2()
   at: Camera3D::unproject_position (scene\3d\camera_3d.cpp:482)
   GDScript backtrace (most recent call first):
       [0] _append_nodes (res://tools/godot-cli/runner/inspection_bridge.gd:449)
       [1] _append_nodes (res://tools/godot-cli/runner/inspection_bridge.gd:575)
       [2] _append_nodes (res://tools/godot-cli/runner/inspection_bridge.gd:575)
       [3] _append_nodes (res://tools/godot-cli/runner/inspection_bridge.gd:575)
       [4] _append_nodes (res://tools/godot-cli/runner/inspection_bridge.gd:575)
       [5] _append_nodes (res://tools/godot-cli/runner/inspection_bridge.gd:575)
       [6] _append_nodes (res://tools/godot-cli/runner/inspection_bridge.gd:575)
       [7] _snapshot_with_store (res://tools/godot-cli/runner/inspection_bridge.gd:394)
       [8] _respond (res://tools/godot-cli/runner/inspection_bridge.gd:377)
       [9] _process (res://tools/godot-cli/runner/inspection_bridge.gd:213)
ERROR: Condition "p.d == 0" is true. Returning: Point2()
   at: Camera3D::unproject_position (scene\3d\camera_3d.cpp:482)
   GDScript backtrace (most recent call first):
       [0] _append_nodes (res://tools/godot-cli/runner/inspection_bridge.gd:449)
       [1] _append_nodes (res://tools/godot-cli/runner/inspection_bridge.gd:575)
       [2] _append_nodes (res://tools/godot-cli/runner/inspection_bridge.gd:575)
       [3] _append_nodes (res://tools/godot-cli/runner/inspection_bridge.gd:575)
       [4] _append_nodes (res://tools/godot-cli/runner/inspection_bridge.gd:575)
       [5] _append_nodes (res://tools/godot-cli/runner/inspection_bridge.gd:575)
       [6] _append_nodes (res://tools/godot-cli/runner/inspection_bridge.gd:575)
       [7] _append_nodes (res://tools/godot-cli/runner/inspection_bridge.gd:575)
       [8] _snapshot_with_store (res://tools/godot-cli/runner/inspection_bridge.gd:394)
       [9] _respond (res://tools/godot-cli/runner/inspection_bridge.gd:377)
       [10] _process (res://tools/godot-cli/runner/inspection_bridge.gd:213)
ERROR: Condition "p.d == 0" is true. Returning: Point2()
   at: Camera3D::unproject_position (scene\3d\camera_3d.cpp:482)
   GDScript backtrace (most recent call first):
       [0] _append_nodes (res://tools/godot-cli/runner/inspection_bridge.gd:449)
       [1] _append_nodes (res://tools/godot-cli/runner/inspection_bridge.gd:575)
       [2] _append_nodes (res://tools/godot-cli/runner/inspection_bridge.gd:575)
       [3] _append_nodes (res://tools/godot-cli/runner/inspection_bridge.gd:575)
       [4] _append_nodes (res://tools/godot-cli/runner/inspection_bridge.gd:575)
       [5] _append_nodes (res://tools/godot-cli/runner/inspection_bridge.gd:575)
       [6] _append_nodes (res://tools/godot-cli/runner/inspection_bridge.gd:575)
       [7] _append_nodes (res://tools/godot-cli/runner/inspection_bridge.gd:575)
       [8] _append_nodes (res://tools/godot-cli/runner/inspection_bridge.gd:575)
       [9] _snapshot_with_store (res://tools/godot-cli/runner/inspection_bridge.gd:394)
       [10] _respond (res://tools/godot-cli/runner/inspection_bridge.gd:377)
       [11] _process (res://tools/godot-cli/runner/inspection_bridge.gd:213)
ERROR: Condition "p.d == 0" is true. Returning: Point2()
   at: Camera3D::unproject_position (scene\3d\camera_3d.cpp:482)
   GDScript backtrace (most recent call first):
       [0] _append_nodes (res://tools/godot-cli/runner/inspection_bridge.gd:449)
       [1] _append_nodes (res://tools/godot-cli/runner/inspection_bridge.gd:575)
       [2] _append_nodes (res://tools/godot-cli/runner/inspection_bridge.gd:575)
       [3] _append_nodes (res://tools/godot-cli/runner/inspection_bridge.gd:575)
       [4] _snapshot_with_store (res://tools/godot-cli/runner/inspection_bridge.gd:394)
       [5] _respond (res://tools/godot-cli/runner/inspection_bridge.gd:377)
       [6] _process (res://tools/godot-cli/runner/inspection_bridge.gd:213)
ERROR: Condition "p.d == 0" is true. Returning: Point2()
   at: Camera3D::unproject_position (scene\3d\camera_3d.cpp:482)
   GDScript backtrace (most recent call first):
       [0] _append_nodes (res://tools/godot-cli/runner/inspection_bridge.gd:449)
       [1] _append_nodes (res://tools/godot-cli/runner/inspection_bridge.gd:575)
       [2] _append_nodes (res://tools/godot-cli/runner/inspection_bridge.gd:575)
       [3] _append_nodes (res://tools/godot-cli/runner/inspection_bridge.gd:575)
       [4] _append_nodes (res://tools/godot-cli/runner/inspection_bridge.gd:575)
       [5] _snapshot_with_store (res://tools/godot-cli/runner/inspection_bridge.gd:394)
       [6] _respond (res://tools/godot-cli/runner/inspection_bridge.gd:377)
       [7] _process (res://tools/godot-cli/runner/inspection_bridge.gd:213)
ERROR: Condition "p.d == 0" is true. Returning: Point2()
   at: Camera3D::unproject_position (scene\3d\camera_3d.cpp:482)
   GDScript backtrace (most recent call first):
       [0] _append_nodes (res://tools/godot-cli/runner/inspection_bridge.gd:449)
       [1] _append_nodes (res://tools/godot-cli/runner/inspection_bridge.gd:575)
       [2] _append_nodes (res://tools/godot-cli/runner/inspection_bridge.gd:575)
       [3] _append_nodes (res://tools/godot-cli/runner/inspection_bridge.gd:575)
       [4] _append_nodes (res://tools/godot-cli/runner/inspection_bridge.gd:575)
       [5] _append_nodes (res://tools/godot-cli/runner/inspection_bridge.gd:575)
       [6] _snapshot_with_store (res://tools/godot-cli/runner/inspection_bridge.gd:394)
       [7] _respond (res://tools/godot-cli/runner/inspection_bridge.gd:377)
       [8] _process (res://tools/godot-cli/runner/inspection_bridge.gd:213)
ERROR: Condition "p.d == 0" is true. Returning: Point2()
   at: Camera3D::unproject_position (scene\3d\camera_3d.cpp:482)
   GDScript backtrace (most recent call first):
       [0] _append_nodes (res://tools/godot-cli/runner/inspection_bridge.gd:449)
       [1] _append_nodes (res://tools/godot-cli/runner/inspection_bridge.gd:575)
       [2] _append_nodes (res://tools/godot-cli/runner/inspection_bridge.gd:575)
       [3] _append_nodes (res://tools/godot-cli/runner/inspection_bridge.gd:575)
       [4] _snapshot_with_store (res://tools/godot-cli/runner/inspection_bridge.gd:394)
       [5] _respond (res://tools/godot-cli/runner/inspection_bridge.gd:377)
       [6] _process (res://tools/godot-cli/runner/inspection_bridge.gd:213)
ERROR: Condition "p.d == 0" is true. Returning: Point2()
   at: Camera3D::unproject_position (scene\3d\camera_3d.cpp:482)
   GDScript backtrace (most recent call first):
       [0] _append_nodes (res://tools/godot-cli/runner/inspection_bridge.gd:449)
       [1] _append_nodes (res://tools/godot-cli/runner/inspection_bridge.gd:575)
       [2] _append_nodes (res://tools/godot-cli/runner/inspection_bridge.gd:575)
       [3] _snapshot_with_store (res://tools/godot-cli/runner/inspection_bridge.gd:394)
       [4] _respond (res://tools/godot-cli/runner/inspection_bridge.gd:377)
       [5] _process (res://tools/godot-cli/runner/inspection_bridge.gd:213)
ERROR: Condition "p.d == 0" is true. Returning: Point2()
   at: Camera3D::unproject_position (scene\3d\camera_3d.cpp:482)
   GDScript backtrace (most recent call first):
       [0] _append_nodes (res://tools/godot-cli/runner/inspection_bridge.gd:449)
       [1] _append_nodes (res://tools/godot-cli/runner/inspection_bridge.gd:575)
       [2] _append_nodes (res://tools/godot-cli/runner/inspection_bridge.gd:575)
       [3] _append_nodes (res://tools/godot-cli/runner/inspection_bridge.gd:575)
       [4] _snapshot_with_store (res://tools/godot-cli/runner/inspection_bridge.gd:394)
       [5] _respond (res://tools/godot-cli/runner/inspection_bridge.gd:377)
       [6] _process (res://tools/godot-cli/runner/inspection_bridge.gd:213)
ERROR: Condition "p.d == 0" is true. Returning: Point2()
   at: Camera3D::unproject_position (scene\3d\camera_3d.cpp:482)
   GDScript backtrace (most recent call first):
       [0] _append_nodes (res://tools/godot-cli/runner/inspection_bridge.gd:449)
       [1] _append_nodes (res://tools/godot-cli/runner/inspection_bridge.gd:575)
       [2] _append_nodes (res://tools/godot-cli/runner/inspection_bridge.gd:575)
       [3] _append_nodes (res://tools/godot-cli/runner/inspection_bridge.gd:575)
       [4] _snapshot_with_store (res://tools/godot-cli/runner/inspection_bridge.gd:394)
       [5] _respond (res://tools/godot-cli/runner/inspection_bridge.gd:377)
       [6] _process (res://tools/godot-cli/runner/inspection_bridge.gd:213)
ERROR: Condition "p.d == 0" is true. Returning: Point2()
   at: Camera3D::unproject_position (scene\3d\camera_3d.cpp:482)
   GDScript backtrace (most recent call first):
       [0] _append_nodes (res://tools/godot-cli/runner/inspection_bridge.gd:449)
       [1] _append_nodes (res://tools/godot-cli/runner/inspection_bridge.gd:575)
       [2] _append_nodes (res://tools/godot-cli/runner/inspection_bridge.gd:575)
       [3] _append_nodes (res://tools/godot-cli/runner/inspection_bridge.gd:575)
       [4] _append_nodes (res://tools/godot-cli/runner/inspection_bridge.gd:575)
       [5] _snapshot_with_store (res://tools/godot-cli/runner/inspection_bridge.gd:394)
       [6] _respond (res://tools/godot-cli/runner/inspection_bridge.gd:377)
       [7] _process (res://tools/godot-cli/runner/inspection_bridge.gd:213)
ERROR: Condition "p.d == 0" is true. Returning: Point2()
   at: Camera3D::unproject_position (scene\3d\camera_3d.cpp:482)
   GDScript backtrace (most recent call first):
       [0] _append_nodes (res://tools/godot-cli/runner/inspection_bridge.gd:449)
       [1] _append_nodes (res://tools/godot-cli/runner/inspection_bridge.gd:575)
       [2] _append_nodes (res://tools/godot-cli/runner/inspection_bridge.gd:575)
       [3] _append_nodes (res://tools/godot-cli/runner/inspection_bridge.gd:575)
       [4] _append_nodes (res://tools/godot-cli/runner/inspection_bridge.gd:575)
       [5] _append_nodes (res://tools/godot-cli/runner/inspection_bridge.gd:575)
       [6] _snapshot_with_store (res://tools/godot-cli/runner/inspection_bridge.gd:394)
       [7] _respond (res://tools/godot-cli/runner/inspection_bridge.gd:377)
       [8] _process (res://tools/godot-cli/runner/inspection_bridge.gd:213)
ERROR: Condition "p.d == 0" is true. Returning: Point2()
   at: Camera3D::unproject_position (scene\3d\camera_3d.cpp:482)
   GDScript backtrace (most recent call first):
       [0] _append_nodes (res://tools/godot-cli/runner/inspection_bridge.gd:449)
       [1] _append_nodes (res://tools/godot-cli/runner/inspection_bridge.gd:575)
       [2] _append_nodes (res://tools/godot-cli/runner/inspection_bridge.gd:575)
       [3] _append_nodes (res://tools/godot-cli/runner/inspection_bridge.gd:575)
       [4] _append_nodes (res://tools/godot-cli/runner/inspection_bridge.gd:575)
       [5] _append_nodes (res://tools/godot-cli/runner/inspection_bridge.gd:575)
       [6] _append_nodes (res://tools/godot-cli/runner/inspection_bridge.gd:575)
       [7] _snapshot_with_store (res://tools/godot-cli/runner/inspection_bridge.gd:394)
       [8] _respond (res://tools/godot-cli/runner/inspection_bridge.gd:377)
       [9] _process (res://tools/godot-cli/runner/inspection_bridge.gd:213)
ERROR: Condition "p.d == 0" is true. Returning: Point2()
   at: Camera3D::unproject_position (scene\3d\camera_3d.cpp:482)
   GDScript backtrace (most recent call first):
       [0] _append_nodes (res://tools/godot-cli/runner/inspection_bridge.gd:449)
       [1] _append_nodes (res://tools/godot-cli/runner/inspection_bridge.gd:575)
       [2] _append_nodes (res://tools/godot-cli/runner/inspection_bridge.gd:575)
       [3] _append_nodes (res://tools/godot-cli/runner/inspection_bridge.gd:575)
       [4] _append_nodes (res://tools/godot-cli/runner/inspection_bridge.gd:575)
       [5] _append_nodes (res://tools/godot-cli/runner/inspection_bridge.gd:575)
       [6] _append_nodes (res://tools/godot-cli/runner/inspection_bridge.gd:575)
       [7] _append_nodes (res://tools/godot-cli/runner/inspection_bridge.gd:575)
       [8] _snapshot_with_store (res://tools/godot-cli/runner/inspection_bridge.gd:394)
       [9] _respond (res://tools/godot-cli/runner/inspection_bridge.gd:377)
       [10] _process (res://tools/godot-cli/runner/inspection_bridge.gd:213)
ERROR: Condition "p.d == 0" is true. Returning: Point2()
   at: Camera3D::unproject_position (scene\3d\camera_3d.cpp:482)
   GDScript backtrace (most recent call first):
       [0] _append_nodes (res://tools/godot-cli/runner/inspection_bridge.gd:449)
       [1] _append_nodes (res://tools/godot-cli/runner/inspection_bridge.gd:575)
       [2] _append_nodes (res://tools/godot-cli/runner/inspection_bridge.gd:575)
       [3] _append_nodes (res://tools/godot-cli/runner/inspection_bridge.gd:575)
       [4] _snapshot_with_store (res://tools/godot-cli/runner/inspection_bridge.gd:394)
       [5] _respond (res://tools/godot-cli/runner/inspection_bridge.gd:377)
       [6] _process (res://tools/godot-cli/runner/inspection_bridge.gd:213)
ERROR: Condition "p.d == 0" is true. Returning: Point2()
   at: Camera3D::unproject_position (scene\3d\camera_3d.cpp:482)
   GDScript backtrace (most recent call first):
       [0] _append_nodes (res://tools/godot-cli/runner/inspection_bridge.gd:449)
       [1] _append_nodes (res://tools/godot-cli/runner/inspection_bridge.gd:575)
       [2] _append_nodes (res://tools/godot-cli/runner/inspection_bridge.gd:575)
       [3] _append_nodes (res://tools/godot-cli/runner/inspection_bridge.gd:575)
       [4] _snapshot_with_store (res://tools/godot-cli/runner/inspection_bridge.gd:394)
       [5] _respond (res://tools/godot-cli/runner/inspection_bridge.gd:377)
       [6] _process (res://tools/godot-cli/runner/inspection_bridge.gd:213)
[JS] GODMODE_SOLDIER_SHOT=soldier-e8:rifle:2:miss
[JS] GODMODE_SOLDIER_SHOT=soldier-e10:rifle:2:hit
[JS] GODMODE_SOLDIER_SHOT=soldier-e11:rifle:2:miss
[JS] GODMODE_SOLDIER_SHOT=soldier-e8:rifle:2:miss
[JS] GODMODE_SOLDIER_SHOT=soldier-e10:rifle:2:miss
[JS] GODMODE_SOLDIER_SHOT=soldier-e11:rifle:2:miss
[JS] GODMODE_SOLDIER_SHOT=soldier-e8:rifle:2:miss
[JS] GODMODE_SOLDIER_SHOT=soldier-e11:rifle:2:miss
[JS] GODMODE_STREAK_USED=precisionAirstrike
[JS] GODMODE_DEBUG_COMMAND=streak:ok
[JS] GODMODE_SOLDIER_SHOT=soldier-e8:rifle:2:hit
[JS] GODMODE_SOLDIER_SHOT=soldier-e11:rifle:2:miss
[JS] GODMODE_STREAM_CHAT_EVENT=streakCalled
[JS] GODMODE_SOLDIER_SHOT=soldier-e1:rifle:2:hit
[JS] GODMODE_SOLDIER_SHOT=soldier-e8:rifle:2:miss
[JS] GODMODE_SOLDIER_SHOT=soldier-e11:rifle:2:hit
[JS] GODMODE_STREAK_VIEW=precisionAirstrike:1462
[JS] GODMODE_SOLDIER_SHOT=soldier-e1:rifle:2:miss
[JS] GODMODE_SOLDIER_SHOT=soldier-e1:rifle:2:hit
[JS] GODMODE_SOLDIER_SHOT=soldier-e1:rifle:2:miss
[JS] GODMODE_SOLDIER_SHOT=soldier-e1:rifle:2:hit
[JS] GODMODE_SOLDIER_SHOT=soldier-e2:rifle:2:miss
[JS] GODMODE_SOLDIER_SHOT=soldier-e2:rifle:2:miss
[JS] GODMODE_SOLDIER_SHOT=soldier-e2:rifle:2:miss
[JS] GODMODE_SOLDIER_SHOT=soldier-e2:rifle:2:miss
[JS] GODMODE_SOLDIER_SHOT=soldier-e2:rifle:2:hit
[JS] GODMODE_SOLDIER_SHOT=soldier-e4:rifle:2:hit
[JS] GODMODE_SOLDIER_SHOT=soldier-e4:rifle:2:miss
[JS] GODMODE_SOLDIER_SHOT=soldier-e4:rifle:2:miss
[JS] GODMODE_SOLDIER_SHOT=soldier-e4:rifle:2:miss
[JS] GODMODE_SOLDIER_SHOT=soldier-e4:rifle:2:miss
[JS] GODMODE_SOLDIER_SHOT=soldier-e5:rifle:2:miss
[JS] GODMODE_SOLDIER_SHOT=soldier-e5:rifle:2:miss
[JS] GODMODE_SOLDIER_SHOT=soldier-e5:rifle:2:miss
[JS] GODMODE_SOLDIER_SHOT=soldier-e5:rifle:2:miss
[JS] GODMODE_SOLDIER_SHOT=soldier-e5:rifle:2:miss
[JS] GODMODE_SOLDIER_SHOT=soldier-e6:rifle:2:miss
[JS] GODMODE_SOLDIER_SHOT=soldier-e6:rifle:2:miss
[JS] GODMODE_SOLDIER_SHOT=soldier-e6:rifle:2:miss
[JS] GODMODE_SOLDIER_SHOT=soldier-e6:rifle:2:miss
[JS] GODMODE_SOLDIER_SHOT=soldier-e6:rifle:2:miss
[JS] GODMODE_SOLDIER_SHOT=soldier-e7:rifle:2:hit
[JS] GODMODE_SOLDIER_SHOT=soldier-e7:rifle:2:miss
[JS] GODMODE_SOLDIER_SHOT=soldier-e7:rifle:2:miss
[JS] GODMODE_SOLDIER_SHOT=soldier-e7:rifle:2:miss
[JS] GODMODE_SOLDIER_SHOT=soldier-e7:rifle:2:miss
[JS] GODMODE_SOLDIER_SHOT=soldier-e12:rifle:2:miss
[JS] GODMODE_SOLDIER_SHOT=soldier-e12:rifle:2:miss
[JS] GODMODE_SOLDIER_SHOT=soldier-e12:rifle:2:miss
[JS] GODMODE_SOLDIER_SHOT=soldier-e12:rifle:2:hit
[JS] GODMODE_SOLDIER_SHOT=soldier-e12:rifle:2:miss
[JS] GODMODE_SOLDIER_SHOT=soldier-e14:rifle:2:miss
[JS] GODMODE_SOLDIER_SHOT=soldier-e14:rifle:2:miss
[JS] GODMODE_SOLDIER_SHOT=soldier-e14:rifle:2:miss
[JS] GODMODE_SOLDIER_SHOT=soldier-e14:rifle:2:miss
[JS] GODMODE_SOLDIER_SHOT=soldier-e14:rifle:2:miss
[JS] GODMODE_SOLDIER_SHOT=soldier-e8:rifle:2:miss
[JS] GODMODE_SOLDIER_SHOT=soldier-e8:rifle:2:hit
[JS] GODMODE_SOLDIER_SHOT=soldier-e8:rifle:2:miss
[JS] GODMODE_SOLDIER_SHOT=soldier-e8:rifle:2:miss
[JS] GODMODE_SOLDIER_SHOT=soldier-e8:rifle:2:hit
[JS] GODMODE_SOLDIER_SHOT=soldier-e3:rifle:2:miss
[JS] GODMODE_SOLDIER_SHOT=soldier-e3:rifle:2:miss
[JS] GODMODE_SOLDIER_SHOT=soldier-e3:rifle:2:hit
[JS] GODMODE_SOLDIER_SHOT=soldier-e3:rifle:2:miss
[JS] GODMODE_SOLDIER_SHOT=soldier-e3:rifle:2:miss
[JS] GODMODE_SOLDIER_SHOT=soldier-e1:rifle:2:miss
[JS] GODMODE_SOLDIER_SHOT=soldier-e1:rifle:2:hit
[JS] GODMODE_SOLDIER_SHOT=soldier-e1:rifle:2:hit
[JS] GODMODE_SOLDIER_SHOT=soldier-e1:rifle:2:miss
[JS] GODMODE_SOLDIER_SHOT=soldier-e1:rifle:2:hit
[JS] GODMODE_SOLDIER_SHOT=soldier-e2:rifle:2:miss
[JS] GODMODE_SOLDIER_SHOT=soldier-e2:rifle:2:miss
[JS] GODMODE_SOLDIER_SHOT=soldier-e2:rifle:2:miss
[JS] GODMODE_SOLDIER_SHOT=soldier-e2:rifle:2:miss
[JS] GODMODE_SOLDIER_SHOT=soldier-e2:rifle:2:miss
[JS] GODMODE_SOLDIER_SHOT=soldier-e9:rifle:2:miss
[JS] GODMODE_SOLDIER_SHOT=soldier-e9:rifle:2:miss
[JS] GODMODE_SOLDIER_SHOT=soldier-e9:rifle:2:miss
[JS] GODMODE_SOLDIER_SHOT=soldier-e9:rifle:2:miss
[JS] GODMODE_SOLDIER_SHOT=soldier-e9:rifle:2:miss
[JS] GODMODE_SOLDIER_SHOT=soldier-e4:rifle:2:miss
[JS] GODMODE_SOLDIER_SHOT=soldier-e4:rifle:2:miss
[JS] GODMODE_SOLDIER_SHOT=soldier-e4:rifle:2:hit
[JS] GODMODE_SOLDIER_SHOT=soldier-e4:rifle:2:miss
[JS] GODMODE_SOLDIER_SHOT=soldier-e4:rifle:2:miss
[JS] GODMODE_SOLDIER_SHOT=soldier-e6:rifle:2:hit
[JS] GODMODE_SOLDIER_SHOT=soldier-e6:rifle:2:miss
[JS] GODMODE_SOLDIER_SHOT=soldier-e6:rifle:2:hit
[JS] GODMODE_SOLDIER_SHOT=soldier-e6:rifle:2:miss
[JS] GODMODE_SOLDIER_SHOT=soldier-e6:rifle:2:hit
[JS] GODMODE_SOLDIER_SHOT=soldier-e5:rifle:2:miss
[JS] GODMODE_SOLDIER_SHOT=soldier-e5:rifle:2:miss
[JS] GODMODE_SOLDIER_SHOT=soldier-e5:rifle:2:hit
[JS] GODMODE_SOLDIER_SHOT=soldier-e5:rifle:2:miss
[JS] GODMODE_SOLDIER_SHOT=soldier-e5:rifle:2:miss
[JS] GODMODE_SOLDIER_SHOT=soldier-e7:rifle:2:miss
[JS] GODMODE_SOLDIER_SHOT=soldier-e7:rifle:2:hit
[JS] GODMODE_SOLDIER_SHOT=soldier-e7:rifle:2:miss
[JS] GODMODE_SOLDIER_SHOT=soldier-e7:rifle:2:miss
[JS] GODMODE_SOLDIER_SHOT=soldier-e7:rifle:2:miss
[JS] GODMODE_SOLDIER_SHOT=soldier-e12:rifle:2:miss
[JS] GODMODE_SOLDIER_SHOT=soldier-e12:rifle:2:miss
[JS] GODMODE_STREAK_TARGET=precisionAirstrike:-130.0:30.0:0.00
[JS] GODMODE_STREAK_RIDE_END=precisionAirstrike:0
[JS] GODMODE_STREAK_VIEW_END=precisionAirstrike
[JS] GODMODE_SOLDIER_SHOT=soldier-e12:rifle:2:hit
[JS] GODMODE_DEBUG_COMMAND=timeScale:ok
ERROR: Condition "p.d == 0" is true. Returning: Point2()
   at: Camera3D::unproject_position (scene\3d\camera_3d.cpp:482)
   GDScript backtrace (most recent call first):
       [0] _append_nodes (res://tools/godot-cli/runner/inspection_bridge.gd:449)
       [1] _append_nodes (res://tools/godot-cli/runner/inspection_bridge.gd:575)
       [2] _append_nodes (res://tools/godot-cli/runner/inspection_bridge.gd:575)
       [3] _snapshot_with_store (res://tools/godot-cli/runner/inspection_bridge.gd:394)
       [4] _respond (res://tools/godot-cli/runner/inspection_bridge.gd:377)
       [5] _process (res://tools/godot-cli/runner/inspection_bridge.gd:213)
ERROR: Condition "p.d == 0" is true. Returning: Point2()
   at: Camera3D::unproject_position (scene\3d\camera_3d.cpp:482)
   GDScript backtrace (most recent call first):
       [0] _append_nodes (res://tools/godot-cli/runner/inspection_bridge.gd:449)
       [1] _append_nodes (res://tools/godot-cli/runner/inspection_bridge.gd:575)
       [2] _append_nodes (res://tools/godot-cli/runner/inspection_bridge.gd:575)
       [3] _append_nodes (res://tools/godot-cli/runner/inspection_bridge.gd:575)
       [4] _snapshot_with_store (res://tools/godot-cli/runner/inspection_bridge.gd:394)
       [5] _respond (res://tools/godot-cli/runner/inspection_bridge.gd:377)
       [6] _process (res://tools/godot-cli/runner/inspection_bridge.gd:213)
ERROR: Condition "p.d == 0" is true. Returning: Point2()
   at: Camera3D::unproject_position (scene\3d\camera_3d.cpp:482)
   GDScript backtrace (most recent call first):
       [0] _append_nodes (res://tools/godot-cli/runner/inspection_bridge.gd:449)
       [1] _append_nodes (res://tools/godot-cli/runner/inspection_bridge.gd:575)
       [2] _append_nodes (res://tools/godot-cli/runner/inspection_bridge.gd:575)
       [3] _append_nodes (res://tools/godot-cli/runner/inspection_bridge.gd:575)
       [4] _append_nodes (res://tools/godot-cli/runner/inspection_bridge.gd:575)
       [5] _snapshot_with_store (res://tools/godot-cli/runner/inspection_bridge.gd:394)
       [6] _respond (res://tools/godot-cli/runner/inspection_bridge.gd:377)
       [7] _process (res://tools/godot-cli/runner/inspection_bridge.gd:213)
ERROR: Condition "p.d == 0" is true. Returning: Point2()
   at: Camera3D::unproject_position (scene\3d\camera_3d.cpp:482)
   GDScript backtrace (most recent call first):
       [0] _append_nodes (res://tools/godot-cli/runner/inspection_bridge.gd:449)
       [1] _append_nodes (res://tools/godot-cli/runner/inspection_bridge.gd:575)
       [2] _append_nodes (res://tools/godot-cli/runner/inspection_bridge.gd:575)
       [3] _append_nodes (res://tools/godot-cli/runner/inspection_bridge.gd:575)
       [4] _append_nodes (res://tools/godot-cli/runner/inspection_bridge.gd:575)
       [5] _append_nodes (res://tools/godot-cli/runner/inspection_bridge.gd:575)
       [6] _snapshot_with_store (res://tools/godot-cli/runner/inspection_bridge.gd:394)
       [7] _respond (res://tools/godot-cli/runner/inspection_bridge.gd:377)
       [8] _process (res://tools/godot-cli/runner/inspection_bridge.gd:213)
ERROR: Condition "p.d == 0" is true. Returning: Point2()
   at: Camera3D::unproject_position (scene\3d\camera_3d.cpp:482)
   GDScript backtrace (most recent call first):
       [0] _append_nodes (res://tools/godot-cli/runner/inspection_bridge.gd:449)
       [1] _append_nodes (res://tools/godot-cli/runner/inspection_bridge.gd:575)
       [2] _append_nodes (res://tools/godot-cli/runner/inspection_bridge.gd:575)
       [3] _append_nodes (res://tools/godot-cli/runner/inspection_bridge.gd:575)
       [4] _append_nodes (res://tools/godot-cli/runner/inspection_bridge.gd:575)
       [5] _append_nodes (res://tools/godot-cli/runner/inspection_bridge.gd:575)
       [6] _append_nodes (res://tools/godot-cli/runner/inspection_bridge.gd:575)
       [7] _snapshot_with_store (res://tools/godot-cli/runner/inspection_bridge.gd:394)
       [8] _respond (res://tools/godot-cli/runner/inspection_bridge.gd:377)
       [9] _process (res://tools/godot-cli/runner/inspection_bridge.gd:213)
ERROR: Condition "p.d == 0" is true. Returning: Point2()
   at: Camera3D::unproject_position (scene\3d\camera_3d.cpp:482)
   GDScript backtrace (most recent call first):
       [0] _append_nodes (res://tools/godot-cli/runner/inspection_bridge.gd:449)
       [1] _append_nodes (res://tools/godot-cli/runner/inspection_bridge.gd:575)
       [2] _append_nodes (res://tools/godot-cli/runner/inspection_bridge.gd:575)
       [3] _append_nodes (res://tools/godot-cli/runner/inspection_bridge.gd:575)
       [4] _append_nodes (res://tools/godot-cli/runner/inspection_bridge.gd:575)
       [5] _append_nodes (res://tools/godot-cli/runner/inspection_bridge.gd:575)
       [6] _append_nodes (res://tools/godot-cli/runner/inspection_bridge.gd:575)
       [7] _append_nodes (res://tools/godot-cli/runner/inspection_bridge.gd:575)
       [8] _snapshot_with_store (res://tools/godot-cli/runner/inspection_bridge.gd:394)
       [9] _respond (res://tools/godot-cli/runner/inspection_bridge.gd:377)
       [10] _process (res://tools/godot-cli/runner/inspection_bridge.gd:213)
ERROR: Condition "p.d == 0" is true. Returning: Point2()
   at: Camera3D::unproject_position (scene\3d\camera_3d.cpp:482)
   GDScript backtrace (most recent call first):
       [0] _append_nodes (res://tools/godot-cli/runner/inspection_bridge.gd:449)
       [1] _append_nodes (res://tools/godot-cli/runner/inspection_bridge.gd:575)
       [2] _append_nodes (res://tools/godot-cli/runner/inspection_bridge.gd:575)
       [3] _append_nodes (res://tools/godot-cli/runner/inspection_bridge.gd:575)
       [4] _append_nodes (res://tools/godot-cli/runner/inspection_bridge.gd:575)
       [5] _append_nodes (res://tools/godot-cli/runner/inspection_bridge.gd:575)
       [6] _append_nodes (res://tools/godot-cli/runner/inspection_bridge.gd:575)
       [7] _append_nodes (res://tools/godot-cli/runner/inspection_bridge.gd:575)
       [8] _append_nodes (res://tools/godot-cli/runner/inspection_bridge.gd:575)
       [9] _snapshot_with_store (res://tools/godot-cli/runner/inspection_bridge.gd:394)
       [10] _respond (res://tools/godot-cli/runner/inspection_bridge.gd:377)
       [11] _process (res://tools/godot-cli/runner/inspection_bridge.gd:213)
ERROR: Condition "p.d == 0" is true. Returning: Point2()
   at: Camera3D::unproject_position (scene\3d\camera_3d.cpp:482)
   GDScript backtrace (most recent call first):
       [0] _append_nodes (res://tools/godot-cli/runner/inspection_bridge.gd:449)
       [1] _append_nodes (res://tools/godot-cli/runner/inspection_bridge.gd:575)
       [2] _append_nodes (res://tools/godot-cli/runner/inspection_bridge.gd:575)
       [3] _append_nodes (res://tools/godot-cli/runner/inspection_bridge.gd:575)
       [4] _append_nodes (res://tools/godot-cli/runner/inspection_bridge.gd:575)
       [5] _snapshot_with_store (res://tools/godot-cli/runner/inspection_bridge.gd:394)
       [6] _respond (res://tools/godot-cli/runner/inspection_bridge.gd:377)
       [7] _process (res://tools/godot-cli/runner/inspection_bridge.gd:213)
ERROR: Condition "p.d == 0" is true. Returning: Point2()
   at: Camera3D::unproject_position (scene\3d\camera_3d.cpp:482)
   GDScript backtrace (most recent call first):
       [0] _append_nodes (res://tools/godot-cli/runner/inspection_bridge.gd:449)
       [1] _append_nodes (res://tools/godot-cli/runner/inspection_bridge.gd:575)
       [2] _append_nodes (res://tools/godot-cli/runner/inspection_bridge.gd:575)
       [3] _append_nodes (res://tools/godot-cli/runner/inspection_bridge.gd:575)
       [4] _append_nodes (res://tools/godot-cli/runner/inspection_bridge.gd:575)
       [5] _append_nodes (res://tools/godot-cli/runner/inspection_bridge.gd:575)
       [6] _snapshot_with_store (res://tools/godot-cli/runner/inspection_bridge.gd:394)
       [7] _respond (res://tools/godot-cli/runner/inspection_bridge.gd:377)
       [8] _process (res://tools/godot-cli/runner/inspection_bridge.gd:213)
ERROR: Condition "p.d == 0" is true. Returning: Point2()
   at: Camera3D::unproject_position (scene\3d\camera_3d.cpp:482)
   GDScript backtrace (most recent call first):
       [0] _append_nodes (res://tools/godot-cli/runner/inspection_bridge.gd:449)
       [1] _append_nodes (res://tools/godot-cli/runner/inspection_bridge.gd:575)
       [2] _append_nodes (res://tools/godot-cli/runner/inspection_bridge.gd:575)
       [3] _append_nodes (res://tools/godot-cli/runner/inspection_bridge.gd:575)
       [4] _append_nodes (res://tools/godot-cli/runner/inspection_bridge.gd:575)
       [5] _append_nodes (res://tools/godot-cli/runner/inspection_bridge.gd:575)
       [6] _append_nodes (res://tools/godot-cli/runner/inspection_bridge.gd:575)
       [7] _snapshot_with_store (res://tools/godot-cli/runner/inspection_bridge.gd:394)
       [8] _respond (res://tools/godot-cli/runner/inspection_bridge.gd:377)
       [9] _process (res://tools/godot-cli/runner/inspection_bridge.gd:213)
ERROR: Condition "p.d == 0" is true. Returning: Point2()
   at: Camera3D::unproject_position (scene\3d\camera_3d.cpp:482)
   GDScript backtrace (most recent call first):
       [0] _append_nodes (res://tools/godot-cli/runner/inspection_bridge.gd:449)
       [1] _append_nodes (res://tools/godot-cli/runner/inspection_bridge.gd:575)
       [2] _append_nodes (res://tools/godot-cli/runner/inspection_bridge.gd:575)
       [3] _append_nodes (res://tools/godot-cli/runner/inspection_bridge.gd:575)
       [4] _append_nodes (res://tools/godot-cli/runner/inspection_bridge.gd:575)
       [5] _append_nodes (res://tools/godot-cli/runner/inspection_bridge.gd:575)
       [6] _append_nodes (res://tools/godot-cli/runner/inspection_bridge.gd:575)
       [7] _append_nodes (res://tools/godot-cli/runner/inspection_bridge.gd:575)
       [8] _snapshot_with_store (res://tools/godot-cli/runner/inspection_bridge.gd:394)
       [9] _respond (res://tools/godot-cli/runner/inspection_bridge.gd:377)
       [10] _process (res://tools/godot-cli/runner/inspection_bridge.gd:213)
ERROR: Condition "p.d == 0" is true. Returning: Point2()
   at: Camera3D::unproject_position (scene\3d\camera_3d.cpp:482)
   GDScript backtrace (most recent call first):
       [0] _append_nodes (res://tools/godot-cli/runner/inspection_bridge.gd:449)
       [1] _append_nodes (res://tools/godot-cli/runner/inspection_bridge.gd:575)
       [2] _append_nodes (res://tools/godot-cli/runner/inspection_bridge.gd:575)
       [3] _append_nodes (res://tools/godot-cli/runner/inspection_bridge.gd:575)
       [4] _append_nodes (res://tools/godot-cli/runner/inspection_bridge.gd:575)
       [5] _append_nodes (res://tools/godot-cli/runner/inspection_bridge.gd:575)
       [6] _append_nodes (res://tools/godot-cli/runner/inspection_bridge.gd:575)
       [7] _append_nodes (res://tools/godot-cli/runner/inspection_bridge.gd:575)
       [8] _append_nodes (res://tools/godot-cli/runner/inspection_bridge.gd:575)
       [9] _snapshot_with_store (res://tools/godot-cli/runner/inspection_bridge.gd:394)
       [10] _respond (res://tools/godot-cli/runner/inspection_bridge.gd:377)
       [11] _process (res://tools/godot-cli/runner/inspection_bridge.gd:213)
ERROR: Condition "p.d == 0" is true. Returning: Point2()
   at: Camera3D::unproject_position (scene\3d\camera_3d.cpp:482)
   GDScript backtrace (most recent call first):
       [0] _append_nodes (res://tools/godot-cli/runner/inspection_bridge.gd:449)
       [1] _append_nodes (res://tools/godot-cli/runner/inspection_bridge.gd:575)
       [2] _append_nodes (res://tools/godot-cli/runner/inspection_bridge.gd:575)
       [3] _append_nodes (res://tools/godot-cli/runner/inspection_bridge.gd:575)
       [4] _snapshot_with_store (res://tools/godot-cli/runner/inspection_bridge.gd:394)
       [5] _respond (res://tools/godot-cli/runner/inspection_bridge.gd:377)
       [6] _process (res://tools/godot-cli/runner/inspection_bridge.gd:213)
ERROR: Condition "p.d == 0" is true. Returning: Point2()
   at: Camera3D::unproject_position (scene\3d\camera_3d.cpp:482)
   GDScript backtrace (most recent call first):
       [0] _append_nodes (res://tools/godot-cli/runner/inspection_bridge.gd:449)
       [1] _append_nodes (res://tools/godot-cli/runner/inspection_bridge.gd:575)
       [2] _append_nodes (res://tools/godot-cli/runner/inspection_bridge.gd:575)
       [3] _snapshot_with_store (res://tools/godot-cli/runner/inspection_bridge.gd:394)
       [4] _respond (res://tools/godot-cli/runner/inspection_bridge.gd:377)
       [5] _process (res://tools/godot-cli/runner/inspection_bridge.gd:213)
ERROR: Condition "p.d == 0" is true. Returning: Point2()
   at: Camera3D::unproject_position (scene\3d\camera_3d.cpp:482)
   GDScript backtrace (most recent call first):
       [0] _append_nodes (res://tools/godot-cli/runner/inspection_bridge.gd:449)
       [1] _append_nodes (res://tools/godot-cli/runner/inspection_bridge.gd:575)
       [2] _append_nodes (res://tools/godot-cli/runner/inspection_bridge.gd:575)
       [3] _append_nodes (res://tools/godot-cli/runner/inspection_bridge.gd:575)
       [4] _snapshot_with_store (res://tools/godot-cli/runner/inspection_bridge.gd:394)
       [5] _respond (res://tools/godot-cli/runner/inspection_bridge.gd:377)
       [6] _process (res://tools/godot-cli/runner/inspection_bridge.gd:213)
ERROR: Condition "p.d == 0" is true. Returning: Point2()
   at: Camera3D::unproject_position (scene\3d\camera_3d.cpp:482)
   GDScript backtrace (most recent call first):
       [0] _append_nodes (res://tools/godot-cli/runner/inspection_bridge.gd:449)
       [1] _append_nodes (res://tools/godot-cli/runner/inspection_bridge.gd:575)
       [2] _append_nodes (res://tools/godot-cli/runner/inspection_bridge.gd:575)
       [3] _append_nodes (res://tools/godot-cli/runner/inspection_bridge.gd:575)
       [4] _snapshot_with_store (res://tools/godot-cli/runner/inspection_bridge.gd:394)
       [5] _respond (res://tools/godot-cli/runner/inspection_bridge.gd:377)
       [6] _process (res://tools/godot-cli/runner/inspection_bridge.gd:213)
ERROR: Condition "p.d == 0" is true. Returning: Point2()
   at: Camera3D::unproject_position (scene\3d\camera_3d.cpp:482)
   GDScript backtrace (most recent call first):
       [0] _append_nodes (res://tools/godot-cli/runner/inspection_bridge.gd:449)
       [1] _append_nodes (res://tools/godot-cli/runner/inspection_bridge.gd:575)
       [2] _append_nodes (res://tools/godot-cli/runner/inspection_bridge.gd:575)
       [3] _append_nodes (res://tools/godot-cli/runner/inspection_bridge.gd:575)
       [4] _append_nodes (res://tools/godot-cli/runner/inspection_bridge.gd:575)
       [5] _snapshot_with_store (res://tools/godot-cli/runner/inspection_bridge.gd:394)
       [6] _respond (res://tools/godot-cli/runner/inspection_bridge.gd:377)
       [7] _process (res://tools/godot-cli/runner/inspection_bridge.gd:213)
ERROR: Condition "p.d == 0" is true. Returning: Point2()
   at: Camera3D::unproject_position (scene\3d\camera_3d.cpp:482)
   GDScript backtrace (most recent call first):
       [0] _append_nodes (res://tools/godot-cli/runner/inspection_bridge.gd:449)
       [1] _append_nodes (res://tools/godot-cli/runner/inspection_bridge.gd:575)
       [2] _append_nodes (res://tools/godot-cli/runner/inspection_bridge.gd:575)
       [3] _append_nodes (res://tools/godot-cli/runner/inspection_bridge.gd:575)
       [4] _append_nodes (res://tools/godot-cli/runner/inspection_bridge.gd:575)
       [5] _append_nodes (res://tools/godot-cli/runner/inspection_bridge.gd:575)
       [6] _snapshot_with_store (res://tools/godot-cli/runner/inspection_bridge.gd:394)
       [7] _respond (res://tools/godot-cli/runner/inspection_bridge.gd:377)
       [8] _process (res://tools/godot-cli/runner/inspection_bridge.gd:213)
ERROR: Condition "p.d == 0" is true. Returning: Point2()
   at: Camera3D::unproject_position (scene\3d\camera_3d.cpp:482)
   GDScript backtrace (most recent call first):
       [0] _append_nodes (res://tools/godot-cli/runner/inspection_bridge.gd:449)
       [1] _append_nodes (res://tools/godot-cli/runner/inspection_bridge.gd:575)
       [2] _append_nodes (res://tools/godot-cli/runner/inspection_bridge.gd:575)
       [3] _append_nodes (res://tools/godot-cli/runner/inspection_bridge.gd:575)
       [4] _append_nodes (res://tools/godot-cli/runner/inspection_bridge.gd:575)
       [5] _append_nodes (res://tools/godot-cli/runner/inspection_bridge.gd:575)
       [6] _append_nodes (res://tools/godot-cli/runner/inspection_bridge.gd:575)
       [7] _snapshot_with_store (res://tools/godot-cli/runner/inspection_bridge.gd:394)
       [8] _respond (res://tools/godot-cli/runner/inspection_bridge.gd:377)
       [9] _process (res://tools/godot-cli/runner/inspection_bridge.gd:213)
ERROR: Condition "p.d == 0" is true. Returning: Point2()
   at: Camera3D::unproject_position (scene\3d\camera_3d.cpp:482)
   GDScript backtrace (most recent call first):
       [0] _append_nodes (res://tools/godot-cli/runner/inspection_bridge.gd:449)
       [1] _append_nodes (res://tools/godot-cli/runner/inspection_bridge.gd:575)
       [2] _append_nodes (res://tools/godot-cli/runner/inspection_bridge.gd:575)
       [3] _append_nodes (res://tools/godot-cli/runner/inspection_bridge.gd:575)
       [4] _append_nodes (res://tools/godot-cli/runner/inspection_bridge.gd:575)
       [5] _append_nodes (res://tools/godot-cli/runner/inspection_bridge.gd:575)
       [6] _append_nodes (res://tools/godot-cli/runner/inspection_bridge.gd:575)
       [7] _append_nodes (res://tools/godot-cli/runner/inspection_bridge.gd:575)
       [8] _snapshot_with_store (res://tools/godot-cli/runner/inspection_bridge.gd:394)
       [9] _respond (res://tools/godot-cli/runner/inspection_bridge.gd:377)
       [10] _process (res://tools/godot-cli/runner/inspection_bridge.gd:213)
ERROR: Condition "p.d == 0" is true. Returning: Point2()
   at: Camera3D::unproject_position (scene\3d\camera_3d.cpp:482)
   GDScript backtrace (most recent call first):
       [0] _append_nodes (res://tools/godot-cli/runner/inspection_bridge.gd:449)
       [1] _append_nodes (res://tools/godot-cli/runner/inspection_bridge.gd:575)
       [2] _append_nodes (res://tools/godot-cli/runner/inspection_bridge.gd:575)
       [3] _append_nodes (res://tools/godot-cli/runner/inspection_bridge.gd:575)
       [4] _snapshot_with_store (res://tools/godot-cli/runner/inspection_bridge.gd:394)
       [5] _respond (res://tools/godot-cli/runner/inspection_bridge.gd:377)
       [6] _process (res://tools/godot-cli/runner/inspection_bridge.gd:213)
ERROR: Condition "p.d == 0" is true. Returning: Point2()
   at: Camera3D::unproject_position (scene\3d\camera_3d.cpp:482)
   GDScript backtrace (most recent call first):
       [0] _append_nodes (res://tools/godot-cli/runner/inspection_bridge.gd:449)
       [1] _append_nodes (res://tools/godot-cli/runner/inspection_bridge.gd:575)
       [2] _append_nodes (res://tools/godot-cli/runner/inspection_bridge.gd:575)
       [3] _append_nodes (res://tools/godot-cli/runner/inspection_bridge.gd:575)
       [4] _snapshot_with_store (res://tools/godot-cli/runner/inspection_bridge.gd:394)
       [5] _respond (res://tools/godot-cli/runner/inspection_bridge.gd:377)
       [6] _process (res://tools/godot-cli/runner/inspection_bridge.gd:213)
[JS] GODMODE_SOLDIER_SHOT=soldier-e12:rifle:2:miss
[JS] GODMODE_SOLDIER_SHOT=soldier-e12:rifle:2:miss
[JS] GODMODE_SOLDIER_SHOT=soldier-e8:rifle:2:miss
[JS] GODMODE_SOLDIER_SHOT=soldier-e8:rifle:2:miss
[JS] GODMODE_SOLDIER_SHOT=soldier-e8:rifle:2:hit
[JS] GODMODE_SOLDIER_SHOT=soldier-e8:rifle:2:hit
[JS] GODMODE_SOLDIER_SHOT=soldier-e8:rifle:2:hit
[JS] GODMODE_SOLDIER_SHOT=soldier-e14:rifle:2:miss
[JS] GODMODE_SOLDIER_SHOT=soldier-e14:rifle:2:hit
[JS] GODMODE_SOLDIER_SHOT=soldier-e14:rifle:2:miss
[JS] GODMODE_SOLDIER_SHOT=soldier-e14:rifle:2:miss
[JS] GODMODE_SOLDIER_SHOT=soldier-e14:rifle:2:miss
[JS] GODMODE_SOLDIER_SHOT=soldier-e13:rifle:2:miss
[JS] GODMODE_SOLDIER_SHOT=soldier-e13:rifle:2:hit
[JS] GODMODE_SOLDIER_SHOT=soldier-e13:rifle:2:hit
[JS] GODMODE_ACTOR_COST={"id":"soldier-e15","visual":false,"ms":0.144}
[JS] GODMODE_SYSTEM_ADMIN_SPAWNED=soldier-e15
[JS] GODMODE_PATROL_PRESENTATION={"id":"soldier-e15","distance":24.71703338623047,"visible":false,"seenPast":""}
[JS] GODMODE_ACTOR_COST={"id":"soldier-e15","visual":true,"ms":0.693}
[JS] GODMODE_SOLDIER_SHOT=soldier-e13:rifle:2:hit
[JS] GODMODE_SOLDIER_SHOT=soldier-e13:rifle:2:hit
[JS] GODMODE_SOLDIER_SHOT=soldier-e3:rifle:2:miss
[JS] GODMODE_SOLDIER_SHOT=soldier-e3:rifle:2:miss
[JS] GODMODE_SOLDIER_SHOT=soldier-e3:rifle:2:hit
[JS] GODMODE_SOLDIER_SHOT=soldier-e3:rifle:2:hit
[JS] GODMODE_SYSTEM_ADMIN_TARGET=soldier-e15:2
[JS] GODMODE_SOLDIER_SHOT=soldier-e3:rifle:2:miss
[JS] GODMODE_SOLDIER_SHOT=soldier-e1:rifle:2:miss
[JS] GODMODE_SOLDIER_SHOT=soldier-e1:rifle:2:miss
[JS] GODMODE_SOLDIER_SHOT=soldier-e1:rifle:2:hit
[JS] GODMODE_SOLDIER_SHOT=soldier-e1:rifle:2:miss
[JS] GODMODE_SOLDIER_SHOT=soldier-e1:rifle:2:miss
[JS] GODMODE_SOLDIER_SHOT=soldier-e2:rifle:2:miss
[JS] GODMODE_SOLDIER_SHOT=soldier-e2:rifle:2:hit
