
> godmode-exe@ build:scripts D:\work\godmode-roguelite-worktrees\land-livetube-juice-20261007
> node tools/build/write-build-info.mjs && pnpm --filter @godmode/game-rules build && pnpm --filter @godmode/godot-cli build && tsc -p tsconfig.json


> @godmode/game-rules@0.1.0 build D:\work\godmode-roguelite-worktrees\land-livetube-juice-20261007\packages\game-rules
> node -e "require('node:fs').rmSync('dist/test',{ recursive: true, force: true })" && tsc -p tsconfig.json


> @godmode/godot-cli@0.1.0 build D:\work\godmode-roguelite-worktrees\land-livetube-juice-20261007\tools\godot-cli
> node -e "require('node:fs').rmSync('dist/test',{ recursive: true, force: true })" && tsc -p tsconfig.json


> godmode-exe@ lint D:\work\godmode-roguelite-worktrees\land-livetube-juice-20261007
> eslint


D:\work\godmode-roguelite-worktrees\land-livetube-juice-20261007\scripts\client\killstreak_view.ts
  1501:1  warning  File has too many lines (1613). Maximum allowed is 1500  max-lines

D:\work\godmode-roguelite-worktrees\land-livetube-juice-20261007\scripts\environment_modules\placement_rules.ts
  1501:1  warning  File has too many lines (1678). Maximum allowed is 1500  max-lines

D:\work\godmode-roguelite-worktrees\land-livetube-juice-20261007\scripts\game_world.ts
  1501:1  warning  File has too many lines (2592). Maximum allowed is 1500  max-lines

D:\work\godmode-roguelite-worktrees\land-livetube-juice-20261007\scripts\mixamo_clip_data.ts
  1501:1  warning  File has too many lines (3213). Maximum allowed is 1500  max-lines

D:\work\godmode-roguelite-worktrees\land-livetube-juice-20261007\scripts\runtime_actions\runtime_actions.ts
  1501:1  warning  File has too many lines (1814). Maximum allowed is 1500  max-lines

D:\work\godmode-roguelite-worktrees\land-livetube-juice-20261007\scripts\server\survival_run.ts
  1501:1  warning  File has too many lines (2016). Maximum allowed is 1500  max-lines

✖ 6 problems (0 errors, 6 warnings)


> godmode-exe@ format:check D:\work\godmode-roguelite-worktrees\land-livetube-juice-20261007
> prettier --check "**/*.{js,cjs,mjs,ts,cts,mts}"

Checking formatting...
All matched files use Prettier code style!

> godmode-exe@ test:unit D:\work\godmode-roguelite-worktrees\land-livetube-juice-20261007
> node --test tests/unit/*.test.mjs

✔ the same account simulation is repeatable and ends at its ban wave (12.7032ms)
✔ the first sniper arrives early enough for a new player to notice (2.4279ms)
✔ shop purchases obey shelf availability and wallet balance (0.4014ms)
✔ a bigger starting audience changes sniper pressure through the real tier rules (5.945ms)
✔ account progression records the goal and does not erase prior gains (47.2922ms)
✔ a cloaker's wind-up draws back into its tell and holds it (1.4708ms)
✔ the juggernaut commander poses its roar and slam only once it has dropped its gun (0.6181ms)
✔ only the cloaker poses its attack; every other kind keeps its own clips (0.1596ms)
✔ a flinch snaps back, eases upright, and is still outside its window (0.2142ms)
✔ all eight travel directions follow rendered facing at every world heading (2.2251ms)
✔ turning the actual body changes local travel without changing world velocity (0.1226ms)
✔ diagonal stride speed uses mixed source travel and scaled native limb length (0.1036ms)
✔ directional lower-body blending leaves shooting joints alone (0.2239ms)
✔ movement angles are read against the body's facing, right being -X at yaw 0 (1.1573ms)
✔ a body squared up to its target gets the gait for the way it walks (0.9233ms)
✔ one stray snapshot does not flick a walking body to idle or sideways (0.146ms)
✔ a diagonal just past the sector edge keeps the current gait (0.1233ms)
✔ a gait is held for its minimum time before it changes (0.1729ms)
✔ the stride speed glides instead of following each noisy snapshot (0.141ms)
✔ a resting patrol pose is reused only while all replicated state is unchanged (0.4333ms)
✔ confirmed outcomes rise above ordinary hits and stream cues (0.6719ms)
✔ tip clears ambience briefly but stays below combat on the stream bus (0.6229ms)
✔ stronger outcomes suppress a weaker duplicate onset, not the next shot (0.7269ms)
✔ combat transient ducks the stream and ambience, then releases (0.1772ms)
✔ drone retains 1.4 Hz / 30% strobes and its hunting lens colour (0.9668ms)
✔ only broken plates or a stun expose commander shells; only hover lights engines (0.1261ms)
✔ all nine rebuilt assets contain authored signal/belt surfaces and match provenance (203.5666ms)
✔ barrier runtime meshes stay within budget and bind to approved raw hashes (189.4208ms)
✔ all thirteen runtime props retain the approved #950 geometry and flat colours (171.4409ms)
✔ the muted-red newspaper colourway preserves glass and repaints only the warm body cluster (12.9304ms)
✔ the slate newspaper colourway preserves glass and repaints only the warm body cluster (8.9467ms)
✔ map preview GLBs preserve VEC4 flat vertex colours (0.6326ms)
✔ bits read back in the order they were written, across byte boundaries (1.6242ms)
✔ a run of booleans costs one bit each (0.2375ms)
✔ variable-length integers round trip across every group boundary (0.2921ms)
✔ signed integers round trip, and a small negative costs what a small positive costs (0.2258ms)
✔ a double round trips bit-for-bit (0.3316ms)
✔ fixed point represents zero exactly (0.2303ms)
✔ fixed-point error stays inside half a step (0.2444ms)
✔ a value outside the fixed-point range clamps rather than wrapping (0.6297ms)
✔ negative fixed-point values round trip through two's complement (0.6763ms)
✔ strings round trip, including non-ASCII and a lone surrogate (0.5946ms)
✔ UTF-8 encoding matches the platform's own, for everything well-formed (0.2244ms)
✔ malformed UTF-8 decodes to replacement characters instead of throwing (0.1383ms)
✔ reading past the end reports an overrun rather than inventing data (0.1691ms)
✔ a truncated string is refused rather than allocated against (0.922ms)
✔ abort poisons the reader so one overrun check at the top rejects the packet (0.1199ms)
✔ the writer grows past its initial capacity without losing bits (2.0561ms)
✔ a package that tests from dist clears dist/test before it compiles (2.227ms)
✔ test builds once, before any step that reads compiled output (0.9953ms)
✔ the root scripts test runs do not compile again (0.3758ms)
✔ test:integration builds once, before any step that reads compiled output (0.1209ms)
✔ the root scripts test:integration runs do not compile again (0.1054ms)
✔ mixed survey winding is repaired without moving the wall plane or mutating collision inputs (1.6937ms)
✔ masonry has open glass apertures and actual inward-facing 28 cm reveals (4.6121ms)
✔ continuous ground-floor base is cut around doors and follows a clipped facade (2.1484ms)
✔ a waterfront landing's replaced building keeps no masonry inside the landing footprint (207.138ms)
✔ a rusticated base lays channelled courses up to the belt course, still cut around doors (4.5282ms)
✔ building tones use stable semantic names across chunk-local feature ids (1.1321ms)
✔ tone assignments cover exactly each range and all four finishes are reachable (1.0681ms)
✔ stride lookup retains the full new humanoid slug (0.64ms)
✔ the minimap is heading-up: what the player faces plots straight up (0.7104ms)
✔ a wallhack box bounds its corners and clamps to the screen (0.6425ms)
✔ no wallhack box for an Admin behind or beside the camera, or centred off screen (0.8276ms)
✔ Wallhacks boxes fully inside its reach, faintly past it, and not at all far off (0.1624ms)
✔ curtain grids fit smaller towers, preserve identities and keep far members above a pixel (0.8894ms)
✔ horizon geometry is bounded, nondegenerate and entirely outside the arena barrier (4544.0093ms)
✔ river faces upward at the survey sea datum, and the landmark is a two-tower suspension span (7.4611ms)
✔ the horizon survey regenerates from retained source data without a network request (4073.5689ms)
✔ horizon tour poses stand on retained ground samples inside the C outline (1.0348ms)
✔ transport presentation preserves waterfront decks and optional upper-face filtering (0.2515ms)
✔ the map's own vehicles draw the approved models in flat palette colours, in their original +X frame (0.2142ms)
✔ all horizon eye poses clear source vehicles and the rule-placed parking boxes (350.3211ms)
✔ a download is named by its pack folder and file, with no slash Godot would refuse (0.8431ms)
✔ assault: every state the game ships says where it comes from, and every clip it names is retained (15.8444ms)
✔ breach: every state the game ships says where it comes from, and every clip it names is retained (84.075ms)
✔ marksman: every state the game ships says where it comes from, and every clip it names is retained (70.4963ms)
✔ a state the catalog compiler replaces is credited to what it is made from, not its listed file (0.8158ms)
✔ a clip the game plays backwards is marked as reversed (0.2621ms)
✔ a clip retargeted from another character's download does not credit this character's file of the same name (0.1622ms)
✔ commander armor ships five independent textured meshes with recorded approved bytes (7.1573ms)
✔ removed survival platform families contribute no visual, collision or navigation boxes (1.1746ms)
✔ only the round that breaks a real plate confirms armour break to its attacker (2.0848ms)
✔ one blast breaking several plates confirms once; debug and unattributed damage do not (1.1756ms)
✔ concept capture refuses 06,06 before calling the game (184.4621ms)
✔ concept capture refuses missing before calling the game (144.7014ms)
✔ concept capture refuses an explicitly stale source before calling the game (149.4054ms)
✔ a marker survives its own format and nothing else passes for one (1.0402ms)
✔ a marker left at launch is a crash, and no marker is a clean quit (0.3247ms)
✔ a clean quit deletes only the marker it wrote (0.1297ms)
✔ session ids differ by start and by process (0.1137ms)
✔ Godot's rotated logs are found newest first, without the live one (0.1247ms)
✔ a short log comes back whole (0.281ms)
✔ a long log read whole keeps its first 20 and last 300 lines and says what it skipped (0.9088ms)
✔ a log read at both ends drops the line the tail read landed inside (0.1868ms)
✔ a chunk read from mid-file skips the torn character rather than decoding it (0.1658ms)
✔ an oversized attachment keeps its end, in whole characters, under the byte limit (0.2133ms)
✔ the last error line is the newest ERROR or engine error (0.1603ms)
✔ the message names the session, build, machine and last error, and fits Discord (0.2177ms)
✔ missing logs are said in the message and not attached (0.1838ms)
✔ the webhook body is multipart with payload_json and one files[n] part per attachment (0.4161ms)
✔ a body containing its boundary is refused (0.1835ms)
✔ boundaries are long and hex (0.1191ms)
✔ only an export uses the committed URL; an override reaches any run (0.0719ms)
✔ kerbstone top and footway partition the original grade without stacked surface overlap (1.0129ms)
✔ the damage arc keeps the old wedge's timing: 900 ms up, solid for the first half (0.5801ms)
✔ the red pulse keeps its 0.32 start easing out over 320 ms (0.1ms)
✔ the arc is thin and short, tapers at its tips, and never folds into duplicate points (0.8157ms)
✔ debug_spawn_encounter accepts every enemy kind (1.2855ms)
✔ debug_character_detail accepts exactly the character-detail settings (1.0247ms)
✔ debug_lighting accepts exactly LightingOptions, plus the antialiasing mode (1.091ms)
✔ debug_lattice_study accepts exactly the fields read by its fixture (0.422ms)
✔ every debug_* handler has an entry in the accepted-field table (1.9859ms)
✔ the table lists every field its handler reads (2.833ms)
✔ the table lists no field its handler never reads (1.763ms)
✔ a misspelled field is refused, and the reply says what the action takes (0.2336ms)
✔ an action with no entry, and an empty payload, are left alone (0.1588ms)
✔ DEBUG registry has unique controls, storage keys and grouped choices (1.6159ms)
✔ DEBUG settings persist and reject invalid stored values (0.2864ms)
✔ trainer fits supported desktop aspect ratios with room for its taskbar (1.3827ms)
✔ dragging cannot strand window controls off screen or under the taskbar (0.5048ms)
✔ default window preserves the approved reference proportions (0.1017ms)
✔ the manifest says its free-tier output may not ship (4.9954ms)
✔ every entry is a request the sound-effects API accepts (0.8197ms)
✔ nothing is generated for a sound the original game has (0.2536ms)
✔ no two entries write the same file (0.193ms)
✔ every sound in assets/audio is a recorded derivative (derivatives.json) or generated from the manifest (4.8052ms)
✔ every file the manifest writes is committed (3.2888ms)
✔ every downloaded music track records where it came from and a licence that allows the game (0.2765ms)
✔ grunt uses the native nine-frame shot, restarting for each real burst round (0.8619ms)
✔ native shot window includes the full motion and restarts from each replicated round (0.1142ms)
✔ native deaths use reproducible supported full-body fall clips (0.7722ms)
✔ native death plays the full source fall before sinking and cleanup (0.7914ms)
✔ moving fire and hit reactions never replace pelvis or leg gait tracks (0.2534ms)
✔ each ranged enemy has a flash profile while lobbers and melee never emit false bullet tracers (1.0497ms)
✔ spatial radio calls choose their nearby officer or commander, not a grunt or distant voice (0.5616ms)
✔ radio hand blends in and releases without a permanent override (0.5247ms)
✔ slam native contact and recovery fit existing authority timing (0.185ms)
✔ stun holds recoil before the death fall; pistol sits beyond shield's right edge (0.4258ms)
✔ commander and minigun accelerate, coast and count each authoritative stamp once (0.9588ms)
✔ late snapshots do not fabricate feed/recoil or shots (0.1853ms)
(node:48080) [MODULE_TYPELESS_PACKAGE_JSON] Warning: Module type of file:///D:/work/godmode-roguelite-worktrees/land-livetube-juice-20261007/scripts/environment_modules/module_contract.ts is not specified and it doesn't parse as CommonJS.
Reparsing as ES module because module syntax was detected. This incurs a performance overhead.
To eliminate this warning, add "type": "module" to \\?\D:\work\godmode-roguelite-worktrees\land-livetube-juice-20261007\package.json.
(Use `node --trace-warnings ...` to show where the warning was created)
✔ furniture fronts share the kerb band and leave a full walking lane on narrow footways (1.2652ms)
✔ lamp clearance catches bed interiors and rotated planter edges (5.8479ms)
✔ bent branches share closed joint rings and outward terminal caps (2.583ms)
✔ closure footings follow sloped and stepped paving with a closed buried contact skin (3.295ms)
✔ closure clearance catches a fence crossing between clear endpoints (0.2311ms)
✔ every park walk uses surveyed top caps, never the terrain underside (4271.3389ms)
✔ roof service ducts close at cabinet ports and flashed penetrations (5.7322ms)
✔ nearby bench and bin approaches overlap instead of leaving a narrow grass strip (0.6747ms)
✔ all park and furniture paving joins have a single cap owner (25.0107ms)
✔ waterfront details reach Pier 1 and paving stays on finite ground within C (22.7399ms)
✔ ground fitting joins surveyed triangle seams and rejects unsupported/sloping footprints (1.1926ms)
✔ physical props must exclude nav interior plus the player's capsule clearance (0.312ms)
✔ graded retaining pads follow each source corner and reject excessive rise or gaps (0.4848ms)
(node:51216) [MODULE_TYPELESS_PACKAGE_JSON] Warning: Module type of file:///D:/work/godmode-roguelite-worktrees/land-livetube-juice-20261007/scripts/environment_modules/module_contract.ts is not specified and it doesn't parse as CommonJS.
Reparsing as ES module because module syntax was detected. This incurs a performance overhead.
To eliminate this warning, add "type": "module" to \\?\D:\work\godmode-roguelite-worktrees\land-livetube-juice-20261007\package.json.
(Use `node --trace-warnings ...` to show where the warning was created)
✔ windowBay: honest bounds, valid facets and GLB round trip (9.1509ms)
✔ cornice: honest bounds, valid facets and GLB round trip (2.5576ms)
✔ parapet: honest bounds, valid facets and GLB round trip (0.9423ms)
✔ stoop: honest bounds, valid facets and GLB round trip (5.5754ms)
✔ doorSurround: honest bounds, valid facets and GLB round trip (2.1662ms)
✔ fireEscape: honest bounds, valid facets and GLB round trip (13.0205ms)
✔ beltCourse: honest bounds, valid facets and GLB round trip (1.2932ms)
✔ storefront: honest bounds, valid facets and GLB round trip (3.604ms)
✔ facade attaches to solid shells and retains downward stair clearance (7.075ms)
✔ all facade-family variants fit their honest bounds and have nondegenerate triangles (522.1016ms)
✔ one building keeps one architectural family and its trim tone across independent role picks (24.2134ms)
✔ alternating quoin widths terminate flush at the correct corner edge (0.6004ms)
✔ hanging corbels clear a centred window surround in their three-metre bay (0.1772ms)
✔ ground index retains triangle seams across negative-coordinate cell boundaries without duplication (1.3211ms)
✔ sidewalk interiors cancel and long boundary edges split into supported gutter spans (1.1746ms)
✔ gutter requires opposite sidewalk and asphalt support, rejecting roof-height and ambiguous fits (0.885ms)
✔ localized wear clips to exact nonplanar source faces and never bridges missing ground (1.7848ms)
(node:33332) [MODULE_TYPELESS_PACKAGE_JSON] Warning: Module type of file:///D:/work/godmode-roguelite-worktrees/land-livetube-juice-20261007/scripts/environment_modules/module_contract.ts is not specified and it doesn't parse as CommonJS.
Reparsing as ES module because module syntax was detected. This incurs a performance overhead.
To eliminate this warning, add "type": "module" to \\?\D:\work\godmode-roguelite-worktrees\land-livetube-juice-20261007\package.json.
(Use `node --trace-warnings ...` to show where the warning was created)
✔ facade: committed geometry and metadata reproduce from the engine-free builders (27.4057ms)
✔ roof: committed geometry and metadata reproduce from the engine-free builders (124.9892ms)
✔ street: committed geometry and metadata reproduce from the engine-free builders (12.9476ms)
✔ textured module bounds are validated after their native mesh transform (2.5746ms)
✔ every module in the library keeps the contract, and every role has at least one (522.5142ms)
✔ every placed role resolves to real faceted geometry rather than a stand-in (0.5448ms)
✔ garden and yard completion fits the existing placement envelopes without tolerance slack (2.9497ms)
✔ the contract catches geometry outside the footprint, unknown slots and bad ids (0.565ms)
✔ boxes face outward: every face normal points away from the box centre (0.2572ms)
✔ real modules replace stand-ins for their role, and picks are stable (0.6782ms)
✔ window bays fill every storey about every three metres, face out of the wall, and leave the door clear (8.7391ms)
✔ a street front without an inferred entrance gets one front door, lifted onto a stoop (1.7134ms)
✔ large roofs carry sparse varied individual installations with generous clear space (514.1626ms)
✔ window dressing varies sparsely by bay while sash and trim stay coherent per building (23.5888ms)
✔ a door at street level too tight for a stoop gets one raised entry step and a canopy (2.5784ms)
✔ a wall with a neighbour close in front stays blank below the neighbour's roof (2.0725ms)
✔ the committed attach surfaces match the map chunks they were extracted from (2803.8412ms)
✔ the navigation bake cut out exactly the parked cars the rules place, so a rule change forces a rebake (417.2374ms)
✔ the arena's placements stay out of buildings, door paths and each other, and sit on the ground (15776.2212ms)
✔ no enemy spawn point stands inside a hedge, stoop, shed, tree trunk or any other visual prop (16816.2819ms)
✔ supply crates rest on the nearest prop-clear spawn point, on its floor, or nowhere when none is near (0.3807ms)
✔ a building's cornice, belt course and door surround come from one style family (12.8103ms)
✔ on a sloping street the storeys carry down to the pavement instead of leaving the low end blank (3.5497ms)
✔ picture-frame windows stay on rowhouse-scale buildings (12.0224ms)
✔ player-eye review cameras stand 1.7 metres above actual surveyed waterfront ground triangles (25.3436ms)
(node:35292) [MODULE_TYPELESS_PACKAGE_JSON] Warning: Module type of file:///D:/work/godmode-roguelite-worktrees/land-livetube-juice-20261007/scripts/environment_modules/module_contract.ts is not specified and it doesn't parse as CommonJS.
Reparsing as ES module because module syntax was detected. This incurs a performance overhead.
To eliminate this warning, add "type": "module" to \\?\D:\work\godmode-roguelite-worktrees\land-livetube-juice-20261007\package.json.
(Use `node --trace-warnings ...` to show where the warning was created)
✔ all three basic HVAC sizes share the approved flat model and fit their retained envelopes (160.3864ms)
✔ acSmall: facets, support and measured bounds (26.1676ms)
✔ acMedium: facets, support and measured bounds (19.3635ms)
✔ acLarge: facets, support and measured bounds (13.0243ms)
✔ ductRun: facets, support and measured bounds (3.4527ms)
✔ ductElbow: facets, support and measured bounds (0.8184ms)
✔ roofVent: facets, support and measured bounds (13.5908ms)
✔ roofHatch: facets, support and measured bounds (2.7254ms)
✔ waterTank: facets, support and measured bounds (109.7963ms)
✔ : facets, support and measured bounds (37.7489ms)
✔ : facets, support and measured bounds (15.998ms)
✔ : facets, support and measured bounds (42.5895ms)
✔ : facets, support and measured bounds (9.7693ms)
✔ duct ports share width and elevation and elbow turns through 90 degrees (0.6497ms)
(node:38620) [MODULE_TYPELESS_PACKAGE_JSON] Warning: Module type of file:///D:/work/godmode-roguelite-worktrees/land-livetube-juice-20261007/scripts/environment_modules/module_contract.ts is not specified and it doesn't parse as CommonJS.
Reparsing as ES module because module syntax was detected. This incurs a performance overhead.
To eliminate this warning, add "type": "module" to \\?\D:\work\godmode-roguelite-worktrees\land-livetube-juice-20261007\package.json.
(Use `node --trace-warnings ...` to show where the warning was created)
✔ lampPost: complete footprint and nondegenerate facets (9.662ms)
✔ roundTree: complete footprint and nondegenerate facets (3.0858ms)
✔ columnTree: complete footprint and nondegenerate facets (1.4996ms)
✔ planter: complete footprint and nondegenerate facets (2.5388ms)
✔ bin: complete footprint and nondegenerate facets (4.7534ms)
✔ utilityBox: complete footprint and nondegenerate facets (125.6069ms)
✔ bench: complete footprint and nondegenerate facets (4.3055ms)
✔ crosswalkStripe: complete footprint and nondegenerate facets (0.4435ms)
✔ manhole: complete footprint and nondegenerate facets (3.5088ms)
✔ drainGrate: complete footprint and nondegenerate facets (2.7556ms)
✔ hedge: complete footprint and nondegenerate facets (1.7647ms)
✔ curbBollard: complete footprint and nondegenerate facets (1.508ms)
✔ street orientation and scale include lamp arm, crown and stripe long axis (0.6709ms)
✔ Godot's export filters are globs over whole paths, not directory rules (1.039ms)
✔ every export preset excludes the runtime inspection bridge (0.9204ms)
✔ every export preset excludes all of tools/ and tests/ (242.9443ms)
✔ tools/ is hidden from the exporter a second time, by its own .gdignore (0.2566ms)
✔ no export preset excludes the game's own resources (3.5222ms)
✔ every raw .glb.bin model is packaged (64.5422ms)
✔ the export leaves out the parts of the maps only the tools read (0.5284ms)
✔ the pack's byte scan finds a literal that straddles a chunk boundary (111.739ms)
✔ the pack reader skips an embedded pack's alignment padding, and nothing more (18.0294ms)
✔ approved assaultRifle ships its textured source and a sight picture on its own sights (295.1102ms)
✔ approved pistol ships its textured source and a sight picture on its own sights (389.4842ms)
✔ approved shotgun ships its textured source and a sight picture on its own sights (2167.129ms)
✔ approved sniperRifle ships its textured source and a sight picture on its own sights (344.049ms)
✔ each gun's sight sockets sit on the sight features place-weapon-sights.mjs measures on its mesh (1896.8147ms)
✔ FX ages hold through pause and resume with their remaining life (0.622ms)
✔ widthAt reads the solid's x-extent where a line crosses it and misses elsewhere (3.5863ms)
✔ gripColumn puts the palm on the column's right face under the receiver, not on the receiver or the guard (16.2399ms)
✔ gripColumn finds nothing on a bare receiver (0.6279ms)
✔ designed facets exactly cover the surveyed triangle on its own plane (10.9295ms)
✔ facets are lattice-sized, not survey-sized, and vary in tone and normal (4.3215ms)
✔ one world lattice: a facet split by a survey edge keeps one tone on both sides (74.2305ms)
✔ blood coverage runs from clear at full health to complete at death (0.9537ms)
✔ the coverage curve turns at the rules' own instant-recovery threshold (0.1202ms)
✔ out-of-range health is treated as unhurt rather than drawn wrong (0.0979ms)
✔ every audible channel is driven by the coverage actually drawn (0.13ms)
✔ the wash arrives far faster than it clears (0.2588ms)
✔ a zero or negative frame moves the wash nowhere (0.1312ms)
✔ a channel below the silence floor is not played at all (0.1555ms)
✔ the heartbeat phase stays continuous when the rate changes (0.3128ms)
✔ one beat is one kick and a decay (0.1674ms)
✔ tip gains count up and further gains continue from the displayed amount (0.8299ms)
✔ first display, losses and a new stream show their current tip total immediately (0.1205ms)
✔ a kill survives the next target's hits, while new kills retrigger and expiry releases it (0.1032ms)
✔ confirmation pulses settle before fading, including extended fixture holds (0.6561ms)
✔ plate breaks survive following hits but yield to kills, and expire normally (0.1114ms)
✔ audience growth pulses once, settles, and throttles continuous gains (0.1442ms)
✔ audience losses and hidden-stream resets do not celebrate gains (0.087ms)
✔ the respawn countdown rounds up to whole seconds and never goes negative (0.0895ms)
✔ HUD families keep their requested screen corners (0.3274ms)
✔ HUD stays in safe bounds at 1280x720 (0.4239ms)
✔ HUD stays in safe bounds at 3440x1440 (0.2619ms)
✔ HUD stays in safe bounds at 1100x735 (0.2502ms)
✔ HUD stays in safe bounds at 1024x768 (0.141ms)
✔ HUD stays in safe bounds at 800x600 (0.1374ms)
✔ HUD stays in safe bounds at 600x600 (0.1326ms)
✔ HUD stays in safe bounds at 640x360 (0.1055ms)
✔ HUD stays in safe bounds at 390x844 (0.1101ms)
✔ HUD stays in safe bounds at 320x320 (0.1136ms)
✔ HUD stays in safe bounds at 280x180 (0.0625ms)
✔ the frame-rate readout states both the rate and what a frame cost (0.1308ms)
✔ the frame-rate readout takes the top-left corner and the radar moves down for it (0.0706ms)
✔ the hit marker is centred on the crosshair, whatever it is confirming (0.5418ms)
✔ the hit marker gets heavier as the shot is worth more, and never depends on the viewport (0.1408ms)
✔ every shipped camera-arm asset uses the native Infima skeleton (476.7022ms)
✔ the selected rifle runtime prop contains the complete body and no trimmed ADS child (6.7061ms)
✔ pistol: magazine walls and hidden follower enclose volume without capping the feed slot (8.5124ms)
✔ pistol: solid loaded rounds share the magazine mesh and survive repeated imports (16.9488ms)
✔ pistol: importing a #989 solid magazine removes its mouth cap (11.9631ms)
✔ pistol: restore the exact tagged v0.28 gun (9.1317ms)
✔ pistol: fire has moving parts and no second whole-assembly recoil (23.5387ms)
✔ assault-rifle: magazine walls and hidden follower enclose volume without capping the feed slot (4.3058ms)
✔ assault-rifle: solid loaded rounds share the magazine mesh and survive repeated imports (9.1535ms)
✔ assault-rifle: importing a #989 solid magazine removes its mouth cap (4.3645ms)
✔ assault-rifle: restore the exact tagged v0.28 gun (98.5828ms)
✔ assault-rifle: fire has moving parts and no second whole-assembly recoil (20.708ms)
✔ an injection is installed while it holds, until it is first sampled, and inside its window (0.8401ms)
✔ only the fields a payload actually asks for count, in the handler's own terms (0.7442ms)
✔ every refused field is a debug_key_input field (0.1538ms)
✔ client_loop.ts still overwrites every intent field those taps feed (0.6218ms)
✔ the refusal names what would be dropped and how to send it instead (0.2204ms)
✔ every killstreak has an imported RGBA icon and its receipt: a generated source, or the script that drew it (32.9732ms)
✔ native slash reaches its crossing at the authoritative 150ms contact and finishes at 600ms (2.3735ms)
✔ gun resumes its exact original pose after the slash (0.1995ms)
✔ a flash takes the first dark light (0.7583ms)
✔ with every light lit, the one lit longest ago is stolen (0.1965ms)
✔ a flash starts at full energy, fades, and is dark at its end (0.116ms)
✔ a file is published under its own digest, so every bake keeps its own asset (0.9082ms)
✔ a bake record must name both the atlas and its import sidecar (1.1288ms)
✔ the cache is per machine, and can be pointed elsewhere (0.4614ms)
✔ every atlas the tool restores is one git ignores, and its committed record names it (5.7358ms)
✔ every ignored lightmap atlas is restored or says why not, so a new bake cannot stay local by accident (2.9704ms)
✔ an explicit LIGHTMAP_BAKER_PATH always wins, and nothing is guessed (1.151ms)
✔ an explicit path that does not exist still fails, rather than falling back (0.416ms)
✔ unset on Windows, the proven console build is used, checked, and named out loud (0.3216ms)
✔ the default is refused if it is not the official 4.6.1 build (0.2893ms)
✔ the windowed build is never a default: it has not been proven through a real bake (0.1733ms)
✔ unset anywhere but Windows fails loudly, as before (0.3009ms)
✔ death, restart, menu, game quit and window close all bank the run (3.4076ms)
✔ approved grunt firing retains nine real Mixamo samples and native recoil (27.3072ms)
✔ enemy-rifle: native skin, PBR images and shared motion catalog remain usable (144.2655ms)
✔ enemy-smg: native skin, PBR images and shared motion catalog remain usable (39.5084ms)
✔ enemy-shotgun: native skin, PBR images and shared motion catalog remain usable (41.0772ms)
✔ enemy-grenadier: native skin, PBR images and shared motion catalog remain usable (41.9981ms)
✔ enemy-rpg: native skin, PBR images and shared motion catalog remain usable (38.9231ms)
✔ enemy-marksman: native skin, PBR images and shared motion catalog remain usable (135.2865ms)
✔ enemy-medic: native skin, PBR images and shared motion catalog remain usable (28.6751ms)
✔ enemy-shield: native skin, PBR images and shared motion catalog remain usable (31.67ms)
✔ enemy-heavy: native skin, PBR images and shared motion catalog remain usable (49.7128ms)
✔ enemy-minigun: native skin, PBR images and shared motion catalog remain usable (43.0931ms)
✔ enemy-officer: native skin, PBR images and shared motion catalog remain usable (74.7156ms)
✔ enemy-commander: native skin, PBR images and shared motion catalog remain usable (128.806ms)
✔ enemy-pistol: native skin, PBR images and shared motion catalog remain usable (41.1462ms)
✔ enemy-cloaker: native skin, PBR images and shared motion catalog remain usable (160.9198ms)
✔ assault: the raw-art index retains the Mixamo downloads the character was built from (3.3413ms)
✔ breach: the raw-art index retains the Mixamo downloads the character was built from (2.3691ms)
✔ marksman: the raw-art index retains the Mixamo downloads the character was built from (1.8427ms)
✔ daemon: the raw-art index retains the Mixamo downloads the character was built from (3.6062ms)
✔ assault: Mixamo migration preserves the body and binds every vertex (113.8665ms)
✔ breach: Mixamo migration preserves the body and binds every vertex (220.0252ms)
✔ marksman: Mixamo migration preserves the body and binds every vertex (149.9114ms)
✔ daemon: Mixamo migration preserves the body and binds every vertex (119.8898ms)
✔ daemon: each shoe has its own skin influences and triangles (78.0732ms)
✔ fracture rigs fit the opaque packed-PBR replacement contract (92.8309ms)
✔ the planted foot measures the stride every clip's recorded source travel does (246.0987ms)
✔ every rig's own walk is drawn for the stride it measures, including one that kept its travel (23.1902ms)
✔ model showcase catalogs gameplay states that resolve on each native rig (4037.0961ms)
✔ model-specific clips leave unrelated showcase rigs in idle (0.4355ms)
✔ model showcase includes all six player death clips (275.7761ms)
✔ a pool keeps spares up to its cap and frees the rest (0.7415ms)
✔ the readout says what the pool is for: built against reused (0.7602ms)
✔ Pier 1 promenade covers its inshore centreline and closes outer paving edges (150.5647ms)
✔ the reference corner's footways sit at kerb-cap height and the rest a little proud of the road (0.1849ms)
✔ a footway triangle is one flat face on its surveyed grade: no slabs, joints, bevels or tone (0.8453ms)
✔ a new life clears what the life owned and keeps what the connection owns (1.1302ms)
✔ reading a player never creates a record; writing does, and a disconnect removes it (0.1721ms)
✔ the arena's inputs are the same list, hashed the same, every time (240.4123ms)
✔ fingerprint depends on content and paths, not ordering or file timestamps (63.641ms)
✔ machine cache defaults outside the checkout and accepts an override (0.3423ms)
✔ the fingerprint lock serializes worktrees and reclaims an abandoned holder (83.6593ms)
✔ cache publishes verified outputs and restores a worktree receipt (22.3004ms)
✔ a file whose size and time match its stamp keeps its recorded hash; any other is read again (1.8427ms)
✔ the receipt is current exactly when every input and output hash matches (0.3321ms)
✔ a receipt written for the tree as it is matches the tree's own inputs (2220.2468ms)
✔ PR gates never ensure an arena; release export does (0.8462ms)
✔ development reuses a stale cached arena without generating (18.0632ms)
✔ a reload holds through a long pause and resumes with only unpaused time (2.2721ms)
✔ native animation, particles and world sound restore their original states after pause or teardown (1.4355ms)
✔ the log directory sits beside the file it is placed by, wherever that file is (0.7318ms)
✔ each boot gets its own file, named for its role and in UTC so the names sort in run order (0.189ms)
✔ a line carries both clocks, and a message's own newline is not doubled (0.6307ms)
✔ a message spanning lines keeps its later lines indented under the entry (0.1968ms)
✔ an exported client logs beside its executable, and an editor client only beside a settings file it was given (0.1402ms)
✔ each boot deletes the oldest log files of its own role so that a fixed number remain, and leaves other files alone (0.7815ms)
✔ a console line reads the way GodotJS prints it, at the level of the method that wrote it (0.318ms)
✔ no script registers an engine logger (77.2718ms)
✔ an exported client falls back to the user data directory when it cannot write beside the executable (0.9842ms)
✔ a heartbeat line says where the run is and how the process is doing (0.3531ms)
✔ a repeating error is written once, then once per window with a count of the ones held back (0.1944ms)
✔ the smoke-test termination ladder matches the CLI's for this platform (3.1859ms)
✔ the Windows ladder ends the whole tree, unforced before forced (0.205ms)
✔ approved packs retain separate readable signal geometry within budget (5.7173ms)
✔ minigun housing remains separate from the centered -Z barrel pivot (1.604ms)
✔ production dog retains a finite quadruped skin, 12k triangles and animated attack phases (17.7936ms)
✔ production supply crate preserves independently blinkable beacon geometry (1.8208ms)
✔ smg has embedded runtime textures and the camera-safe mesh contract (34.3916ms)
✔ dmr has embedded runtime textures and the camera-safe mesh contract (32.7385ms)
✔ grenade-launcher has embedded runtime textures and the camera-safe mesh contract (15.721ms)
✔ waterfront park walks retain trunk and furniture clearance (1.1227ms)
✔ waterfront planting stays clear of park walk approaches (0.3029ms)
✔ the driver line is read out of a real boot log, teardown noise and CRLF included (1.6545ms)
✔ a Vulkan boot reports Vulkan, so a fallback cannot read as the requested driver (0.2233ms)
✔ a log with no driver line reports nothing rather than guessing (0.1029ms)
✔ the project's pinned Windows driver is read with the name the engine prints for it (0.2056ms)
✔ an unpinned or unmapped driver is reported as such, not as a driver (0.095ms)
✔ a setting is read from its own section, not from anywhere in the file (0.2322ms)
✔ project.godot still carries the rendering settings an engine save can drop (0.1106ms)
✔ a soup of rotated, non-uniformly scaled copies is recovered copy by copy, in order (3.5812ms)
✔ any vertex that is not a copy refuses the whole match rather than moving it (1.1829ms)
✔ normals are matched as append_from writes them: the basis times the base normal, normalised (1.8532ms)
✔ expanding the recovered copies gives back the soup (0.649ms)
(node:39900) [MODULE_TYPELESS_PACKAGE_JSON] Warning: Module type of file:///D:/work/godmode-roguelite-worktrees/land-livetube-juice-20261007/scripts/client/environment_study_regions.ts is not specified and it doesn't parse as CommonJS.
Reparsing as ES module because module syntax was detected. This incurs a performance overhead.
To eliminate this warning, add "type": "module" to \\?\D:\work\godmode-roguelite-worktrees\land-livetube-juice-20261007\package.json.
(Use `node --trace-warnings ...` to show where the warning was created)
✔ source-keyed emission preserves physical envelopes and phantom hardware details (255.5007ms)
✔ capped exhaust joins the actual housing-side port and bears on its own roof (3.5458ms)
✔ occupied surfaces detect true crossing and reject coplanar disjoint pieces (0.4592ms)
✔ declared service strip stays outside every physical part (2.5198ms)
✔ closed miter elbows share oriented edges without open ends (0.6391ms)
✔ connector endpoints are cabinet side planes, inside housing heights (3.1173ms)
✔ stepped roof fits every separate foot and avoids transverse joint (3.293ms)
✔ full rotated cap footprint is transformed, not nominal cabinet rectangle (6.8135ms)
✔ unsupported expanded footprint rejects an apparently supported cabinet centre (3.269ms)
✔ frontage door ancestry is separate from hero roof ownership (4.5429ms)
✔ pnpm test runs the runner, and test:unit is the whole unit directory in one pass (1.0393ms)
✔ every test:* script is a step, folded into test:unit, or excluded with a reason (0.8422ms)
✔ the three gates are the ones whose failure makes the rest meaningless (0.2583ms)
✔ PR gates never run the expensive map freshness check (0.1348ms)
✔ a run that stopped early can never be mistaken for one that finished (0.5188ms)
✔ the queue is FIFO, and a lane that died is not in it (0.371ms)
✔ a waiting lane says what it is waiting for, so a stall is not mistaken for a hang (0.2169ms)
✔ two lanes cannot run a locked step at the same time, and the second one waits (1581.5462ms)
✔ GAME_RPC_NAMES is exactly the @rpc methods declared on Game (2.7153ms)
✔ server RPCs require the appropriate admission phase (0.8575ms)
✔ streak debug picks share the simulation clock after slow motion resumes (14.9296ms)
✔ every refusal kind the dispatcher sends is one godot-cli knows (0.455ms)
✔ the refusals the in-repo pollers wait on are marked notReady, and a misspelt field is invalid (2.3416ms)
✔ a well-formed placement outside the loaded map is a decline, not an invalid request (1.7675ms)
✔ 20 Hz NPC steps travel as far as 60 Hz physics without compounding speed (1.6042ms)
✔ a scheduled sweep keeps the wall's resolved velocity and cannot step through it (0.1441ms)
✔ a building's shops share one style and trim tone; only the door bays differ (0.7381ms)
✔ display and door glazing paint shop glass with a lit room; window bays paint home glass (11.771ms)
✔ the bridge dressing's tower centres are the surveyed ones (74.0353ms)
✔ the shop awning faces up, out and to the sides, so back-face culling keeps it visible from the street (0.4701ms)
✔ every replicated field is covered by the fixture (2.158ms)
✔ the wire layout is pinned per format version, so a changed layout cannot keep its number (0.6519ms)
✔ a dictionary change the field list cannot see still changes the layout (#593) (0.4164ms)
✔ the layout covers every lookup table and quantisation the codec reads through (0.5024ms)
✔ the wire field order is pinned, so a reorder cannot pass unversioned (0.1507ms)
✔ a self-contained snapshot round trips (3.0185ms)
✔ mantle paths arrive in deltas and late-join keyframes and clear on completion (2.5374ms)
✔ corpse FIFO additions and removals survive delta packets and late-join keyframes (2.2967ms)
✔ a delta against an identical baseline is a handful of bytes (0.6371ms)
✔ a moving lobby's delta fits inside one ENet fragment (0.9928ms)
✔ a self-contained eight-player snapshot stays within two fragments (0.4344ms)
✔ an unchanged field is carried over from the baseline rather than re-sent (0.7813ms)
✔ a player joining or leaving re-keys the roster without disturbing the others (0.5149ms)
✔ a System Admin arriving mid-match is encoded against a baseline that had none (0.3021ms)
✔ a string outside a dictionary still round trips, as a literal (0.3684ms)
✔ a truncated packet is refused rather than half-decoded (1.1657ms)
✔ packets from older layouts and unknown versions are refused (0.5994ms)
✔ a delta read against the wrong baseline is refused rather than trusted (0.2585ms)
✔ a delta claiming a baseline roster the receiver does not have is refused (0.248ms)
✔ random bit flips are refused or decoded, never silently mixed up (32.6576ms)
✔ sequence comparison survives the wrap at 65536 (0.1542ms)
✔ publisher and receiver converge on deltas and stay there (1.799ms)
✔ a client that stops acknowledging is put back on full snapshots and recovers (0.817ms)
✔ a receiver that misses a packet keeps naming what it still holds (0.8143ms)
✔ a superseded packet arriving late is dropped rather than rewinding the world (0.3295ms)
✔ every peer gets its own baseline, and identical baselines are encoded once (0.4116ms)
✔ a disconnected peer's acknowledgement is forgotten before its id is reused (0.6447ms)
✔ a receiver reset drops the match it was in (0.3377ms)
✔ an acknowledgement for a snapshot the server never sent is ignored (0.4057ms)
✔ the same packet arriving twice is applied once (0.3282ms)
✔ a yaw outside [-pi, pi] wraps rather than clamping (0.8366ms)
✔ a fabricated negative acknowledgement cannot wedge a peer out of deltas (0.3359ms)
✔ the accepted full-snapshot receipt survives deltas and rejected packets, then resets (0.7519ms)
✔ Brooklyn positions beyond the old 512 m range survive full and delta snapshots (0.8521ms)
✔ all preloaded city enemies survive keyframes and removals beyond the old 256-body cap (8.8096ms)
✔ a steady walk is drawn at a steady speed, with no stall frames (2.3086ms)
✔ bodies are drawn about the interpolation delay behind the newest snapshot (0.5741ms)
✔ the render clock jumps to a first snapshot and never runs past the newest (0.1598ms)
✔ a track holds its ends, interpolates between, and restarts on a teleport (4.8711ms)
✔ every snapshot a client accepts under loss is the world the server recorded (73.1518ms)
✔ snapshots are lost at the link's rate, not a multiple of it (27.1564ms)
✔ a total outage longer than the history is recovered from, without intervention (4.7571ms)
✔ duplicated and delayed packets never rewind the world (21.2173ms)
✔ a packet that arrives after a newer one is dropped, not applied (20.1962ms)
✔ a client whose acknowledgements are lost still gets a usable stream (16.3857ms)
✔ the same seed reproduces the same run (23.7949ms)
✔ every humanoid kind is drawn as a player gun the stance solver can hold (0.8952ms)
✔ the off-hand goes on every gun but the SHIELD's pistol (0.163ms)
✔ only the HEAVY's LMG is drawn bigger (0.0979ms)
✔ the gun points along the line from the shoulder to the target (0.1858ms)
✔ with nobody to shoot it carries the gun at a low ready (0.082ms)
✔ a round kicks the muzzle up and it settles back (0.1132ms)
✔ a long gun blades the chest toward the off-side and sits back into the shoulder, within what reads as a stance (0.2246ms)
✔ startup phases partition the launch without counting nested resource spans twice (1.4524ms)
✔ an old readiness marker never counts as a presented gameplay frame (0.144ms)
✔ phone retains its screen texture and assigns the material only when the feed changes (5.4005ms)
✔ prototype phone holds the ride feed, returns from its held pose, and keeps RC-XD a call-in (3.9151ms)
✔ phone shake rotates the rigid assembly and suppression clears it (0.7194ms)
✔ standard remote returns from close while direct-fade aircraft never raise a tablet (2.6141ms)
✔ prototype server keeps the exposed body in-world; bail releases it immediately and stops cover (13.9413ms)
✔ prototype timeout releases the body at seven seconds; console loadouts preserve the flow (2.0226ms)
✔ cover chooses nearest visible threat, respects cadence and damages at reduced gun power (2.6651ms)
✔ prototype map strike waits for click after phone tap; RC-XD is a call-in without a ride (1.5896ms)
✔ an existing trainer hint stays out of the tablet and ride viewing area (1.4449ms)
✔ tablet controller hands native gun playback through entry, put-away and remote return (1.013ms)
✔ gunner activation cancels a preceding tablet outro through ride, exit and restored gun (1.4421ms)
✔ exit cancels stale tablet independently of observing ride entry (0.6807ms)
✔ tablet call-ins still raise, tap once and finish; ride entry does not cancel LAUNCH (6.833ms)
✔ Predator's tablet is cleared for control, exit and the restored gun (0.751ms)
✔ every ride holds its exact activation position through the exit fade, without changing weapon or ammo (1.8633ms)
✔ remote ride returns through the close-held tablet and keeps the gun blocked until lowered (2.5185ms)
✔ gunners never restore a tablet; death cancels a remote return (1.4567ms)
✔ prototype feed holds the native approach and returns from the matching partial-close pose (3.4645ms)
✔ prototype RC-XD keeps its call-in pose and suppression clears phone hit feedback (1.1077ms)
✔ slow close-device preparation does not consume the return reveal (0.7992ms)
✔ tablet remains close through the black handoff hold before revealing (0.7956ms)
✔ completed strike awards wait for the phone and stay off its close return (12.2555ms)
✔ prototype exit returns the PiP phone immediately; standard exit prepares its black hold (2.139ms)
✔ default prototype has no Auto Cover and body stays wherever movement put it (1.2149ms)
✔ two-click targeting and reset are shared by current and prototype flows (5.5958ms)
✔ prototype released phone restores the actual player gun; normal rides still hide it (2.141ms)
✔ a missing phone-feed camera cannot leave thermal/static over the body view (1.3316ms)
✔ paint and parking use the same setback at branching junctions (1.2689ms)
✔ parking reserves the full crossing width and an approach beyond the car centre (0.2944ms)
✔ angled vehicle corners and angled crossings share the same clearance (0.741ms)
✔ fitting follows rotated slopes and refuses missing paving, steps and narrow routes (1.0742ms)
✔ every committed base follows actual source paving, and every kind reaches the waterfront (1443.2134ms)
✔ dressing is batched by cell; shrubs share four shapes with correct numeric transforms (24.1921ms)
✔ new furnishing footprints do not overlap one another or closure lanes (4.3614ms)
✔ navigation receipt matches all solid props and no enemy origin overlaps them (195.7065ms)
✔ a stacked vegetation pass cannot leave a pit after removing its tree (0.4362ms)
✔ street rules reject internal plaza kerbs, frontage pinch points and crowded bike racks (1.9821ms)
✔ every added street prop has a two-metre paved corridor clear of actual frontage and final props (17049.804ms)
✔ street planter clusters vary between beds while retaining structure, cells and shape budget (3.5577ms)
✔ paint clips to each actual sloping road plane and refuses a hole (3.4622ms)
✔ lane centre measures the road instead of following a kerb-hugging routing point (3.3211ms)
✔ crossing geometry remains inside #893 vehicle reservation and lines clear its approach (2.0118ms)
✔ kerb facets face outward, preserve grade and omit dropped ramps (0.6047ms)
✔ asphalt tones are broad flat facets, with grade normals and no geometric seams (2.3149ms)
✔ beveled box keeps the exact envelope and outward nondegenerate faces (1.1805ms)
✔ furniture keeps every original placement field and fits its existing envelope (551.6084ms)
✔ approved street props retain normal and albedo maps, UVs and matching provenance (94.4187ms)
✔ every hydrant family draws the approved model at its recorded fit, with no facets (35.7304ms)
✔ native export carries actual sky and spatial material overrides, excluding commented declarations (3.0353ms)
✔ large shared batches sample the actual world field on both sides and through its transition (0.2758ms)
✔ source_color conversion precedes mixing and linear vertex intensity multiplies afterward (0.1877ms)
✔ bake shader retains the actual source fragment, uniforms and vertex attributes (0.38ms)
✔ release rejects fresh pilot, unknown, duplicate and incomplete region coverage (0.978ms)
✔ absent development output differs from orphaned imported/baked files (11.4243ms)
✔ a lone atlas or atlas/data pair cannot bypass the source and binding manifest (7.7473ms)
✔ each approved study has static receivers and unique street probe positions (8.7463ms)
✔ crossing batches are exported wholly while unsupported out-of-volume probe meshes fall back (0.1677ms)
✔ an audit crop replaces the study regions for the bake set and parses strictly (0.6439ms)
✔ near misses cool down per direction and across the whole view (0.5733ms)
✔ direction sectors wrap at the rear and the flash leaves the centre clear quickly (0.1168ms)
✔ every surface family the server can report has a debris profile (1.1534ms)
✔ every profile describes a burst that can actually be drawn (0.4456ms)
✔ a drag coefficient can never reverse a piece within one frame (0.1723ms)
✔ sparks are struck metal and nothing else (0.1727ms)
✔ glass is the only debris that lights up rather than being lit (0.1214ms)
✔ light debris flutters and heavy debris drops (0.1115ms)
✔ the surfaces that powder raise dust and the ones that shatter do not (0.0817ms)
✔ concrete throws the widest cloud, because it has to read from across the arena (0.0854ms)
✔ every weapon category scales a burst, and a shotgun pellet is worth less than a rifle round (0.135ms)
✔ a scaled burst always throws something, and only where the profile does (0.3314ms)
✔ each debris shape is cut to a silhouette the others are not (0.217ms)
✔ shop displays leave every entrance empty across display and trim variants (1.0149ms)
✔ physical display bays enclose goods behind glass without growing the storefront footprint (605.27ms)
✔ uniform prop fitting grounds the base and keeps every bound inside the display envelope (0.2718ms)
✔ native planter keeps grounded leafy shrubs beside its separate structural model (58.906ms)
✔ semantic limb and legacy finger references resolve to native imported joint names (1.8961ms)
✔ human and bot world bodies use the same directional and reload animations (0.362ms)
✔ animation transitions remain multi-frame under load (0.1616ms)
Navigation query removed 25643088 fitted coordinate values from 2557 placements
✔ numeric mesh upload preserves outward normals and reverses only Godot face winding (1.4329ms)
✔ bulk instance transforms preserve yaw, arbitrary surface tilt and independent shrub scales (0.4232ms)
✔ ground batch merging preserves fitted surfaces in world space without another ground fit (0.1807ms)
✔ authored crowns reuse six meshes regardless of exact clearance width and keep roots grounded (8.2842ms)
✔ navigation footprint queries retain no fitted facets and exactly match presentation placements (32849.7393ms)
✔ tree tone and lean are uploaded in a bounded numeric buffer without moving roots (0.6986ms)
✔ detached furniture plots use pale paving while real tree and garden beds retain soil (6.9051ms)
✔ landscaping excludes every actual cordon, separates tree crowns, and preserves closure pieces (49.4276ms)
✔ planter coping follows a slope and a terrain seam across its entire footprint; unsupported footprints fail (3.377ms)
✔ furniture paving reaches a real path, follows grade, and tree beds have no repeated shrub islands (7.5347ms)
✔ every registered vegetation module uses one flat leafy family within its actual footprint (702.4348ms)
✔ family meshes are deterministic, manifold lobes with outward faces and several crown clusters (68.2716ms)
✔ tree size family preserves placement ids, crown widths and grounded roots (5.4047ms)
✔ six crown silhouettes stay inside existing clearance envelopes after lean and scale (97.3354ms)
✔ clustered foliage preserves plant count and keeps every fitted shrub inside the original bed (0.5959ms)
✔ authored shrub clusters resample sloping soil without changing the source or boundaries (1.6341ms)
✔ vegetation is independently planted without tree pedestals or furniture-attached beds (2.065ms)
✔ shrub foliage preserves bench approaches and exposed tree roots (0.6419ms)
✔ placement paint survives reordering and gives a weighted city mix (19.9588ms)
✔ paint custom data preserves each transform and tree colour buffer (0.9926ms)
✔ sprint-out sights wait for the exact authoritative ready deadline (0.7467ms)
✔ tablet gun handoffs enter from below with a monotonic, reversible assembly move (2.0969ms)
✔ tablet handoffs sample continuous native holster and draw, with no draw during remote entry (0.8476ms)
✔ draw and reload cannot be overridden by recoil or an aim request (0.2366ms)
✔ live hip and ADS playback never adds a baked fire kick to procedural recoil (0.2938ms)
✔ sprint entry can be sampled backwards on release, and aiming takes over (0.2918ms)
✔ sprint uses the authored hold while the shared v0.28 sway supplies the run cycle (0.1252ms)
✔ native shot clips drive parts while reload and draw retain priority (0.1112ms)
...........
----------------------------------------------------------------------
Ran 11 tests in 0.008s

OK
✔ build selects one weapon; import accepts multiple files and --from before or after paths (1.9948ms)
✔ partial imports plan only present weapons and never copy the other weapon's files (0.4475ms)
✔ tablet build and partial import keep weapon edits isolated (0.1343ms)
✔ tablet retains native weighted hands, all baked frames and the editable prop seat (68.9584ms)
✔ local pose deltas reconstruct edits, carry each frame, preserve manual edits and protect reload motion (123.5304ms)
✔ pistol: saved Actions retain all clips, finite samples and independent prop tracks (303.0161ms)
✔ pistol: reject a lost magazine track before updating game files (6.4431ms)
✔ pistol: reject mismatched frame duration and native bone roster (19.4891ms)
✔ assault-rifle: saved Actions retain all clips, finite samples and independent prop tracks (282.6469ms)
✔ assault-rifle: reject a lost magazine track before updating game files (8.9275ms)
✔ assault-rifle: reject mismatched frame duration and native bone roster (24.45ms)
✔ all sixteen treatments retain closure panels and C13's two legs (2.0742ms)
✔ approved dimensions stay at native metres and all poses have source-fitted ground (2.025ms)
✔ shoreline model variety is stable, reaches every prepared shape and excludes unavailable outputs (2.0187ms)
✔ native shoreline fitting preserves the old clearance envelope and puts the lowest point at its root (0.4559ms)
✔ constructed piers keep every source cap while replacing full-height concrete walls with thin fascia (12.512ms)
✔ timber has flat cut caps and separate real bindings rather than an angled obelisk crown (0.3385ms)
✔ angular armour alternatives remain inside the approved rock clearance envelope (4.1286ms)
✔ landing structure keeps its supported cross-braced access and bindings while model fenders replace cylinder facets (1.9051ms)
✔ all usable surveyed ferry decks build grounded guards without treating isolated cap remnants as decks (48.7285ms)
✔ instanced Tencent shoreline stones stay closed, flat shaded and within the 400-triangle budget (11.6145ms)
✔ riverfront ownership removes both legacy picket variants map-wide and retains inland gardens (16794.1052ms)
✔ every placed waterfront post and base-plate corner touches retained ground within 1 cm (10553.2627ms)
✔ approved riprap footprint forces a grounded, continuous rail landward of the rocks (0.4577ms)
✔ an overhanging bank extends posts down to ground while its rails stay above bank level (0.549ms)
✔ a post shaft reaches its sloping plate, and split-level plates seek a single supporting surface (5.5602ms)
✔ sloping supports fit each plate corner and upright separately, with no midpoint interpolation (0.2898ms)
✔ a failed ground fit relocates to nearby ground without breaking the railing (0.655ms)
✔ steep ground and centimetre survey seams retain continuous, uncrowded corner rails (9.8049ms)
✔ post spacing continues through short surveyed edges instead of clustering at each vertex (0.2922ms)
✔ river has finite upward facets and retains the fine grid beside candidate C (471.4984ms)
✔ shore dressing uses finite pier-top heights and records its retained sources (40.8677ms)
✔ approved pier props retain source approval hashes and fit the runtime triangle budgets (4.9647ms)
✔ visual shore placement includes both camera areas and bounded, scaled piling footprints (111.1071ms)
✔ varied riprap forms a visible belt outside the promenade and timber silhouettes remain readable in both approved views (161.6036ms)
✔ committed waterfront placements have valid visual metadata (86.2343ms)
✔ raised rock crowns leave every surveyed bank clear for the retained baked railing (239.4701ms)
✔ scattered riprap keeps varied small stones across both shore views (58.8196ms)
✔ 07 raised landing has grouped approved timber supports within foam capacity (61.4662ms)
✔ riprap descends through a broad apron with proportional boulder heights (109.95ms)
✔ the full shoreline slope has dense armour in every alongshore and depth band (1066.8518ms)
✔ armour beside every bank stays exposed even when opposite shoreline aprons overlap (296.612ms)
✔ every weapon category has a presentation definition (1.2899ms)
✔ muzzle flashes clear the barrel along each model's own bore (0.2554ms)
✔ every weapon model runs its bore down the canonical -Z (34.3135ms)
✔ every weapon model ships the sockets the runtime addresses by name (29.2756ms)
✔ a muzzle flash clears before the weapon can fire again (0.4117ms)
✔ weapon scene wiring is distinct per category (0.486ms)
✔ weaponAnimation composes each category's authored clip names (0.2083ms)
✔ aiming narrows the view for every category (0.1615ms)
✔ every weapon is carried by a hold the pose table defines (0.2364ms)
✔ both holds are defined and fully specified (0.3734ms)
✔ sprint bore constants exceed the resting swing and cant (0.1754ms)
✔ hand grips are stated as unit directions (0.201ms)
✔ the shared world grip rotation is a unit quaternion (0.0876ms)
✔ the viewmodel pass magnifies with field of view rather than scale (0.0798ms)
✔ native support calibration uses weapon-space metres and degrees (0.1499ms)
✔ pistol and rifle retain v0.28 kick, squared return and sustained bloom strength (1.8099ms)
✔ v0.28 ADS optics, transition and camera recoil random ranges remain pinned (0.9363ms)
✔ every weapon category has a feedback definition (0.1126ms)
✔ aiming down sights damps the kick for every category (0.2194ms)
✔ aimed recoil only slides the weapon along the optical axis, so the sights stay lined up (0.2615ms)
✔ hip-fire recoil keeps its full lift, travel and rotation (0.2185ms)
✔ per-shot kick follows the intended ordering across every channel (0.3519ms)
✔ the automatic categories trade the smallest per-shot kick for the worst sustained fire (0.2982ms)
✔ horizontal wander runs opposite to vertical kick (1.8082ms)
✔ viewmodel recovery is derived from the authoritative bloom rules (0.2525ms)
✔ recoil intensity spans exactly one to one-plus-the-sustained-multiplier (0.2278ms)
✔ recoil intensity never falls as bloom accumulates (0.5648ms)
✔ a category with no bloom ceiling does not divide its way to NaN (0.1424ms)
✔ muzzle flash and shell casing dimensions are drawable (0.4802ms)
✔ the phase is the fraction of the server's duration, clamped to the reload (0.7899ms)
✔ Infima contacts keep distinct pistol/rifle and empty/loaded timings in order (0.3044ms)
✔ equipment footprint rejects roof edges, degenerate faces and unsupported corners (1.6172ms)
✔ sloped streets interpolate real ground height and reject steep prop supports (0.2552ms)
✔ source chunk fitting reaches all five approved study areas and rejects distant chunks (0.3762ms)
✔ roof equipment crosses coplanar triangle seams but rejects different roof levels (0.2587ms)
✔ street frontages retain survey elevation, outward wall normal and reject roof faces (0.7331ms)
✔ frontage equipment flips inconsistent winding toward the exposed street side (0.2078ms)
✔ inset doorway fixtures snap to the outer shell wall rather than burying into it (0.283ms)
✔ crossings use broad multi-way junction mouths, avoiding alleys and duplicate approaches (2.357ms)
✔ paint fits across triangle seams and follows street grade (0.4364ms)
✔ paint rejects off-road corners, missing central support and ambiguous levels (0.1453ms)
✔ paint stays above millimetre-overlapping road faces instead of clipping into the visible layer (0.1919ms)
ℹ tests 668
ℹ suites 0
ℹ pass 668
ℹ fail 0
ℹ cancelled 0
ℹ skipped 0
ℹ todo 0
ℹ duration_ms 37727.2052
