
> godmode-exe@ test:unit D:\work\godmode-roguelite-worktrees\land-livetube-juice-20261007
> node --test tests/unit/*.test.mjs

✔ the same account simulation is repeatable and ends at its ban wave (12.8757ms)
✔ the first sniper arrives early enough for a new player to notice (2.3416ms)
✔ shop purchases obey shelf availability and wallet balance (0.2816ms)
✔ a bigger starting audience changes sniper pressure through the real tier rules (6.233ms)
✔ account progression records the goal and does not erase prior gains (54.0824ms)
✔ a cloaker's wind-up draws back into its tell and holds it (1.2924ms)
✔ the juggernaut commander poses its roar and slam only once it has dropped its gun (0.6377ms)
✔ only the cloaker poses its attack; every other kind keeps its own clips (0.1517ms)
✔ a flinch snaps back, eases upright, and is still outside its window (0.1845ms)
✔ all eight travel directions follow rendered facing at every world heading (1.9798ms)
✔ turning the actual body changes local travel without changing world velocity (0.1206ms)
✔ diagonal stride speed uses mixed source travel and scaled native limb length (0.1566ms)
✔ directional lower-body blending leaves shooting joints alone (0.2808ms)
✔ movement angles are read against the body's facing, right being -X at yaw 0 (0.9812ms)
✔ a body squared up to its target gets the gait for the way it walks (1.0382ms)
✔ one stray snapshot does not flick a walking body to idle or sideways (0.1601ms)
✔ a diagonal just past the sector edge keeps the current gait (0.1317ms)
✔ a gait is held for its minimum time before it changes (0.1891ms)
✔ the stride speed glides instead of following each noisy snapshot (0.133ms)
✔ a resting patrol pose is reused only while all replicated state is unchanged (0.2136ms)
✔ confirmed outcomes rise above ordinary hits and stream cues (0.6979ms)
✔ tip clears ambience briefly but stays below combat on the stream bus (0.6192ms)
✔ stronger outcomes suppress a weaker duplicate onset, not the next shot (0.7863ms)
✔ combat transient ducks the stream and ambience, then releases (0.1833ms)
✔ drone retains 1.4 Hz / 30% strobes and its hunting lens colour (1.2691ms)
✔ only broken plates or a stun expose commander shells; only hover lights engines (0.1406ms)
✔ all nine rebuilt assets contain authored signal/belt surfaces and match provenance (72.8749ms)
✔ barrier runtime meshes stay within budget and bind to approved raw hashes (58.5887ms)
✔ all thirteen runtime props retain the approved #950 geometry and flat colours (47.2662ms)
✔ the muted-red newspaper colourway preserves glass and repaints only the warm body cluster (13.7325ms)
✔ the slate newspaper colourway preserves glass and repaints only the warm body cluster (11.683ms)
✔ map preview GLBs preserve VEC4 flat vertex colours (0.5699ms)
✔ bits read back in the order they were written, across byte boundaries (1.9489ms)
✔ a run of booleans costs one bit each (0.2814ms)
✔ variable-length integers round trip across every group boundary (0.3842ms)
✔ signed integers round trip, and a small negative costs what a small positive costs (0.309ms)
✔ a double round trips bit-for-bit (0.3112ms)
✔ fixed point represents zero exactly (0.382ms)
✔ fixed-point error stays inside half a step (0.6152ms)
✔ a value outside the fixed-point range clamps rather than wrapping (0.883ms)
✔ negative fixed-point values round trip through two's complement (0.7526ms)
✔ strings round trip, including non-ASCII and a lone surrogate (3.4133ms)
✔ UTF-8 encoding matches the platform's own, for everything well-formed (1.3533ms)
✔ malformed UTF-8 decodes to replacement characters instead of throwing (0.2201ms)
✔ reading past the end reports an overrun rather than inventing data (0.1908ms)
✔ a truncated string is refused rather than allocated against (0.2589ms)
✔ abort poisons the reader so one overrun check at the top rejects the packet (0.1557ms)
✔ the writer grows past its initial capacity without losing bits (2.344ms)
✔ a package that tests from dist clears dist/test before it compiles (2.203ms)
✔ test builds once, before any step that reads compiled output (2.1116ms)
✔ the root scripts test runs do not compile again (0.3537ms)
✔ test:integration builds once, before any step that reads compiled output (0.1127ms)
✔ the root scripts test:integration runs do not compile again (0.1432ms)
✔ mixed survey winding is repaired without moving the wall plane or mutating collision inputs (3.2963ms)
✔ masonry has open glass apertures and actual inward-facing 28 cm reveals (5.2945ms)
✔ continuous ground-floor base is cut around doors and follows a clipped facade (2.2323ms)
✔ a waterfront landing's replaced building keeps no masonry inside the landing footprint (279.2436ms)
✔ a rusticated base lays channelled courses up to the belt course, still cut around doors (3.9907ms)
✔ building tones use stable semantic names across chunk-local feature ids (1.3288ms)
✔ tone assignments cover exactly each range and all four finishes are reachable (2.1752ms)
✔ stride lookup retains the full new humanoid slug (0.8903ms)
✔ the minimap is heading-up: what the player faces plots straight up (1.0429ms)
✔ a wallhack box bounds its corners and clamps to the screen (0.7439ms)
✔ no wallhack box for an Admin behind or beside the camera, or centred off screen (0.912ms)
✔ Wallhacks boxes fully inside its reach, faintly past it, and not at all far off (1.1317ms)
✔ curtain grids fit smaller towers, preserve identities and keep far members above a pixel (0.9258ms)
✔ horizon geometry is bounded, nondegenerate and entirely outside the arena barrier (4597.6635ms)
✔ river faces upward at the survey sea datum, and the landmark is a two-tower suspension span (8.7353ms)
✔ the horizon survey regenerates from retained source data without a network request (3443.8534ms)
✔ horizon tour poses stand on retained ground samples inside the C outline (1.0716ms)
✔ transport presentation preserves waterfront decks and optional upper-face filtering (0.293ms)
✔ the map's own vehicles draw the approved models in flat palette colours, in their original +X frame (0.172ms)
✔ all horizon eye poses clear source vehicles and the rule-placed parking boxes (353.0581ms)
✔ a download is named by its pack folder and file, with no slash Godot would refuse (0.8276ms)
✔ assault: every state the game ships says where it comes from, and every clip it names is retained (85.2285ms)
✔ breach: every state the game ships says where it comes from, and every clip it names is retained (159.1986ms)
✔ marksman: every state the game ships says where it comes from, and every clip it names is retained (13.6399ms)
✔ a state the catalog compiler replaces is credited to what it is made from, not its listed file (0.8965ms)
✔ a clip the game plays backwards is marked as reversed (0.3031ms)
✔ a clip retargeted from another character's download does not credit this character's file of the same name (0.1378ms)
✔ commander armor ships five independent textured meshes with recorded approved bytes (219.5378ms)
✔ removed survival platform families contribute no visual, collision or navigation boxes (0.9916ms)
✔ only the round that breaks a real plate confirms armour break to its attacker (1.5359ms)
✔ one blast breaking several plates confirms once; debug and unattributed damage do not (0.9524ms)
✔ concept capture refuses 06,06 before calling the game (268.8164ms)
✔ concept capture refuses missing before calling the game (58.6212ms)
✔ concept capture refuses an explicitly stale source before calling the game (229.1272ms)
✔ a marker survives its own format and nothing else passes for one (1.4718ms)
✔ a marker left at launch is a crash, and no marker is a clean quit (0.1863ms)
✔ a clean quit deletes only the marker it wrote (0.1493ms)
✔ session ids differ by start and by process (0.1309ms)
✔ Godot's rotated logs are found newest first, without the live one (0.2355ms)
✔ a short log comes back whole (0.3354ms)
✔ a long log read whole keeps its first 20 and last 300 lines and says what it skipped (1.0367ms)
✔ a log read at both ends drops the line the tail read landed inside (0.2697ms)
✔ a chunk read from mid-file skips the torn character rather than decoding it (0.2174ms)
✔ an oversized attachment keeps its end, in whole characters, under the byte limit (0.4528ms)
✔ the last error line is the newest ERROR or engine error (0.2544ms)
✔ the message names the session, build, machine and last error, and fits Discord (0.3144ms)
✔ missing logs are said in the message and not attached (0.1471ms)
✔ the webhook body is multipart with payload_json and one files[n] part per attachment (0.5294ms)
✔ a body containing its boundary is refused (0.4858ms)
✔ boundaries are long and hex (0.1688ms)
✔ only an export uses the committed URL; an override reaches any run (0.1086ms)
✔ kerbstone top and footway partition the original grade without stacked surface overlap (1.2775ms)
✔ the damage arc keeps the old wedge's timing: 900 ms up, solid for the first half (0.6763ms)
✔ the red pulse keeps its 0.32 start easing out over 320 ms (0.1836ms)
✔ the arc is thin and short, tapers at its tips, and never folds into duplicate points (1.4249ms)
✔ debug_spawn_encounter accepts every enemy kind (0.9075ms)
✔ debug_character_detail accepts exactly the character-detail settings (0.7587ms)
✔ debug_lighting accepts exactly LightingOptions, plus the antialiasing mode (1.0303ms)
✔ debug_lattice_study accepts exactly the fields read by its fixture (0.4038ms)
✔ every debug_* handler has an entry in the accepted-field table (2.3094ms)
✔ the table lists every field its handler reads (2.1456ms)
✔ the table lists no field its handler never reads (1.8453ms)
✔ a misspelled field is refused, and the reply says what the action takes (0.2537ms)
✔ an action with no entry, and an empty payload, are left alone (0.1885ms)
✔ DEBUG registry has unique controls, storage keys and grouped choices (2.0849ms)
✔ DEBUG settings persist and reject invalid stored values (0.3335ms)
✔ trainer fits supported desktop aspect ratios with room for its taskbar (1.4792ms)
✔ dragging cannot strand window controls off screen or under the taskbar (0.2175ms)
✔ default window preserves the approved reference proportions (0.1349ms)
✔ the manifest says its free-tier output may not ship (0.6802ms)
✔ every entry is a request the sound-effects API accepts (0.7862ms)
✔ nothing is generated for a sound the original game has (0.1516ms)
✔ no two entries write the same file (0.1293ms)
✔ every sound in assets/audio is a recorded derivative (derivatives.json) or generated from the manifest (7.932ms)
✔ every file the manifest writes is committed (4.9195ms)
✔ every downloaded music track records where it came from and a licence that allows the game (0.318ms)
✔ grunt uses the native nine-frame shot, restarting for each real burst round (0.7277ms)
✔ native shot window includes the full motion and restarts from each replicated round (0.1303ms)
✔ native deaths use reproducible supported full-body fall clips (0.9534ms)
✔ native death plays the full source fall before sinking and cleanup (0.9969ms)
✔ moving fire and hit reactions never replace pelvis or leg gait tracks (0.3ms)
✔ each ranged enemy has a flash profile while lobbers and melee never emit false bullet tracers (0.988ms)
✔ spatial radio calls choose their nearby officer or commander, not a grunt or distant voice (0.7452ms)
✔ radio hand blends in and releases without a permanent override (0.9056ms)
✔ slam native contact and recovery fit existing authority timing (0.2739ms)
✔ stun holds recoil before the death fall; pistol sits beyond shield's right edge (0.6964ms)
✔ commander and minigun accelerate, coast and count each authoritative stamp once (0.9281ms)
✔ late snapshots do not fabricate feed/recoil or shots (0.1292ms)
(node:25616) [MODULE_TYPELESS_PACKAGE_JSON] Warning: Module type of file:///D:/work/godmode-roguelite-worktrees/land-livetube-juice-20261007/scripts/environment_modules/module_contract.ts is not specified and it doesn't parse as CommonJS.
Reparsing as ES module because module syntax was detected. This incurs a performance overhead.
To eliminate this warning, add "type": "module" to \\?\D:\work\godmode-roguelite-worktrees\land-livetube-juice-20261007\package.json.
(Use `node --trace-warnings ...` to show where the warning was created)
✔ furniture fronts share the kerb band and leave a full walking lane on narrow footways (1.5455ms)
✔ lamp clearance catches bed interiors and rotated planter edges (5.2491ms)
✔ bent branches share closed joint rings and outward terminal caps (3.2597ms)
✔ closure footings follow sloped and stepped paving with a closed buried contact skin (3.9935ms)
✔ closure clearance catches a fence crossing between clear endpoints (0.5239ms)
✔ every park walk uses surveyed top caps, never the terrain underside (4322.5873ms)
✔ roof service ducts close at cabinet ports and flashed penetrations (4.7197ms)
✔ nearby bench and bin approaches overlap instead of leaving a narrow grass strip (1.2071ms)
✔ all park and furniture paving joins have a single cap owner (24.9352ms)
✔ waterfront details reach Pier 1 and paving stays on finite ground within C (71.6613ms)
✔ ground fitting joins surveyed triangle seams and rejects unsupported/sloping footprints (0.4369ms)
✔ physical props must exclude nav interior plus the player's capsule clearance (0.2165ms)
✔ graded retaining pads follow each source corner and reject excessive rise or gaps (0.3997ms)
(node:48804) [MODULE_TYPELESS_PACKAGE_JSON] Warning: Module type of file:///D:/work/godmode-roguelite-worktrees/land-livetube-juice-20261007/scripts/environment_modules/module_contract.ts is not specified and it doesn't parse as CommonJS.
Reparsing as ES module because module syntax was detected. This incurs a performance overhead.
To eliminate this warning, add "type": "module" to \\?\D:\work\godmode-roguelite-worktrees\land-livetube-juice-20261007\package.json.
(Use `node --trace-warnings ...` to show where the warning was created)
✔ windowBay: honest bounds, valid facets and GLB round trip (10.6832ms)
✔ cornice: honest bounds, valid facets and GLB round trip (2.3264ms)
✔ parapet: honest bounds, valid facets and GLB round trip (1.2288ms)
✔ stoop: honest bounds, valid facets and GLB round trip (3.5343ms)
✔ doorSurround: honest bounds, valid facets and GLB round trip (2.3062ms)
✔ fireEscape: honest bounds, valid facets and GLB round trip (12.136ms)
✔ beltCourse: honest bounds, valid facets and GLB round trip (1.1399ms)
✔ storefront: honest bounds, valid facets and GLB round trip (3.0797ms)
✔ facade attaches to solid shells and retains downward stair clearance (4.2446ms)
✔ all facade-family variants fit their honest bounds and have nondegenerate triangles (521.8478ms)
✔ one building keeps one architectural family and its trim tone across independent role picks (29.1002ms)
✔ alternating quoin widths terminate flush at the correct corner edge (0.6552ms)
✔ hanging corbels clear a centred window surround in their three-metre bay (0.1434ms)
✔ ground index retains triangle seams across negative-coordinate cell boundaries without duplication (1.4197ms)
✔ sidewalk interiors cancel and long boundary edges split into supported gutter spans (0.4912ms)
✔ gutter requires opposite sidewalk and asphalt support, rejecting roof-height and ambiguous fits (0.5458ms)
✔ localized wear clips to exact nonplanar source faces and never bridges missing ground (0.7832ms)
(node:51572) [MODULE_TYPELESS_PACKAGE_JSON] Warning: Module type of file:///D:/work/godmode-roguelite-worktrees/land-livetube-juice-20261007/scripts/environment_modules/module_contract.ts is not specified and it doesn't parse as CommonJS.
Reparsing as ES module because module syntax was detected. This incurs a performance overhead.
To eliminate this warning, add "type": "module" to \\?\D:\work\godmode-roguelite-worktrees\land-livetube-juice-20261007\package.json.
(Use `node --trace-warnings ...` to show where the warning was created)
✔ facade: committed geometry and metadata reproduce from the engine-free builders (33.9005ms)
✔ roof: committed geometry and metadata reproduce from the engine-free builders (20.8377ms)
✔ street: committed geometry and metadata reproduce from the engine-free builders (26.0963ms)
✔ textured module bounds are validated after their native mesh transform (6.1561ms)
✔ every module in the library keeps the contract, and every role has at least one (561.5059ms)
✔ every placed role resolves to real faceted geometry rather than a stand-in (0.9729ms)
✔ garden and yard completion fits the existing placement envelopes without tolerance slack (7.1321ms)
✔ the contract catches geometry outside the footprint, unknown slots and bad ids (0.7938ms)
✔ boxes face outward: every face normal points away from the box centre (0.3628ms)
✔ real modules replace stand-ins for their role, and picks are stable (1.0667ms)
✔ window bays fill every storey about every three metres, face out of the wall, and leave the door clear (15.7055ms)
✔ a street front without an inferred entrance gets one front door, lifted onto a stoop (2.3668ms)
✔ large roofs carry sparse varied individual installations with generous clear space (499.179ms)
✔ window dressing varies sparsely by bay while sash and trim stay coherent per building (14.0114ms)
✔ a door at street level too tight for a stoop gets one raised entry step and a canopy (2.7686ms)
✔ a wall with a neighbour close in front stays blank below the neighbour's roof (1.3955ms)
✔ the committed attach surfaces match the map chunks they were extracted from (2593.6603ms)
✔ the navigation bake cut out exactly the parked cars the rules place, so a rule change forces a rebake (399.9641ms)
✔ the arena's placements stay out of buildings, door paths and each other, and sit on the ground (15752.4523ms)
✔ no enemy spawn point stands inside a hedge, stoop, shed, tree trunk or any other visual prop (16800.4368ms)
✔ supply crates rest on the nearest prop-clear spawn point, on its floor, or nowhere when none is near (0.3661ms)
✔ a building's cornice, belt course and door surround come from one style family (12.2824ms)
✔ on a sloping street the storeys carry down to the pavement instead of leaving the low end blank (2.7706ms)
✔ picture-frame windows stay on rowhouse-scale buildings (8.563ms)
✔ player-eye review cameras stand 1.7 metres above actual surveyed waterfront ground triangles (18.7553ms)
(node:40256) [MODULE_TYPELESS_PACKAGE_JSON] Warning: Module type of file:///D:/work/godmode-roguelite-worktrees/land-livetube-juice-20261007/scripts/environment_modules/module_contract.ts is not specified and it doesn't parse as CommonJS.
Reparsing as ES module because module syntax was detected. This incurs a performance overhead.
To eliminate this warning, add "type": "module" to \\?\D:\work\godmode-roguelite-worktrees\land-livetube-juice-20261007\package.json.
(Use `node --trace-warnings ...` to show where the warning was created)
✔ all three basic HVAC sizes share the approved flat model and fit their retained envelopes (74.5779ms)
✔ acSmall: facets, support and measured bounds (22.2674ms)
✔ acMedium: facets, support and measured bounds (11.5331ms)
✔ acLarge: facets, support and measured bounds (10.5078ms)
✔ ductRun: facets, support and measured bounds (3.0755ms)
✔ ductElbow: facets, support and measured bounds (0.7955ms)
✔ roofVent: facets, support and measured bounds (14.4294ms)
✔ roofHatch: facets, support and measured bounds (3.5897ms)
✔ waterTank: facets, support and measured bounds (14.2773ms)
✔ : facets, support and measured bounds (48.2962ms)
✔ : facets, support and measured bounds (117.5213ms)
✔ : facets, support and measured bounds (43.1093ms)
✔ : facets, support and measured bounds (11.8476ms)
✔ duct ports share width and elevation and elbow turns through 90 degrees (0.5838ms)
(node:11704) [MODULE_TYPELESS_PACKAGE_JSON] Warning: Module type of file:///D:/work/godmode-roguelite-worktrees/land-livetube-juice-20261007/scripts/environment_modules/module_contract.ts is not specified and it doesn't parse as CommonJS.
Reparsing as ES module because module syntax was detected. This incurs a performance overhead.
To eliminate this warning, add "type": "module" to \\?\D:\work\godmode-roguelite-worktrees\land-livetube-juice-20261007\package.json.
(Use `node --trace-warnings ...` to show where the warning was created)
✔ lampPost: complete footprint and nondegenerate facets (8.6314ms)
✔ roundTree: complete footprint and nondegenerate facets (2.7706ms)
✔ columnTree: complete footprint and nondegenerate facets (1.4798ms)
✔ planter: complete footprint and nondegenerate facets (2.466ms)
✔ bin: complete footprint and nondegenerate facets (4.4933ms)
✔ utilityBox: complete footprint and nondegenerate facets (30.6152ms)
✔ bench: complete footprint and nondegenerate facets (7.1343ms)
✔ crosswalkStripe: complete footprint and nondegenerate facets (1.0277ms)
✔ manhole: complete footprint and nondegenerate facets (3.351ms)
✔ drainGrate: complete footprint and nondegenerate facets (4.0628ms)
✔ hedge: complete footprint and nondegenerate facets (1.0966ms)
✔ curbBollard: complete footprint and nondegenerate facets (1.7239ms)
✔ street orientation and scale include lamp arm, crown and stripe long axis (0.8843ms)
✔ Godot's export filters are globs over whole paths, not directory rules (1.0355ms)
✔ every export preset excludes the runtime inspection bridge (1.1206ms)
✔ every export preset excludes all of tools/ and tests/ (258.5391ms)
✔ tools/ is hidden from the exporter a second time, by its own .gdignore (0.3828ms)
✔ no export preset excludes the game's own resources (3.9735ms)
✔ every raw .glb.bin model is packaged (49.3447ms)
✔ the export leaves out the parts of the maps only the tools read (0.5685ms)
✔ the pack's byte scan finds a literal that straddles a chunk boundary (87.68ms)
✔ the pack reader skips an embedded pack's alignment padding, and nothing more (22.4094ms)
✔ approved assaultRifle ships its textured source and a sight picture on its own sights (298.7595ms)
✔ approved pistol ships its textured source and a sight picture on its own sights (606.455ms)
✔ approved shotgun ships its textured source and a sight picture on its own sights (2151.7109ms)
✔ approved sniperRifle ships its textured source and a sight picture on its own sights (137.2647ms)
✔ each gun's sight sockets sit on the sight features place-weapon-sights.mjs measures on its mesh (1857.1766ms)
✔ FX ages hold through pause and resume with their remaining life (0.6884ms)
✔ widthAt reads the solid's x-extent where a line crosses it and misses elsewhere (1.8828ms)
✔ gripColumn puts the palm on the column's right face under the receiver, not on the receiver or the guard (13.2268ms)
✔ gripColumn finds nothing on a bare receiver (2.2175ms)
✔ designed facets exactly cover the surveyed triangle on its own plane (16.0484ms)
✔ facets are lattice-sized, not survey-sized, and vary in tone and normal (5.266ms)
✔ one world lattice: a facet split by a survey edge keeps one tone on both sides (78.8015ms)
✔ blood coverage runs from clear at full health to complete at death (2.3683ms)
✔ the coverage curve turns at the rules' own instant-recovery threshold (0.1387ms)
✔ out-of-range health is treated as unhurt rather than drawn wrong (0.112ms)
✔ every audible channel is driven by the coverage actually drawn (0.1332ms)
✔ the wash arrives far faster than it clears (1.8348ms)
✔ a zero or negative frame moves the wash nowhere (0.148ms)
✔ a channel below the silence floor is not played at all (0.2586ms)
✔ the heartbeat phase stays continuous when the rate changes (0.1685ms)
✔ one beat is one kick and a decay (0.7737ms)
✔ tip gains count up and further gains continue from the displayed amount (0.951ms)
✔ first display, losses and a new stream show their current tip total immediately (0.1525ms)
✔ a kill survives the next target's hits, while new kills retrigger and expiry releases it (0.1371ms)
✔ confirmation pulses settle before fading, including extended fixture holds (0.9061ms)
✔ plate breaks survive following hits but yield to kills, and expire normally (0.1639ms)
✔ audience growth pulses once, settles, and throttles continuous gains (0.1946ms)
✔ audience losses and hidden-stream resets do not celebrate gains (0.1785ms)
✔ the respawn countdown rounds up to whole seconds and never goes negative (0.1297ms)
✔ HUD families keep their requested screen corners (0.4669ms)
✔ HUD stays in safe bounds at 1280x720 (0.5201ms)
✔ HUD stays in safe bounds at 3440x1440 (9.3529ms)
✔ HUD stays in safe bounds at 1100x735 (0.2464ms)
✔ HUD stays in safe bounds at 1024x768 (0.1583ms)
✔ HUD stays in safe bounds at 800x600 (0.1262ms)
✔ HUD stays in safe bounds at 600x600 (0.1653ms)
✔ HUD stays in safe bounds at 640x360 (0.1206ms)
✔ HUD stays in safe bounds at 390x844 (0.1467ms)
✔ HUD stays in safe bounds at 320x320 (0.1199ms)
✔ HUD stays in safe bounds at 280x180 (0.0811ms)
✔ the frame-rate readout states both the rate and what a frame cost (0.1556ms)
✔ the frame-rate readout takes the top-left corner and the radar moves down for it (0.0806ms)
✔ the hit marker is centred on the crosshair, whatever it is confirming (0.5048ms)
✔ the hit marker gets heavier as the shot is worth more, and never depends on the viewport (0.131ms)
✔ every shipped camera-arm asset uses the native Infima skeleton (423.6248ms)
✔ the selected rifle runtime prop contains the complete body and no trimmed ADS child (7.9247ms)
✔ pistol: magazine walls and hidden follower enclose volume without capping the feed slot (6.8621ms)
✔ pistol: solid loaded rounds share the magazine mesh and survive repeated imports (13.2883ms)
✔ pistol: importing a #989 solid magazine removes its mouth cap (11.1641ms)
✔ pistol: restore the exact tagged v0.28 gun (7.5984ms)
✔ pistol: fire has moving parts and no second whole-assembly recoil (14.3148ms)
✔ assault-rifle: magazine walls and hidden follower enclose volume without capping the feed slot (3.8507ms)
✔ assault-rifle: solid loaded rounds share the magazine mesh and survive repeated imports (8.9093ms)
✔ assault-rifle: importing a #989 solid magazine removes its mouth cap (4.0519ms)
✔ assault-rifle: restore the exact tagged v0.28 gun (19.2672ms)
✔ assault-rifle: fire has moving parts and no second whole-assembly recoil (15.7273ms)
✔ an injection is installed while it holds, until it is first sampled, and inside its window (1.0613ms)
✔ only the fields a payload actually asks for count, in the handler's own terms (0.7224ms)
✔ every refused field is a debug_key_input field (0.1521ms)
✔ client_loop.ts still overwrites every intent field those taps feed (0.9372ms)
✔ the refusal names what would be dropped and how to send it instead (0.9399ms)
✔ every killstreak has an imported RGBA icon and its receipt: a generated source, or the script that drew it (52.499ms)
✔ native slash reaches its crossing at the authoritative 150ms contact and finishes at 600ms (2.7092ms)
✔ gun resumes its exact original pose after the slash (0.1722ms)
✔ a flash takes the first dark light (0.8659ms)
✔ with every light lit, the one lit longest ago is stolen (0.259ms)
✔ a flash starts at full energy, fades, and is dark at its end (0.1752ms)
✔ a file is published under its own digest, so every bake keeps its own asset (0.8017ms)
✔ a bake record must name both the atlas and its import sidecar (1.0316ms)
✔ the cache is per machine, and can be pointed elsewhere (0.3252ms)
✔ every atlas the tool restores is one git ignores, and its committed record names it (12.7551ms)
✔ every ignored lightmap atlas is restored or says why not, so a new bake cannot stay local by accident (0.9216ms)
✔ an explicit LIGHTMAP_BAKER_PATH always wins, and nothing is guessed (4.0783ms)
✔ an explicit path that does not exist still fails, rather than falling back (0.51ms)
✔ unset on Windows, the proven console build is used, checked, and named out loud (0.4761ms)
✔ the default is refused if it is not the official 4.6.1 build (0.3836ms)
✔ the windowed build is never a default: it has not been proven through a real bake (0.2385ms)
✔ unset anywhere but Windows fails loudly, as before (0.4745ms)
✔ death, restart, menu, game quit and window close all bank the run (2.8306ms)
✔ approved grunt firing retains nine real Mixamo samples and native recoil (132.7924ms)
✔ enemy-rifle: native skin, PBR images and shared motion catalog remain usable (59.618ms)
✔ enemy-smg: native skin, PBR images and shared motion catalog remain usable (36.6909ms)
✔ enemy-shotgun: native skin, PBR images and shared motion catalog remain usable (46.4562ms)
✔ enemy-grenadier: native skin, PBR images and shared motion catalog remain usable (40.8344ms)
✔ enemy-rpg: native skin, PBR images and shared motion catalog remain usable (36.9195ms)
✔ enemy-marksman: native skin, PBR images and shared motion catalog remain usable (77.3673ms)
✔ enemy-medic: native skin, PBR images and shared motion catalog remain usable (34.0964ms)
✔ enemy-shield: native skin, PBR images and shared motion catalog remain usable (56.4814ms)
✔ enemy-heavy: native skin, PBR images and shared motion catalog remain usable (132.6711ms)
✔ enemy-minigun: native skin, PBR images and shared motion catalog remain usable (33.8861ms)
✔ enemy-officer: native skin, PBR images and shared motion catalog remain usable (40.3559ms)
✔ enemy-commander: native skin, PBR images and shared motion catalog remain usable (55.5089ms)
✔ enemy-pistol: native skin, PBR images and shared motion catalog remain usable (55.7873ms)
✔ enemy-cloaker: native skin, PBR images and shared motion catalog remain usable (58.7102ms)
✔ assault: the raw-art index retains the Mixamo downloads the character was built from (7.1432ms)
✔ breach: the raw-art index retains the Mixamo downloads the character was built from (3.5706ms)
✔ marksman: the raw-art index retains the Mixamo downloads the character was built from (2.5468ms)
✔ daemon: the raw-art index retains the Mixamo downloads the character was built from (4.6349ms)
✔ assault: Mixamo migration preserves the body and binds every vertex (148.6742ms)
✔ breach: Mixamo migration preserves the body and binds every vertex (196.7176ms)
✔ marksman: Mixamo migration preserves the body and binds every vertex (196.8795ms)
✔ daemon: Mixamo migration preserves the body and binds every vertex (151.9717ms)
✔ daemon: each shoe has its own skin influences and triangles (89.168ms)
✔ fracture rigs fit the opaque packed-PBR replacement contract (82.8572ms)
✔ the planted foot measures the stride every clip's recorded source travel does (280.6671ms)
✔ every rig's own walk is drawn for the stride it measures, including one that kept its travel (29.2889ms)
✔ model showcase catalogs gameplay states that resolve on each native rig (3487.3552ms)
✔ model-specific clips leave unrelated showcase rigs in idle (0.3878ms)
✔ model showcase includes all six player death clips (286.4376ms)
✔ a pool keeps spares up to its cap and frees the rest (0.6347ms)
✔ the readout says what the pool is for: built against reused (0.7188ms)
✔ Pier 1 promenade covers its inshore centreline and closes outer paving edges (103.8373ms)
✔ the reference corner's footways sit at kerb-cap height and the rest a little proud of the road (0.2711ms)
✔ a footway triangle is one flat face on its surveyed grade: no slabs, joints, bevels or tone (0.8732ms)
✔ a new life clears what the life owned and keeps what the connection owns (1.185ms)
✔ reading a player never creates a record; writing does, and a disconnect removes it (0.1944ms)
✔ the arena's inputs are the same list, hashed the same, every time (258.7753ms)
✔ fingerprint depends on content and paths, not ordering or file timestamps (10.4885ms)
✔ machine cache defaults outside the checkout and accepts an override (0.3158ms)
✔ the fingerprint lock serializes worktrees and reclaims an abandoned holder (164.269ms)
✔ cache publishes verified outputs and restores a worktree receipt (17.9221ms)
✔ a file whose size and time match its stamp keeps its recorded hash; any other is read again (1.945ms)
✔ the receipt is current exactly when every input and output hash matches (0.3049ms)
✔ a receipt written for the tree as it is matches the tree's own inputs (1756.9756ms)
✔ PR gates never ensure an arena; release export does (0.675ms)
✔ development reuses a stale cached arena without generating (20.6402ms)
✔ a reload holds through a long pause and resumes with only unpaused time (2.7383ms)
✔ native animation, particles and world sound restore their original states after pause or teardown (1.8784ms)
✔ the log directory sits beside the file it is placed by, wherever that file is (0.7907ms)
✔ each boot gets its own file, named for its role and in UTC so the names sort in run order (0.2146ms)
✔ a line carries both clocks, and a message's own newline is not doubled (0.7489ms)
✔ a message spanning lines keeps its later lines indented under the entry (0.1647ms)
✔ an exported client logs beside its executable, and an editor client only beside a settings file it was given (0.1148ms)
✔ each boot deletes the oldest log files of its own role so that a fixed number remain, and leaves other files alone (0.8909ms)
✔ a console line reads the way GodotJS prints it, at the level of the method that wrote it (0.3452ms)
✔ no script registers an engine logger (61.9863ms)
✔ an exported client falls back to the user data directory when it cannot write beside the executable (0.3328ms)
✔ a heartbeat line says where the run is and how the process is doing (0.3321ms)
✔ a repeating error is written once, then once per window with a count of the ones held back (0.1638ms)
✔ the smoke-test termination ladder matches the CLI's for this platform (3.8019ms)
✔ the Windows ladder ends the whole tree, unforced before forced (0.2131ms)
✔ approved packs retain separate readable signal geometry within budget (8.8804ms)
✔ minigun housing remains separate from the centered -Z barrel pivot (5.1979ms)
✔ production dog retains a finite quadruped skin, 12k triangles and animated attack phases (18.0385ms)
✔ production supply crate preserves independently blinkable beacon geometry (2.943ms)
✔ smg has embedded runtime textures and the camera-safe mesh contract (42.5033ms)
✔ dmr has embedded runtime textures and the camera-safe mesh contract (25.4288ms)
✔ grenade-launcher has embedded runtime textures and the camera-safe mesh contract (18.712ms)
✔ waterfront park walks retain trunk and furniture clearance (1.2204ms)
✔ waterfront planting stays clear of park walk approaches (0.436ms)
✔ the driver line is read out of a real boot log, teardown noise and CRLF included (1.9412ms)
✔ a Vulkan boot reports Vulkan, so a fallback cannot read as the requested driver (0.1997ms)
✔ a log with no driver line reports nothing rather than guessing (0.0774ms)
✔ the project's pinned Windows driver is read with the name the engine prints for it (0.211ms)
✔ an unpinned or unmapped driver is reported as such, not as a driver (0.0971ms)
✔ a setting is read from its own section, not from anywhere in the file (0.2287ms)
✔ project.godot still carries the rendering settings an engine save can drop (0.119ms)
✔ a soup of rotated, non-uniformly scaled copies is recovered copy by copy, in order (3.0067ms)
✔ any vertex that is not a copy refuses the whole match rather than moving it (0.3323ms)
✔ normals are matched as append_from writes them: the basis times the base normal, normalised (0.8758ms)
✔ expanding the recovered copies gives back the soup (0.4951ms)
(node:45132) [MODULE_TYPELESS_PACKAGE_JSON] Warning: Module type of file:///D:/work/godmode-roguelite-worktrees/land-livetube-juice-20261007/scripts/client/environment_study_regions.ts is not specified and it doesn't parse as CommonJS.
Reparsing as ES module because module syntax was detected. This incurs a performance overhead.
To eliminate this warning, add "type": "module" to \\?\D:\work\godmode-roguelite-worktrees\land-livetube-juice-20261007\package.json.
(Use `node --trace-warnings ...` to show where the warning was created)
✔ source-keyed emission preserves physical envelopes and phantom hardware details (246.4182ms)
✔ capped exhaust joins the actual housing-side port and bears on its own roof (3.9622ms)
✔ occupied surfaces detect true crossing and reject coplanar disjoint pieces (0.4499ms)
✔ declared service strip stays outside every physical part (3.5834ms)
✔ closed miter elbows share oriented edges without open ends (0.6561ms)
✔ connector endpoints are cabinet side planes, inside housing heights (3.8061ms)
✔ stepped roof fits every separate foot and avoids transverse joint (4.1587ms)
✔ full rotated cap footprint is transformed, not nominal cabinet rectangle (6.6914ms)
✔ unsupported expanded footprint rejects an apparently supported cabinet centre (4.9342ms)
✔ frontage door ancestry is separate from hero roof ownership (10.2173ms)
✔ pnpm test runs the runner, and test:unit is the whole unit directory in one pass (1.1859ms)
✔ every test:* script is a step, folded into test:unit, or excluded with a reason (1.4551ms)
✔ the three gates are the ones whose failure makes the rest meaningless (0.2053ms)
✔ PR gates never run the expensive map freshness check (0.1018ms)
✔ a run that stopped early can never be mistaken for one that finished (0.4043ms)
✔ the queue is FIFO, and a lane that died is not in it (0.2927ms)
✔ a waiting lane says what it is waiting for, so a stall is not mistaken for a hang (0.1576ms)
✔ two lanes cannot run a locked step at the same time, and the second one waits (1651.3957ms)
✔ GAME_RPC_NAMES is exactly the @rpc methods declared on Game (3.1078ms)
✔ server RPCs require the appropriate admission phase (1.0324ms)
✔ streak debug picks share the simulation clock after slow motion resumes (11.8877ms)
✔ every refusal kind the dispatcher sends is one godot-cli knows (0.493ms)
✔ the refusals the in-repo pollers wait on are marked notReady, and a misspelt field is invalid (2.2707ms)
✔ a well-formed placement outside the loaded map is a decline, not an invalid request (0.9711ms)
✔ 20 Hz NPC steps travel as far as 60 Hz physics without compounding speed (1.661ms)
✔ a scheduled sweep keeps the wall's resolved velocity and cannot step through it (0.1446ms)
✔ a building's shops share one style and trim tone; only the door bays differ (0.9121ms)
✔ display and door glazing paint shop glass with a lit room; window bays paint home glass (10.8911ms)
✔ the bridge dressing's tower centres are the surveyed ones (12.2696ms)
✔ the shop awning faces up, out and to the sides, so back-face culling keeps it visible from the street (0.5ms)
✔ every replicated field is covered by the fixture (1.5207ms)
✔ the wire layout is pinned per format version, so a changed layout cannot keep its number (0.4937ms)
✔ a dictionary change the field list cannot see still changes the layout (#593) (0.296ms)
✔ the layout covers every lookup table and quantisation the codec reads through (0.3169ms)
✔ the wire field order is pinned, so a reorder cannot pass unversioned (0.1938ms)
✔ a self-contained snapshot round trips (2.412ms)
✔ mantle paths arrive in deltas and late-join keyframes and clear on completion (2.2055ms)
✔ corpse FIFO additions and removals survive delta packets and late-join keyframes (1.973ms)
✔ a delta against an identical baseline is a handful of bytes (0.3424ms)
✔ a moving lobby's delta fits inside one ENet fragment (0.5359ms)
✔ a self-contained eight-player snapshot stays within two fragments (0.2533ms)
✔ an unchanged field is carried over from the baseline rather than re-sent (0.6078ms)
✔ a player joining or leaving re-keys the roster without disturbing the others (0.4034ms)
✔ a System Admin arriving mid-match is encoded against a baseline that had none (0.3615ms)
✔ a string outside a dictionary still round trips, as a literal (0.3542ms)
✔ a truncated packet is refused rather than half-decoded (0.9349ms)
✔ packets from older layouts and unknown versions are refused (0.5088ms)
✔ a delta read against the wrong baseline is refused rather than trusted (0.1779ms)
✔ a delta claiming a baseline roster the receiver does not have is refused (0.1758ms)
✔ random bit flips are refused or decoded, never silently mixed up (25.332ms)
✔ sequence comparison survives the wrap at 65536 (0.2643ms)
✔ publisher and receiver converge on deltas and stay there (2.4394ms)
✔ a client that stops acknowledging is put back on full snapshots and recovers (0.9332ms)
✔ a receiver that misses a packet keeps naming what it still holds (0.3653ms)
✔ a superseded packet arriving late is dropped rather than rewinding the world (0.3073ms)
✔ every peer gets its own baseline, and identical baselines are encoded once (0.3206ms)
✔ a disconnected peer's acknowledgement is forgotten before its id is reused (0.5174ms)
✔ a receiver reset drops the match it was in (0.2712ms)
✔ an acknowledgement for a snapshot the server never sent is ignored (0.1744ms)
✔ the same packet arriving twice is applied once (0.1828ms)
✔ a yaw outside [-pi, pi] wraps rather than clamping (0.2606ms)
✔ a fabricated negative acknowledgement cannot wedge a peer out of deltas (0.1737ms)
✔ the accepted full-snapshot receipt survives deltas and rejected packets, then resets (0.4137ms)
✔ Brooklyn positions beyond the old 512 m range survive full and delta snapshots (0.6191ms)
✔ all preloaded city enemies survive keyframes and removals beyond the old 256-body cap (8.3904ms)
✔ a steady walk is drawn at a steady speed, with no stall frames (2.2218ms)
✔ bodies are drawn about the interpolation delay behind the newest snapshot (0.5727ms)
✔ the render clock jumps to a first snapshot and never runs past the newest (0.1768ms)
✔ a track holds its ends, interpolates between, and restarts on a teleport (1.4109ms)
✔ every snapshot a client accepts under loss is the world the server recorded (79.3954ms)
✔ snapshots are lost at the link's rate, not a multiple of it (31.4493ms)
✔ a total outage longer than the history is recovered from, without intervention (4.3922ms)
✔ duplicated and delayed packets never rewind the world (25.8077ms)
✔ a packet that arrives after a newer one is dropped, not applied (20.5377ms)
✔ a client whose acknowledgements are lost still gets a usable stream (32.0801ms)
✔ the same seed reproduces the same run (28.2231ms)
✔ every humanoid kind is drawn as a player gun the stance solver can hold (0.7874ms)
✔ the off-hand goes on every gun but the SHIELD's pistol (0.1727ms)
✔ only the HEAVY's LMG is drawn bigger (0.1052ms)
✔ the gun points along the line from the shoulder to the target (0.693ms)
✔ with nobody to shoot it carries the gun at a low ready (0.1572ms)
✔ a round kicks the muzzle up and it settles back (0.1282ms)
✔ a long gun blades the chest toward the off-side and sits back into the shoulder, within what reads as a stance (0.1465ms)
✔ startup phases partition the launch without counting nested resource spans twice (1.3645ms)
✔ an old readiness marker never counts as a presented gameplay frame (0.1523ms)
✔ phone retains its screen texture and assigns the material only when the feed changes (5.8744ms)
✔ prototype phone holds the ride feed, returns from its held pose, and keeps RC-XD a call-in (3.5502ms)
✔ phone shake rotates the rigid assembly and suppression clears it (0.8612ms)
✔ standard remote returns from close while direct-fade aircraft never raise a tablet (2.6619ms)
✔ prototype server keeps the exposed body in-world; bail releases it immediately and stops cover (13.0848ms)
✔ prototype timeout releases the body at seven seconds; console loadouts preserve the flow (2.1054ms)
✔ cover chooses nearest visible threat, respects cadence and damages at reduced gun power (2.2719ms)
✔ prototype map strike waits for click after phone tap; RC-XD is a call-in without a ride (1.5653ms)
✔ an existing trainer hint stays out of the tablet and ride viewing area (2.8089ms)
✔ tablet controller hands native gun playback through entry, put-away and remote return (1.4541ms)
✔ gunner activation cancels a preceding tablet outro through ride, exit and restored gun (1.4443ms)
✔ exit cancels stale tablet independently of observing ride entry (0.6954ms)
✔ tablet call-ins still raise, tap once and finish; ride entry does not cancel LAUNCH (7.0493ms)
✔ Predator's tablet is cleared for control, exit and the restored gun (0.8087ms)
✔ every ride holds its exact activation position through the exit fade, without changing weapon or ammo (2.835ms)
✔ remote ride returns through the close-held tablet and keeps the gun blocked until lowered (1.8115ms)
✔ gunners never restore a tablet; death cancels a remote return (0.8522ms)
✔ prototype feed holds the native approach and returns from the matching partial-close pose (2.0547ms)
✔ prototype RC-XD keeps its call-in pose and suppression clears phone hit feedback (0.721ms)
✔ slow close-device preparation does not consume the return reveal (0.7758ms)
✔ tablet remains close through the black handoff hold before revealing (0.6444ms)
✔ completed strike awards wait for the phone and stay off its close return (11.681ms)
✔ prototype exit returns the PiP phone immediately; standard exit prepares its black hold (1.8242ms)
✔ default prototype has no Auto Cover and body stays wherever movement put it (1.2053ms)
✔ two-click targeting and reset are shared by current and prototype flows (6.8445ms)
✔ prototype released phone restores the actual player gun; normal rides still hide it (2.1175ms)
✔ a missing phone-feed camera cannot leave thermal/static over the body view (1.4166ms)
✔ paint and parking use the same setback at branching junctions (1.2015ms)
✔ parking reserves the full crossing width and an approach beyond the car centre (0.2198ms)
✔ angled vehicle corners and angled crossings share the same clearance (0.7935ms)
✔ fitting follows rotated slopes and refuses missing paving, steps and narrow routes (1.0469ms)
✔ every committed base follows actual source paving, and every kind reaches the waterfront (1044.6728ms)
✔ dressing is batched by cell; shrubs share four shapes with correct numeric transforms (25.168ms)
✔ new furnishing footprints do not overlap one another or closure lanes (4.3682ms)
✔ navigation receipt matches all solid props and no enemy origin overlaps them (18.6361ms)
✔ a stacked vegetation pass cannot leave a pit after removing its tree (0.5107ms)
✔ street rules reject internal plaza kerbs, frontage pinch points and crowded bike racks (4.3226ms)
✔ every added street prop has a two-metre paved corridor clear of actual frontage and final props (17403.2491ms)
✔ street planter clusters vary between beds while retaining structure, cells and shape budget (3.3006ms)
✔ paint clips to each actual sloping road plane and refuses a hole (3.2944ms)
✔ lane centre measures the road instead of following a kerb-hugging routing point (3.1796ms)
✔ crossing geometry remains inside #893 vehicle reservation and lines clear its approach (1.7612ms)
✔ kerb facets face outward, preserve grade and omit dropped ramps (0.5663ms)
✔ asphalt tones are broad flat facets, with grade normals and no geometric seams (2.1223ms)
✔ beveled box keeps the exact envelope and outward nondegenerate faces (1.7392ms)
✔ furniture keeps every original placement field and fits its existing envelope (684.4975ms)
✔ approved street props retain normal and albedo maps, UVs and matching provenance (107.9981ms)
✔ every hydrant family draws the approved model at its recorded fit, with no facets (37.7249ms)
✔ native export carries actual sky and spatial material overrides, excluding commented declarations (4.1315ms)
✔ large shared batches sample the actual world field on both sides and through its transition (0.6354ms)
✔ source_color conversion precedes mixing and linear vertex intensity multiplies afterward (0.8177ms)
✔ bake shader retains the actual source fragment, uniforms and vertex attributes (0.6637ms)
✔ release rejects fresh pilot, unknown, duplicate and incomplete region coverage (0.6626ms)
✔ absent development output differs from orphaned imported/baked files (13.7497ms)
✔ a lone atlas or atlas/data pair cannot bypass the source and binding manifest (9.1412ms)
✔ each approved study has static receivers and unique street probe positions (7.1771ms)
✔ crossing batches are exported wholly while unsupported out-of-volume probe meshes fall back (0.139ms)
✔ an audit crop replaces the study regions for the bake set and parses strictly (0.6271ms)
✔ near misses cool down per direction and across the whole view (0.9194ms)
✔ direction sectors wrap at the rear and the flash leaves the centre clear quickly (0.1785ms)
✔ every surface family the server can report has a debris profile (1.317ms)
✔ every profile describes a burst that can actually be drawn (0.3186ms)
✔ a drag coefficient can never reverse a piece within one frame (0.1305ms)
✔ sparks are struck metal and nothing else (0.0944ms)
✔ glass is the only debris that lights up rather than being lit (0.0877ms)
✔ light debris flutters and heavy debris drops (0.0968ms)
✔ the surfaces that powder raise dust and the ones that shatter do not (0.0847ms)
✔ concrete throws the widest cloud, because it has to read from across the arena (0.0805ms)
✔ every weapon category scales a burst, and a shotgun pellet is worth less than a rifle round (0.1086ms)
✔ a scaled burst always throws something, and only where the profile does (0.3063ms)
✔ each debris shape is cut to a silhouette the others are not (0.1893ms)
✔ shop displays leave every entrance empty across display and trim variants (0.8074ms)
✔ physical display bays enclose goods behind glass without growing the storefront footprint (678.348ms)
✔ uniform prop fitting grounds the base and keeps every bound inside the display envelope (0.4702ms)
✔ native planter keeps grounded leafy shrubs beside its separate structural model (55.4565ms)
✔ semantic limb and legacy finger references resolve to native imported joint names (2.0821ms)
✔ human and bot world bodies use the same directional and reload animations (0.4132ms)
✔ animation transitions remain multi-frame under load (0.1582ms)
Navigation query removed 25643088 fitted coordinate values from 2557 placements
✔ numeric mesh upload preserves outward normals and reverses only Godot face winding (1.3715ms)
✔ bulk instance transforms preserve yaw, arbitrary surface tilt and independent shrub scales (0.4867ms)
✔ ground batch merging preserves fitted surfaces in world space without another ground fit (0.2668ms)
✔ authored crowns reuse six meshes regardless of exact clearance width and keep roots grounded (6.1037ms)
✔ navigation footprint queries retain no fitted facets and exactly match presentation placements (33133.522ms)
✔ tree tone and lean are uploaded in a bounded numeric buffer without moving roots (0.6682ms)
✔ detached furniture plots use pale paving while real tree and garden beds retain soil (5.8585ms)
✔ landscaping excludes every actual cordon, separates tree crowns, and preserves closure pieces (52.904ms)
✔ planter coping follows a slope and a terrain seam across its entire footprint; unsupported footprints fail (11.9195ms)
✔ furniture paving reaches a real path, follows grade, and tree beds have no repeated shrub islands (7.4756ms)
✔ every registered vegetation module uses one flat leafy family within its actual footprint (692.9231ms)
✔ family meshes are deterministic, manifold lobes with outward faces and several crown clusters (79.6662ms)
✔ tree size family preserves placement ids, crown widths and grounded roots (8.7113ms)
✔ six crown silhouettes stay inside existing clearance envelopes after lean and scale (104.0456ms)
✔ clustered foliage preserves plant count and keeps every fitted shrub inside the original bed (0.9398ms)
✔ authored shrub clusters resample sloping soil without changing the source or boundaries (1.7566ms)
✔ vegetation is independently planted without tree pedestals or furniture-attached beds (0.7921ms)
✔ shrub foliage preserves bench approaches and exposed tree roots (0.2287ms)
✔ placement paint survives reordering and gives a weighted city mix (19.8339ms)
✔ paint custom data preserves each transform and tree colour buffer (1.2169ms)
✔ sprint-out sights wait for the exact authoritative ready deadline (0.6609ms)
✔ tablet gun handoffs enter from below with a monotonic, reversible assembly move (0.9413ms)
✔ tablet handoffs sample continuous native holster and draw, with no draw during remote entry (4.7064ms)
✔ draw and reload cannot be overridden by recoil or an aim request (0.375ms)
✔ live hip and ADS playback never adds a baked fire kick to procedural recoil (0.6842ms)
✔ sprint entry can be sampled backwards on release, and aiming takes over (0.1515ms)
✔ sprint uses the authored hold while the shared v0.28 sway supplies the run cycle (0.1159ms)
✔ native shot clips drive parts while reload and draw retain priority (0.1255ms)
...........
----------------------------------------------------------------------
Ran 11 tests in 0.008s

OK
✔ build selects one weapon; import accepts multiple files and --from before or after paths (1.8296ms)
✔ partial imports plan only present weapons and never copy the other weapon's files (0.4799ms)
✔ tablet build and partial import keep weapon edits isolated (0.1589ms)
✔ tablet retains native weighted hands, all baked frames and the editable prop seat (75.0735ms)
✔ local pose deltas reconstruct edits, carry each frame, preserve manual edits and protect reload motion (149.7293ms)
✔ pistol: saved Actions retain all clips, finite samples and independent prop tracks (257.7206ms)
✔ pistol: reject a lost magazine track before updating game files (5.2237ms)
✔ pistol: reject mismatched frame duration and native bone roster (10.4979ms)
✔ assault-rifle: saved Actions retain all clips, finite samples and independent prop tracks (406.6369ms)
✔ assault-rifle: reject a lost magazine track before updating game files (5.7094ms)
✔ assault-rifle: reject mismatched frame duration and native bone roster (11.1912ms)
✔ all sixteen treatments retain closure panels and C13's two legs (2.008ms)
✔ approved dimensions stay at native metres and all poses have source-fitted ground (2.7726ms)
✔ shoreline model variety is stable, reaches every prepared shape and excludes unavailable outputs (1.8128ms)
✔ native shoreline fitting preserves the old clearance envelope and puts the lowest point at its root (0.3266ms)
✔ constructed piers keep every source cap while replacing full-height concrete walls with thin fascia (14.6423ms)
✔ timber has flat cut caps and separate real bindings rather than an angled obelisk crown (0.4465ms)
✔ angular armour alternatives remain inside the approved rock clearance envelope (1.1684ms)
✔ landing structure keeps its supported cross-braced access and bindings while model fenders replace cylinder facets (6.9422ms)
✔ all usable surveyed ferry decks build grounded guards without treating isolated cap remnants as decks (42.2783ms)
✔ instanced Tencent shoreline stones stay closed, flat shaded and within the 400-triangle budget (24.3363ms)
✔ riverfront ownership removes both legacy picket variants map-wide and retains inland gardens (16036.1433ms)
✔ every placed waterfront post and base-plate corner touches retained ground within 1 cm (10556.2619ms)
✔ approved riprap footprint forces a grounded, continuous rail landward of the rocks (0.4671ms)
✔ an overhanging bank extends posts down to ground while its rails stay above bank level (0.6096ms)
✔ a post shaft reaches its sloping plate, and split-level plates seek a single supporting surface (6.1459ms)
✔ sloping supports fit each plate corner and upright separately, with no midpoint interpolation (0.2582ms)
✔ a failed ground fit relocates to nearby ground without breaking the railing (0.6285ms)
✔ steep ground and centimetre survey seams retain continuous, uncrowded corner rails (10.3373ms)
✔ post spacing continues through short surveyed edges instead of clustering at each vertex (0.3253ms)
✔ river has finite upward facets and retains the fine grid beside candidate C (492.0282ms)
✔ shore dressing uses finite pier-top heights and records its retained sources (13.3136ms)
✔ approved pier props retain source approval hashes and fit the runtime triangle budgets (4.8409ms)
✔ visual shore placement includes both camera areas and bounded, scaled piling footprints (122.2445ms)
✔ varied riprap forms a visible belt outside the promenade and timber silhouettes remain readable in both approved views (167.5836ms)
✔ committed waterfront placements have valid visual metadata (70.1808ms)
✔ raised rock crowns leave every surveyed bank clear for the retained baked railing (260.7848ms)
✔ scattered riprap keeps varied small stones across both shore views (70.3139ms)
✔ 07 raised landing has grouped approved timber supports within foam capacity (61.9335ms)
✔ riprap descends through a broad apron with proportional boulder heights (104.6814ms)
✔ the full shoreline slope has dense armour in every alongshore and depth band (1078.2978ms)
✔ armour beside every bank stays exposed even when opposite shoreline aprons overlap (312.2678ms)
✔ every weapon category has a presentation definition (1.9211ms)
✔ muzzle flashes clear the barrel along each model's own bore (2.9154ms)
✔ every weapon model runs its bore down the canonical -Z (66.3473ms)
✔ every weapon model ships the sockets the runtime addresses by name (35.0522ms)
✔ a muzzle flash clears before the weapon can fire again (0.4935ms)
✔ weapon scene wiring is distinct per category (0.6098ms)
✔ weaponAnimation composes each category's authored clip names (0.2197ms)
✔ aiming narrows the view for every category (0.3418ms)
✔ every weapon is carried by a hold the pose table defines (0.3563ms)
✔ both holds are defined and fully specified (1.2805ms)
✔ sprint bore constants exceed the resting swing and cant (0.1952ms)
✔ hand grips are stated as unit directions (0.1983ms)
✔ the shared world grip rotation is a unit quaternion (0.7396ms)
✔ the viewmodel pass magnifies with field of view rather than scale (0.0736ms)
✔ native support calibration uses weapon-space metres and degrees (0.13ms)
✔ pistol and rifle retain v0.28 kick, squared return and sustained bloom strength (1.5272ms)
✔ v0.28 ADS optics, transition and camera recoil random ranges remain pinned (0.9305ms)
✔ every weapon category has a feedback definition (0.1087ms)
✔ aiming down sights damps the kick for every category (0.2242ms)
✔ aimed recoil only slides the weapon along the optical axis, so the sights stay lined up (0.2504ms)
✔ hip-fire recoil keeps its full lift, travel and rotation (0.1925ms)
✔ per-shot kick follows the intended ordering across every channel (0.2365ms)
✔ the automatic categories trade the smallest per-shot kick for the worst sustained fire (0.22ms)
✔ horizontal wander runs opposite to vertical kick (0.2823ms)
✔ viewmodel recovery is derived from the authoritative bloom rules (0.1884ms)
✔ recoil intensity spans exactly one to one-plus-the-sustained-multiplier (0.2172ms)
✔ recoil intensity never falls as bloom accumulates (0.5427ms)
✔ a category with no bloom ceiling does not divide its way to NaN (0.1184ms)
✔ muzzle flash and shell casing dimensions are drawable (0.4447ms)
✔ the phase is the fraction of the server's duration, clamped to the reload (0.7114ms)
✔ Infima contacts keep distinct pistol/rifle and empty/loaded timings in order (1.1501ms)
✔ equipment footprint rejects roof edges, degenerate faces and unsupported corners (2.1892ms)
✔ sloped streets interpolate real ground height and reject steep prop supports (0.3132ms)
✔ source chunk fitting reaches all five approved study areas and rejects distant chunks (0.4217ms)
✔ roof equipment crosses coplanar triangle seams but rejects different roof levels (0.2598ms)
✔ street frontages retain survey elevation, outward wall normal and reject roof faces (0.7652ms)
✔ frontage equipment flips inconsistent winding toward the exposed street side (0.3015ms)
✔ inset doorway fixtures snap to the outer shell wall rather than burying into it (0.2809ms)
✔ crossings use broad multi-way junction mouths, avoiding alleys and duplicate approaches (2.4234ms)
✔ paint fits across triangle seams and follows street grade (0.3868ms)
✔ paint rejects off-road corners, missing central support and ambiguous levels (0.1894ms)
✔ paint stays above millimetre-overlapping road faces instead of clipping into the visible layer (0.2067ms)
ℹ tests 668
ℹ suites 0
ℹ pass 668
ℹ fail 0
ℹ cancelled 0
ℹ skipped 0
ℹ todo 0
ℹ duration_ms 37436.3974

> @godmode/godot-cli@0.1.0 test D:\work\godmode-roguelite-worktrees\land-livetube-juice-20261007\tools\godot-cli
> pnpm run build && node --test dist/test/unit/**/*.test.js dist/test/fake-engine/**/*.test.js


> @godmode/godot-cli@0.1.0 build D:\work\godmode-roguelite-worktrees\land-livetube-juice-20261007\tools\godot-cli
> node -e "require('node:fs').rmSync('dist/test',{ recursive: true, force: true })" && tsc -p tsconfig.json

✔ concurrent screenshots for one project are serialized (477.3696ms)
✔ concurrent screenshots across different projects are also serialized (544.2494ms)
✔ game play still blocks when a launch-critical resource remains unimported (159.6334ms)
✔ game play starts nothing when compilation fails (91.3416ms)
✔ stale process records never signal an unrelated live process (353.1268ms)
✔ invalid Godot executable returns a versioned failure (178.9345ms)
✔ screenshot timeout kills a hung Godot process and reports diagnostics (935.1488ms)
✔ a frame-time window outside its bounds is refused before anything is measured (384.4189ms)
✔ project import refreshes source assets with existing cached outputs without starting the game (315.3118ms)
✔ project import reports a versioned failure when assets stay unimported (228.4773ms)
✔ game export imports first, creates the output directory, and proves the file was written (361.2252ms)
✔ game export runs an optional project export check before importing or packaging (149.4445ms)
✔ game export without --output writes where the preset's own export_path points (489.5884ms)
✔ game export drains the deferred character-GLB backlog instead of handing it to the exporter (401.0517ms)
✔ project import still defers the character-GLB backlog rather than draining it (90.8556ms)
✔ a fault on the first import attempt is not reported once a later attempt exits cleanly (128.5357ms)
✔ game export gives up on a backlog that never drains rather than launching the engine forever (219.6612ms)
✔ game export fails loudly when Godot exits cleanly but writes nothing (252.2877ms)
✔ game export reports a missing preset file rather than launching Godot (47.0399ms)
✔ an export retries when the engine crashes reimporting, and gives up on a real export failure (396.9402ms)
✔ game export refuses stale cached sources after an import fault and packages their refresh (710.6849ms)
✔ runtime action exits non-zero on a refusal unless the caller allows it (#597) (207.6917ms)
✔ runtime action waits out a notReady refusal and never excuses an invalid one (#601) (1062.6364ms)
(node:1972) [DEP0190] DeprecationWarning: Passing args to a child process with shell option true can lead to security vulnerabilities, as the arguments are not escaped, only concatenated.
(Use `node --trace-deprecation ...` to show where the warning was created)
✔ a capture refuses when the project's capture:check fails (158.0571ms)
✔ --allow-unchecked skips the check, and a passing check lets the capture through (155.3112ms)
✔ a project without capture:check, or without a package.json, captures as before (2.8627ms)
✔ shader baking retains the GPU during export; ordinary exports stay headless (1.8322ms)
✔ Windows imports and pending macOS HDR imports use a GPU; Linux imports stay headless (0.2339ms)
✔ a capture tells the runner the window it wants, not only the engine (0.188ms)
✔ macOS keeps a small window edge drawable and can request Compatibility (0.0834ms)
✔ pngDimensions reads a real PNG's IHDR and refuses anything else (11.6438ms)
✔ parseGlobalOptions separates global flags (0.1457ms)
✔ takeOption removes a named option (0.0779ms)
✔ managed game instance names are safe for process files (0.1659ms)
✔ game play plan compiles before launching a client on the main menu (0.3613ms)
✔ scene create, inspect, and edit form a safe local flow (7.8623ms)
✔ scene parser accepts attribute order and editor rejects unsafe structures (5.1929ms)
✔ project path validation reports missing and invalid projects (0.9991ms)
✔ versioned command envelopes validate success and failure output (0.1308ms)
✔ projectInfo reads Godot metadata and scenes (2.5629ms)
✔ runtimeInspect reads a development bridge snapshot (18.1097ms)
✔ runtime inspection filters nodes and runtime actions post JSON (23.7255ms)
✔ managed capture targets the named instance inspection bridge (7.223ms)
✔ leasePort returns a usable port even before this machine has any managed-process state (24.5652ms)
✔ leasePort retries past a port already held by a live managed instance (947.0886ms)
✔ leasePort retries past a live instance whose start token could not be read (468.4593ms)
✔ leasePort reuses a port recorded by a no-longer-owned (stale) instance without retrying (360.2908ms)
✔ resolveInspectionUrl addresses a run by --instance instead of a bare port (6.23ms)
✔ a record a machine-wide listing removes leaves a note saying who removed it and why (1847.0509ms)
✔ game stop leaves a note for both a stale record and a real stop (2874.7713ms)
✔ a record that exists but cannot be read reports the read error and no removal (4.1921ms)
✔ readProcessStartToken says why no token came back (743.2204ms)
✔ game ps lists live and stale instances scoped to their own project, and --all spans every project (1687.8116ms)
✔ game ps --all keeps a live record whose start token could not be read, and removes only proven-stale ones (3197.497ms)
✔ game stop neither signals nor forgets an instance whose start token could not be read (2399.3196ms)
✔ the Windows start token comes from CIM rather than the removed wmic (0.2306ms)
✔ termination escalates from a graceful attempt to a forced one on both platforms (0.0986ms)
✔ the build plan uses the shell only for the Windows pnpm shim (0.1713ms)
✔ processStartToken reads a live process and reports a dead one as null (726.764ms)
✔ currentPlatform matches the host this suite is running on (0.2006ms)
✔ export presets are read from the file in order, ignoring unnamed entries (0.2892ms)
✔ a preset's export_path names the artifact, and options blocks cannot supply one (0.2593ms)
✔ a preset's platform and options are read together, bounded by the next section (0.2907ms)
✔ a Windows preset asking for D3D12 expects the Agility SDK runtime under its arch directory (0.2685ms)
✔ an explicit Yes stages the runtime whatever the project's renderer says (0.1754ms)
✔ multiarch off puts the same runtime beside the binary instead of under an arch directory (0.1096ms)
✔ D3D12 export set to No, or a non-Windows preset, expects no runtime at all (0.0671ms)
✔ D3D12 export left on Auto follows the project's renderer settings (0.0563ms)
✔ a complete Agility SDK runtime beside the binary reports no missing files (3.8072ms)
✔ a missing Agility SDK runtime is named file by file, with the rename as the remedy (2.4035ms)
✔ a preset that asks for no runtime is complete with nothing staged (0.1543ms)
✔ export templates resolve under the exporting account's APPDATA, keyed by version without the build suffix (0.3272ms)
✔ a self-contained editor keeps its export templates in editor_data beside itself (0.2334ms)
✔ export templates follow the host's data directory, and a preset's custom template overrides them (0.4186ms)
✔ a missing runtime names the templates directory and which arch-qualified sources it holds (2.943ms)
✔ contained paths reject Windows escapes that leave no '..' behind (0.3ms)
✔ contained paths behave the same way under POSIX semantics (0.1799ms)
✔ an import launch that hangs is stopped by its own timeout and named as one (851.0407ms)
✔ a drain that keeps making progress still stops at its wall-clock budget (368.4249ms)
✔ a drain clamps each launch to the budget it has left rather than overrunning it (1023.7411ms)
✔ a session id is required rather than defaulted, and validated when given (0.4139ms)
✔ session cleanup matches engines by session, and never the caller that named it (31.4644ms)
✔ a session id that is a prefix of another session's id does not match it (54.0164ms)
✔ an engine whose path contains a space is still found (25.5143ms)
✔ the editor carries its session stamp like any other started engine (0.1596ms)
✔ a process listing that cannot run fails loudly instead of reporting no engines (1.4426ms)
✔ reapProcessState removes logs and directories no live instance can reach (5.5239ms)
✔ reapProcessState spares a live instance's files however old they are, and anything recent (718.3048ms)
✔ a restart neither replaces nor forgets an instance whose start token could not be read (510.294ms)
✔ reapProcessState spares an old live instance whose start token could not be read (451.5274ms)
✔ reapProcessState clears stale session heartbeats but never touches _global (4.8008ms)
✔ reapProcessStateIfDue walks the root at most once per interval (5.8391ms)
✔ leasePort still returns a checked port when the allocation lock is held by a live process (971.5334ms)
✔ reapProcessState leaves a directory a start has just created, however empty it is (3.3682ms)
✔ a record's owner is verified, so a recycled pid cannot pin a directory's files forever (288.4899ms)
✔ the machine-wide scan still finds a live holder among many project directories (885.5539ms)
✔ a start whose state directory is reaped mid-launch re-creates it instead of failing (5.1092ms)
✔ a reap that cannot run reports nothing rather than failing the teardown that triggered it (2.4538ms)
✔ a forced pass that uncovers a backlog is allowed to converge, not called stalled at once (416.0674ms)
✔ frame-time percentiles are nearest-rank over real frames, never interpolated (0.3661ms)
✔ a wrapped ring reports exact whole-window counters and says the percentiles are a tail (0.2039ms)
✔ frame times are flagged when a cap, not the frame, decided how long it took (0.42ms)
✔ a bridge that missed frames says so, rather than reporting the ones it caught as the whole window (0.1706ms)
✔ a window whose first frames ran slow is called out rather than reported as frame cost (0.2082ms)
✔ runtime frames brackets a window with a reset and a read instead of polling (40.9488ms)
✔ runtime frames names a bridge that cannot measure rather than reporting an empty window (2.661ms)
✔ a window in which nothing was drawn fails loudly instead of reporting zeroes (44.1306ms)
✔ a stale cached character cannot be deferred or accepted after an importer fault (127.4772ms)
✔ HDR settings timestamps request rendering without stranding a current atlas (219.5373ms)
✔ an import failure says what happened and that running it again usually works (0.2021ms)
✔ a refused runtime action is reported as a failure, not as applied (#597) (8.8113ms)
✔ a refusal's kind says whether to wait or to fail (#601) (215.0575ms)
✔ live captures preserve the default and accept bounded review resolutions (0.806ms)
✔ recording stays bounded and uses a container that preserves fine edges (0.9507ms)
✔ window input bounds keys, clicks, duration and console text before sending anything (1.0927ms)
✔ an exported run never supplies --path or --script and retains managed cleanup (2927.6602ms)
✔ exports refuse inspection and scene overrides before launching (0.902ms)
✔ session end finds arbitrary export names without matching a shell mentioning them (50.5139ms)
ℹ tests 118
ℹ suites 0
ℹ pass 118
ℹ fail 0
ℹ cancelled 0
ℹ skipped 0
ℹ todo 0
ℹ duration_ms 22761.2777
