
> @godmode/godot-cli@0.1.0 test D:\work\godmode-roguelite-worktrees\land-livetube-juice-20261007\tools\godot-cli
> pnpm run build && node --test dist/test/unit/**/*.test.js dist/test/fake-engine/**/*.test.js


> @godmode/godot-cli@0.1.0 build D:\work\godmode-roguelite-worktrees\land-livetube-juice-20261007\tools\godot-cli
> node -e "require('node:fs').rmSync('dist/test',{ recursive: true, force: true })" && tsc -p tsconfig.json

✔ concurrent screenshots for one project are serialized (628.0334ms)
✔ concurrent screenshots across different projects are also serialized (416.8419ms)
✔ game play still blocks when a launch-critical resource remains unimported (248.3656ms)
✔ game play starts nothing when compilation fails (110.5884ms)
✔ stale process records never signal an unrelated live process (356.8569ms)
✔ invalid Godot executable returns a versioned failure (45.6407ms)
✔ screenshot timeout kills a hung Godot process and reports diagnostics (1109.1043ms)
✔ a frame-time window outside its bounds is refused before anything is measured (466.3019ms)
✔ project import refreshes source assets with existing cached outputs without starting the game (412.8148ms)
✔ project import reports a versioned failure when assets stay unimported (305.3564ms)
✔ game export imports first, creates the output directory, and proves the file was written (246.2246ms)
✔ game export runs an optional project export check before importing or packaging (153.7861ms)
✔ game export without --output writes where the preset's own export_path points (484.5903ms)
✔ game export drains the deferred character-GLB backlog instead of handing it to the exporter (443.384ms)
✔ project import still defers the character-GLB backlog rather than draining it (103.5467ms)
✔ a fault on the first import attempt is not reported once a later attempt exits cleanly (150.5715ms)
✔ game export gives up on a backlog that never drains rather than launching the engine forever (315.212ms)
✔ game export fails loudly when Godot exits cleanly but writes nothing (256.0742ms)
✔ game export reports a missing preset file rather than launching Godot (50.057ms)
✔ an export retries when the engine crashes reimporting, and gives up on a real export failure (504.2679ms)
✔ game export refuses stale cached sources after an import fault and packages their refresh (766.4705ms)
✔ runtime action exits non-zero on a refusal unless the caller allows it (#597) (214.6118ms)
✔ runtime action waits out a notReady refusal and never excuses an invalid one (#601) (1079.7164ms)
(node:3172) [DEP0190] DeprecationWarning: Passing args to a child process with shell option true can lead to security vulnerabilities, as the arguments are not escaped, only concatenated.
(Use `node --trace-deprecation ...` to show where the warning was created)
✔ a capture refuses when the project's capture:check fails (296.7929ms)
✔ --allow-unchecked skips the check, and a passing check lets the capture through (254.6499ms)
✔ a project without capture:check, or without a package.json, captures as before (3.0804ms)
✔ shader baking retains the GPU during export; ordinary exports stay headless (1.7038ms)
✔ Windows imports and pending macOS HDR imports use a GPU; Linux imports stay headless (0.2497ms)
✔ a capture tells the runner the window it wants, not only the engine (0.226ms)
✔ macOS keeps a small window edge drawable and can request Compatibility (0.0996ms)
✔ pngDimensions reads a real PNG's IHDR and refuses anything else (77.725ms)
✔ parseGlobalOptions separates global flags (0.1874ms)
✔ takeOption removes a named option (0.0885ms)
✔ managed game instance names are safe for process files (0.1944ms)
✔ game play plan compiles before launching a client on the main menu (0.3955ms)
✔ scene create, inspect, and edit form a safe local flow (7.674ms)
✔ scene parser accepts attribute order and editor rejects unsafe structures (7.5393ms)
✔ project path validation reports missing and invalid projects (0.9595ms)
✔ versioned command envelopes validate success and failure output (0.1395ms)
✔ projectInfo reads Godot metadata and scenes (3.1031ms)
✔ runtimeInspect reads a development bridge snapshot (18.7225ms)
✔ runtime inspection filters nodes and runtime actions post JSON (18.0433ms)
✔ managed capture targets the named instance inspection bridge (7.3462ms)
✔ leasePort returns a usable port even before this machine has any managed-process state (26.3418ms)
✔ leasePort retries past a port already held by a live managed instance (1070.1623ms)
✔ leasePort retries past a live instance whose start token could not be read (582.6961ms)
✔ leasePort reuses a port recorded by a no-longer-owned (stale) instance without retrying (393.1858ms)
✔ resolveInspectionUrl addresses a run by --instance instead of a bare port (5.1116ms)
✔ a record a machine-wide listing removes leaves a note saying who removed it and why (1950.2215ms)
✔ game stop leaves a note for both a stale record and a real stop (2919.3689ms)
✔ a record that exists but cannot be read reports the read error and no removal (3.1733ms)
✔ readProcessStartToken says why no token came back (865.5798ms)
✔ game ps lists live and stale instances scoped to their own project, and --all spans every project (1783.2773ms)
✔ game ps --all keeps a live record whose start token could not be read, and removes only proven-stale ones (3147.8048ms)
✔ game stop neither signals nor forgets an instance whose start token could not be read (2469.9585ms)
✔ the Windows start token comes from CIM rather than the removed wmic (0.3205ms)
✔ termination escalates from a graceful attempt to a forced one on both platforms (0.1845ms)
✔ the build plan uses the shell only for the Windows pnpm shim (0.1547ms)
✔ processStartToken reads a live process and reports a dead one as null (786.0882ms)
✔ currentPlatform matches the host this suite is running on (0.3ms)
✔ export presets are read from the file in order, ignoring unnamed entries (0.4116ms)
✔ a preset's export_path names the artifact, and options blocks cannot supply one (0.3243ms)
✔ a preset's platform and options are read together, bounded by the next section (0.3192ms)
✔ a Windows preset asking for D3D12 expects the Agility SDK runtime under its arch directory (0.2603ms)
✔ an explicit Yes stages the runtime whatever the project's renderer says (0.1531ms)
✔ multiarch off puts the same runtime beside the binary instead of under an arch directory (0.1347ms)
✔ D3D12 export set to No, or a non-Windows preset, expects no runtime at all (0.0723ms)
✔ D3D12 export left on Auto follows the project's renderer settings (0.0528ms)
✔ a complete Agility SDK runtime beside the binary reports no missing files (3.8955ms)
✔ a missing Agility SDK runtime is named file by file, with the rename as the remedy (2.409ms)
✔ a preset that asks for no runtime is complete with nothing staged (0.1413ms)
✔ export templates resolve under the exporting account's APPDATA, keyed by version without the build suffix (0.3695ms)
✔ a self-contained editor keeps its export templates in editor_data beside itself (0.2466ms)
✔ export templates follow the host's data directory, and a preset's custom template overrides them (0.2049ms)
✔ a missing runtime names the templates directory and which arch-qualified sources it holds (3.3999ms)
✔ contained paths reject Windows escapes that leave no '..' behind (0.2503ms)
✔ contained paths behave the same way under POSIX semantics (0.1518ms)
✔ an import launch that hangs is stopped by its own timeout and named as one (841.5546ms)
✔ a drain that keeps making progress still stops at its wall-clock budget (440.2898ms)
✔ a drain clamps each launch to the budget it has left rather than overrunning it (1025.298ms)
✔ a session id is required rather than defaulted, and validated when given (0.3501ms)
✔ session cleanup matches engines by session, and never the caller that named it (29.5718ms)
✔ a session id that is a prefix of another session's id does not match it (122.1424ms)
✔ an engine whose path contains a space is still found (30.2504ms)
✔ the editor carries its session stamp like any other started engine (0.2238ms)
✔ a process listing that cannot run fails loudly instead of reporting no engines (1.7842ms)
✔ reapProcessState removes logs and directories no live instance can reach (5.7507ms)
✔ reapProcessState spares a live instance's files however old they are, and anything recent (725.6518ms)
✔ a restart neither replaces nor forgets an instance whose start token could not be read (454.8767ms)
✔ reapProcessState spares an old live instance whose start token could not be read (453.7181ms)
✔ reapProcessState clears stale session heartbeats but never touches _global (4.9494ms)
✔ reapProcessStateIfDue walks the root at most once per interval (5.9921ms)
✔ leasePort still returns a checked port when the allocation lock is held by a live process (905.2272ms)
✔ reapProcessState leaves a directory a start has just created, however empty it is (4.421ms)
✔ a record's owner is verified, so a recycled pid cannot pin a directory's files forever (278.8091ms)
✔ the machine-wide scan still finds a live holder among many project directories (900.9075ms)
✔ a start whose state directory is reaped mid-launch re-creates it instead of failing (5.2891ms)
✔ a reap that cannot run reports nothing rather than failing the teardown that triggered it (2.7702ms)
✔ a forced pass that uncovers a backlog is allowed to converge, not called stalled at once (413.0529ms)
✔ frame-time percentiles are nearest-rank over real frames, never interpolated (0.313ms)
✔ a wrapped ring reports exact whole-window counters and says the percentiles are a tail (0.2395ms)
✔ frame times are flagged when a cap, not the frame, decided how long it took (0.4515ms)
✔ a bridge that missed frames says so, rather than reporting the ones it caught as the whole window (0.1069ms)
✔ a window whose first frames ran slow is called out rather than reported as frame cost (0.1849ms)
✔ runtime frames brackets a window with a reset and a read instead of polling (53.6507ms)
✔ runtime frames names a bridge that cannot measure rather than reporting an empty window (3.0701ms)
✔ a window in which nothing was drawn fails loudly instead of reporting zeroes (42.7922ms)
✔ a stale cached character cannot be deferred or accepted after an importer fault (187.004ms)
✔ HDR settings timestamps request rendering without stranding a current atlas (152.8487ms)
✔ an import failure says what happened and that running it again usually works (0.2535ms)
✔ a refused runtime action is reported as a failure, not as applied (#597) (20.3216ms)
✔ a refusal's kind says whether to wait or to fail (#601) (207.3691ms)
✔ live captures preserve the default and accept bounded review resolutions (0.6936ms)
✔ recording stays bounded and uses a container that preserves fine edges (1.5313ms)
✔ window input bounds keys, clicks, duration and console text before sending anything (1.1623ms)
✔ an exported run never supplies --path or --script and retains managed cleanup (3158.9401ms)
✔ exports refuse inspection and scene overrides before launching (0.6215ms)
✔ session end finds arbitrary export names without matching a shell mentioning them (124.0393ms)
ℹ tests 118
ℹ suites 0
ℹ pass 118
ℹ fail 0
ℹ cancelled 0
ℹ skipped 0
ℹ todo 0
ℹ duration_ms 23576.1191
