Godot Engine v4.6.1.stable.custom_build.14d19694e (2026-02-16 15:13:51 UTC) - https://godotengine.org
D3D12 12_0 - Forward+ - Using Device #0: AMD - AMD Radeon RX 9070 XT

[JSDebugger][Debug] devtools://devtools/bundled/inspector.html?v8only=true&ws=127.0.0.1:9229/1
[jsb][Debug] slow process JSRealm._load_module: 0.034100 s (modules\GodotJS\bridge\jsb_environment.cpp:1131)
[jsb][Debug] slow process JSRealm._require: 0.036410 s (modules\GodotJS\bridge\jsb_builtins.cpp:61)
[jsb][Debug] slow process JSRealm._load_module: 0.040174 s (modules\GodotJS\bridge\jsb_environment.cpp:1131)
[jsb][Debug] slow process JSRealm._require: 0.040878 s (modules\GodotJS\bridge\jsb_builtins.cpp:61)
[jsb][Debug] slow process JSRealm._load_module: 0.042647 s (modules\GodotJS\bridge\jsb_environment.cpp:1131)
[jsb][Debug] slow process JSRealm._require: 0.043303 s (modules\GodotJS\bridge\jsb_builtins.cpp:61)
[jsb][Debug] slow process JSRealm._load_module: 0.090526 s (modules\GodotJS\bridge\jsb_environment.cpp:1131)
[jsb][Debug] slow process JSRealm._require: 0.091104 s (modules\GodotJS\bridge\jsb_builtins.cpp:61)
[jsb][Debug] slow process JSRealm._load_module: 0.021514 s (modules\GodotJS\bridge\jsb_environment.cpp:1131)
[jsb][Debug] slow process JSRealm._require: 0.023192 s (modules\GodotJS\bridge\jsb_builtins.cpp:61)
[jsb][Debug] slow process JSRealm._load_module: 0.038404 s (modules\GodotJS\bridge\jsb_environment.cpp:1131)
[jsb][Debug] slow process JSRealm._require: 0.040002 s (modules\GodotJS\bridge\jsb_builtins.cpp:61)
[jsb][Debug] slow process JSRealm._load_module: 0.031980 s (modules\GodotJS\bridge\jsb_environment.cpp:1131)
[jsb][Debug] slow process JSRealm._require: 0.033579 s (modules\GodotJS\bridge\jsb_builtins.cpp:61)
[jsb][Debug] slow process JSRealm._load_module: 0.036831 s (modules\GodotJS\bridge\jsb_environment.cpp:1131)
[jsb][Debug] slow process JSRealm._require: 0.037391 s (modules\GodotJS\bridge\jsb_builtins.cpp:61)
[jsb][Debug] slow process JSRealm._load_module: 0.248550 s (modules\GodotJS\bridge\jsb_environment.cpp:1131)
[jsb][Debug] slow process JSRealm.load: 0.250129 s (modules\GodotJS\bridge\jsb_environment.cpp:1518)
[jsb][Debug] slow process GodotJSScript.load_module: 0.250715 s (modules\GodotJS\weaver\jsb_script.cpp:520)
[JS] GODMODE_LOG_FILE=C:\Users\Kam\AppData\Local\Temp\godot-cli\253a6b35c001/logs/client-20261003-095740-43524.log
[JS] GODMODE_ROGUELITE_LEVEL_BUILT=0:0
[JS] GODMODE_MODULE_BATCHES=instances:234:nodes:81:groundInstances:98:groundChunks:18:shrubShapes:11
[JS] GODMODE_PATTERN_RUNTIME_RETIREMENT=[]
[JS] GODMODE_WESTERN_STREET_KIT=frontages:10; practicals:4
[JS] GODMODE_WESTERN_DRESSING=roofKits:0; lowPlanting:210; drains:90; buildMs:4002
[JS] GODMODE_ENVIRONMENT_GROUND=gutters:1552;grates:53;leaves:10414;manholes:11
[JS] GODMODE_ENVIRONMENT_MODULES=45572
[JS] GODMODE_MODULE_BATCHES=instances:56340:nodes:3655:groundInstances:3330:groundChunks:72:shrubShapes:7
[JS] GODMODE_ENVIRONMENT_STREET_LIGHTS=visibleHeads:1;pools:1
[JS] GODMODE_STUDY_AUTHORED_PROBES=9201
[JS] GODMODE_CRASH_REPORT=off
[JS] GODMODE_DISPLAY boot mode=3 fullscreen=true applied=false
[JS] GODMODE_CLIENT_LAUNCHED
GODOT_CLI_INSPECTION=http://127.0.0.1:62916/inspect
[JS] GODMODE_ROGUELITE_LEVEL_BUILT=0:0
[JS] GODMODE_SERVER_READY=local
[JS] GODMODE_PEER_CONNECTED=2
[JS] GODMODE_PEER_JOINED=2
[JS] GODMODE_ROGUELITE_SEED=40D0F6C3
[JS] GODMODE_ROGUELITE_PRIMARY=2:machineGun
[JS] GODMODE_SURVIVAL_MINUTE=0:rifleman:-
[JS] GODMODE_CLIENT_READY=2
[JS] GODMODE_DEBUG_MENU=invincible:ok
[JS] GODMODE_PHOTO_MODE=true
[JS] GODMODE_PATROL_PRESENTATION={"id":"soldier-e1","distance":24.620283126831055,"visible":false,"seenPast":""}
[JS] GODMODE_ACTOR_COST={"id":"soldier-e1","visual":true,"ms":91.186}
[JS] GODMODE_ACTOR_COST={"id":"soldier-e1","visual":false,"ms":0.105}
[JS] GODMODE_SYSTEM_ADMIN_SPAWNED=soldier-e1
[JS] GODMODE_SYSTEM_ADMIN_TARGET=soldier-e1:2
[JS] GODMODE_ACTOR_COST={"id":"soldier-e2","visual":false,"ms":0.133}
[JS] GODMODE_SYSTEM_ADMIN_SPAWNED=soldier-e2
[JS] GODMODE_PATROL_PRESENTATION={"id":"soldier-e2","distance":272.3765563964844,"visible":false,"seenPast":""}
[JS] GODMODE_ACTOR_COST={"id":"soldier-e2","visual":true,"ms":0.573}
[JS] GODMODE_SYSTEM_ADMIN_TARGET=soldier-e2:2
[JS] GODMODE_PATROL_PRESENTATION={"id":"soldier-e3","distance":41.90018081665039,"visible":false,"seenPast":""}
[JS] GODMODE_ACTOR_COST={"id":"soldier-e3","visual":true,"ms":0.591}
[JS] GODMODE_ACTOR_COST={"id":"soldier-e3","visual":false,"ms":0.083}
[JS] GODMODE_SYSTEM_ADMIN_SPAWNED=soldier-e3
[JS] GODMODE_SYSTEM_ADMIN_DESPAWNED=soldier-e1
[JS] GODMODE_SYSTEM_ADMIN_DESPAWNED=soldier-e2
[JS] GODMODE_SYSTEM_ADMIN_DESPAWNED=soldier-e3
[JS] GODMODE_ROGUELITE_MULTI_KILL=DOUBLE KILL
[JS] GODMODE_ROGUELITE_CLEAR_BEAT
ERROR: Condition "p.d == 0" is true. Returning: Point2()
   at: Camera3D::unproject_position (scene\3d\camera_3d.cpp:482)
   GDScript backtrace (most recent call first):
       [0] _append_nodes (res://tools/godot-cli/runner/inspection_bridge.gd:449)
       [1] _append_nodes (res://tools/godot-cli/runner/inspection_bridge.gd:575)
       [2] _append_nodes (res://tools/godot-cli/runner/inspection_bridge.gd:575)
       [3] _snapshot_with_store (res://tools/godot-cli/runner/inspection_bridge.gd:394)
       [4] _respond (res://tools/godot-cli/runner/inspection_bridge.gd:377)
       [5] _process (res://tools/godot-cli/runner/inspection_bridge.gd:213)
ERROR: Condition "p.d == 0" is true. Returning: Point2()
   at: Camera3D::unproject_position (scene\3d\camera_3d.cpp:482)
   GDScript backtrace (most recent call first):
       [0] _append_nodes (res://tools/godot-cli/runner/inspection_bridge.gd:449)
       [1] _append_nodes (res://tools/godot-cli/runner/inspection_bridge.gd:575)
       [2] _append_nodes (res://tools/godot-cli/runner/inspection_bridge.gd:575)
       [3] _append_nodes (res://tools/godot-cli/runner/inspection_bridge.gd:575)
       [4] _snapshot_with_store (res://tools/godot-cli/runner/inspection_bridge.gd:394)
       [5] _respond (res://tools/godot-cli/runner/inspection_bridge.gd:377)
       [6] _process (res://tools/godot-cli/runner/inspection_bridge.gd:213)
ERROR: Condition "p.d == 0" is true. Returning: Point2()
   at: Camera3D::unproject_position (scene\3d\camera_3d.cpp:482)
   GDScript backtrace (most recent call first):
       [0] _append_nodes (res://tools/godot-cli/runner/inspection_bridge.gd:449)
       [1] _append_nodes (res://tools/godot-cli/runner/inspection_bridge.gd:575)
       [2] _append_nodes (res://tools/godot-cli/runner/inspection_bridge.gd:575)
       [3] _append_nodes (res://tools/godot-cli/runner/inspection_bridge.gd:575)
       [4] _append_nodes (res://tools/godot-cli/runner/inspection_bridge.gd:575)
       [5] _snapshot_with_store (res://tools/godot-cli/runner/inspection_bridge.gd:394)
       [6] _respond (res://tools/godot-cli/runner/inspection_bridge.gd:377)
       [7] _process (res://tools/godot-cli/runner/inspection_bridge.gd:213)
ERROR: Condition "p.d == 0" is true. Returning: Point2()
   at: Camera3D::unproject_position (scene\3d\camera_3d.cpp:482)
   GDScript backtrace (most recent call first):
       [0] _append_nodes (res://tools/godot-cli/runner/inspection_bridge.gd:449)
       [1] _append_nodes (res://tools/godot-cli/runner/inspection_bridge.gd:575)
       [2] _append_nodes (res://tools/godot-cli/runner/inspection_bridge.gd:575)
       [3] _append_nodes (res://tools/godot-cli/runner/inspection_bridge.gd:575)
       [4] _append_nodes (res://tools/godot-cli/runner/inspection_bridge.gd:575)
       [5] _append_nodes (res://tools/godot-cli/runner/inspection_bridge.gd:575)
       [6] _snapshot_with_store (res://tools/godot-cli/runner/inspection_bridge.gd:394)
       [7] _respond (res://tools/godot-cli/runner/inspection_bridge.gd:377)
       [8] _process (res://tools/godot-cli/runner/inspection_bridge.gd:213)
ERROR: Condition "p.d == 0" is true. Returning: Point2()
   at: Camera3D::unproject_position (scene\3d\camera_3d.cpp:482)
   GDScript backtrace (most recent call first):
       [0] _append_nodes (res://tools/godot-cli/runner/inspection_bridge.gd:449)
       [1] _append_nodes (res://tools/godot-cli/runner/inspection_bridge.gd:575)
       [2] _append_nodes (res://tools/godot-cli/runner/inspection_bridge.gd:575)
       [3] _append_nodes (res://tools/godot-cli/runner/inspection_bridge.gd:575)
       [4] _append_nodes (res://tools/godot-cli/runner/inspection_bridge.gd:575)
       [5] _append_nodes (res://tools/godot-cli/runner/inspection_bridge.gd:575)
       [6] _append_nodes (res://tools/godot-cli/runner/inspection_bridge.gd:575)
       [7] _snapshot_with_store (res://tools/godot-cli/runner/inspection_bridge.gd:394)
       [8] _respond (res://tools/godot-cli/runner/inspection_bridge.gd:377)
       [9] _process (res://tools/godot-cli/runner/inspection_bridge.gd:213)
ERROR: Condition "p.d == 0" is true. Returning: Point2()
   at: Camera3D::unproject_position (scene\3d\camera_3d.cpp:482)
   GDScript backtrace (most recent call first):
       [0] _append_nodes (res://tools/godot-cli/runner/inspection_bridge.gd:449)
       [1] _append_nodes (res://tools/godot-cli/runner/inspection_bridge.gd:575)
       [2] _append_nodes (res://tools/godot-cli/runner/inspection_bridge.gd:575)
       [3] _append_nodes (res://tools/godot-cli/runner/inspection_bridge.gd:575)
       [4] _append_nodes (res://tools/godot-cli/runner/inspection_bridge.gd:575)
       [5] _append_nodes (res://tools/godot-cli/runner/inspection_bridge.gd:575)
       [6] _append_nodes (res://tools/godot-cli/runner/inspection_bridge.gd:575)
       [7] _append_nodes (res://tools/godot-cli/runner/inspection_bridge.gd:575)
       [8] _snapshot_with_store (res://tools/godot-cli/runner/inspection_bridge.gd:394)
       [9] _respond (res://tools/godot-cli/runner/inspection_bridge.gd:377)
       [10] _process (res://tools/godot-cli/runner/inspection_bridge.gd:213)
ERROR: Condition "p.d == 0" is true. Returning: Point2()
   at: Camera3D::unproject_position (scene\3d\camera_3d.cpp:482)
   GDScript backtrace (most recent call first):
       [0] _append_nodes (res://tools/godot-cli/runner/inspection_bridge.gd:449)
       [1] _append_nodes (res://tools/godot-cli/runner/inspection_bridge.gd:575)
       [2] _append_nodes (res://tools/godot-cli/runner/inspection_bridge.gd:575)
       [3] _append_nodes (res://tools/godot-cli/runner/inspection_bridge.gd:575)
       [4] _append_nodes (res://tools/godot-cli/runner/inspection_bridge.gd:575)
       [5] _append_nodes (res://tools/godot-cli/runner/inspection_bridge.gd:575)
       [6] _append_nodes (res://tools/godot-cli/runner/inspection_bridge.gd:575)
       [7] _append_nodes (res://tools/godot-cli/runner/inspection_bridge.gd:575)
       [8] _append_nodes (res://tools/godot-cli/runner/inspection_bridge.gd:575)
       [9] _snapshot_with_store (res://tools/godot-cli/runner/inspection_bridge.gd:394)
       [10] _respond (res://tools/godot-cli/runner/inspection_bridge.gd:377)
       [11] _process (res://tools/godot-cli/runner/inspection_bridge.gd:213)
ERROR: Condition "p.d == 0" is true. Returning: Point2()
   at: Camera3D::unproject_position (scene\3d\camera_3d.cpp:482)
   GDScript backtrace (most recent call first):
       [0] _append_nodes (res://tools/godot-cli/runner/inspection_bridge.gd:449)
       [1] _append_nodes (res://tools/godot-cli/runner/inspection_bridge.gd:575)
       [2] _append_nodes (res://tools/godot-cli/runner/inspection_bridge.gd:575)
       [3] _append_nodes (res://tools/godot-cli/runner/inspection_bridge.gd:575)
       [4] _append_nodes (res://tools/godot-cli/runner/inspection_bridge.gd:575)
       [5] _snapshot_with_store (res://tools/godot-cli/runner/inspection_bridge.gd:394)
       [6] _respond (res://tools/godot-cli/runner/inspection_bridge.gd:377)
       [7] _process (res://tools/godot-cli/runner/inspection_bridge.gd:213)
ERROR: Condition "p.d == 0" is true. Returning: Point2()
   at: Camera3D::unproject_position (scene\3d\camera_3d.cpp:482)
   GDScript backtrace (most recent call first):
       [0] _append_nodes (res://tools/godot-cli/runner/inspection_bridge.gd:449)
       [1] _append_nodes (res://tools/godot-cli/runner/inspection_bridge.gd:575)
       [2] _append_nodes (res://tools/godot-cli/runner/inspection_bridge.gd:575)
       [3] _append_nodes (res://tools/godot-cli/runner/inspection_bridge.gd:575)
       [4] _append_nodes (res://tools/godot-cli/runner/inspection_bridge.gd:575)
       [5] _append_nodes (res://tools/godot-cli/runner/inspection_bridge.gd:575)
       [6] _snapshot_with_store (res://tools/godot-cli/runner/inspection_bridge.gd:394)
       [7] _respond (res://tools/godot-cli/runner/inspection_bridge.gd:377)
       [8] _process (res://tools/godot-cli/runner/inspection_bridge.gd:213)
ERROR: Condition "p.d == 0" is true. Returning: Point2()
   at: Camera3D::unproject_position (scene\3d\camera_3d.cpp:482)
   GDScript backtrace (most recent call first):
       [0] _append_nodes (res://tools/godot-cli/runner/inspection_bridge.gd:449)
       [1] _append_nodes (res://tools/godot-cli/runner/inspection_bridge.gd:575)
       [2] _append_nodes (res://tools/godot-cli/runner/inspection_bridge.gd:575)
       [3] _append_nodes (res://tools/godot-cli/runner/inspection_bridge.gd:575)
       [4] _append_nodes (res://tools/godot-cli/runner/inspection_bridge.gd:575)
       [5] _append_nodes (res://tools/godot-cli/runner/inspection_bridge.gd:575)
       [6] _append_nodes (res://tools/godot-cli/runner/inspection_bridge.gd:575)
       [7] _snapshot_with_store (res://tools/godot-cli/runner/inspection_bridge.gd:394)
       [8] _respond (res://tools/godot-cli/runner/inspection_bridge.gd:377)
       [9] _process (res://tools/godot-cli/runner/inspection_bridge.gd:213)
ERROR: Condition "p.d == 0" is true. Returning: Point2()
   at: Camera3D::unproject_position (scene\3d\camera_3d.cpp:482)
   GDScript backtrace (most recent call first):
       [0] _append_nodes (res://tools/godot-cli/runner/inspection_bridge.gd:449)
       [1] _append_nodes (res://tools/godot-cli/runner/inspection_bridge.gd:575)
       [2] _append_nodes (res://tools/godot-cli/runner/inspection_bridge.gd:575)
       [3] _append_nodes (res://tools/godot-cli/runner/inspection_bridge.gd:575)
       [4] _append_nodes (res://tools/godot-cli/runner/inspection_bridge.gd:575)
       [5] _append_nodes (res://tools/godot-cli/runner/inspection_bridge.gd:575)
       [6] _append_nodes (res://tools/godot-cli/runner/inspection_bridge.gd:575)
       [7] _append_nodes (res://tools/godot-cli/runner/inspection_bridge.gd:575)
       [8] _snapshot_with_store (res://tools/godot-cli/runner/inspection_bridge.gd:394)
       [9] _respond (res://tools/godot-cli/runner/inspection_bridge.gd:377)
       [10] _process (res://tools/godot-cli/runner/inspection_bridge.gd:213)
ERROR: Condition "p.d == 0" is true. Returning: Point2()
   at: Camera3D::unproject_position (scene\3d\camera_3d.cpp:482)
   GDScript backtrace (most recent call first):
       [0] _append_nodes (res://tools/godot-cli/runner/inspection_bridge.gd:449)
       [1] _append_nodes (res://tools/godot-cli/runner/inspection_bridge.gd:575)
       [2] _append_nodes (res://tools/godot-cli/runner/inspection_bridge.gd:575)
       [3] _append_nodes (res://tools/godot-cli/runner/inspection_bridge.gd:575)
       [4] _append_nodes (res://tools/godot-cli/runner/inspection_bridge.gd:575)
       [5] _append_nodes (res://tools/godot-cli/runner/inspection_bridge.gd:575)
       [6] _append_nodes (res://tools/godot-cli/runner/inspection_bridge.gd:575)
       [7] _append_nodes (res://tools/godot-cli/runner/inspection_bridge.gd:575)
       [8] _append_nodes (res://tools/godot-cli/runner/inspection_bridge.gd:575)
       [9] _snapshot_with_store (res://tools/godot-cli/runner/inspection_bridge.gd:394)
       [10] _respond (res://tools/godot-cli/runner/inspection_bridge.gd:377)
       [11] _process (res://tools/godot-cli/runner/inspection_bridge.gd:213)
ERROR: Condition "p.d == 0" is true. Returning: Point2()
   at: Camera3D::unproject_position (scene\3d\camera_3d.cpp:482)
   GDScript backtrace (most recent call first):
       [0] _append_nodes (res://tools/godot-cli/runner/inspection_bridge.gd:449)
       [1] _append_nodes (res://tools/godot-cli/runner/inspection_bridge.gd:575)
       [2] _append_nodes (res://tools/godot-cli/runner/inspection_bridge.gd:575)
       [3] _append_nodes (res://tools/godot-cli/runner/inspection_bridge.gd:575)
       [4] _snapshot_with_store (res://tools/godot-cli/runner/inspection_bridge.gd:394)
       [5] _respond (res://tools/godot-cli/runner/inspection_bridge.gd:377)
       [6] _process (res://tools/godot-cli/runner/inspection_bridge.gd:213)
ERROR: Condition "p.d == 0" is true. Returning: Point2()
   at: Camera3D::unproject_position (scene\3d\camera_3d.cpp:482)
   GDScript backtrace (most recent call first):
       [0] _append_nodes (res://tools/godot-cli/runner/inspection_bridge.gd:449)
       [1] _append_nodes (res://tools/godot-cli/runner/inspection_bridge.gd:575)
       [2] _append_nodes (res://tools/godot-cli/runner/inspection_bridge.gd:575)
       [3] _append_nodes (res://tools/godot-cli/runner/inspection_bridge.gd:575)
       [4] _append_nodes (res://tools/godot-cli/runner/inspection_bridge.gd:575)
       [5] _snapshot_with_store (res://tools/godot-cli/runner/inspection_bridge.gd:394)
       [6] _respond (res://tools/godot-cli/runner/inspection_bridge.gd:377)
       [7] _process (res://tools/godot-cli/runner/inspection_bridge.gd:213)
ERROR: Condition "p.d == 0" is true. Returning: Point2()
   at: Camera3D::unproject_position (scene\3d\camera_3d.cpp:482)
   GDScript backtrace (most recent call first):
       [0] _append_nodes (res://tools/godot-cli/runner/inspection_bridge.gd:449)
       [1] _append_nodes (res://tools/godot-cli/runner/inspection_bridge.gd:575)
       [2] _append_nodes (res://tools/godot-cli/runner/inspection_bridge.gd:575)
       [3] _append_nodes (res://tools/godot-cli/runner/inspection_bridge.gd:575)
       [4] _append_nodes (res://tools/godot-cli/runner/inspection_bridge.gd:575)
       [5] _append_nodes (res://tools/godot-cli/runner/inspection_bridge.gd:575)
       [6] _snapshot_with_store (res://tools/godot-cli/runner/inspection_bridge.gd:394)
       [7] _respond (res://tools/godot-cli/runner/inspection_bridge.gd:377)
       [8] _process (res://tools/godot-cli/runner/inspection_bridge.gd:213)
ERROR: Condition "p.d == 0" is true. Returning: Point2()
   at: Camera3D::unproject_position (scene\3d\camera_3d.cpp:482)
   GDScript backtrace (most recent call first):
       [0] _append_nodes (res://tools/godot-cli/runner/inspection_bridge.gd:449)
       [1] _append_nodes (res://tools/godot-cli/runner/inspection_bridge.gd:575)
       [2] _append_nodes (res://tools/godot-cli/runner/inspection_bridge.gd:575)
       [3] _append_nodes (res://tools/godot-cli/runner/inspection_bridge.gd:575)
       [4] _snapshot_with_store (res://tools/godot-cli/runner/inspection_bridge.gd:394)
       [5] _respond (res://tools/godot-cli/runner/inspection_bridge.gd:377)
       [6] _process (res://tools/godot-cli/runner/inspection_bridge.gd:213)
[JS] GODMODE_PATROL_PRESENTATION={"id":"soldier-e4","distance":41.90018081665039,"visible":false,"seenPast":""}
[JS] GODMODE_ACTOR_COST={"id":"soldier-e4","visual":true,"ms":0.87}
[JS] GODMODE_ACTOR_COST={"id":"soldier-e4","visual":false,"ms":0.118}
[JS] GODMODE_SYSTEM_ADMIN_SPAWNED=soldier-e4
[JS] GODMODE_SYSTEM_ADMIN_TARGET=soldier-e4:2
[JS] GODMODE_PATROL_PRESENTATION={"id":"soldier-e5","distance":477.85260009765625,"visible":false,"seenPast":""}
[JS] GODMODE_ACTOR_COST={"id":"soldier-e5","visual":true,"ms":0.591}
[JS] GODMODE_ACTOR_COST={"id":"soldier-e5","visual":false,"ms":0.09}
[JS] GODMODE_SYSTEM_ADMIN_SPAWNED=soldier-e5
[JS] GODMODE_SYSTEM_ADMIN_DESPAWNED=soldier-e4
[JS] GODMODE_SYSTEM_ADMIN_DESPAWNED=soldier-e5
[JS] GODMODE_ROGUELITE_CLEAR_BEAT
ERROR: Condition "p.d == 0" is true. Returning: Point2()
   at: Camera3D::unproject_position (scene\3d\camera_3d.cpp:482)
   GDScript backtrace (most recent call first):
       [0] _append_nodes (res://tools/godot-cli/runner/inspection_bridge.gd:449)
       [1] _append_nodes (res://tools/godot-cli/runner/inspection_bridge.gd:575)
       [2] _append_nodes (res://tools/godot-cli/runner/inspection_bridge.gd:575)
       [3] _snapshot_with_store (res://tools/godot-cli/runner/inspection_bridge.gd:394)
       [4] _respond (res://tools/godot-cli/runner/inspection_bridge.gd:377)
       [5] _process (res://tools/godot-cli/runner/inspection_bridge.gd:213)
ERROR: Condition "p.d == 0" is true. Returning: Point2()
   at: Camera3D::unproject_position (scene\3d\camera_3d.cpp:482)
   GDScript backtrace (most recent call first):
       [0] _append_nodes (res://tools/godot-cli/runner/inspection_bridge.gd:449)
       [1] _append_nodes (res://tools/godot-cli/runner/inspection_bridge.gd:575)
       [2] _append_nodes (res://tools/godot-cli/runner/inspection_bridge.gd:575)
       [3] _append_nodes (res://tools/godot-cli/runner/inspection_bridge.gd:575)
       [4] _snapshot_with_store (res://tools/godot-cli/runner/inspection_bridge.gd:394)
       [5] _respond (res://tools/godot-cli/runner/inspection_bridge.gd:377)
       [6] _process (res://tools/godot-cli/runner/inspection_bridge.gd:213)
ERROR: Condition "p.d == 0" is true. Returning: Point2()
   at: Camera3D::unproject_position (scene\3d\camera_3d.cpp:482)
   GDScript backtrace (most recent call first):
       [0] _append_nodes (res://tools/godot-cli/runner/inspection_bridge.gd:449)
       [1] _append_nodes (res://tools/godot-cli/runner/inspection_bridge.gd:575)
       [2] _append_nodes (res://tools/godot-cli/runner/inspection_bridge.gd:575)
       [3] _append_nodes (res://tools/godot-cli/runner/inspection_bridge.gd:575)
       [4] _append_nodes (res://tools/godot-cli/runner/inspection_bridge.gd:575)
       [5] _snapshot_with_store (res://tools/godot-cli/runner/inspection_bridge.gd:394)
       [6] _respond (res://tools/godot-cli/runner/inspection_bridge.gd:377)
       [7] _process (res://tools/godot-cli/runner/inspection_bridge.gd:213)
ERROR: Condition "p.d == 0" is true. Returning: Point2()
   at: Camera3D::unproject_position (scene\3d\camera_3d.cpp:482)
   GDScript backtrace (most recent call first):
       [0] _append_nodes (res://tools/godot-cli/runner/inspection_bridge.gd:449)
       [1] _append_nodes (res://tools/godot-cli/runner/inspection_bridge.gd:575)
       [2] _append_nodes (res://tools/godot-cli/runner/inspection_bridge.gd:575)
       [3] _append_nodes (res://tools/godot-cli/runner/inspection_bridge.gd:575)
       [4] _append_nodes (res://tools/godot-cli/runner/inspection_bridge.gd:575)
       [5] _append_nodes (res://tools/godot-cli/runner/inspection_bridge.gd:575)
       [6] _snapshot_with_store (res://tools/godot-cli/runner/inspection_bridge.gd:394)
       [7] _respond (res://tools/godot-cli/runner/inspection_bridge.gd:377)
       [8] _process (res://tools/godot-cli/runner/inspection_bridge.gd:213)
ERROR: Condition "p.d == 0" is true. Returning: Point2()
   at: Camera3D::unproject_position (scene\3d\camera_3d.cpp:482)
   GDScript backtrace (most recent call first):
       [0] _append_nodes (res://tools/godot-cli/runner/inspection_bridge.gd:449)
       [1] _append_nodes (res://tools/godot-cli/runner/inspection_bridge.gd:575)
       [2] _append_nodes (res://tools/godot-cli/runner/inspection_bridge.gd:575)
       [3] _append_nodes (res://tools/godot-cli/runner/inspection_bridge.gd:575)
       [4] _append_nodes (res://tools/godot-cli/runner/inspection_bridge.gd:575)
       [5] _append_nodes (res://tools/godot-cli/runner/inspection_bridge.gd:575)
       [6] _append_nodes (res://tools/godot-cli/runner/inspection_bridge.gd:575)
       [7] _snapshot_with_store (res://tools/godot-cli/runner/inspection_bridge.gd:394)
       [8] _respond (res://tools/godot-cli/runner/inspection_bridge.gd:377)
       [9] _process (res://tools/godot-cli/runner/inspection_bridge.gd:213)
ERROR: Condition "p.d == 0" is true. Returning: Point2()
   at: Camera3D::unproject_position (scene\3d\camera_3d.cpp:482)
   GDScript backtrace (most recent call first):
       [0] _append_nodes (res://tools/godot-cli/runner/inspection_bridge.gd:449)
       [1] _append_nodes (res://tools/godot-cli/runner/inspection_bridge.gd:575)
       [2] _append_nodes (res://tools/godot-cli/runner/inspection_bridge.gd:575)
       [3] _append_nodes (res://tools/godot-cli/runner/inspection_bridge.gd:575)
       [4] _append_nodes (res://tools/godot-cli/runner/inspection_bridge.gd:575)
       [5] _append_nodes (res://tools/godot-cli/runner/inspection_bridge.gd:575)
       [6] _append_nodes (res://tools/godot-cli/runner/inspection_bridge.gd:575)
       [7] _append_nodes (res://tools/godot-cli/runner/inspection_bridge.gd:575)
       [8] _snapshot_with_store (res://tools/godot-cli/runner/inspection_bridge.gd:394)
       [9] _respond (res://tools/godot-cli/runner/inspection_bridge.gd:377)
       [10] _process (res://tools/godot-cli/runner/inspection_bridge.gd:213)
ERROR: Condition "p.d == 0" is true. Returning: Point2()
   at: Camera3D::unproject_position (scene\3d\camera_3d.cpp:482)
   GDScript backtrace (most recent call first):
       [0] _append_nodes (res://tools/godot-cli/runner/inspection_bridge.gd:449)
       [1] _append_nodes (res://tools/godot-cli/runner/inspection_bridge.gd:575)
       [2] _append_nodes (res://tools/godot-cli/runner/inspection_bridge.gd:575)
       [3] _append_nodes (res://tools/godot-cli/runner/inspection_bridge.gd:575)
       [4] _append_nodes (res://tools/godot-cli/runner/inspection_bridge.gd:575)
       [5] _append_nodes (res://tools/godot-cli/runner/inspection_bridge.gd:575)
       [6] _append_nodes (res://tools/godot-cli/runner/inspection_bridge.gd:575)
       [7] _append_nodes (res://tools/godot-cli/runner/inspection_bridge.gd:575)
       [8] _append_nodes (res://tools/godot-cli/runner/inspection_bridge.gd:575)
       [9] _snapshot_with_store (res://tools/godot-cli/runner/inspection_bridge.gd:394)
       [10] _respond (res://tools/godot-cli/runner/inspection_bridge.gd:377)
       [11] _process (res://tools/godot-cli/runner/inspection_bridge.gd:213)
ERROR: Condition "p.d == 0" is true. Returning: Point2()
   at: Camera3D::unproject_position (scene\3d\camera_3d.cpp:482)
   GDScript backtrace (most recent call first):
       [0] _append_nodes (res://tools/godot-cli/runner/inspection_bridge.gd:449)
       [1] _append_nodes (res://tools/godot-cli/runner/inspection_bridge.gd:575)
       [2] _append_nodes (res://tools/godot-cli/runner/inspection_bridge.gd:575)
       [3] _append_nodes (res://tools/godot-cli/runner/inspection_bridge.gd:575)
       [4] _append_nodes (res://tools/godot-cli/runner/inspection_bridge.gd:575)
       [5] _snapshot_with_store (res://tools/godot-cli/runner/inspection_bridge.gd:394)
       [6] _respond (res://tools/godot-cli/runner/inspection_bridge.gd:377)
       [7] _process (res://tools/godot-cli/runner/inspection_bridge.gd:213)
ERROR: Condition "p.d == 0" is true. Returning: Point2()
   at: Camera3D::unproject_position (scene\3d\camera_3d.cpp:482)
   GDScript backtrace (most recent call first):
       [0] _append_nodes (res://tools/godot-cli/runner/inspection_bridge.gd:449)
       [1] _append_nodes (res://tools/godot-cli/runner/inspection_bridge.gd:575)
       [2] _append_nodes (res://tools/godot-cli/runner/inspection_bridge.gd:575)
       [3] _append_nodes (res://tools/godot-cli/runner/inspection_bridge.gd:575)
       [4] _append_nodes (res://tools/godot-cli/runner/inspection_bridge.gd:575)
       [5] _append_nodes (res://tools/godot-cli/runner/inspection_bridge.gd:575)
       [6] _snapshot_with_store (res://tools/godot-cli/runner/inspection_bridge.gd:394)
       [7] _respond (res://tools/godot-cli/runner/inspection_bridge.gd:377)
       [8] _process (res://tools/godot-cli/runner/inspection_bridge.gd:213)
ERROR: Condition "p.d == 0" is true. Returning: Point2()
   at: Camera3D::unproject_position (scene\3d\camera_3d.cpp:482)
   GDScript backtrace (most recent call first):
       [0] _append_nodes (res://tools/godot-cli/runner/inspection_bridge.gd:449)
       [1] _append_nodes (res://tools/godot-cli/runner/inspection_bridge.gd:575)
       [2] _append_nodes (res://tools/godot-cli/runner/inspection_bridge.gd:575)
       [3] _append_nodes (res://tools/godot-cli/runner/inspection_bridge.gd:575)
       [4] _append_nodes (res://tools/godot-cli/runner/inspection_bridge.gd:575)
       [5] _append_nodes (res://tools/godot-cli/runner/inspection_bridge.gd:575)
       [6] _append_nodes (res://tools/godot-cli/runner/inspection_bridge.gd:575)
       [7] _snapshot_with_store (res://tools/godot-cli/runner/inspection_bridge.gd:394)
       [8] _respond (res://tools/godot-cli/runner/inspection_bridge.gd:377)
       [9] _process (res://tools/godot-cli/runner/inspection_bridge.gd:213)
ERROR: Condition "p.d == 0" is true. Returning: Point2()
   at: Camera3D::unproject_position (scene\3d\camera_3d.cpp:482)
   GDScript backtrace (most recent call first):
       [0] _append_nodes (res://tools/godot-cli/runner/inspection_bridge.gd:449)
       [1] _append_nodes (res://tools/godot-cli/runner/inspection_bridge.gd:575)
       [2] _append_nodes (res://tools/godot-cli/runner/inspection_bridge.gd:575)
       [3] _append_nodes (res://tools/godot-cli/runner/inspection_bridge.gd:575)
       [4] _append_nodes (res://tools/godot-cli/runner/inspection_bridge.gd:575)
       [5] _append_nodes (res://tools/godot-cli/runner/inspection_bridge.gd:575)
       [6] _append_nodes (res://tools/godot-cli/runner/inspection_bridge.gd:575)
       [7] _append_nodes (res://tools/godot-cli/runner/inspection_bridge.gd:575)
       [8] _snapshot_with_store (res://tools/godot-cli/runner/inspection_bridge.gd:394)
       [9] _respond (res://tools/godot-cli/runner/inspection_bridge.gd:377)
       [10] _process (res://tools/godot-cli/runner/inspection_bridge.gd:213)
ERROR: Condition "p.d == 0" is true. Returning: Point2()
   at: Camera3D::unproject_position (scene\3d\camera_3d.cpp:482)
   GDScript backtrace (most recent call first):
       [0] _append_nodes (res://tools/godot-cli/runner/inspection_bridge.gd:449)
       [1] _append_nodes (res://tools/godot-cli/runner/inspection_bridge.gd:575)
       [2] _append_nodes (res://tools/godot-cli/runner/inspection_bridge.gd:575)
       [3] _append_nodes (res://tools/godot-cli/runner/inspection_bridge.gd:575)
       [4] _append_nodes (res://tools/godot-cli/runner/inspection_bridge.gd:575)
       [5] _append_nodes (res://tools/godot-cli/runner/inspection_bridge.gd:575)
       [6] _append_nodes (res://tools/godot-cli/runner/inspection_bridge.gd:575)
       [7] _append_nodes (res://tools/godot-cli/runner/inspection_bridge.gd:575)
       [8] _append_nodes (res://tools/godot-cli/runner/inspection_bridge.gd:575)
       [9] _snapshot_with_store (res://tools/godot-cli/runner/inspection_bridge.gd:394)
       [10] _respond (res://tools/godot-cli/runner/inspection_bridge.gd:377)
       [11] _process (res://tools/godot-cli/runner/inspection_bridge.gd:213)
ERROR: Condition "p.d == 0" is true. Returning: Point2()
   at: Camera3D::unproject_position (scene\3d\camera_3d.cpp:482)
   GDScript backtrace (most recent call first):
       [0] _append_nodes (res://tools/godot-cli/runner/inspection_bridge.gd:449)
       [1] _append_nodes (res://tools/godot-cli/runner/inspection_bridge.gd:575)
       [2] _append_nodes (res://tools/godot-cli/runner/inspection_bridge.gd:575)
       [3] _append_nodes (res://tools/godot-cli/runner/inspection_bridge.gd:575)
       [4] _snapshot_with_store (res://tools/godot-cli/runner/inspection_bridge.gd:394)
       [5] _respond (res://tools/godot-cli/runner/inspection_bridge.gd:377)
       [6] _process (res://tools/godot-cli/runner/inspection_bridge.gd:213)
ERROR: Condition "p.d == 0" is true. Returning: Point2()
   at: Camera3D::unproject_position (scene\3d\camera_3d.cpp:482)
   GDScript backtrace (most recent call first):
       [0] _append_nodes (res://tools/godot-cli/runner/inspection_bridge.gd:449)
       [1] _append_nodes (res://tools/godot-cli/runner/inspection_bridge.gd:575)
       [2] _append_nodes (res://tools/godot-cli/runner/inspection_bridge.gd:575)
       [3] _append_nodes (res://tools/godot-cli/runner/inspection_bridge.gd:575)
       [4] _append_nodes (res://tools/godot-cli/runner/inspection_bridge.gd:575)
       [5] _snapshot_with_store (res://tools/godot-cli/runner/inspection_bridge.gd:394)
       [6] _respond (res://tools/godot-cli/runner/inspection_bridge.gd:377)
       [7] _process (res://tools/godot-cli/runner/inspection_bridge.gd:213)
ERROR: Condition "p.d == 0" is true. Returning: Point2()
   at: Camera3D::unproject_position (scene\3d\camera_3d.cpp:482)
   GDScript backtrace (most recent call first):
       [0] _append_nodes (res://tools/godot-cli/runner/inspection_bridge.gd:449)
       [1] _append_nodes (res://tools/godot-cli/runner/inspection_bridge.gd:575)
       [2] _append_nodes (res://tools/godot-cli/runner/inspection_bridge.gd:575)
       [3] _append_nodes (res://tools/godot-cli/runner/inspection_bridge.gd:575)
       [4] _append_nodes (res://tools/godot-cli/runner/inspection_bridge.gd:575)
       [5] _append_nodes (res://tools/godot-cli/runner/inspection_bridge.gd:575)
       [6] _snapshot_with_store (res://tools/godot-cli/runner/inspection_bridge.gd:394)
       [7] _respond (res://tools/godot-cli/runner/inspection_bridge.gd:377)
       [8] _process (res://tools/godot-cli/runner/inspection_bridge.gd:213)
ERROR: Condition "p.d == 0" is true. Returning: Point2()
   at: Camera3D::unproject_position (scene\3d\camera_3d.cpp:482)
   GDScript backtrace (most recent call first):
       [0] _append_nodes (res://tools/godot-cli/runner/inspection_bridge.gd:449)
       [1] _append_nodes (res://tools/godot-cli/runner/inspection_bridge.gd:575)
       [2] _append_nodes (res://tools/godot-cli/runner/inspection_bridge.gd:575)
       [3] _append_nodes (res://tools/godot-cli/runner/inspection_bridge.gd:575)
       [4] _snapshot_with_store (res://tools/godot-cli/runner/inspection_bridge.gd:394)
       [5] _respond (res://tools/godot-cli/runner/inspection_bridge.gd:377)
       [6] _process (res://tools/godot-cli/runner/inspection_bridge.gd:213)
[JS] GODMODE_ACTOR_COST={"id":"soldier-e6","visual":false,"ms":0.16}
[JS] GODMODE_SYSTEM_ADMIN_SPAWNED=soldier-e6
[JS] GODMODE_PATROL_PRESENTATION={"id":"soldier-e6","distance":147.84039306640625,"visible":false,"seenPast":""}
[JS] GODMODE_ACTOR_COST={"id":"soldier-e6","visual":true,"ms":0.696}
[JS] GODMODE_SYSTEM_ADMIN_TARGET=soldier-e6:2
[JS] GODMODE_ACTOR_COST={"id":"soldier-e7","visual":false,"ms":0.121}
[JS] GODMODE_SYSTEM_ADMIN_SPAWNED=soldier-e7
[JS] GODMODE_PATROL_PRESENTATION={"id":"soldier-e7","distance":218.4620361328125,"visible":false,"seenPast":""}
[JS] GODMODE_ACTOR_COST={"id":"soldier-e7","visual":true,"ms":0.512}
[JS] GODMODE_SYSTEM_ADMIN_DESPAWNED=soldier-e6
[JS] GODMODE_SYSTEM_ADMIN_DESPAWNED=soldier-e7
[JS] GODMODE_ROGUELITE_CLEAR_BEAT
ERROR: Condition "p.d == 0" is true. Returning: Point2()
   at: Camera3D::unproject_position (scene\3d\camera_3d.cpp:482)
   GDScript backtrace (most recent call first):
       [0] _append_nodes (res://tools/godot-cli/runner/inspection_bridge.gd:449)
       [1] _append_nodes (res://tools/godot-cli/runner/inspection_bridge.gd:575)
       [2] _append_nodes (res://tools/godot-cli/runner/inspection_bridge.gd:575)
       [3] _snapshot_with_store (res://tools/godot-cli/runner/inspection_bridge.gd:394)
       [4] _respond (res://tools/godot-cli/runner/inspection_bridge.gd:377)
       [5] _process (res://tools/godot-cli/runner/inspection_bridge.gd:213)
ERROR: Condition "p.d == 0" is true. Returning: Point2()
   at: Camera3D::unproject_position (scene\3d\camera_3d.cpp:482)
   GDScript backtrace (most recent call first):
       [0] _append_nodes (res://tools/godot-cli/runner/inspection_bridge.gd:449)
       [1] _append_nodes (res://tools/godot-cli/runner/inspection_bridge.gd:575)
       [2] _append_nodes (res://tools/godot-cli/runner/inspection_bridge.gd:575)
       [3] _append_nodes (res://tools/godot-cli/runner/inspection_bridge.gd:575)
       [4] _snapshot_with_store (res://tools/godot-cli/runner/inspection_bridge.gd:394)
       [5] _respond (res://tools/godot-cli/runner/inspection_bridge.gd:377)
       [6] _process (res://tools/godot-cli/runner/inspection_bridge.gd:213)
ERROR: Condition "p.d == 0" is true. Returning: Point2()
   at: Camera3D::unproject_position (scene\3d\camera_3d.cpp:482)
   GDScript backtrace (most recent call first):
       [0] _append_nodes (res://tools/godot-cli/runner/inspection_bridge.gd:449)
       [1] _append_nodes (res://tools/godot-cli/runner/inspection_bridge.gd:575)
       [2] _append_nodes (res://tools/godot-cli/runner/inspection_bridge.gd:575)
       [3] _append_nodes (res://tools/godot-cli/runner/inspection_bridge.gd:575)
       [4] _append_nodes (res://tools/godot-cli/runner/inspection_bridge.gd:575)
       [5] _snapshot_with_store (res://tools/godot-cli/runner/inspection_bridge.gd:394)
       [6] _respond (res://tools/godot-cli/runner/inspection_bridge.gd:377)
       [7] _process (res://tools/godot-cli/runner/inspection_bridge.gd:213)
ERROR: Condition "p.d == 0" is true. Returning: Point2()
   at: Camera3D::unproject_position (scene\3d\camera_3d.cpp:482)
   GDScript backtrace (most recent call first):
       [0] _append_nodes (res://tools/godot-cli/runner/inspection_bridge.gd:449)
       [1] _append_nodes (res://tools/godot-cli/runner/inspection_bridge.gd:575)
       [2] _append_nodes (res://tools/godot-cli/runner/inspection_bridge.gd:575)
       [3] _append_nodes (res://tools/godot-cli/runner/inspection_bridge.gd:575)
       [4] _append_nodes (res://tools/godot-cli/runner/inspection_bridge.gd:575)
       [5] _append_nodes (res://tools/godot-cli/runner/inspection_bridge.gd:575)
       [6] _snapshot_with_store (res://tools/godot-cli/runner/inspection_bridge.gd:394)
       [7] _respond (res://tools/godot-cli/runner/inspection_bridge.gd:377)
       [8] _process (res://tools/godot-cli/runner/inspection_bridge.gd:213)
ERROR: Condition "p.d == 0" is true. Returning: Point2()
   at: Camera3D::unproject_position (scene\3d\camera_3d.cpp:482)
   GDScript backtrace (most recent call first):
       [0] _append_nodes (res://tools/godot-cli/runner/inspection_bridge.gd:449)
       [1] _append_nodes (res://tools/godot-cli/runner/inspection_bridge.gd:575)
       [2] _append_nodes (res://tools/godot-cli/runner/inspection_bridge.gd:575)
       [3] _append_nodes (res://tools/godot-cli/runner/inspection_bridge.gd:575)
       [4] _append_nodes (res://tools/godot-cli/runner/inspection_bridge.gd:575)
       [5] _append_nodes (res://tools/godot-cli/runner/inspection_bridge.gd:575)
       [6] _append_nodes (res://tools/godot-cli/runner/inspection_bridge.gd:575)
       [7] _snapshot_with_store (res://tools/godot-cli/runner/inspection_bridge.gd:394)
       [8] _respond (res://tools/godot-cli/runner/inspection_bridge.gd:377)
       [9] _process (res://tools/godot-cli/runner/inspection_bridge.gd:213)
ERROR: Condition "p.d == 0" is true. Returning: Point2()
   at: Camera3D::unproject_position (scene\3d\camera_3d.cpp:482)
   GDScript backtrace (most recent call first):
       [0] _append_nodes (res://tools/godot-cli/runner/inspection_bridge.gd:449)
       [1] _append_nodes (res://tools/godot-cli/runner/inspection_bridge.gd:575)
       [2] _append_nodes (res://tools/godot-cli/runner/inspection_bridge.gd:575)
       [3] _append_nodes (res://tools/godot-cli/runner/inspection_bridge.gd:575)
       [4] _append_nodes (res://tools/godot-cli/runner/inspection_bridge.gd:575)
       [5] _append_nodes (res://tools/godot-cli/runner/inspection_bridge.gd:575)
       [6] _append_nodes (res://tools/godot-cli/runner/inspection_bridge.gd:575)
       [7] _append_nodes (res://tools/godot-cli/runner/inspection_bridge.gd:575)
       [8] _snapshot_with_store (res://tools/godot-cli/runner/inspection_bridge.gd:394)
       [9] _respond (res://tools/godot-cli/runner/inspection_bridge.gd:377)
       [10] _process (res://tools/godot-cli/runner/inspection_bridge.gd:213)
ERROR: Condition "p.d == 0" is true. Returning: Point2()
   at: Camera3D::unproject_position (scene\3d\camera_3d.cpp:482)
   GDScript backtrace (most recent call first):
       [0] _append_nodes (res://tools/godot-cli/runner/inspection_bridge.gd:449)
       [1] _append_nodes (res://tools/godot-cli/runner/inspection_bridge.gd:575)
       [2] _append_nodes (res://tools/godot-cli/runner/inspection_bridge.gd:575)
       [3] _append_nodes (res://tools/godot-cli/runner/inspection_bridge.gd:575)
       [4] _append_nodes (res://tools/godot-cli/runner/inspection_bridge.gd:575)
       [5] _append_nodes (res://tools/godot-cli/runner/inspection_bridge.gd:575)
       [6] _append_nodes (res://tools/godot-cli/runner/inspection_bridge.gd:575)
       [7] _append_nodes (res://tools/godot-cli/runner/inspection_bridge.gd:575)
       [8] _append_nodes (res://tools/godot-cli/runner/inspection_bridge.gd:575)
       [9] _snapshot_with_store (res://tools/godot-cli/runner/inspection_bridge.gd:394)
       [10] _respond (res://tools/godot-cli/runner/inspection_bridge.gd:377)
       [11] _process (res://tools/godot-cli/runner/inspection_bridge.gd:213)
ERROR: Condition "p.d == 0" is true. Returning: Point2()
   at: Camera3D::unproject_position (scene\3d\camera_3d.cpp:482)
   GDScript backtrace (most recent call first):
       [0] _append_nodes (res://tools/godot-cli/runner/inspection_bridge.gd:449)
       [1] _append_nodes (res://tools/godot-cli/runner/inspection_bridge.gd:575)
       [2] _append_nodes (res://tools/godot-cli/runner/inspection_bridge.gd:575)
       [3] _append_nodes (res://tools/godot-cli/runner/inspection_bridge.gd:575)
       [4] _append_nodes (res://tools/godot-cli/runner/inspection_bridge.gd:575)
       [5] _snapshot_with_store (res://tools/godot-cli/runner/inspection_bridge.gd:394)
       [6] _respond (res://tools/godot-cli/runner/inspection_bridge.gd:377)
       [7] _process (res://tools/godot-cli/runner/inspection_bridge.gd:213)
ERROR: Condition "p.d == 0" is true. Returning: Point2()
   at: Camera3D::unproject_position (scene\3d\camera_3d.cpp:482)
   GDScript backtrace (most recent call first):
       [0] _append_nodes (res://tools/godot-cli/runner/inspection_bridge.gd:449)
       [1] _append_nodes (res://tools/godot-cli/runner/inspection_bridge.gd:575)
       [2] _append_nodes (res://tools/godot-cli/runner/inspection_bridge.gd:575)
       [3] _append_nodes (res://tools/godot-cli/runner/inspection_bridge.gd:575)
       [4] _append_nodes (res://tools/godot-cli/runner/inspection_bridge.gd:575)
       [5] _append_nodes (res://tools/godot-cli/runner/inspection_bridge.gd:575)
       [6] _snapshot_with_store (res://tools/godot-cli/runner/inspection_bridge.gd:394)
       [7] _respond (res://tools/godot-cli/runner/inspection_bridge.gd:377)
       [8] _process (res://tools/godot-cli/runner/inspection_bridge.gd:213)
ERROR: Condition "p.d == 0" is true. Returning: Point2()
   at: Camera3D::unproject_position (scene\3d\camera_3d.cpp:482)
   GDScript backtrace (most recent call first):
       [0] _append_nodes (res://tools/godot-cli/runner/inspection_bridge.gd:449)
       [1] _append_nodes (res://tools/godot-cli/runner/inspection_bridge.gd:575)
       [2] _append_nodes (res://tools/godot-cli/runner/inspection_bridge.gd:575)
       [3] _append_nodes (res://tools/godot-cli/runner/inspection_bridge.gd:575)
       [4] _append_nodes (res://tools/godot-cli/runner/inspection_bridge.gd:575)
       [5] _append_nodes (res://tools/godot-cli/runner/inspection_bridge.gd:575)
       [6] _append_nodes (res://tools/godot-cli/runner/inspection_bridge.gd:575)
       [7] _snapshot_with_store (res://tools/godot-cli/runner/inspection_bridge.gd:394)
       [8] _respond (res://tools/godot-cli/runner/inspection_bridge.gd:377)
       [9] _process (res://tools/godot-cli/runner/inspection_bridge.gd:213)
ERROR: Condition "p.d == 0" is true. Returning: Point2()
   at: Camera3D::unproject_position (scene\3d\camera_3d.cpp:482)
   GDScript backtrace (most recent call first):
       [0] _append_nodes (res://tools/godot-cli/runner/inspection_bridge.gd:449)
       [1] _append_nodes (res://tools/godot-cli/runner/inspection_bridge.gd:575)
       [2] _append_nodes (res://tools/godot-cli/runner/inspection_bridge.gd:575)
       [3] _append_nodes (res://tools/godot-cli/runner/inspection_bridge.gd:575)
       [4] _append_nodes (res://tools/godot-cli/runner/inspection_bridge.gd:575)
       [5] _append_nodes (res://tools/godot-cli/runner/inspection_bridge.gd:575)
       [6] _append_nodes (res://tools/godot-cli/runner/inspection_bridge.gd:575)
       [7] _append_nodes (res://tools/godot-cli/runner/inspection_bridge.gd:575)
       [8] _snapshot_with_store (res://tools/godot-cli/runner/inspection_bridge.gd:394)
       [9] _respond (res://tools/godot-cli/runner/inspection_bridge.gd:377)
       [10] _process (res://tools/godot-cli/runner/inspection_bridge.gd:213)
ERROR: Condition "p.d == 0" is true. Returning: Point2()
   at: Camera3D::unproject_position (scene\3d\camera_3d.cpp:482)
   GDScript backtrace (most recent call first):
       [0] _append_nodes (res://tools/godot-cli/runner/inspection_bridge.gd:449)
       [1] _append_nodes (res://tools/godot-cli/runner/inspection_bridge.gd:575)
       [2] _append_nodes (res://tools/godot-cli/runner/inspection_bridge.gd:575)
       [3] _append_nodes (res://tools/godot-cli/runner/inspection_bridge.gd:575)
       [4] _append_nodes (res://tools/godot-cli/runner/inspection_bridge.gd:575)
       [5] _append_nodes (res://tools/godot-cli/runner/inspection_bridge.gd:575)
       [6] _append_nodes (res://tools/godot-cli/runner/inspection_bridge.gd:575)
       [7] _append_nodes (res://tools/godot-cli/runner/inspection_bridge.gd:575)
       [8] _append_nodes (res://tools/godot-cli/runner/inspection_bridge.gd:575)
       [9] _snapshot_with_store (res://tools/godot-cli/runner/inspection_bridge.gd:394)
       [10] _respond (res://tools/godot-cli/runner/inspection_bridge.gd:377)
       [11] _process (res://tools/godot-cli/runner/inspection_bridge.gd:213)
ERROR: Condition "p.d == 0" is true. Returning: Point2()
   at: Camera3D::unproject_position (scene\3d\camera_3d.cpp:482)
   GDScript backtrace (most recent call first):
       [0] _append_nodes (res://tools/godot-cli/runner/inspection_bridge.gd:449)
       [1] _append_nodes (res://tools/godot-cli/runner/inspection_bridge.gd:575)
       [2] _append_nodes (res://tools/godot-cli/runner/inspection_bridge.gd:575)
       [3] _append_nodes (res://tools/godot-cli/runner/inspection_bridge.gd:575)
       [4] _snapshot_with_store (res://tools/godot-cli/runner/inspection_bridge.gd:394)
       [5] _respond (res://tools/godot-cli/runner/inspection_bridge.gd:377)
       [6] _process (res://tools/godot-cli/runner/inspection_bridge.gd:213)
ERROR: Condition "p.d == 0" is true. Returning: Point2()
   at: Camera3D::unproject_position (scene\3d\camera_3d.cpp:482)
   GDScript backtrace (most recent call first):
       [0] _append_nodes (res://tools/godot-cli/runner/inspection_bridge.gd:449)
       [1] _append_nodes (res://tools/godot-cli/runner/inspection_bridge.gd:575)
       [2] _append_nodes (res://tools/godot-cli/runner/inspection_bridge.gd:575)
       [3] _append_nodes (res://tools/godot-cli/runner/inspection_bridge.gd:575)
       [4] _append_nodes (res://tools/godot-cli/runner/inspection_bridge.gd:575)
       [5] _snapshot_with_store (res://tools/godot-cli/runner/inspection_bridge.gd:394)
       [6] _respond (res://tools/godot-cli/runner/inspection_bridge.gd:377)
       [7] _process (res://tools/godot-cli/runner/inspection_bridge.gd:213)
ERROR: Condition "p.d == 0" is true. Returning: Point2()
   at: Camera3D::unproject_position (scene\3d\camera_3d.cpp:482)
   GDScript backtrace (most recent call first):
       [0] _append_nodes (res://tools/godot-cli/runner/inspection_bridge.gd:449)
       [1] _append_nodes (res://tools/godot-cli/runner/inspection_bridge.gd:575)
       [2] _append_nodes (res://tools/godot-cli/runner/inspection_bridge.gd:575)
       [3] _append_nodes (res://tools/godot-cli/runner/inspection_bridge.gd:575)
       [4] _append_nodes (res://tools/godot-cli/runner/inspection_bridge.gd:575)
       [5] _append_nodes (res://tools/godot-cli/runner/inspection_bridge.gd:575)
       [6] _snapshot_with_store (res://tools/godot-cli/runner/inspection_bridge.gd:394)
       [7] _respond (res://tools/godot-cli/runner/inspection_bridge.gd:377)
       [8] _process (res://tools/godot-cli/runner/inspection_bridge.gd:213)
ERROR: Condition "p.d == 0" is true. Returning: Point2()
   at: Camera3D::unproject_position (scene\3d\camera_3d.cpp:482)
   GDScript backtrace (most recent call first):
       [0] _append_nodes (res://tools/godot-cli/runner/inspection_bridge.gd:449)
       [1] _append_nodes (res://tools/godot-cli/runner/inspection_bridge.gd:575)
       [2] _append_nodes (res://tools/godot-cli/runner/inspection_bridge.gd:575)
       [3] _append_nodes (res://tools/godot-cli/runner/inspection_bridge.gd:575)
       [4] _snapshot_with_store (res://tools/godot-cli/runner/inspection_bridge.gd:394)
       [5] _respond (res://tools/godot-cli/runner/inspection_bridge.gd:377)
       [6] _process (res://tools/godot-cli/runner/inspection_bridge.gd:213)
[JS] GODMODE_ACTOR_COST={"id":"soldier-e8","visual":false,"ms":0.129}
[JS] GODMODE_SYSTEM_ADMIN_SPAWNED=soldier-e8
[JS] GODMODE_PATROL_PRESENTATION={"id":"soldier-e8","distance":137.71876525878906,"visible":false,"seenPast":""}
[JS] GODMODE_ACTOR_COST={"id":"soldier-e8","visual":true,"ms":0.615}
[JS] GODMODE_SYSTEM_ADMIN_TARGET=soldier-e8:2
[JS] GODMODE_PATROL_PRESENTATION={"id":"soldier-e9","distance":216.18182373046875,"visible":false,"seenPast":""}
[JS] GODMODE_ACTOR_COST={"id":"soldier-e9","visual":true,"ms":0.547}
[JS] GODMODE_ACTOR_COST={"id":"soldier-e9","visual":false,"ms":0.067}
[JS] GODMODE_SYSTEM_ADMIN_SPAWNED=soldier-e9
[JS] GODMODE_SYSTEM_ADMIN_TARGET=soldier-e9:2
[JS] GODMODE_ACTOR_COST={"id":"soldier-e10","visual":false,"ms":0.098}
[JS] GODMODE_SYSTEM_ADMIN_SPAWNED=soldier-e10
[JS] GODMODE_PATROL_PRESENTATION={"id":"soldier-e10","distance":137.71876525878906,"visible":false,"seenPast":""}
[JS] GODMODE_ACTOR_COST={"id":"soldier-e10","visual":true,"ms":0.511}
[JS] GODMODE_SYSTEM_ADMIN_TARGET=soldier-e10:2
[JS] GODMODE_ACTOR_COST={"id":"soldier-e11","visual":false,"ms":0.093}
[JS] GODMODE_SYSTEM_ADMIN_SPAWNED=soldier-e11
[JS] GODMODE_PATROL_PRESENTATION={"id":"soldier-e11","distance":112.44780731201172,"visible":false,"seenPast":""}
[JS] GODMODE_ACTOR_COST={"id":"soldier-e11","visual":true,"ms":0.509}
[JS] GODMODE_SOLDIER_SHOT=soldier-e8:rifle:2:miss
[JS] GODMODE_SOLDIER_SHOT=soldier-e8:rifle:2:miss
[JS] GODMODE_SYSTEM_ADMIN_TARGET=soldier-e11:2
[JS] GODMODE_SOLDIER_SHOT=soldier-e8:rifle:2:hit
[JS] GODMODE_SOLDIER_SHOT=soldier-e8:rifle:2:miss
[JS] GODMODE_SOLDIER_SHOT=soldier-e8:rifle:2:miss
[JS] GODMODE_ACTOR_COST={"id":"soldier-e12","visual":false,"ms":0.084}
[JS] GODMODE_SYSTEM_ADMIN_SPAWNED=soldier-e12
[JS] GODMODE_PATROL_PRESENTATION={"id":"soldier-e12","distance":137.71876525878906,"visible":false,"seenPast":""}
[JS] GODMODE_ACTOR_COST={"id":"soldier-e12","visual":true,"ms":0.522}
[JS] GODMODE_SYSTEM_ADMIN_TARGET=soldier-e12:2
[JS] GODMODE_ACTOR_COST={"id":"soldier-e13","visual":false,"ms":0.096}
[JS] GODMODE_SYSTEM_ADMIN_SPAWNED=soldier-e13
[JS] GODMODE_PATROL_PRESENTATION={"id":"soldier-e13","distance":12.720582962036133,"visible":false,"seenPast":""}
[JS] GODMODE_ACTOR_COST={"id":"soldier-e13","visual":true,"ms":0.521}
[JS] GODMODE_SYSTEM_ADMIN_TARGET=soldier-e13:2
[JS] GODMODE_ACTOR_COST={"id":"soldier-e14","visual":false,"ms":0.099}
[JS] GODMODE_SYSTEM_ADMIN_SPAWNED=soldier-e14
[JS] GODMODE_PATROL_PRESENTATION={"id":"soldier-e14","distance":137.71876525878906,"visible":false,"seenPast":""}
[JS] GODMODE_ACTOR_COST={"id":"soldier-e14","visual":true,"ms":0.51}
[JS] GODMODE_SYSTEM_ADMIN_TARGET=soldier-e14:2
[JS] GODMODE_ACTOR_COST={"id":"soldier-e15","visual":false,"ms":0.098}
[JS] GODMODE_SYSTEM_ADMIN_SPAWNED=soldier-e15
[JS] GODMODE_PATROL_PRESENTATION={"id":"soldier-e15","distance":312.4374694824219,"visible":false,"seenPast":""}
[JS] GODMODE_ACTOR_COST={"id":"soldier-e15","visual":true,"ms":0.511}
[JS] GODMODE_SOLDIER_SHOT=soldier-e10:rifle:2:miss
[JS] GODMODE_SOLDIER_SHOT=soldier-e10:rifle:2:miss
[JS] GODMODE_SOLDIER_SHOT=soldier-e10:rifle:2:miss
[JS] GODMODE_SYSTEM_ADMIN_TARGET=soldier-e15:2
[JS] GODMODE_SOLDIER_SHOT=soldier-e10:rifle:2:miss
[JS] GODMODE_SOLDIER_SHOT=soldier-e10:rifle:2:miss
[JS] GODMODE_ACTOR_COST={"id":"soldier-e16","visual":false,"ms":0.107}
[JS] GODMODE_SYSTEM_ADMIN_SPAWNED=soldier-e16
[JS] GODMODE_PATROL_PRESENTATION={"id":"soldier-e16","distance":137.71876525878906,"visible":false,"seenPast":""}
[JS] GODMODE_ACTOR_COST={"id":"soldier-e16","visual":true,"ms":0.494}
[JS] GODMODE_SOLDIER_SHOT=soldier-e8:rifle:2:hit
[JS] GODMODE_SOLDIER_SHOT=soldier-e8:rifle:2:miss
[JS] GODMODE_SOLDIER_SHOT=soldier-e8:rifle:2:hit
[JS] GODMODE_SOLDIER_SHOT=soldier-e8:rifle:2:miss
[JS] GODMODE_SOLDIER_SHOT=soldier-e8:rifle:2:miss
[JS] GODMODE_SYSTEM_ADMIN_TARGET=soldier-e16:2
[JS] GODMODE_ACTOR_COST={"id":"soldier-e17","visual":false,"ms":0.093}
[JS] GODMODE_SYSTEM_ADMIN_SPAWNED=soldier-e17
[JS] GODMODE_PATROL_PRESENTATION={"id":"soldier-e17","distance":65.91297912597656,"visible":false,"seenPast":""}
[JS] GODMODE_ACTOR_COST={"id":"soldier-e17","visual":true,"ms":0.511}
[JS] GODMODE_SOLDIER_SHOT=soldier-e12:rifle:2:miss
[JS] GODMODE_SOLDIER_SHOT=soldier-e12:rifle:2:miss
[JS] GODMODE_SOLDIER_SHOT=soldier-e12:rifle:2:miss
[JS] GODMODE_SYSTEM_ADMIN_TARGET=soldier-e17:2
[JS] GODMODE_SOLDIER_SHOT=soldier-e12:rifle:2:miss
[JS] GODMODE_SOLDIER_SHOT=soldier-e12:rifle:2:hit
[JS] GODMODE_PATROL_PRESENTATION={"id":"soldier-e18","distance":137.71803283691406,"visible":false,"seenPast":""}
[JS] GODMODE_ACTOR_COST={"id":"soldier-e18","visual":true,"ms":0.515}
[JS] GODMODE_ACTOR_COST={"id":"soldier-e18","visual":false,"ms":0.064}
[JS] GODMODE_SYSTEM_ADMIN_SPAWNED=soldier-e18
[JS] GODMODE_SOLDIER_SHOT=soldier-e14:rifle:2:miss
[JS] GODMODE_SOLDIER_SHOT=soldier-e14:rifle:2:hit
[JS] GODMODE_SOLDIER_SHOT=soldier-e14:rifle:2:miss
[JS] GODMODE_SOLDIER_SHOT=soldier-e14:rifle:2:miss
[JS] GODMODE_SOLDIER_SHOT=soldier-e14:rifle:2:hit
[JS] GODMODE_SYSTEM_ADMIN_TARGET=soldier-e18:2
[JS] GODMODE_ACTOR_COST={"id":"soldier-e19","visual":false,"ms":0.094}
[JS] GODMODE_SYSTEM_ADMIN_SPAWNED=soldier-e19
[JS] GODMODE_PATROL_PRESENTATION={"id":"soldier-e19","distance":313.7153625488281,"visible":false,"seenPast":""}
[JS] GODMODE_ACTOR_COST={"id":"soldier-e19","visual":true,"ms":0.497}
[JS] GODMODE_SOLDIER_SHOT=soldier-e10:rifle:2:miss
[JS] GODMODE_SYSTEM_ADMIN_TARGET=soldier-e19:2
[JS] GODMODE_SOLDIER_SHOT=soldier-e10:rifle:2:hit
[JS] GODMODE_FIRST_RUN_HINT=infoPanel
[JS] GODMODE_SOLDIER_SHOT=soldier-e10:rifle:2:hit
[JS] GODMODE_PATROL_PRESENTATION={"id":"soldier-e20","distance":137.71803283691406,"visible":false,"seenPast":""}
[JS] GODMODE_ACTOR_COST={"id":"soldier-e20","visual":true,"ms":0.629}
[JS] GODMODE_ACTOR_COST={"id":"soldier-e20","visual":false,"ms":0.112}
[JS] GODMODE_SYSTEM_ADMIN_SPAWNED=soldier-e20
[JS] GODMODE_SOLDIER_SHOT=soldier-e10:rifle:2:miss
[JS] GODMODE_SOLDIER_SHOT=soldier-e10:rifle:2:hit
[JS] GODMODE_SOLDIER_SHOT=soldier-e16:rifle:2:miss
[JS] GODMODE_SOLDIER_SHOT=soldier-e16:rifle:2:miss
[JS] GODMODE_SOLDIER_SHOT=soldier-e16:rifle:2:miss
[JS] GODMODE_SOLDIER_SHOT=soldier-e16:rifle:2:miss
[JS] GODMODE_SYSTEM_ADMIN_TARGET=soldier-e20:2
[JS] GODMODE_SOLDIER_SHOT=soldier-e16:rifle:2:hit
[JS] GODMODE_ACTOR_COST={"id":"soldier-e21","visual":false,"ms":0.099}
[JS] GODMODE_SYSTEM_ADMIN_SPAWNED=soldier-e21
[JS] GODMODE_PATROL_PRESENTATION={"id":"soldier-e21","distance":103.2187728881836,"visible":false,"seenPast":""}
[JS] GODMODE_ACTOR_COST={"id":"soldier-e21","visual":true,"ms":0.479}
[JS] GODMODE_SOLDIER_SHOT=soldier-e8:rifle:2:miss
[JS] GODMODE_SOLDIER_SHOT=soldier-e8:rifle:2:hit
[JS] GODMODE_SOLDIER_SHOT=soldier-e8:rifle:2:miss
[JS] GODMODE_SOLDIER_SHOT=soldier-e8:rifle:2:miss
[JS] GODMODE_SOLDIER_SHOT=soldier-e8:rifle:2:hit
[JS] GODMODE_SOLDIER_SHOT=soldier-e12:rifle:2:hit
[JS] GODMODE_SYSTEM_ADMIN_TARGET=soldier-e21:2
[JS] GODMODE_SOLDIER_SHOT=soldier-e12:rifle:2:miss
[JS] GODMODE_SOLDIER_SHOT=soldier-e12:rifle:2:miss
[JS] GODMODE_SOLDIER_SHOT=soldier-e12:rifle:2:hit
[JS] GODMODE_SOLDIER_SHOT=soldier-e12:rifle:2:hit
[JS] GODMODE_SOLDIER_SHOT=soldier-e11:rifle:2:miss
[JS] GODMODE_SOLDIER_SHOT=soldier-e11:rifle:2:hit
[JS] GODMODE_SOLDIER_SHOT=soldier-e11:rifle:2:miss
[JS] GODMODE_SOLDIER_SHOT=soldier-e11:rifle:2:miss
[JS] GODMODE_SOLDIER_SHOT=soldier-e11:rifle:2:hit
[JS] GODMODE_SOLDIER_SHOT=soldier-e14:rifle:2:miss
[JS] GODMODE_SOLDIER_SHOT=soldier-e14:rifle:2:hit
[JS] GODMODE_SOLDIER_SHOT=soldier-e14:rifle:2:miss
[JS] GODMODE_SOLDIER_SHOT=soldier-e14:rifle:2:miss
[JS] GODMODE_SOLDIER_SHOT=soldier-e14:rifle:2:hit
[JS] GODMODE_SOLDIER_SHOT=soldier-e10:rifle:2:miss
[JS] GODMODE_SOLDIER_SHOT=soldier-e10:rifle:2:hit
[JS] GODMODE_SOLDIER_SHOT=soldier-e10:rifle:2:miss
[JS] GODMODE_SOLDIER_SHOT=soldier-e10:rifle:2:hit
[JS] GODMODE_SOLDIER_SHOT=soldier-e10:rifle:2:miss
[JS] GODMODE_SOLDIER_SHOT=soldier-e16:rifle:2:miss
[JS] GODMODE_SOLDIER_SHOT=soldier-e16:rifle:2:miss
[JS] GODMODE_SOLDIER_SHOT=soldier-e16:rifle:2:miss
[JS] GODMODE_SOLDIER_SHOT=soldier-e16:rifle:2:hit
[JS] GODMODE_SOLDIER_SHOT=soldier-e16:rifle:2:hit
[JS] GODMODE_SOLDIER_SHOT=soldier-e8:rifle:2:hit
[JS] GODMODE_SOLDIER_SHOT=soldier-e8:rifle:2:miss
[JS] GODMODE_SOLDIER_SHOT=soldier-e8:rifle:2:miss
[JS] GODMODE_FIRST_RUN_HINT=knife
[JS] GODMODE_SOLDIER_SHOT=soldier-e8:rifle:2:miss
[JS] GODMODE_SOLDIER_SHOT=soldier-e8:rifle:2:miss
[JS] GODMODE_SOLDIER_SHOT=soldier-e20:rifle:2:miss
[JS] GODMODE_SOLDIER_SHOT=soldier-e20:rifle:2:miss
[JS] GODMODE_SOLDIER_SHOT=soldier-e20:rifle:2:miss
[JS] GODMODE_SOLDIER_SHOT=soldier-e20:rifle:2:hit
[JS] GODMODE_SOLDIER_SHOT=soldier-e20:rifle:2:hit
[JS] GODMODE_SOLDIER_SHOT=soldier-e12:rifle:2:hit
[JS] GODMODE_SOLDIER_SHOT=soldier-e12:rifle:2:miss
[JS] GODMODE_SOLDIER_SHOT=soldier-e12:rifle:2:miss
[JS] GODMODE_SOLDIER_SHOT=soldier-e12:rifle:2:hit
[JS] GODMODE_SOLDIER_SHOT=soldier-e12:rifle:2:miss
[JS] GODMODE_SOLDIER_SHOT=soldier-e11:rifle:2:miss
[JS] GODMODE_SOLDIER_SHOT=soldier-e11:rifle:2:miss
[JS] GODMODE_SOLDIER_SHOT=soldier-e11:rifle:2:hit
[JS] GODMODE_SOLDIER_SHOT=soldier-e11:rifle:2:miss
[JS] GODMODE_SOLDIER_SHOT=soldier-e11:rifle:2:miss
[JS] GODMODE_SOLDIER_SHOT=soldier-e14:rifle:2:miss
[JS] GODMODE_SOLDIER_SHOT=soldier-e14:rifle:2:hit
[JS] GODMODE_SOLDIER_SHOT=soldier-e14:rifle:2:miss
[JS] GODMODE_SOLDIER_SHOT=soldier-e14:rifle:2:hit
[JS] GODMODE_SOLDIER_SHOT=soldier-e14:rifle:2:hit
[JS] GODMODE_SOLDIER_SHOT=soldier-e10:rifle:2:miss
[JS] GODMODE_SOLDIER_SHOT=soldier-e10:rifle:2:hit
[JS] GODMODE_SOLDIER_SHOT=soldier-e10:rifle:2:miss
[JS] GODMODE_SOLDIER_SHOT=soldier-e10:rifle:2:miss
[JS] GODMODE_SOLDIER_SHOT=soldier-e10:rifle:2:miss
[JS] GODMODE_SOLDIER_SHOT=soldier-e16:rifle:2:miss
[JS] GODMODE_SOLDIER_SHOT=soldier-e16:rifle:2:miss
[JS] GODMODE_SOLDIER_SHOT=soldier-e16:rifle:2:miss
[JS] GODMODE_SOLDIER_SHOT=soldier-e16:rifle:2:miss
[JS] GODMODE_SOLDIER_SHOT=soldier-e16:rifle:2:hit
[JS] GODMODE_SOLDIER_SHOT=soldier-e18:rifle:2:miss
[JS] GODMODE_SOLDIER_SHOT=soldier-e18:rifle:2:miss
[JS] GODMODE_SOLDIER_SHOT=soldier-e18:rifle:2:hit
[JS] GODMODE_SOLDIER_SHOT=soldier-e18:rifle:2:miss
[JS] GODMODE_SOLDIER_SHOT=soldier-e18:rifle:2:miss
[JS] GODMODE_SOLDIER_SHOT=soldier-e8:rifle:2:miss
[JS] GODMODE_SOLDIER_SHOT=soldier-e8:rifle:2:miss
[JS] GODMODE_SOLDIER_SHOT=soldier-e8:rifle:2:miss
[JS] GODMODE_SOLDIER_SHOT=soldier-e8:rifle:2:miss
[JS] GODMODE_SOLDIER_SHOT=soldier-e8:rifle:2:hit
[JS] GODMODE_SOLDIER_SHOT=soldier-e20:rifle:2:hit
[JS] GODMODE_SOLDIER_SHOT=soldier-e20:rifle:2:hit
[JS] GODMODE_SOLDIER_SHOT=soldier-e20:rifle:2:miss
[JS] GODMODE_SOLDIER_SHOT=soldier-e20:rifle:2:miss
[JS] GODMODE_SOLDIER_SHOT=soldier-e20:rifle:2:hit
[JS] GODMODE_SOLDIER_SHOT=soldier-e12:rifle:2:hit
[JS] GODMODE_SOLDIER_SHOT=soldier-e12:rifle:2:miss
[JS] GODMODE_SOLDIER_SHOT=soldier-e12:rifle:2:hit
[JS] GODMODE_SOLDIER_SHOT=soldier-e12:rifle:2:miss
[JS] GODMODE_SOLDIER_SHOT=soldier-e12:rifle:2:miss
[JS] GODMODE_SOLDIER_SHOT=soldier-e11:rifle:2:miss
[JS] GODMODE_SOLDIER_SHOT=soldier-e11:rifle:2:hit
[JS] GODMODE_SOLDIER_SHOT=soldier-e11:rifle:2:miss
[JS] GODMODE_SOLDIER_SHOT=soldier-e11:rifle:2:miss
[JS] GODMODE_SOLDIER_SHOT=soldier-e11:rifle:2:miss
[JS] GODMODE_SOLDIER_SHOT=soldier-e14:rifle:2:miss
[JS] GODMODE_SOLDIER_SHOT=soldier-e14:rifle:2:miss
[JS] GODMODE_SOLDIER_SHOT=soldier-e14:rifle:2:miss
[JS] GODMODE_SOLDIER_SHOT=soldier-e14:rifle:2:miss
[JS] GODMODE_SOLDIER_SHOT=soldier-e14:rifle:2:miss
[JS] GODMODE_SOLDIER_SHOT=soldier-e10:rifle:2:miss
[JS] GODMODE_SOLDIER_SHOT=soldier-e10:rifle:2:miss
[JS] GODMODE_SOLDIER_SHOT=soldier-e10:rifle:2:miss
[JS] GODMODE_SOLDIER_SHOT=soldier-e10:rifle:2:miss
[JS] GODMODE_SOLDIER_SHOT=soldier-e10:rifle:2:miss
[JS] GODMODE_SOLDIER_SHOT=soldier-e9:rifle:2:hit
[JS] GODMODE_SOLDIER_SHOT=soldier-e9:rifle:2:miss
[JS] GODMODE_SOLDIER_SHOT=soldier-e9:rifle:2:miss
[JS] GODMODE_SOLDIER_SHOT=soldier-e9:rifle:2:miss
[JS] GODMODE_SOLDIER_SHOT=soldier-e9:rifle:2:hit
[JS] GODMODE_SOLDIER_SHOT=soldier-e16:rifle:2:miss
[JS] GODMODE_SOLDIER_SHOT=soldier-e16:rifle:2:hit
[JS] GODMODE_SOLDIER_SHOT=soldier-e16:rifle:2:miss
[JS] GODMODE_SOLDIER_SHOT=soldier-e16:rifle:2:miss
[JS] GODMODE_SOLDIER_SHOT=soldier-e16:rifle:2:hit
[JS] GODMODE_SOLDIER_SHOT=soldier-e18:rifle:2:miss
[JS] GODMODE_SOLDIER_SHOT=soldier-e18:rifle:2:miss
[JS] GODMODE_SOLDIER_SHOT=soldier-e18:rifle:2:hit
[JS] GODMODE_SOLDIER_SHOT=soldier-e18:rifle:2:hit
[JS] GODMODE_SOLDIER_SHOT=soldier-e18:rifle:2:miss
[JS] GODMODE_SOLDIER_SHOT=soldier-e8:rifle:2:hit
[JS] GODMODE_SOLDIER_SHOT=soldier-e8:rifle:2:miss
[JS] GODMODE_SOLDIER_SHOT=soldier-e8:rifle:2:hit
[JS] GODMODE_SOLDIER_SHOT=soldier-e8:rifle:2:miss
[JS] GODMODE_SOLDIER_SHOT=soldier-e8:rifle:2:miss
[JS] GODMODE_SOLDIER_SHOT=soldier-e20:rifle:2:miss
[JS] GODMODE_SOLDIER_SHOT=soldier-e20:rifle:2:hit
[JS] GODMODE_SOLDIER_SHOT=soldier-e20:rifle:2:miss
[JS] GODMODE_SOLDIER_SHOT=soldier-e20:rifle:2:miss
[JS] GODMODE_SUPPLY_AUTO=1:40927:41728
[JS] GODMODE_SUPPLY_LAUNCHED=1:upgrade:-530.9:-16.8:-346.8
[JS] GODMODE_SOLDIER_SHOT=soldier-e20:rifle:2:miss
[JS] GODMODE_SOLDIER_SHOT=soldier-e12:rifle:2:hit
[JS] GODMODE_SOLDIER_SHOT=soldier-e12:rifle:2:hit
[JS] GODMODE_SOLDIER_SHOT=soldier-e12:rifle:2:miss
[JS] GODMODE_SOLDIER_SHOT=soldier-e12:rifle:2:miss
[JS] GODMODE_SOLDIER_SHOT=soldier-e12:rifle:2:miss
[JS] GODMODE_SOLDIER_SHOT=soldier-e11:rifle:2:hit
[JS] GODMODE_SOLDIER_SHOT=soldier-e11:rifle:2:hit
[JS] GODMODE_SOLDIER_SHOT=soldier-e11:rifle:2:hit
[JS] GODMODE_SOLDIER_SHOT=soldier-e11:rifle:2:miss
[JS] GODMODE_SOLDIER_SHOT=soldier-e11:rifle:2:miss
[JS] GODMODE_SOLDIER_SHOT=soldier-e14:rifle:2:miss
[JS] GODMODE_SOLDIER_SHOT=soldier-e14:rifle:2:miss
[JS] GODMODE_SOLDIER_SHOT=soldier-e14:rifle:2:hit
[JS] GODMODE_SOLDIER_SHOT=soldier-e14:rifle:2:hit
[JS] GODMODE_SOLDIER_SHOT=soldier-e14:rifle:2:miss
[JS] GODMODE_SOLDIER_SHOT=soldier-e21:rifle:2:hit
[JS] GODMODE_SOLDIER_SHOT=soldier-e21:rifle:2:miss
[JS] GODMODE_SOLDIER_SHOT=soldier-e21:rifle:2:miss
[JS] GODMODE_SOLDIER_SHOT=soldier-e21:rifle:2:miss
[JS] GODMODE_SOLDIER_SHOT=soldier-e21:rifle:2:miss
[JS] GODMODE_SOLDIER_SHOT=soldier-e10:rifle:2:hit
[JS] GODMODE_SOLDIER_SHOT=soldier-e10:rifle:2:miss
[JS] GODMODE_SOLDIER_SHOT=soldier-e10:rifle:2:miss
[JS] GODMODE_SOLDIER_SHOT=soldier-e10:rifle:2:miss
[JS] GODMODE_SOLDIER_SHOT=soldier-e10:rifle:2:miss
[JS] GODMODE_SOLDIER_SHOT=soldier-e9:rifle:2:hit
[JS] GODMODE_SOLDIER_SHOT=soldier-e9:rifle:2:hit
[JS] GODMODE_SOLDIER_SHOT=soldier-e9:rifle:2:miss
[JS] GODMODE_SOLDIER_SHOT=soldier-e9:rifle:2:miss
[JS] GODMODE_SOLDIER_SHOT=soldier-e9:rifle:2:miss
[JS] GODMODE_SOLDIER_SHOT=soldier-e16:rifle:2:hit
[JS] GODMODE_SOLDIER_SHOT=soldier-e16:rifle:2:miss
[JS] GODMODE_ACTOR_COST={"id":"soldier-e22","visual":false,"ms":0.084}
[JS] GODMODE_SYSTEM_ADMIN_SPAWNED=soldier-e22
[JS] GODMODE_PATROL_PRESENTATION={"id":"soldier-e22","distance":137.71876525878906,"visible":false,"seenPast":""}
[JS] GODMODE_ACTOR_COST={"id":"soldier-e22","visual":true,"ms":0.468}
[JS] GODMODE_SOLDIER_SHOT=soldier-e16:rifle:2:miss
[JS] GODMODE_SOLDIER_SHOT=soldier-e16:rifle:2:hit
[JS] GODMODE_SOLDIER_SHOT=soldier-e16:rifle:2:hit
[JS] GODMODE_SOLDIER_SHOT=soldier-e18:rifle:2:miss
[JS] GODMODE_SOLDIER_SHOT=soldier-e18:rifle:2:miss
[JS] GODMODE_SOLDIER_SHOT=soldier-e18:rifle:2:hit
[JS] GODMODE_SYSTEM_ADMIN_TARGET=soldier-e22:2
[JS] GODMODE_SOLDIER_SHOT=soldier-e18:rifle:2:miss
[JS] GODMODE_SOLDIER_SHOT=soldier-e18:rifle:2:hit
[JS] GODMODE_SOLDIER_SHOT=soldier-e8:rifle:2:miss
[JS] GODMODE_SOLDIER_SHOT=soldier-e8:rifle:2:miss
[JS] GODMODE_SOLDIER_SHOT=soldier-e8:rifle:2:miss
[JS] GODMODE_SOLDIER_SHOT=soldier-e8:rifle:2:hit
[JS] GODMODE_SOLDIER_SHOT=soldier-e8:rifle:2:miss
[JS] GODMODE_SOLDIER_SHOT=soldier-e13:rifle:2:miss
[JS] GODMODE_SOLDIER_SHOT=soldier-e13:rifle:2:miss
[JS] GODMODE_SOLDIER_SHOT=soldier-e13:rifle:2:miss
[JS] GODMODE_SOLDIER_SHOT=soldier-e13:rifle:2:miss
[JS] GODMODE_SOLDIER_SHOT=soldier-e13:rifle:2:miss
[JS] GODMODE_SOLDIER_SHOT=soldier-e20:rifle:2:miss
[JS] GODMODE_SOLDIER_SHOT=soldier-e20:rifle:2:miss
[JS] GODMODE_SOLDIER_SHOT=soldier-e20:rifle:2:miss
[JS] GODMODE_SOLDIER_SHOT=soldier-e20:rifle:2:hit
[JS] GODMODE_SOLDIER_SHOT=soldier-e20:rifle:2:miss
[JS] GODMODE_SOLDIER_SHOT=soldier-e17:rifle:2:miss
[JS] GODMODE_SOLDIER_SHOT=soldier-e17:rifle:2:miss
[JS] GODMODE_SOLDIER_SHOT=soldier-e17:rifle:2:hit
[JS] GODMODE_SOLDIER_SHOT=soldier-e17:rifle:2:miss
[JS] GODMODE_SOLDIER_SHOT=soldier-e17:rifle:2:miss
[JS] GODMODE_SOLDIER_SHOT=soldier-e12:rifle:2:hit
[JS] GODMODE_SOLDIER_SHOT=soldier-e12:rifle:2:miss
[JS] GODMODE_SOLDIER_SHOT=soldier-e12:rifle:2:hit
[JS] GODMODE_SOLDIER_SHOT=soldier-e12:rifle:2:miss
[JS] GODMODE_SOLDIER_SHOT=soldier-e12:rifle:2:miss
[JS] GODMODE_SOLDIER_SHOT=soldier-e11:rifle:2:miss
[JS] GODMODE_SOLDIER_SHOT=soldier-e11:rifle:2:hit
[JS] GODMODE_SOLDIER_SHOT=soldier-e11:rifle:2:hit
[JS] GODMODE_SOLDIER_SHOT=soldier-e11:rifle:2:miss
[JS] GODMODE_SOLDIER_SHOT=soldier-e11:rifle:2:miss
[JS] GODMODE_SOLDIER_SHOT=soldier-e14:rifle:2:miss
[JS] GODMODE_SOLDIER_SHOT=soldier-e14:rifle:2:miss
[JS] GODMODE_SOLDIER_SHOT=soldier-e14:rifle:2:miss
[JS] GODMODE_SOLDIER_SHOT=soldier-e14:rifle:2:hit
[JS] GODMODE_SOLDIER_SHOT=soldier-e14:rifle:2:miss
[JS] GODMODE_SOLDIER_SHOT=soldier-e21:rifle:2:miss
[JS] GODMODE_SOLDIER_SHOT=soldier-e21:rifle:2:miss
[JS] GODMODE_SOLDIER_SHOT=soldier-e21:rifle:2:miss
[JS] GODMODE_SOLDIER_SHOT=soldier-e21:rifle:2:hit
[JS] GODMODE_SOLDIER_SHOT=soldier-e21:rifle:2:miss
[JS] GODMODE_SOLDIER_SHOT=soldier-e10:rifle:2:hit
[JS] GODMODE_SOLDIER_SHOT=soldier-e10:rifle:2:miss
[JS] GODMODE_SOLDIER_SHOT=soldier-e10:rifle:2:miss
[JS] GODMODE_SOLDIER_SHOT=soldier-e10:rifle:2:miss
[JS] GODMODE_SUPPLY_LANDED=1:6:-530.91:-16.75:-346.80:3:0
[JS] GODMODE_SOLDIER_SHOT=soldier-e9:rifle:2:miss
[JS] GODMODE_SOLDIER_SHOT=soldier-e9:rifle:2:hit
[JS] GODMODE_SOLDIER_SHOT=soldier-e9:rifle:2:miss
[JS] GODMODE_SOLDIER_SHOT=soldier-e9:rifle:2:miss
[JS] GODMODE_SOLDIER_SHOT=soldier-e9:rifle:2:hit
[JS] GODMODE_SOLDIER_SHOT=soldier-e18:rifle:2:hit
[JS] GODMODE_SOLDIER_SHOT=soldier-e18:rifle:2:miss
[JS] GODMODE_SOLDIER_SHOT=soldier-e18:rifle:2:hit
[JS] GODMODE_SOLDIER_SHOT=soldier-e18:rifle:2:miss
[JS] GODMODE_SOLDIER_SHOT=soldier-e18:rifle:2:hit
[JS] GODMODE_SOLDIER_SHOT=soldier-e10:rifle:2:hit
[JS] GODMODE_SOLDIER_SHOT=soldier-e13:rifle:2:hit
[JS] GODMODE_SOLDIER_SHOT=soldier-e13:rifle:2:miss
[JS] GODMODE_SOLDIER_SHOT=soldier-e13:rifle:2:miss
[JS] GODMODE_SOLDIER_SHOT=soldier-e13:rifle:2:hit
[JS] GODMODE_SOLDIER_SHOT=soldier-e13:rifle:2:miss
[JS] GODMODE_SOLDIER_SHOT=soldier-e20:rifle:2:hit
[JS] GODMODE_SOLDIER_SHOT=soldier-e20:rifle:2:miss
[JS] GODMODE_SOLDIER_SHOT=soldier-e20:rifle:2:miss
[JS] GODMODE_SOLDIER_SHOT=soldier-e20:rifle:2:miss
[JS] GODMODE_SOLDIER_SHOT=soldier-e20:rifle:2:miss
[JS] GODMODE_SOLDIER_SHOT=soldier-e11:rifle:2:miss
[JS] GODMODE_SOLDIER_SHOT=soldier-e11:rifle:2:miss
[JS] GODMODE_SOLDIER_SHOT=soldier-e11:rifle:2:miss
[JS] GODMODE_SOLDIER_SHOT=soldier-e11:rifle:2:miss
[JS] GODMODE_SOLDIER_SHOT=soldier-e11:rifle:2:miss
[JS] GODMODE_SOLDIER_SHOT=soldier-e14:rifle:2:hit
[JS] GODMODE_SOLDIER_SHOT=soldier-e14:rifle:2:miss
[JS] GODMODE_SOLDIER_SHOT=soldier-e14:rifle:2:miss
[JS] GODMODE_SOLDIER_SHOT=soldier-e14:rifle:2:miss
[JS] GODMODE_SOLDIER_SHOT=soldier-e14:rifle:2:miss
[JS] GODMODE_SOLDIER_SHOT=soldier-e21:rifle:2:hit
[JS] GODMODE_SOLDIER_SHOT=soldier-e21:rifle:2:hit
[JS] GODMODE_SOLDIER_SHOT=soldier-e21:rifle:2:miss
[JS] GODMODE_SOLDIER_SHOT=soldier-e21:rifle:2:miss
[JS] GODMODE_SOLDIER_SHOT=soldier-e21:rifle:2:miss
[JS] GODMODE_SOLDIER_SHOT=soldier-e9:rifle:2:miss
[JS] GODMODE_SOLDIER_SHOT=soldier-e9:rifle:2:miss
[JS] GODMODE_SOLDIER_SHOT=soldier-e9:rifle:2:miss
[JS] GODMODE_SOLDIER_SHOT=soldier-e9:rifle:2:miss
[JS] GODMODE_SOLDIER_SHOT=soldier-e9:rifle:2:miss
[JS] GODMODE_SOLDIER_SHOT=soldier-e18:rifle:2:hit
[JS] GODMODE_SOLDIER_SHOT=soldier-e18:rifle:2:hit
[JS] GODMODE_SOLDIER_SHOT=soldier-e18:rifle:2:hit
[JS] GODMODE_SURVIVAL_MINUTE=1:rifleman+smg:-
[JS] GODMODE_SOLDIER_SHOT=soldier-e18:rifle:2:miss
[JS] GODMODE_SOLDIER_SHOT=soldier-e18:rifle:2:miss
[JS] GODMODE_SOLDIER_SHOT=soldier-e13:rifle:2:miss
[JS] GODMODE_SOLDIER_SHOT=soldier-e13:rifle:2:hit
[JS] GODMODE_SOLDIER_SHOT=soldier-e13:rifle:2:miss
[JS] GODMODE_SOLDIER_SHOT=soldier-e13:rifle:2:miss
[JS] GODMODE_SOLDIER_SHOT=soldier-e13:rifle:2:miss
[JS] GODMODE_SOLDIER_SHOT=soldier-e17:rifle:2:hit
[JS] GODMODE_SOLDIER_SHOT=soldier-e17:rifle:2:hit
[JS] GODMODE_SOLDIER_SHOT=soldier-e17:rifle:2:miss
[JS] GODMODE_SOLDIER_SHOT=soldier-e17:rifle:2:miss
[JS] GODMODE_SOLDIER_SHOT=soldier-e17:rifle:2:miss
[JS] GODMODE_SOLDIER_SHOT=soldier-e20:rifle:2:miss
[JS] GODMODE_SOLDIER_SHOT=soldier-e20:rifle:2:miss
[JS] GODMODE_SOLDIER_SHOT=soldier-e20:rifle:2:hit
[JS] GODMODE_SOLDIER_SHOT=soldier-e20:rifle:2:miss
[JS] GODMODE_SOLDIER_SHOT=soldier-e20:rifle:2:hit
[JS] GODMODE_SOLDIER_SHOT=soldier-e10:rifle:2:miss
[JS] GODMODE_SOLDIER_SHOT=soldier-e10:rifle:2:hit
[JS] GODMODE_SOLDIER_SHOT=soldier-e10:rifle:2:miss
[JS] GODMODE_SOLDIER_SHOT=soldier-e10:rifle:2:miss
[JS] GODMODE_SOLDIER_SHOT=soldier-e10:rifle:2:miss
[JS] GODMODE_SOLDIER_SHOT=soldier-e11:rifle:2:miss
[JS] GODMODE_SOLDIER_SHOT=soldier-e11:rifle:2:miss
[JS] GODMODE_SOLDIER_SHOT=soldier-e11:rifle:2:miss
[JS] GODMODE_SOLDIER_SHOT=soldier-e11:rifle:2:miss
[JS] GODMODE_SOLDIER_SHOT=soldier-e11:rifle:2:miss
[JS] GODMODE_SOLDIER_SHOT=soldier-e14:rifle:2:miss
[JS] GODMODE_SOLDIER_SHOT=soldier-e14:rifle:2:hit
[JS] GODMODE_SOLDIER_SHOT=soldier-e14:rifle:2:miss
[JS] GODMODE_SOLDIER_SHOT=soldier-e14:rifle:2:hit
[JS] GODMODE_SOLDIER_SHOT=soldier-e14:rifle:2:hit
[JS] GODMODE_SOLDIER_SHOT=soldier-e21:rifle:2:miss
[JS] GODMODE_SOLDIER_SHOT=soldier-e21:rifle:2:hit
[JS] GODMODE_SOLDIER_SHOT=soldier-e21:rifle:2:miss
[JS] GODMODE_SOLDIER_SHOT=soldier-e21:rifle:2:miss
[JS] GODMODE_SOLDIER_SHOT=soldier-e21:rifle:2:miss
[JS] GODMODE_SOLDIER_SHOT=soldier-e9:rifle:2:miss
[JS] GODMODE_SOLDIER_SHOT=soldier-e9:rifle:2:miss
[JS] GODMODE_SOLDIER_SHOT=soldier-e9:rifle:2:hit
[JS] GODMODE_SOLDIER_SHOT=soldier-e9:rifle:2:hit
[JS] GODMODE_SOLDIER_SHOT=soldier-e9:rifle:2:hit
[JS] GODMODE_SOLDIER_SHOT=soldier-e8:rifle:2:miss
[JS] GODMODE_SOLDIER_SHOT=soldier-e8:rifle:2:miss
[JS] GODMODE_SOLDIER_SHOT=soldier-e8:rifle:2:hit
[JS] GODMODE_SOLDIER_SHOT=soldier-e8:rifle:2:hit
[JS] GODMODE_SOLDIER_SHOT=soldier-e8:rifle:2:miss
[JS] GODMODE_SOLDIER_SHOT=soldier-e16:rifle:2:hit
[JS] GODMODE_SOLDIER_SHOT=soldier-e16:rifle:2:miss
[JS] GODMODE_SOLDIER_SHOT=soldier-e16:rifle:2:miss
[JS] GODMODE_SOLDIER_SHOT=soldier-e16:rifle:2:miss
[JS] GODMODE_SOLDIER_SHOT=soldier-e16:rifle:2:miss
[JS] GODMODE_SOLDIER_SHOT=soldier-e18:rifle:2:miss
[JS] GODMODE_SOLDIER_SHOT=soldier-e18:rifle:2:miss
[JS] GODMODE_SOLDIER_SHOT=soldier-e18:rifle:2:miss
[JS] GODMODE_SOLDIER_SHOT=soldier-e18:rifle:2:miss
[JS] GODMODE_SOLDIER_SHOT=soldier-e18:rifle:2:hit
[JS] GODMODE_SOLDIER_SHOT=soldier-e13:rifle:2:miss
[JS] GODMODE_SOLDIER_SHOT=soldier-e13:rifle:2:miss
[JS] GODMODE_SOLDIER_SHOT=soldier-e13:rifle:2:miss
[JS] GODMODE_SOLDIER_SHOT=soldier-e13:rifle:2:miss
[JS] GODMODE_SOLDIER_SHOT=soldier-e13:rifle:2:miss
[JS] GODMODE_SOLDIER_SHOT=soldier-e12:rifle:2:miss
[JS] GODMODE_SOLDIER_SHOT=soldier-e12:rifle:2:hit
[JS] GODMODE_SOLDIER_SHOT=soldier-e12:rifle:2:miss
[JS] GODMODE_SOLDIER_SHOT=soldier-e12:rifle:2:hit
[JS] GODMODE_SOLDIER_SHOT=soldier-e12:rifle:2:miss
[JS] GODMODE_SOLDIER_SHOT=soldier-e17:rifle:2:hit
[JS] GODMODE_SOLDIER_SHOT=soldier-e17:rifle:2:miss
[JS] GODMODE_SOLDIER_SHOT=soldier-e17:rifle:2:miss
[JS] GODMODE_SOLDIER_SHOT=soldier-e17:rifle:2:miss
[JS] GODMODE_SOLDIER_SHOT=soldier-e17:rifle:2:hit
[JS] GODMODE_SOLDIER_SHOT=soldier-e20:rifle:2:miss
[JS] GODMODE_SOLDIER_SHOT=soldier-e20:rifle:2:miss
[JS] GODMODE_SOLDIER_SHOT=soldier-e20:rifle:2:miss
[JS] GODMODE_SOLDIER_SHOT=soldier-e20:rifle:2:hit
[JS] GODMODE_SOLDIER_SHOT=soldier-e20:rifle:2:miss
[JS] GODMODE_SOLDIER_SHOT=soldier-e10:rifle:2:miss
[JS] GODMODE_SOLDIER_SHOT=soldier-e10:rifle:2:miss
[JS] GODMODE_SOLDIER_SHOT=soldier-e10:rifle:2:miss
[JS] GODMODE_SOLDIER_SHOT=soldier-e10:rifle:2:miss
[JS] GODMODE_SOLDIER_SHOT=soldier-e10:rifle:2:miss
[JS] GODMODE_SOLDIER_SHOT=soldier-e11:rifle:2:miss
[JS] GODMODE_SOLDIER_SHOT=soldier-e11:rifle:2:miss
[JS] GODMODE_SOLDIER_SHOT=soldier-e11:rifle:2:miss
[JS] GODMODE_SOLDIER_SHOT=soldier-e11:rifle:2:hit
[JS] GODMODE_SOLDIER_SHOT=soldier-e11:rifle:2:miss
[JS] GODMODE_SOLDIER_SHOT=soldier-e14:rifle:2:hit
[JS] GODMODE_SOLDIER_SHOT=soldier-e14:rifle:2:miss
[JS] GODMODE_SOLDIER_SHOT=soldier-e14:rifle:2:hit
[JS] GODMODE_SOLDIER_SHOT=soldier-e14:rifle:2:hit
[JS] GODMODE_SOLDIER_SHOT=soldier-e14:rifle:2:hit
[JS] GODMODE_SOLDIER_SHOT=soldier-e21:rifle:2:hit
[JS] GODMODE_SOLDIER_SHOT=soldier-e21:rifle:2:hit
[JS] GODMODE_SOLDIER_SHOT=soldier-e21:rifle:2:miss
[JS] GODMODE_SOLDIER_SHOT=soldier-e21:rifle:2:hit
[JS] GODMODE_SOLDIER_SHOT=soldier-e21:rifle:2:miss
[JS] GODMODE_SOLDIER_SHOT=soldier-e9:rifle:2:miss
[JS] GODMODE_SOLDIER_SHOT=soldier-e9:rifle:2:miss
[JS] GODMODE_SOLDIER_SHOT=soldier-e9:rifle:2:hit
[JS] GODMODE_SOLDIER_SHOT=soldier-e9:rifle:2:hit
[JS] GODMODE_SOLDIER_SHOT=soldier-e9:rifle:2:hit
[JS] GODMODE_SOLDIER_SHOT=soldier-e8:rifle:2:hit
[JS] GODMODE_SOLDIER_SHOT=soldier-e8:rifle:2:miss
[JS] GODMODE_SOLDIER_SHOT=soldier-e8:rifle:2:hit
[JS] GODMODE_SOLDIER_SHOT=soldier-e8:rifle:2:miss
[JS] GODMODE_SOLDIER_SHOT=soldier-e8:rifle:2:miss
[JS] GODMODE_SOLDIER_SHOT=soldier-e16:rifle:2:miss
[JS] GODMODE_SOLDIER_SHOT=soldier-e16:rifle:2:miss
[JS] GODMODE_SOLDIER_SHOT=soldier-e16:rifle:2:miss
[JS] GODMODE_SOLDIER_SHOT=soldier-e16:rifle:2:hit
[JS] GODMODE_SOLDIER_SHOT=soldier-e16:rifle:2:miss
[JS] GODMODE_SOLDIER_SHOT=soldier-e18:rifle:2:hit
[JS] GODMODE_SOLDIER_SHOT=soldier-e18:rifle:2:miss
[JS] GODMODE_SOLDIER_SHOT=soldier-e18:rifle:2:miss
[JS] GODMODE_SOLDIER_SHOT=soldier-e18:rifle:2:miss
[JS] GODMODE_SOLDIER_SHOT=soldier-e18:rifle:2:hit
[JS] GODMODE_SOLDIER_SHOT=soldier-e13:rifle:2:miss
[JS] GODMODE_SOLDIER_SHOT=soldier-e13:rifle:2:miss
[JS] GODMODE_SOLDIER_SHOT=soldier-e13:rifle:2:miss
[JS] GODMODE_SOLDIER_SHOT=soldier-e13:rifle:2:miss
[JS] GODMODE_SOLDIER_SHOT=soldier-e13:rifle:2:miss
[JS] GODMODE_SOLDIER_SHOT=soldier-e12:rifle:2:miss
[JS] GODMODE_SOLDIER_SHOT=soldier-e12:rifle:2:miss
[JS] GODMODE_SOLDIER_SHOT=soldier-e12:rifle:2:miss
[JS] GODMODE_SOLDIER_SHOT=soldier-e12:rifle:2:miss
[JS] GODMODE_SOLDIER_SHOT=soldier-e12:rifle:2:hit
[JS] GODMODE_SOLDIER_SHOT=soldier-e17:rifle:2:miss
[JS] GODMODE_SOLDIER_SHOT=soldier-e17:rifle:2:miss
[JS] GODMODE_SOLDIER_SHOT=soldier-e17:rifle:2:miss
[JS] GODMODE_SOLDIER_SHOT=soldier-e17:rifle:2:miss
[JS] GODMODE_SOLDIER_SHOT=soldier-e17:rifle:2:miss
[JS] GODMODE_SOLDIER_SHOT=soldier-e20:rifle:2:miss
[JS] GODMODE_SOLDIER_SHOT=soldier-e20:rifle:2:miss
[JS] GODMODE_SOLDIER_SHOT=soldier-e20:rifle:2:hit
[JS] GODMODE_SOLDIER_SHOT=soldier-e20:rifle:2:miss
[JS] GODMODE_SOLDIER_SHOT=soldier-e20:rifle:2:miss
[JS] GODMODE_SOLDIER_SHOT=soldier-e10:rifle:2:hit
[JS] GODMODE_SOLDIER_SHOT=soldier-e10:rifle:2:miss
[JS] GODMODE_SOLDIER_SHOT=soldier-e10:rifle:2:hit
[JS] GODMODE_SOLDIER_SHOT=soldier-e10:rifle:2:miss
[JS] GODMODE_SOLDIER_SHOT=soldier-e10:rifle:2:hit
[JS] GODMODE_SOLDIER_SHOT=soldier-e11:rifle:2:hit
[JS] GODMODE_SOLDIER_SHOT=soldier-e11:rifle:2:hit
[JS] GODMODE_SOLDIER_SHOT=soldier-e11:rifle:2:miss
[JS] GODMODE_SOLDIER_SHOT=soldier-e11:rifle:2:hit
[JS] GODMODE_SOLDIER_SHOT=soldier-e11:rifle:2:hit
[JS] GODMODE_SOLDIER_SHOT=soldier-e14:rifle:2:miss
[JS] GODMODE_SOLDIER_SHOT=soldier-e14:rifle:2:miss
[JS] GODMODE_SOLDIER_SHOT=soldier-e14:rifle:2:miss
[JS] GODMODE_SOLDIER_SHOT=soldier-e14:rifle:2:miss
[JS] GODMODE_SOLDIER_SHOT=soldier-e14:rifle:2:miss
[JS] GODMODE_SOLDIER_SHOT=soldier-e21:rifle:2:miss
[JS] GODMODE_SOLDIER_SHOT=soldier-e21:rifle:2:miss
[JS] GODMODE_SOLDIER_SHOT=soldier-e21:rifle:2:hit
[JS] GODMODE_SOLDIER_SHOT=soldier-e21:rifle:2:miss
[JS] GODMODE_SOLDIER_SHOT=soldier-e21:rifle:2:hit
[JS] GODMODE_SOLDIER_SHOT=soldier-e9:rifle:2:hit
[JS] GODMODE_SOLDIER_SHOT=soldier-e9:rifle:2:miss
[JS] GODMODE_SUPPLY_AUTO=2:82655:47755
[JS] GODMODE_SUPPLY_LAUNCHED=2:upgrade:-521.7:-17.1:-356.9
[JS] GODMODE_SOLDIER_SHOT=soldier-e9:rifle:2:miss
[JS] GODMODE_SOLDIER_SHOT=soldier-e9:rifle:2:miss
[JS] GODMODE_SOLDIER_SHOT=soldier-e9:rifle:2:hit
[JS] GODMODE_SOLDIER_SHOT=soldier-e19:rifle:2:miss
[JS] GODMODE_SOLDIER_SHOT=soldier-e19:rifle:2:hit
[JS] GODMODE_SOLDIER_SHOT=soldier-e19:rifle:2:miss
[JS] GODMODE_SOLDIER_SHOT=soldier-e19:rifle:2:miss
[JS] GODMODE_SOLDIER_SHOT=soldier-e19:rifle:2:hit
[JS] GODMODE_SOLDIER_SHOT=soldier-e8:rifle:2:miss
[JS] GODMODE_SOLDIER_SHOT=soldier-e8:rifle:2:hit
[JS] GODMODE_SOLDIER_SHOT=soldier-e8:rifle:2:miss
[JS] GODMODE_SOLDIER_SHOT=soldier-e8:rifle:2:hit
[JS] GODMODE_SOLDIER_SHOT=soldier-e8:rifle:2:miss
[JS] GODMODE_SOLDIER_SHOT=soldier-e16:rifle:2:hit
[JS] GODMODE_SOLDIER_SHOT=soldier-e16:rifle:2:hit
[JS] GODMODE_SOLDIER_SHOT=soldier-e16:rifle:2:miss
[JS] GODMODE_SOLDIER_SHOT=soldier-e16:rifle:2:miss
[JS] GODMODE_SOLDIER_SHOT=soldier-e16:rifle:2:miss
[JS] GODMODE_SOLDIER_SHOT=soldier-e18:rifle:2:hit
[JS] GODMODE_SOLDIER_SHOT=soldier-e18:rifle:2:miss
[JS] GODMODE_SOLDIER_SHOT=soldier-e18:rifle:2:miss
[JS] GODMODE_SOLDIER_SHOT=soldier-e18:rifle:2:miss
[JS] GODMODE_SOLDIER_SHOT=soldier-e18:rifle:2:miss
[JS] GODMODE_SOLDIER_SHOT=soldier-e13:rifle:2:hit
[JS] GODMODE_SOLDIER_SHOT=soldier-e13:rifle:2:miss
[JS] GODMODE_SOLDIER_SHOT=soldier-e13:rifle:2:miss
[JS] GODMODE_SOLDIER_SHOT=soldier-e13:rifle:2:miss
[JS] GODMODE_SOLDIER_SHOT=soldier-e13:rifle:2:hit
[JS] GODMODE_SOLDIER_SHOT=soldier-e12:rifle:2:miss
[JS] GODMODE_SOLDIER_SHOT=soldier-e12:rifle:2:hit
[JS] GODMODE_SOLDIER_SHOT=soldier-e12:rifle:2:miss
[JS] GODMODE_SOLDIER_SHOT=soldier-e12:rifle:2:miss
[JS] GODMODE_SOLDIER_SHOT=soldier-e12:rifle:2:miss
[JS] GODMODE_SOLDIER_SHOT=soldier-e17:rifle:2:miss
[JS] GODMODE_SOLDIER_SHOT=soldier-e17:rifle:2:hit
[JS] GODMODE_SOLDIER_SHOT=soldier-e17:rifle:2:hit
[JS] GODMODE_SOLDIER_SHOT=soldier-e17:rifle:2:miss
[JS] GODMODE_SOLDIER_SHOT=soldier-e17:rifle:2:miss
[JS] GODMODE_SOLDIER_SHOT=soldier-e20:rifle:2:hit
[JS] GODMODE_SOLDIER_SHOT=soldier-e20:rifle:2:miss
[JS] GODMODE_SOLDIER_SHOT=soldier-e20:rifle:2:miss
[JS] GODMODE_SOLDIER_SHOT=soldier-e20:rifle:2:hit
[JS] GODMODE_SOLDIER_SHOT=soldier-e20:rifle:2:hit
[JS] GODMODE_SOLDIER_SHOT=soldier-e10:rifle:2:hit
[JS] GODMODE_SOLDIER_SHOT=soldier-e10:rifle:2:miss
[JS] GODMODE_SOLDIER_SHOT=soldier-e10:rifle:2:miss
[JS] GODMODE_SOLDIER_SHOT=soldier-e10:rifle:2:hit
[JS] GODMODE_SOLDIER_SHOT=soldier-e10:rifle:2:hit
[JS] GODMODE_SOLDIER_SHOT=soldier-e11:rifle:2:miss
[JS] GODMODE_SOLDIER_SHOT=soldier-e11:rifle:2:hit
[JS] GODMODE_SOLDIER_SHOT=soldier-e11:rifle:2:hit
[JS] GODMODE_SOLDIER_SHOT=soldier-e11:rifle:2:hit
[JS] GODMODE_SOLDIER_SHOT=soldier-e11:rifle:2:miss
[JS] GODMODE_SOLDIER_SHOT=soldier-e14:rifle:2:miss
[JS] GODMODE_SOLDIER_SHOT=soldier-e14:rifle:2:miss
[JS] GODMODE_SOLDIER_SHOT=soldier-e14:rifle:2:miss
[JS] GODMODE_SOLDIER_SHOT=soldier-e14:rifle:2:miss
[JS] GODMODE_SOLDIER_SHOT=soldier-e14:rifle:2:miss
[JS] GODMODE_SOLDIER_SHOT=soldier-e21:rifle:2:miss
[JS] GODMODE_SOLDIER_SHOT=soldier-e21:rifle:2:miss
[JS] GODMODE_SOLDIER_SHOT=soldier-e21:rifle:2:miss
[JS] GODMODE_SOLDIER_SHOT=soldier-e21:rifle:2:miss
[JS] GODMODE_SOLDIER_SHOT=soldier-e21:rifle:2:hit
[JS] GODMODE_SOLDIER_SHOT=soldier-e9:rifle:2:miss
[JS] GODMODE_SOLDIER_SHOT=soldier-e9:rifle:2:miss
[JS] GODMODE_SOLDIER_SHOT=soldier-e9:rifle:2:miss
[JS] GODMODE_SOLDIER_SHOT=soldier-e9:rifle:2:hit
[JS] GODMODE_SOLDIER_SHOT=soldier-e9:rifle:2:miss
[JS] GODMODE_SOLDIER_SHOT=soldier-e19:rifle:2:miss
[JS] GODMODE_SOLDIER_SHOT=soldier-e19:rifle:2:miss
[JS] GODMODE_SOLDIER_SHOT=soldier-e19:rifle:2:miss
[JS] GODMODE_SOLDIER_SHOT=soldier-e19:rifle:2:miss
[JS] GODMODE_SOLDIER_SHOT=soldier-e19:rifle:2:miss
[JS] GODMODE_SOLDIER_SHOT=soldier-e8:rifle:2:miss
[JS] GODMODE_SOLDIER_SHOT=soldier-e8:rifle:2:miss
[JS] GODMODE_SOLDIER_SHOT=soldier-e8:rifle:2:miss
[JS] GODMODE_SOLDIER_SHOT=soldier-e8:rifle:2:miss
[JS] GODMODE_SOLDIER_SHOT=soldier-e8:rifle:2:miss
[JS] GODMODE_SOLDIER_SHOT=soldier-e16:rifle:2:miss
[JS] GODMODE_SOLDIER_SHOT=soldier-e16:rifle:2:miss
[JS] GODMODE_SOLDIER_SHOT=soldier-e16:rifle:2:miss
[JS] GODMODE_SOLDIER_SHOT=soldier-e16:rifle:2:hit
[JS] GODMODE_ACTOR_COST={"id":"soldier-e23","visual":false,"ms":0.096}
[JS] GODMODE_SYSTEM_ADMIN_SPAWNED=soldier-e23
[JS] GODMODE_PATROL_PRESENTATION={"id":"soldier-e23","distance":97.71806335449219,"visible":false,"seenPast":""}
[JS] GODMODE_ACTOR_COST={"id":"soldier-e23","visual":true,"ms":0.493}
[JS] GODMODE_SOLDIER_SHOT=soldier-e16:rifle:2:miss
[JS] GODMODE_SOLDIER_SHOT=soldier-e18:rifle:2:miss
[JS] GODMODE_SOLDIER_SHOT=soldier-e18:rifle:2:hit
[JS] GODMODE_SUPPLY_LANDED=2:6:-521.66:-17.09:-356.90:3:0
[JS] GODMODE_SOLDIER_SHOT=soldier-e18:rifle:2:miss
[JS] GODMODE_SOLDIER_SHOT=soldier-e18:rifle:2:hit
[JS] GODMODE_SOLDIER_SHOT=soldier-e18:rifle:2:hit
[JS] GODMODE_SYSTEM_ADMIN_TARGET=soldier-e23:2
[JS] GODMODE_SOLDIER_SHOT=soldier-e20:rifle:2:miss
[JS] GODMODE_SOLDIER_SHOT=soldier-e20:rifle:2:hit
[JS] GODMODE_SOLDIER_SHOT=soldier-e20:rifle:2:miss
[JS] GODMODE_SOLDIER_SHOT=soldier-e20:rifle:2:miss
[JS] GODMODE_SOLDIER_SHOT=soldier-e20:rifle:2:miss
[JS] GODMODE_SOLDIER_SHOT=soldier-e11:rifle:2:miss
[JS] GODMODE_SOLDIER_SHOT=soldier-e11:rifle:2:hit
[JS] GODMODE_SOLDIER_SHOT=soldier-e11:rifle:2:miss
[JS] GODMODE_SOLDIER_SHOT=soldier-e11:rifle:2:miss
[JS] GODMODE_SOLDIER_SHOT=soldier-e11:rifle:2:miss
[JS] GODMODE_SOLDIER_SHOT=soldier-e14:rifle:2:miss
[JS] GODMODE_SOLDIER_SHOT=soldier-e14:rifle:2:miss
[JS] GODMODE_SOLDIER_SHOT=soldier-e14:rifle:2:miss
[JS] GODMODE_SOLDIER_SHOT=soldier-e14:rifle:2:miss
[JS] GODMODE_SOLDIER_SHOT=soldier-e14:rifle:2:hit
[JS] GODMODE_SOLDIER_SHOT=soldier-e21:rifle:2:hit
[JS] GODMODE_SOLDIER_SHOT=soldier-e21:rifle:2:miss
[JS] GODMODE_SOLDIER_SHOT=soldier-e21:rifle:2:miss
[JS] GODMODE_SOLDIER_SHOT=soldier-e21:rifle:2:miss
[JS] GODMODE_SOLDIER_SHOT=soldier-e21:rifle:2:hit
[JS] GODMODE_SOLDIER_SHOT=soldier-e9:rifle:2:miss
[JS] GODMODE_SOLDIER_SHOT=soldier-e9:rifle:2:miss
[JS] GODMODE_SOLDIER_SHOT=soldier-e9:rifle:2:miss
[JS] GODMODE_SOLDIER_SHOT=soldier-e9:rifle:2:miss
[JS] GODMODE_SOLDIER_SHOT=soldier-e9:rifle:2:hit
[JS] GODMODE_SOLDIER_SHOT=soldier-e19:rifle:2:miss
[JS] GODMODE_SOLDIER_SHOT=soldier-e19:rifle:2:miss
[JS] GODMODE_SOLDIER_SHOT=soldier-e19:rifle:2:miss
[JS] GODMODE_SOLDIER_SHOT=soldier-e19:rifle:2:miss
[JS] GODMODE_SOLDIER_SHOT=soldier-e19:rifle:2:hit
[JS] GODMODE_SOLDIER_SHOT=soldier-e8:rifle:2:miss
[JS] GODMODE_SOLDIER_SHOT=soldier-e8:rifle:2:miss
[JS] GODMODE_SOLDIER_SHOT=soldier-e8:rifle:2:hit
[JS] GODMODE_SOLDIER_SHOT=soldier-e13:rifle:2:miss
[JS] GODMODE_SOLDIER_SHOT=soldier-e8:rifle:2:miss
[JS] GODMODE_SOLDIER_SHOT=soldier-e13:rifle:2:miss
[JS] GODMODE_SOLDIER_SHOT=soldier-e8:rifle:2:miss
[JS] GODMODE_SOLDIER_SHOT=soldier-e13:rifle:2:miss
[JS] GODMODE_SOLDIER_SHOT=soldier-e13:rifle:2:hit
[JS] GODMODE_SOLDIER_SHOT=soldier-e18:rifle:2:miss
[JS] GODMODE_SOLDIER_SHOT=soldier-e13:rifle:2:miss
[JS] GODMODE_SOLDIER_SHOT=soldier-e18:rifle:2:hit
[JS] GODMODE_SOLDIER_SHOT=soldier-e18:rifle:2:miss
[JS] GODMODE_SOLDIER_SHOT=soldier-e18:rifle:2:hit
[JS] GODMODE_SOLDIER_SHOT=soldier-e18:rifle:2:miss
[JS] GODMODE_SOLDIER_SHOT=soldier-e20:rifle:2:miss
[JS] GODMODE_SOLDIER_SHOT=soldier-e20:rifle:2:miss
[JS] GODMODE_SOLDIER_SHOT=soldier-e20:rifle:2:miss
[JS] GODMODE_SOLDIER_SHOT=soldier-e20:rifle:2:hit
[JS] GODMODE_SOLDIER_SHOT=soldier-e20:rifle:2:miss
[JS] GODMODE_SOLDIER_SHOT=soldier-e11:rifle:2:miss
[JS] GODMODE_SOLDIER_SHOT=soldier-e11:rifle:2:miss
[JS] GODMODE_SOLDIER_SHOT=soldier-e11:rifle:2:hit
[JS] GODMODE_SOLDIER_SHOT=soldier-e11:rifle:2:miss
[JS] GODMODE_SOLDIER_SHOT=soldier-e11:rifle:2:hit
[JS] GODMODE_SOLDIER_SHOT=soldier-e14:rifle:2:miss
[JS] GODMODE_SOLDIER_SHOT=soldier-e14:rifle:2:miss
[JS] GODMODE_SOLDIER_SHOT=soldier-e14:rifle:2:miss
[JS] GODMODE_SOLDIER_SHOT=soldier-e14:rifle:2:hit
[JS] GODMODE_SOLDIER_SHOT=soldier-e14:rifle:2:miss
[JS] GODMODE_SOLDIER_SHOT=soldier-e12:rifle:2:miss
[JS] GODMODE_SOLDIER_SHOT=soldier-e12:rifle:2:miss
[JS] GODMODE_SOLDIER_SHOT=soldier-e12:rifle:2:miss
[JS] GODMODE_SOLDIER_SHOT=soldier-e12:rifle:2:miss
[JS] GODMODE_SOLDIER_SHOT=soldier-e12:rifle:2:miss
[JS] GODMODE_SOLDIER_SHOT=soldier-e21:rifle:2:miss
[JS] GODMODE_SOLDIER_SHOT=soldier-e21:rifle:2:miss
[JS] GODMODE_SOLDIER_SHOT=soldier-e21:rifle:2:miss
[JS] GODMODE_SOLDIER_SHOT=soldier-e21:rifle:2:miss
[JS] GODMODE_SOLDIER_SHOT=soldier-e21:rifle:2:hit
[JS] GODMODE_SOLDIER_SHOT=soldier-e9:rifle:2:hit
[JS] GODMODE_SOLDIER_SHOT=soldier-e9:rifle:2:miss
[JS] GODMODE_SOLDIER_SHOT=soldier-e9:rifle:2:hit
[JS] GODMODE_SOLDIER_SHOT=soldier-e9:rifle:2:miss
[JS] GODMODE_SOLDIER_SHOT=soldier-e9:rifle:2:miss
[JS] GODMODE_SOLDIER_SHOT=soldier-e17:rifle:2:miss
[JS] GODMODE_SOLDIER_SHOT=soldier-e17:rifle:2:miss
[JS] GODMODE_SOLDIER_SHOT=soldier-e17:rifle:2:hit
[JS] GODMODE_SOLDIER_SHOT=soldier-e17:rifle:2:miss
[JS] GODMODE_SOLDIER_SHOT=soldier-e17:rifle:2:miss
[JS] GODMODE_SOLDIER_SHOT=soldier-e16:rifle:2:miss
[JS] GODMODE_SOLDIER_SHOT=soldier-e16:rifle:2:hit
[JS] GODMODE_SOLDIER_SHOT=soldier-e16:rifle:2:miss
[JS] GODMODE_SOLDIER_SHOT=soldier-e16:rifle:2:hit
[JS] GODMODE_SOLDIER_SHOT=soldier-e16:rifle:2:hit
[JS] GODMODE_SOLDIER_SHOT=soldier-e19:rifle:2:miss
[JS] GODMODE_SOLDIER_SHOT=soldier-e19:rifle:2:miss
[JS] GODMODE_SOLDIER_SHOT=soldier-e19:rifle:2:miss
[JS] GODMODE_SOLDIER_SHOT=soldier-e19:rifle:2:hit
[JS] GODMODE_SOLDIER_SHOT=soldier-e19:rifle:2:miss
[JS] GODMODE_ACTOR_COST={"id":"soldier-e24","visual":false,"ms":0.094}
[JS] GODMODE_SYSTEM_ADMIN_SPAWNED=soldier-e24
[JS] GODMODE_PATROL_PRESENTATION={"id":"soldier-e24","distance":102.59537506103516,"visible":false,"seenPast":""}
[JS] GODMODE_ACTOR_COST={"id":"soldier-e24","visual":true,"ms":0.528}
[JS] GODMODE_SOLDIER_SHOT=soldier-e8:rifle:2:miss
[JS] GODMODE_SOLDIER_SHOT=soldier-e8:rifle:2:miss
[JS] GODMODE_SOLDIER_SHOT=soldier-e8:rifle:2:hit
[JS] GODMODE_SOLDIER_SHOT=soldier-e8:rifle:2:hit
[JS] GODMODE_SOLDIER_SHOT=soldier-e8:rifle:2:miss
[JS] GODMODE_SOLDIER_SHOT=soldier-e22:rifle:2:miss
[JS] GODMODE_SYSTEM_ADMIN_TARGET=soldier-e24:2
[JS] GODMODE_SOLDIER_SHOT=soldier-e22:rifle:2:miss
[JS] GODMODE_SOLDIER_SHOT=soldier-e22:rifle:2:hit
[JS] GODMODE_ACTOR_COST={"id":"smg-e25","visual":false,"ms":0.109}
[JS] GODMODE_SYSTEM_ADMIN_SPAWNED=smg-e25
[JS] GODMODE_PATROL_PRESENTATION={"id":"smg-e25","distance":146.68116760253906,"visible":false,"seenPast":""}
[JS] GODMODE_ACTOR_COST={"id":"smg-e25","visual":true,"ms":131.127}
[JS] GODMODE_SOLDIER_SHOT=soldier-e22:rifle:2:miss
[JS] GODMODE_SOLDIER_SHOT=soldier-e22:rifle:2:miss
[JS] GODMODE_SOLDIER_SHOT=soldier-e13:rifle:2:miss
[JS] GODMODE_SOLDIER_SHOT=soldier-e13:rifle:2:hit
[JS] GODMODE_SOLDIER_SHOT=soldier-e13:rifle:2:miss
[JS] GODMODE_SOLDIER_SHOT=soldier-e13:rifle:2:hit
[JS] GODMODE_SYSTEM_ADMIN_TARGET=smg-e25:2
[JS] GODMODE_SOLDIER_SHOT=soldier-e13:rifle:2:hit
[JS] GODMODE_SOLDIER_SHOT=soldier-e18:rifle:2:hit
[JS] GODMODE_SOLDIER_SHOT=soldier-e18:rifle:2:miss
[JS] GODMODE_SOLDIER_SHOT=soldier-e18:rifle:2:hit
[JS] GODMODE_SOLDIER_SHOT=soldier-e18:rifle:2:miss
[JS] GODMODE_SOLDIER_SHOT=soldier-e18:rifle:2:miss
[JS] GODMODE_SOLDIER_SHOT=soldier-e23:rifle:2:miss
[JS] GODMODE_SOLDIER_SHOT=soldier-e23:rifle:2:miss
[JS] GODMODE_SOLDIER_SHOT=soldier-e23:rifle:2:hit
[JS] GODMODE_SOLDIER_SHOT=soldier-e23:rifle:2:hit
[JS] GODMODE_SOLDIER_SHOT=soldier-e23:rifle:2:miss
[JS] GODMODE_SOLDIER_SHOT=soldier-e20:rifle:2:miss
[JS] GODMODE_SOLDIER_SHOT=soldier-e20:rifle:2:miss
[JS] GODMODE_SOLDIER_SHOT=soldier-e20:rifle:2:hit
[JS] GODMODE_SOLDIER_SHOT=soldier-e20:rifle:2:hit
[JS] GODMODE_SOLDIER_SHOT=soldier-e20:rifle:2:miss
[JS] GODMODE_SOLDIER_SHOT=soldier-e11:rifle:2:hit
[JS] GODMODE_SOLDIER_SHOT=soldier-e11:rifle:2:miss
[JS] GODMODE_SOLDIER_SHOT=soldier-e11:rifle:2:miss
[JS] GODMODE_SOLDIER_SHOT=soldier-e11:rifle:2:miss
[JS] GODMODE_SOLDIER_SHOT=soldier-e11:rifle:2:hit
[JS] GODMODE_SOLDIER_SHOT=soldier-e14:rifle:2:miss
[JS] GODMODE_SOLDIER_SHOT=soldier-e14:rifle:2:miss
[JS] GODMODE_SOLDIER_SHOT=soldier-e14:rifle:2:miss
[JS] GODMODE_SOLDIER_SHOT=soldier-e14:rifle:2:miss
[JS] GODMODE_SOLDIER_SHOT=soldier-e14:rifle:2:miss
[JS] GODMODE_SOLDIER_SHOT=soldier-e21:rifle:2:miss
[JS] GODMODE_SOLDIER_SHOT=soldier-e21:rifle:2:miss
[JS] GODMODE_SOLDIER_SHOT=soldier-e21:rifle:2:miss
[JS] GODMODE_SOLDIER_SHOT=soldier-e21:rifle:2:hit
[JS] GODMODE_SOLDIER_SHOT=soldier-e21:rifle:2:miss
[JS] GODMODE_SOLDIER_SHOT=soldier-e12:rifle:2:hit
[JS] GODMODE_SOLDIER_SHOT=soldier-e12:rifle:2:miss
[JS] GODMODE_SOLDIER_SHOT=soldier-e12:rifle:2:miss
[JS] GODMODE_SOLDIER_SHOT=soldier-e12:rifle:2:hit
[JS] GODMODE_SOLDIER_SHOT=soldier-e12:rifle:2:miss
[JS] GODMODE_SOLDIER_SHOT=soldier-e9:rifle:2:hit
[JS] GODMODE_SOLDIER_SHOT=soldier-e9:rifle:2:miss
[JS] GODMODE_SOLDIER_SHOT=soldier-e9:rifle:2:miss
[JS] GODMODE_SOLDIER_SHOT=soldier-e9:rifle:2:miss
[JS] GODMODE_SOLDIER_SHOT=soldier-e9:rifle:2:hit
[JS] GODMODE_SOLDIER_SHOT=soldier-e17:rifle:2:miss
[JS] GODMODE_SOLDIER_SHOT=soldier-e17:rifle:2:miss
[JS] GODMODE_SOLDIER_SHOT=soldier-e17:rifle:2:miss
[JS] GODMODE_SOLDIER_SHOT=soldier-e17:rifle:2:hit
[JS] GODMODE_SOLDIER_SHOT=soldier-e17:rifle:2:hit
[JS] GODMODE_SOLDIER_SHOT=soldier-e16:rifle:2:hit
[JS] GODMODE_SOLDIER_SHOT=soldier-e16:rifle:2:miss
[JS] GODMODE_SOLDIER_SHOT=soldier-e16:rifle:2:miss
[JS] GODMODE_SOLDIER_SHOT=soldier-e16:rifle:2:miss
[JS] GODMODE_SOLDIER_SHOT=soldier-e16:rifle:2:miss
[JS] GODMODE_SOLDIER_SHOT=soldier-e19:rifle:2:miss
[JS] GODMODE_SOLDIER_SHOT=soldier-e19:rifle:2:miss
[JS] GODMODE_SOLDIER_SHOT=soldier-e19:rifle:2:hit
[JS] GODMODE_SOLDIER_SHOT=soldier-e19:rifle:2:miss
[JS] GODMODE_SOLDIER_SHOT=soldier-e19:rifle:2:hit
[JS] GODMODE_SOLDIER_SHOT=soldier-e8:rifle:2:miss
[JS] GODMODE_SOLDIER_SHOT=soldier-e8:rifle:2:hit
[JS] GODMODE_SOLDIER_SHOT=soldier-e8:rifle:2:miss
[JS] GODMODE_SOLDIER_SHOT=soldier-e8:rifle:2:miss
[JS] GODMODE_SOLDIER_SHOT=soldier-e8:rifle:2:miss
[JS] GODMODE_SOLDIER_SHOT=soldier-e22:rifle:2:miss
[JS] GODMODE_SOLDIER_SHOT=soldier-e22:rifle:2:miss
[JS] GODMODE_SOLDIER_SHOT=soldier-e22:rifle:2:miss
[JS] GODMODE_SOLDIER_SHOT=soldier-e22:rifle:2:hit
[JS] GODMODE_SOLDIER_SHOT=soldier-e22:rifle:2:miss
[JS] GODMODE_SOLDIER_SHOT=soldier-e13:rifle:2:hit
[JS] GODMODE_SOLDIER_SHOT=soldier-e13:rifle:2:hit
[JS] GODMODE_SOLDIER_SHOT=soldier-e13:rifle:2:miss
[JS] GODMODE_SURVIVAL_MINUTE=2:smg+rccar:swarm
[JS] GODMODE_PATROL_PRESENTATION={"id":"rccar-e26","distance":26.00884246826172,"visible":false,"seenPast":""}
[JS] GODMODE_PATROL_PRESENTATION={"id":"rccar-e27","distance":351.8004455566406,"visible":false,"seenPast":""}
[JS] GODMODE_PATROL_PRESENTATION={"id":"rccar-e28","distance":441.48095703125,"visible":false,"seenPast":""}
[JS] GODMODE_ACTOR_COST={"id":"rccar-e26","visual":true,"ms":94.022}
[JS] GODMODE_ACTOR_COST={"id":"rccar-e27","visual":true,"ms":0.467}
[JS] GODMODE_ACTOR_COST={"id":"rccar-e28","visual":true,"ms":0.307}
[JS] GODMODE_ACTOR_COST={"id":"rccar-e26","visual":false,"ms":0.065}
[JS] GODMODE_ACTOR_COST={"id":"rccar-e27","visual":false,"ms":0.061}
[JS] GODMODE_ACTOR_COST={"id":"rccar-e28","visual":false,"ms":0.061}
[JS] GODMODE_SYSTEM_ADMIN_SPAWNED=rccar-e26
[JS] GODMODE_SYSTEM_ADMIN_SPAWNED=rccar-e27
[JS] GODMODE_SYSTEM_ADMIN_SPAWNED=rccar-e28
[JS] GODMODE_SOLDIER_SHOT=soldier-e13:rifle:2:miss
[JS] GODMODE_ACTOR_COST={"id":"rccar-e29","visual":false,"ms":0.065}
[JS] GODMODE_ACTOR_COST={"id":"rccar-e30","visual":false,"ms":0.063}
[JS] GODMODE_SYSTEM_ADMIN_SPAWNED=rccar-e29
[JS] GODMODE_SYSTEM_ADMIN_SPAWNED=rccar-e30
[JS] GODMODE_PATROL_PRESENTATION={"id":"rccar-e29","distance":266.0476989746094,"visible":false,"seenPast":""}
[JS] GODMODE_PATROL_PRESENTATION={"id":"rccar-e30","distance":210.39283752441406,"visible":false,"seenPast":""}
[JS] GODMODE_ACTOR_COST={"id":"rccar-e29","visual":true,"ms":0.344}
[JS] GODMODE_ACTOR_COST={"id":"rccar-e30","visual":true,"ms":0.289}
[JS] GODMODE_SOLDIER_SHOT=soldier-e13:rifle:2:miss
[JS] GODMODE_SOLDIER_SHOT=soldier-e23:rifle:2:miss
[JS] GODMODE_SOLDIER_SHOT=soldier-e23:rifle:2:miss
[JS] GODMODE_SOLDIER_SHOT=soldier-e23:rifle:2:miss
[JS] GODMODE_SOLDIER_SHOT=soldier-e23:rifle:2:miss
[JS] GODMODE_SYSTEM_ADMIN_TARGET=rccar-e26:2
[JS] GODMODE_SYSTEM_ADMIN_TARGET=rccar-e27:2
[JS] GODMODE_SYSTEM_ADMIN_TARGET=rccar-e28:2
[JS] GODMODE_SOLDIER_SHOT=soldier-e23:rifle:2:hit
[JS] GODMODE_SYSTEM_ADMIN_TARGET=rccar-e29:2
[JS] GODMODE_SYSTEM_ADMIN_TARGET=rccar-e30:2
[JS] GODMODE_SOLDIER_SHOT=soldier-e18:rifle:2:miss
[JS] GODMODE_SOLDIER_SHOT=soldier-e18:rifle:2:hit
[JS] GODMODE_SOLDIER_SHOT=soldier-e18:rifle:2:miss
[JS] GODMODE_SOLDIER_SHOT=soldier-e18:rifle:2:miss
[JS] GODMODE_SOLDIER_SHOT=soldier-e18:rifle:2:miss
[JS] GODMODE_SOLDIER_SHOT=soldier-e20:rifle:2:miss
[JS] GODMODE_SOLDIER_SHOT=soldier-e20:rifle:2:miss
[JS] GODMODE_SOLDIER_SHOT=soldier-e20:rifle:2:hit
[JS] GODMODE_SOLDIER_SHOT=soldier-e20:rifle:2:hit
[JS] GODMODE_SOLDIER_SHOT=soldier-e20:rifle:2:miss
[JS] GODMODE_SOLDIER_SHOT=soldier-e11:rifle:2:miss
[JS] GODMODE_SOLDIER_SHOT=soldier-e11:rifle:2:miss
[JS] GODMODE_SOLDIER_SHOT=soldier-e11:rifle:2:hit
[JS] GODMODE_SOLDIER_SHOT=soldier-e11:rifle:2:miss
[JS] GODMODE_SOLDIER_SHOT=soldier-e11:rifle:2:hit
[JS] GODMODE_SOLDIER_SHOT=soldier-e14:rifle:2:hit
[JS] GODMODE_SOLDIER_SHOT=soldier-e14:rifle:2:miss
[JS] GODMODE_SOLDIER_SHOT=soldier-e14:rifle:2:miss
[JS] GODMODE_SOLDIER_SHOT=soldier-e14:rifle:2:miss
[JS] GODMODE_SOLDIER_SHOT=soldier-e14:rifle:2:miss
[JS] GODMODE_SOLDIER_SHOT=soldier-e21:rifle:2:miss
[JS] GODMODE_SOLDIER_SHOT=soldier-e21:rifle:2:miss
[JS] GODMODE_SOLDIER_SHOT=soldier-e21:rifle:2:miss
[JS] GODMODE_SOLDIER_SHOT=soldier-e21:rifle:2:miss
[JS] GODMODE_SOLDIER_SHOT=soldier-e21:rifle:2:miss
[JS] GODMODE_SOLDIER_SHOT=soldier-e24:rifle:2:miss
[JS] GODMODE_SOLDIER_SHOT=soldier-e24:rifle:2:miss
[JS] GODMODE_SOLDIER_SHOT=soldier-e24:rifle:2:miss
[JS] GODMODE_SOLDIER_SHOT=soldier-e24:rifle:2:miss
[JS] GODMODE_SOLDIER_SHOT=soldier-e24:rifle:2:miss
[JS] GODMODE_SOLDIER_SHOT=soldier-e12:rifle:2:miss
[JS] GODMODE_SOLDIER_SHOT=soldier-e12:rifle:2:miss
[JS] GODMODE_SOLDIER_SHOT=soldier-e12:rifle:2:hit
[JS] GODMODE_SOLDIER_SHOT=soldier-e12:rifle:2:miss
[JS] GODMODE_SOLDIER_SHOT=soldier-e12:rifle:2:miss
[JS] GODMODE_SOLDIER_SHOT=soldier-e9:rifle:2:hit
[JS] GODMODE_SOLDIER_SHOT=smg-e25:smg:2:miss
[JS] GODMODE_SOLDIER_SHOT=soldier-e9:rifle:2:miss
[JS] GODMODE_SOLDIER_SHOT=smg-e25:smg:2:miss
[JS] GODMODE_SOLDIER_SHOT=smg-e25:smg:2:miss
[JS] GODMODE_SOLDIER_SHOT=soldier-e9:rifle:2:miss
[JS] GODMODE_SOLDIER_SHOT=smg-e25:smg:2:miss
[JS] GODMODE_SOLDIER_SHOT=smg-e25:smg:2:miss
[JS] GODMODE_SOLDIER_SHOT=soldier-e9:rifle:2:miss
[JS] GODMODE_SOLDIER_SHOT=smg-e25:smg:2:miss
[JS] GODMODE_SOLDIER_SHOT=soldier-e9:rifle:2:miss
[JS] GODMODE_SOLDIER_SHOT=soldier-e17:rifle:2:hit
[JS] GODMODE_SOLDIER_SHOT=soldier-e17:rifle:2:miss
[JS] GODMODE_SOLDIER_SHOT=soldier-e17:rifle:2:hit
[JS] GODMODE_SOLDIER_SHOT=soldier-e17:rifle:2:miss
[JS] GODMODE_SOLDIER_SHOT=soldier-e17:rifle:2:miss
[JS] GODMODE_SOLDIER_SHOT=soldier-e16:rifle:2:miss
[JS] GODMODE_SOLDIER_SHOT=soldier-e16:rifle:2:hit
[JS] GODMODE_SOLDIER_SHOT=soldier-e16:rifle:2:miss
[JS] GODMODE_SOLDIER_SHOT=soldier-e16:rifle:2:miss
[JS] GODMODE_SOLDIER_SHOT=soldier-e16:rifle:2:miss
[JS] GODMODE_SOLDIER_SHOT=soldier-e19:rifle:2:miss
[JS] GODMODE_SOLDIER_SHOT=soldier-e19:rifle:2:miss
[JS] GODMODE_SOLDIER_SHOT=soldier-e19:rifle:2:miss
[JS] GODMODE_SOLDIER_SHOT=soldier-e19:rifle:2:miss
[JS] GODMODE_SOLDIER_SHOT=soldier-e19:rifle:2:miss
[JS] GODMODE_SOLDIER_SHOT=soldier-e10:rifle:2:miss
[JS] GODMODE_SOLDIER_SHOT=soldier-e10:rifle:2:miss
[JS] GODMODE_SOLDIER_SHOT=soldier-e10:rifle:2:hit
[JS] GODMODE_SOLDIER_SHOT=soldier-e10:rifle:2:miss
[JS] GODMODE_SOLDIER_SHOT=soldier-e10:rifle:2:miss
[JS] GODMODE_SOLDIER_SHOT=soldier-e8:rifle:2:miss
[JS] GODMODE_SUPPLY_AUTO=3:130420:54282
[JS] GODMODE_SUPPLY_LAUNCHED=3:upgrade:-588.5:-17.2:-343.1
[JS] GODMODE_SOLDIER_SHOT=soldier-e8:rifle:2:hit
[JS] GODMODE_SOLDIER_SHOT=soldier-e8:rifle:2:miss
[JS] GODMODE_SOLDIER_SHOT=soldier-e8:rifle:2:hit
[JS] GODMODE_SOLDIER_SHOT=soldier-e8:rifle:2:hit
[JS] GODMODE_SOLDIER_SHOT=soldier-e22:rifle:2:hit
[JS] GODMODE_SOLDIER_SHOT=soldier-e22:rifle:2:miss
[JS] GODMODE_SOLDIER_SHOT=soldier-e22:rifle:2:hit
