Godot Engine v4.6.1.stable.custom_build.14d19694e (2026-02-16 15:13:51 UTC) - https://godotengine.org

[JSDebugger][Debug] [LWS] [2026/10/04 03:06:49:6304] E: [null wsi]: lws_socket_bind: ERROR on binding fd 1216 to port 9229 (-1 10048)
[JSDebugger][Debug] [LWS] [2026/10/04 03:06:49:6314] E: [vh|0|default||9229]: lws_create_vhost: init server failed
[JSDebugger][Debug] [LWS] [2026/10/04 03:06:49:6324] E: lws_create_context: Failed to create default vhost
[JSDebugger][Debug] devtools://devtools/bundled/inspector.html?v8only=true&ws=127.0.0.1:9229/1
[jsb][Debug] slow process JSRealm._load_module: 0.022196 s (modules\GodotJS\bridge\jsb_environment.cpp:1131)
[jsb][Debug] slow process JSRealm._require: 0.023005 s (modules\GodotJS\bridge\jsb_builtins.cpp:61)
[jsb][Debug] slow process JSRealm._load_module: 0.031524 s (modules\GodotJS\bridge\jsb_environment.cpp:1131)
[jsb][Debug] slow process JSRealm._require: 0.032256 s (modules\GodotJS\bridge\jsb_builtins.cpp:61)
[jsb][Debug] slow process JSRealm._load_module: 0.036523 s (modules\GodotJS\bridge\jsb_environment.cpp:1131)
[jsb][Debug] slow process JSRealm._require: 0.037111 s (modules\GodotJS\bridge\jsb_builtins.cpp:61)
[jsb][Debug] slow process JSRealm._load_module: 0.039126 s (modules\GodotJS\bridge\jsb_environment.cpp:1131)
[jsb][Debug] slow process JSRealm._require: 0.040919 s (modules\GodotJS\bridge\jsb_builtins.cpp:61)
[jsb][Debug] slow process JSRealm._load_module: 0.122114 s (modules\GodotJS\bridge\jsb_environment.cpp:1131)
[jsb][Debug] slow process JSRealm._require: 0.122713 s (modules\GodotJS\bridge\jsb_builtins.cpp:61)
[jsb][Debug] slow process JSRealm._load_module: 0.021990 s (modules\GodotJS\bridge\jsb_environment.cpp:1131)
[jsb][Debug] slow process JSRealm._require: 0.023669 s (modules\GodotJS\bridge\jsb_builtins.cpp:61)
[jsb][Debug] slow process JSRealm._load_module: 0.041869 s (modules\GodotJS\bridge\jsb_environment.cpp:1131)
[jsb][Debug] slow process JSRealm._require: 0.043566 s (modules\GodotJS\bridge\jsb_builtins.cpp:61)
[jsb][Debug] slow process JSRealm._load_module: 0.031183 s (modules\GodotJS\bridge\jsb_environment.cpp:1131)
[jsb][Debug] slow process JSRealm._require: 0.037260 s (modules\GodotJS\bridge\jsb_builtins.cpp:61)
[jsb][Debug] slow process JSRealm._load_module: 0.039086 s (modules\GodotJS\bridge\jsb_environment.cpp:1131)
[jsb][Debug] slow process JSRealm._require: 0.039673 s (modules\GodotJS\bridge\jsb_builtins.cpp:61)
[jsb][Debug] slow process JSRealm._load_module: 0.297121 s (modules\GodotJS\bridge\jsb_environment.cpp:1131)
[jsb][Debug] slow process JSRealm.load: 0.299003 s (modules\GodotJS\bridge\jsb_environment.cpp:1518)
[jsb][Debug] slow process GodotJSScript.load_module: 0.302463 s (modules\GodotJS\weaver\jsb_script.cpp:520)
[JS] GODMODE_LOG_FILE=C:\Users\Kam\AppData\Local\Temp\godot-cli\2a5d50b6b92a/logs/client-20261004-070650-14516.log
[JS] GODMODE_ROGUELITE_LEVEL_BUILT=0:0
[JS] GODMODE_MODULE_BATCHES=instances:233:nodes:90:groundInstances:97:groundChunks:18:shrubShapes:5:treeShapes:6
[JS] GODMODE_STREET_DRESSING=placements:235:cells:33:renderNodes:137:shrubShapes:4:shrubInstances:385:collisionShapes:162
[JS] GODMODE_PATTERN_RUNTIME_RETIREMENT=[]
[JS] GODMODE_WESTERN_STREET_KIT=frontages:10; practicals:4
[JS] GODMODE_WESTERN_DRESSING=roofKits:0; lowPlanting:210; drains:90; buildMs:7643
[JS] GODMODE_ENVIRONMENT_GROUND=gutters:1506;grates:50;leaves:10288;manholes:11
[JS] GODMODE_STREET_FIDELITY={"crosswalk":1265,"stop":22,"centre":2778,"lane":2,"kerb":8045}
[JS] GODMODE_ENVIRONMENT_MODULES=39312
[JS] GODMODE_MODULE_BATCHES=instances:46999:nodes:7431:groundInstances:2597:groundChunks:68:shrubShapes:7:treeShapes:6
[JS] GODMODE_WATERFRONT_BATCHES=instances:38898:nodes:207:meshes:8
[JS] GODMODE_ENVIRONMENT_STREET_LIGHTS=visibleHeads:6;pools:5
[JS] GODMODE_STUDY_AUTHORED_PROBES=9234
[JS] GODMODE_STUDY_UNBAKED=1; baked lightmap binding disabled for geometry review
ERROR: Condition "!actions.custom_samplers.has(function->arguments[j].tex_builtin)" is true. Continuing.
   at: ShaderCompiler::_dump_node_code (servers\rendering\shader_compiler.cpp:1292)
   GDScript backtrace (most recent call first):
       [0] _start (res://tools/godot-cli/runner/inspection_bridge.gd:148)
[JS] GODMODE_CRASH_REPORT=off
[JS] GODMODE_DISPLAY boot mode=1 fullscreen=true applied=false
[JS] GODMODE_CLIENT_LAUNCHED
GODOT_CLI_INSPECTION=http://127.0.0.1:50547/inspect
[JS] GODMODE_ROGUELITE_LEVEL_BUILT=0:0
[JS] GODMODE_STREET_DRESSING=placements:235:cells:33:renderNodes:0:shrubShapes:0:shrubInstances:0:collisionShapes:162
[JS] GODMODE_SERVER_READY=local
[JS] GODMODE_PEER_CONNECTED=2
[JS] GODMODE_PEER_JOINED=2
[JS] GODMODE_ROGUELITE_SEED=83C12A7F
[JS] GODMODE_ROGUELITE_PRIMARY=2:machineGun
[JS] GODMODE_SURVIVAL_MINUTE=0:rifleman:-
[JS] GODMODE_CLIENT_READY=2
[JS] GODMODE_STREAM_CHAT_EVENT=runStart
[JS] GODMODE_PATROL_PRESENTATION={"id":"soldier-e1","distance":44.63445281982422,"visible":false,"seenPast":""}
[JS] GODMODE_ACTOR_COST={"id":"soldier-e1","visual":true,"ms":83.138}
[JS] GODMODE_ACTOR_COST={"id":"soldier-e1","visual":false,"ms":0.12}
[JS] GODMODE_SYSTEM_ADMIN_SPAWNED=soldier-e1
[JS] GODMODE_SYSTEM_ADMIN_TARGET=soldier-e1:2
[JS] GODMODE_ACTOR_COST={"id":"soldier-e2","visual":false,"ms":0.106}
[JS] GODMODE_SYSTEM_ADMIN_SPAWNED=soldier-e2
[JS] GODMODE_PATROL_PRESENTATION={"id":"soldier-e2","distance":292.0522766113281,"visible":false,"seenPast":""}
[JS] GODMODE_ACTOR_COST={"id":"soldier-e2","visual":true,"ms":0.488}
[JS] GODMODE_SYSTEM_ADMIN_TARGET=soldier-e2:2
[JS] GODMODE_ACTOR_COST={"id":"soldier-e3","visual":false,"ms":0.112}
[JS] GODMODE_SYSTEM_ADMIN_SPAWNED=soldier-e3
[JS] GODMODE_PATROL_PRESENTATION={"id":"soldier-e3","distance":163.36143493652344,"visible":false,"seenPast":""}
[JS] GODMODE_ACTOR_COST={"id":"soldier-e3","visual":true,"ms":0.486}
[JS] GODMODE_SYSTEM_ADMIN_TARGET=soldier-e3:2
[JS] GODMODE_PATROL_PRESENTATION={"id":"soldier-e4","distance":124.83195495605469,"visible":false,"seenPast":""}
[JS] GODMODE_ACTOR_COST={"id":"soldier-e4","visual":true,"ms":0.587}
[JS] GODMODE_ACTOR_COST={"id":"soldier-e4","visual":false,"ms":0.08}
[JS] GODMODE_SYSTEM_ADMIN_SPAWNED=soldier-e4
[JS] GODMODE_SYSTEM_ADMIN_TARGET=soldier-e4:2
[JS] GODMODE_ACTOR_COST={"id":"soldier-e5","visual":false,"ms":0.108}
[JS] GODMODE_SYSTEM_ADMIN_SPAWNED=soldier-e5
[JS] GODMODE_PATROL_PRESENTATION={"id":"soldier-e5","distance":63.578643798828125,"visible":false,"seenPast":""}
[JS] GODMODE_ACTOR_COST={"id":"soldier-e5","visual":true,"ms":0.502}
[JS] GODMODE_SYSTEM_ADMIN_TARGET=soldier-e5:2
[JS] GODMODE_ACTOR_COST={"id":"soldier-e6","visual":false,"ms":0.097}
[JS] GODMODE_SYSTEM_ADMIN_SPAWNED=soldier-e6
[JS] GODMODE_PATROL_PRESENTATION={"id":"soldier-e6","distance":91.6192626953125,"visible":false,"seenPast":""}
[JS] GODMODE_ACTOR_COST={"id":"soldier-e6","visual":true,"ms":0.531}
[JS] GODMODE_SYSTEM_ADMIN_TARGET=soldier-e6:2
[JS] GODMODE_PATROL_PRESENTATION={"id":"soldier-e7","distance":82.57476806640625,"visible":false,"seenPast":""}
[JS] GODMODE_ACTOR_COST={"id":"soldier-e7","visual":true,"ms":0.48}
[JS] GODMODE_ACTOR_COST={"id":"soldier-e7","visual":false,"ms":0.069}
[JS] GODMODE_SYSTEM_ADMIN_SPAWNED=soldier-e7
[JS] GODMODE_SYSTEM_ADMIN_TARGET=soldier-e7:2
[JS] GODMODE_ACTOR_COST={"id":"soldier-e8","visual":false,"ms":0.084}
[JS] GODMODE_SYSTEM_ADMIN_SPAWNED=soldier-e8
[JS] GODMODE_PATROL_PRESENTATION={"id":"soldier-e8","distance":283.1134948730469,"visible":false,"seenPast":""}
[JS] GODMODE_ACTOR_COST={"id":"soldier-e8","visual":true,"ms":0.45}
[JS] GODMODE_SYSTEM_ADMIN_TARGET=soldier-e8:2
[JS] GODMODE_ACTOR_COST={"id":"soldier-e9","visual":false,"ms":0.101}
[JS] GODMODE_SYSTEM_ADMIN_SPAWNED=soldier-e9
[JS] GODMODE_PATROL_PRESENTATION={"id":"soldier-e9","distance":215.54171752929688,"visible":false,"seenPast":""}
[JS] GODMODE_ACTOR_COST={"id":"soldier-e9","visual":true,"ms":0.459}
[JS] GODMODE_SOLDIER_SHOT=soldier-e1:rifle:2:miss
[JS] GODMODE_SOLDIER_SHOT=soldier-e1:rifle:2:miss
[JS] GODMODE_SOLDIER_SHOT=soldier-e1:rifle:2:miss
[JS] GODMODE_SOLDIER_SHOT=soldier-e1:rifle:2:miss
[JS] GODMODE_SYSTEM_ADMIN_TARGET=soldier-e9:2
[JS] GODMODE_SOLDIER_SHOT=soldier-e1:rifle:2:miss
[JS] GODMODE_ACTOR_COST={"id":"soldier-e10","visual":false,"ms":0.079}
[JS] GODMODE_SYSTEM_ADMIN_SPAWNED=soldier-e10
[JS] GODMODE_PATROL_PRESENTATION={"id":"soldier-e10","distance":172.79513549804688,"visible":false,"seenPast":""}
[JS] GODMODE_ACTOR_COST={"id":"soldier-e10","visual":true,"ms":0.445}
[JS] GODMODE_SYSTEM_ADMIN_TARGET=soldier-e10:2
[JS] GODMODE_ACTOR_COST={"id":"soldier-e11","visual":false,"ms":0.084}
[JS] GODMODE_SYSTEM_ADMIN_SPAWNED=soldier-e11
[JS] GODMODE_PATROL_PRESENTATION={"id":"soldier-e11","distance":91.6192626953125,"visible":false,"seenPast":""}
[JS] GODMODE_ACTOR_COST={"id":"soldier-e11","visual":true,"ms":0.719}
[JS] GODMODE_SYSTEM_ADMIN_TARGET=soldier-e11:2
[JS] GODMODE_ACTOR_COST={"id":"soldier-e12","visual":false,"ms":0.083}
[JS] GODMODE_SYSTEM_ADMIN_SPAWNED=soldier-e12
[JS] GODMODE_PATROL_PRESENTATION={"id":"soldier-e12","distance":37.80670928955078,"visible":false,"seenPast":""}
[JS] GODMODE_ACTOR_COST={"id":"soldier-e12","visual":true,"ms":0.447}
[JS] GODMODE_SYSTEM_ADMIN_TARGET=soldier-e12:2
[JS] GODMODE_SOLDIER_SHOT=soldier-e1:rifle:2:miss
[JS] GODMODE_SOLDIER_SHOT=soldier-e1:rifle:2:miss
[JS] GODMODE_SOLDIER_SHOT=soldier-e1:rifle:2:miss
[JS] GODMODE_SOLDIER_SHOT=soldier-e1:rifle:2:miss
[JS] GODMODE_SOLDIER_SHOT=soldier-e1:rifle:2:hit
[JS] GODMODE_FEEDBACK=damage
[JS] GODMODE_SOLDIER_SHOT=soldier-e1:rifle:2:miss
[JS] GODMODE_SOLDIER_SHOT=soldier-e1:rifle:2:miss
[JS] GODMODE_SOLDIER_SHOT=soldier-e1:rifle:2:hit
[JS] GODMODE_FEEDBACK=damage
[JS] GODMODE_SOLDIER_SHOT=soldier-e1:rifle:2:miss
[JS] GODMODE_SOLDIER_SHOT=soldier-e1:rifle:2:miss
[JS] GODMODE_SOLDIER_SHOT=soldier-e5:rifle:2:miss
[JS] GODMODE_SOLDIER_SHOT=soldier-e5:rifle:2:miss
[JS] GODMODE_SOLDIER_SHOT=soldier-e5:rifle:2:hit
[JS] GODMODE_FEEDBACK=damage
[JS] GODMODE_SOLDIER_SHOT=soldier-e5:rifle:2:miss
[JS] GODMODE_SOLDIER_SHOT=soldier-e5:rifle:2:miss
[JS] GODMODE_SOLDIER_SHOT=soldier-e12:rifle:2:miss
[JS] GODMODE_SOLDIER_SHOT=soldier-e12:rifle:2:miss
[JS] GODMODE_SOLDIER_SHOT=soldier-e12:rifle:2:miss
[JS] GODMODE_SOLDIER_SHOT=soldier-e12:rifle:2:miss
[JS] GODMODE_SOLDIER_SHOT=soldier-e12:rifle:2:miss
[JS] GODMODE_FIRST_RUN_HINT=infoPanel
[JS] GODMODE_ACTOR_COST={"id":"soldier-e13","visual":false,"ms":0.098}
[JS] GODMODE_SYSTEM_ADMIN_SPAWNED=soldier-e13
[JS] GODMODE_PATROL_PRESENTATION={"id":"soldier-e13","distance":211.9464111328125,"visible":false,"seenPast":""}
[JS] GODMODE_ACTOR_COST={"id":"soldier-e13","visual":true,"ms":0.54}
[JS] GODMODE_SYSTEM_ADMIN_TARGET=soldier-e13:2
[JS] GODMODE_ACTOR_COST={"id":"soldier-e14","visual":false,"ms":0.097}
[JS] GODMODE_SYSTEM_ADMIN_SPAWNED=soldier-e14
[JS] GODMODE_SOLDIER_SHOT=soldier-e1:rifle:2:hit
[JS] GODMODE_FEEDBACK=damage
[JS] GODMODE_PATROL_PRESENTATION={"id":"soldier-e14","distance":49.25328826904297,"visible":false,"seenPast":""}
[JS] GODMODE_ACTOR_COST={"id":"soldier-e14","visual":true,"ms":0.521}
[JS] GODMODE_SOLDIER_SHOT=soldier-e1:rifle:2:miss
[JS] GODMODE_SOLDIER_SHOT=soldier-e1:rifle:2:hit
[JS] GODMODE_FEEDBACK=damage
[JS] GODMODE_SOLDIER_SHOT=soldier-e1:rifle:2:hit
[JS] GODMODE_FEEDBACK=damage
[JS] GODMODE_SOLDIER_SHOT=soldier-e1:rifle:2:miss
[JS] GODMODE_SYSTEM_ADMIN_TARGET=soldier-e14:2
[JS] GODMODE_SOLDIER_SHOT=soldier-e5:rifle:2:miss
[JS] GODMODE_SOLDIER_SHOT=soldier-e5:rifle:2:miss
[JS] GODMODE_SOLDIER_SHOT=soldier-e5:rifle:2:miss
[JS] GODMODE_SOLDIER_SHOT=soldier-e5:rifle:2:miss
[JS] GODMODE_SOLDIER_SHOT=soldier-e5:rifle:2:hit
[JS] GODMODE_FEEDBACK=damage
[JS] GODMODE_SOLDIER_SHOT=soldier-e12:rifle:2:miss
[JS] GODMODE_SOLDIER_SHOT=soldier-e12:rifle:2:hit
[JS] GODMODE_FEEDBACK=damage
[JS] GODMODE_SOLDIER_SHOT=soldier-e12:rifle:2:miss
[JS] GODMODE_SOLDIER_SHOT=soldier-e12:rifle:2:miss
[JS] GODMODE_SOLDIER_SHOT=soldier-e12:rifle:2:miss
[JS] GODMODE_SOLDIER_SHOT=soldier-e1:rifle:2:miss
[JS] GODMODE_SOLDIER_SHOT=soldier-e1:rifle:2:hit
[JS] GODMODE_FEEDBACK=damage
[JS] GODMODE_SOLDIER_SHOT=soldier-e1:rifle:2:hit
[JS] GODMODE_FEEDBACK=damage
[JS] GODMODE_SOLDIER_SHOT=soldier-e1:rifle:2:miss
[JS] GODMODE_SOLDIER_SHOT=soldier-e1:rifle:2:miss
[JS] GODMODE_SOLDIER_SHOT=soldier-e5:rifle:2:miss
[JS] GODMODE_SOLDIER_SHOT=soldier-e5:rifle:2:miss
[JS] GODMODE_SOLDIER_SHOT=soldier-e5:rifle:2:hit
[JS] GODMODE_FEEDBACK=damage
[JS] GODMODE_SOLDIER_SHOT=soldier-e5:rifle:2:miss
[JS] GODMODE_SOLDIER_SHOT=soldier-e5:rifle:2:miss
[JS] GODMODE_SOLDIER_SHOT=soldier-e7:rifle:2:miss
[JS] GODMODE_SOLDIER_SHOT=soldier-e7:rifle:2:hit
[JS] GODMODE_FEEDBACK=damage
[JS] GODMODE_SOLDIER_SHOT=soldier-e7:rifle:2:miss
[JS] GODMODE_SOLDIER_SHOT=soldier-e7:rifle:2:miss
[JS] GODMODE_SOLDIER_SHOT=soldier-e7:rifle:2:miss
[JS] GODMODE_SOLDIER_SHOT=soldier-e6:rifle:2:miss
[JS] GODMODE_SOLDIER_SHOT=soldier-e6:rifle:2:miss
[JS] GODMODE_SOLDIER_SHOT=soldier-e6:rifle:2:miss
[JS] GODMODE_SOLDIER_SHOT=soldier-e6:rifle:2:miss
[JS] GODMODE_SOLDIER_SHOT=soldier-e6:rifle:2:miss
[JS] GODMODE_SOLDIER_SHOT=soldier-e12:rifle:2:miss
[JS] GODMODE_SOLDIER_SHOT=soldier-e12:rifle:2:miss
[JS] GODMODE_SOLDIER_SHOT=soldier-e12:rifle:2:miss
[JS] GODMODE_SOLDIER_SHOT=soldier-e12:rifle:2:miss
[JS] GODMODE_SOLDIER_SHOT=soldier-e12:rifle:2:miss
[JS] GODMODE_FIRST_RUN_HINT=aimbot
[JS] GODMODE_SUPPLY_AUTO=1:32482:39171
[JS] GODMODE_SUPPLY_LAUNCHED=1:upgrade:-524.7:-17.2:-386.4
[JS] GODMODE_SOLDIER_SHOT=soldier-e5:rifle:2:miss
[JS] GODMODE_SOLDIER_SHOT=soldier-e5:rifle:2:hit
[JS] GODMODE_FEEDBACK=damage
[JS] GODMODE_SOLDIER_SHOT=soldier-e5:rifle:2:miss
[JS] GODMODE_SOLDIER_SHOT=soldier-e5:rifle:2:hit
[JS] GODMODE_FEEDBACK=damage
[JS] GODMODE_SOLDIER_SHOT=soldier-e5:rifle:2:miss
[JS] GODMODE_SOLDIER_SHOT=soldier-e1:rifle:2:hit
[JS] GODMODE_FEEDBACK=damage
[JS] GODMODE_SOLDIER_SHOT=soldier-e1:rifle:2:hit
[JS] GODMODE_FEEDBACK=damage
[JS] GODMODE_SOLDIER_SHOT=soldier-e1:rifle:2:miss
[JS] GODMODE_SOLDIER_SHOT=soldier-e1:rifle:2:miss
[JS] GODMODE_SOLDIER_SHOT=soldier-e1:rifle:2:hit
[JS] GODMODE_FEEDBACK=damage
[JS] GODMODE_SOLDIER_SHOT=soldier-e7:rifle:2:miss
[JS] GODMODE_SOLDIER_SHOT=soldier-e7:rifle:2:miss
[JS] GODMODE_SOLDIER_SHOT=soldier-e7:rifle:2:miss
[JS] GODMODE_SOLDIER_SHOT=soldier-e7:rifle:2:miss
[JS] GODMODE_SOLDIER_SHOT=soldier-e7:rifle:2:miss
[JS] GODMODE_SOLDIER_SHOT=soldier-e14:rifle:2:miss
[JS] GODMODE_SOLDIER_SHOT=soldier-e14:rifle:2:miss
[JS] GODMODE_SOLDIER_SHOT=soldier-e14:rifle:2:miss
[JS] GODMODE_SOLDIER_SHOT=soldier-e14:rifle:2:miss
[JS] GODMODE_SOLDIER_SHOT=soldier-e14:rifle:2:miss
[JS] GODMODE_SOLDIER_SHOT=soldier-e6:rifle:2:miss
[JS] GODMODE_SOLDIER_SHOT=soldier-e6:rifle:2:miss
[JS] GODMODE_SOLDIER_SHOT=soldier-e6:rifle:2:miss
[JS] GODMODE_SOLDIER_SHOT=soldier-e6:rifle:2:miss
[JS] GODMODE_SOLDIER_SHOT=soldier-e6:rifle:2:miss
[JS] GODMODE_SOLDIER_SHOT=soldier-e12:rifle:2:miss
[JS] GODMODE_SOLDIER_SHOT=soldier-e12:rifle:2:hit
[JS] GODMODE_FEEDBACK=damage
[JS] GODMODE_SOLDIER_SHOT=soldier-e12:rifle:2:miss
[JS] GODMODE_SOLDIER_SHOT=soldier-e12:rifle:2:miss
[JS] GODMODE_SOLDIER_SHOT=soldier-e12:rifle:2:miss
[JS] GODMODE_SOLDIER_SHOT=soldier-e11:rifle:2:miss
[JS] GODMODE_SOLDIER_SHOT=soldier-e11:rifle:2:hit
[JS] GODMODE_FEEDBACK=damage
[JS] GODMODE_SOLDIER_SHOT=soldier-e11:rifle:2:miss
[JS] GODMODE_SOLDIER_SHOT=soldier-e11:rifle:2:hit
[JS] GODMODE_FEEDBACK=damage
[JS] GODMODE_SOLDIER_SHOT=soldier-e11:rifle:2:hit
[JS] GODMODE_FEEDBACK=damage
[JS] GODMODE_SOLDIER_SHOT=soldier-e5:rifle:2:miss
[JS] GODMODE_SOLDIER_SHOT=soldier-e5:rifle:2:miss
[JS] GODMODE_SOLDIER_SHOT=soldier-e5:rifle:2:miss
[JS] GODMODE_SOLDIER_SHOT=soldier-e5:rifle:2:hit
[JS] GODMODE_FEEDBACK=damage
[JS] GODMODE_SOLDIER_SHOT=soldier-e5:rifle:2:miss
[JS] GODMODE_SOLDIER_SHOT=soldier-e1:rifle:2:miss
[JS] GODMODE_SOLDIER_SHOT=soldier-e1:rifle:2:hit
[JS] GODMODE_FEEDBACK=damage
[JS] GODMODE_SOLDIER_SHOT=soldier-e1:rifle:2:miss
[JS] GODMODE_SOLDIER_SHOT=soldier-e1:rifle:2:miss
[JS] GODMODE_SOLDIER_SHOT=soldier-e1:rifle:2:miss
[JS] GODMODE_SOLDIER_SHOT=soldier-e7:rifle:2:hit
[JS] GODMODE_FEEDBACK=damage
[JS] GODMODE_SOLDIER_SHOT=soldier-e7:rifle:2:miss
[JS] GODMODE_SOLDIER_SHOT=soldier-e7:rifle:2:miss
[JS] GODMODE_SOLDIER_SHOT=soldier-e7:rifle:2:miss
[JS] GODMODE_SOLDIER_SHOT=soldier-e7:rifle:2:miss
[JS] GODMODE_SOLDIER_SHOT=soldier-e14:rifle:2:miss
[JS] GODMODE_SOLDIER_SHOT=soldier-e14:rifle:2:miss
[JS] GODMODE_SOLDIER_SHOT=soldier-e14:rifle:2:miss
[JS] GODMODE_SOLDIER_SHOT=soldier-e14:rifle:2:hit
[JS] GODMODE_FEEDBACK=damage
[JS] GODMODE_SOLDIER_SHOT=soldier-e14:rifle:2:miss
[JS] GODMODE_SOLDIER_SHOT=soldier-e6:rifle:2:hit
[JS] GODMODE_FEEDBACK=damage
[JS] GODMODE_SOLDIER_SHOT=soldier-e6:rifle:2:hit
[JS] GODMODE_FEEDBACK=damage
[JS] GODMODE_SOLDIER_SHOT=soldier-e6:rifle:2:hit
[JS] GODMODE_FEEDBACK=damage
[JS] GODMODE_SOLDIER_SHOT=soldier-e6:rifle:2:miss
[JS] GODMODE_SOLDIER_SHOT=soldier-e6:rifle:2:miss
[JS] GODMODE_SOLDIER_SHOT=soldier-e12:rifle:2:miss
[JS] GODMODE_SOLDIER_SHOT=soldier-e12:rifle:2:hit
[JS] GODMODE_FEEDBACK=damage
[JS] GODMODE_SOLDIER_SHOT=soldier-e12:rifle:2:miss
[JS] GODMODE_SOLDIER_SHOT=soldier-e12:rifle:2:hit
[JS] GODMODE_FEEDBACK=damage
[JS] GODMODE_SOLDIER_SHOT=soldier-e12:rifle:2:hit
[JS] GODMODE_FEEDBACK=damage
[JS] GODMODE_SOLDIER_SHOT=soldier-e4:rifle:2:miss
[JS] GODMODE_SOLDIER_SHOT=soldier-e4:rifle:2:hit
[JS] GODMODE_FEEDBACK=damage
[JS] GODMODE_SOLDIER_SHOT=soldier-e4:rifle:2:miss
[JS] GODMODE_SOLDIER_SHOT=soldier-e4:rifle:2:miss
[JS] GODMODE_SOLDIER_SHOT=soldier-e4:rifle:2:miss
[JS] GODMODE_SOLDIER_SHOT=soldier-e11:rifle:2:miss
[JS] GODMODE_SOLDIER_SHOT=soldier-e11:rifle:2:miss
[JS] GODMODE_SOLDIER_SHOT=soldier-e11:rifle:2:miss
[JS] GODMODE_SOLDIER_SHOT=soldier-e11:rifle:2:miss
[JS] GODMODE_SOLDIER_SHOT=soldier-e11:rifle:2:miss
[JS] GODMODE_SOLDIER_SHOT=soldier-e5:rifle:2:hit
[JS] GODMODE_FEEDBACK=damage
[JS] GODMODE_SOLDIER_SHOT=soldier-e5:rifle:2:hit
[JS] GODMODE_FEEDBACK=damage
[JS] GODMODE_SOLDIER_SHOT=soldier-e5:rifle:2:miss
[JS] GODMODE_SOLDIER_SHOT=soldier-e5:rifle:2:miss
[JS] GODMODE_SUPPLY_LANDED=1:4:-524.74:-17.24:-386.35:3:0
[JS] GODMODE_SOLDIER_SHOT=soldier-e5:rifle:2:miss
[JS] GODMODE_SOLDIER_SHOT=soldier-e7:rifle:2:hit
[JS] GODMODE_FEEDBACK=damage
[JS] GODMODE_SOLDIER_SHOT=soldier-e7:rifle:2:hit
[JS] GODMODE_FEEDBACK=damage
[JS] GODMODE_STREAM_CHAT_EVENT=nearDeath
[JS] GODMODE_SOLDIER_SHOT=soldier-e7:rifle:2:miss
[JS] GODMODE_SOLDIER_SHOT=soldier-e7:rifle:2:miss
[JS] GODMODE_PATROL_PRESENTATION={"id":"soldier-e15","distance":57.806556701660156,"visible":false,"seenPast":""}
[JS] GODMODE_ACTOR_COST={"id":"soldier-e15","visual":true,"ms":0.517}
[JS] GODMODE_ACTOR_COST={"id":"soldier-e15","visual":false,"ms":0.054}
[JS] GODMODE_SYSTEM_ADMIN_SPAWNED=soldier-e15
[JS] GODMODE_SOLDIER_SHOT=soldier-e7:rifle:2:hit
[JS] GODMODE_FEEDBACK=damage
[JS] GODMODE_SOLDIER_SHOT=soldier-e14:rifle:2:miss
[JS] GODMODE_SOLDIER_SHOT=soldier-e14:rifle:2:miss
[JS] GODMODE_SOLDIER_SHOT=soldier-e14:rifle:2:miss
[JS] GODMODE_SOLDIER_SHOT=soldier-e14:rifle:2:miss
[JS] GODMODE_SOLDIER_SHOT=soldier-e14:rifle:2:miss
[JS] GODMODE_SYSTEM_ADMIN_TARGET=soldier-e15:2
[JS] GODMODE_SOLDIER_SHOT=soldier-e6:rifle:2:miss
[JS] GODMODE_SOLDIER_SHOT=soldier-e6:rifle:2:miss
[JS] GODMODE_SOLDIER_SHOT=soldier-e6:rifle:2:miss
[JS] GODMODE_SOLDIER_SHOT=soldier-e6:rifle:2:hit
[JS] GODMODE_FEEDBACK=damage
[JS] GODMODE_SOLDIER_SHOT=soldier-e6:rifle:2:miss
[JS] GODMODE_SOLDIER_SHOT=soldier-e12:rifle:2:miss
[JS] GODMODE_SOLDIER_SHOT=soldier-e12:rifle:2:miss
[JS] GODMODE_SOLDIER_SHOT=soldier-e12:rifle:2:miss
[JS] GODMODE_SOLDIER_SHOT=soldier-e12:rifle:2:miss
[JS] GODMODE_SOLDIER_SHOT=soldier-e12:rifle:2:hit
[JS] GODMODE_FEEDBACK=damage
[JS] GODMODE_SOLDIER_SHOT=soldier-e5:rifle:2:miss
[JS] GODMODE_SOLDIER_SHOT=soldier-e5:rifle:2:hit
[JS] GODMODE_FEEDBACK=damage
[JS] GODMODE_SOLDIER_SHOT=soldier-e5:rifle:2:miss
[JS] GODMODE_SOLDIER_SHOT=soldier-e5:rifle:2:miss
[JS] GODMODE_SOLDIER_SHOT=soldier-e5:rifle:2:miss
[JS] GODMODE_SOLDIER_SHOT=soldier-e7:rifle:2:miss
[JS] GODMODE_SOLDIER_SHOT=soldier-e7:rifle:2:hit
[JS] GODMODE_FEEDBACK=damage
[JS] GODMODE_SOLDIER_SHOT=soldier-e7:rifle:2:hit
[JS] GODMODE_FEEDBACK=damage
[JS] GODMODE_SOLDIER_SHOT=soldier-e7:rifle:2:miss
[JS] GODMODE_SOLDIER_SHOT=soldier-e7:rifle:2:miss
[JS] GODMODE_SOLDIER_SHOT=soldier-e14:rifle:2:hit
[JS] GODMODE_FEEDBACK=damage
[JS] GODMODE_SOLDIER_SHOT=soldier-e14:rifle:2:miss
[JS] GODMODE_SOLDIER_SHOT=soldier-e14:rifle:2:miss
[JS] GODMODE_SOLDIER_SHOT=soldier-e14:rifle:2:miss
[JS] GODMODE_SOLDIER_SHOT=soldier-e14:rifle:2:miss
[JS] GODMODE_SOLDIER_SHOT=soldier-e6:rifle:2:hit
[JS] GODMODE_FEEDBACK=damage
[JS] GODMODE_SOLDIER_SHOT=soldier-e6:rifle:2:miss
[JS] GODMODE_SOLDIER_SHOT=soldier-e6:rifle:2:miss
[JS] GODMODE_SOLDIER_SHOT=soldier-e6:rifle:2:miss
[JS] GODMODE_SOLDIER_SHOT=soldier-e6:rifle:2:hit
[JS] GODMODE_FEEDBACK=damage
[JS] GODMODE_SOLDIER_SHOT=soldier-e12:rifle:2:hit
[JS] GODMODE_FEEDBACK=damage
[JS] GODMODE_SOLDIER_SHOT=soldier-e12:rifle:2:miss
[JS] GODMODE_SOLDIER_SHOT=soldier-e12:rifle:2:hit
[JS] GODMODE_FEEDBACK=damage
[JS] GODMODE_SOLDIER_SHOT=soldier-e12:rifle:2:miss
[JS] GODMODE_SOLDIER_SHOT=soldier-e12:rifle:2:miss
[JS] GODMODE_SOLDIER_SHOT=soldier-e11:rifle:2:hit
[JS] GODMODE_FEEDBACK=damage
[JS] GODMODE_SOLDIER_SHOT=soldier-e11:rifle:2:miss
[JS] GODMODE_SOLDIER_SHOT=soldier-e11:rifle:2:miss
[JS] GODMODE_SOLDIER_SHOT=soldier-e11:rifle:2:hit
[JS] GODMODE_FEEDBACK=damage
[JS] GODMODE_SOLDIER_SHOT=soldier-e11:rifle:2:hit
[JS] GODMODE_FEEDBACK=damage
[JS] GODMODE_SURVIVAL_PAYOUT=17:17:
[JS] GODMODE_STREAM_CHAT_EVENT=death
[JS] GODMODE_SYSTEM_ADMIN_DESPAWNED=soldier-e1
[JS] GODMODE_SYSTEM_ADMIN_DESPAWNED=soldier-e2
[JS] GODMODE_SYSTEM_ADMIN_DESPAWNED=soldier-e3
[JS] GODMODE_SYSTEM_ADMIN_DESPAWNED=soldier-e4
[JS] GODMODE_SYSTEM_ADMIN_DESPAWNED=soldier-e5
[JS] GODMODE_SYSTEM_ADMIN_DESPAWNED=soldier-e6
[JS] GODMODE_SYSTEM_ADMIN_DESPAWNED=soldier-e7
[JS] GODMODE_SYSTEM_ADMIN_DESPAWNED=soldier-e8
[JS] GODMODE_SYSTEM_ADMIN_DESPAWNED=soldier-e9
[JS] GODMODE_SYSTEM_ADMIN_DESPAWNED=soldier-e10
[JS] GODMODE_SYSTEM_ADMIN_DESPAWNED=soldier-e11
[JS] GODMODE_SYSTEM_ADMIN_DESPAWNED=soldier-e12
[JS] GODMODE_SYSTEM_ADMIN_DESPAWNED=soldier-e13
[JS] GODMODE_SYSTEM_ADMIN_DESPAWNED=soldier-e14
[JS] GODMODE_SYSTEM_ADMIN_DESPAWNED=soldier-e15
