2026-10-04T20:07:36.106Z t=607 INFO client log opened pid=40248 build=release executable=D:/work/loadtime-exports/before/BattleDuty-aimbot.exe args=["--fixture","roguelite"]
2026-10-04T20:07:36.106Z t=607 INFO engine=4.6.1-stable (custom_build) build=release commit=ac138defdccb+dirty branch=HEAD built=2026-10-04T18:38:08.418Z
2026-10-04T20:07:36.106Z t=607 INFO os=Windows 10.0.19045 cpu="AMD Ryzen 7 9800X3D 8-Core Processor" cores=16 locale=en_US
2026-10-04T20:07:36.106Z t=607 INFO gpu="AMD Radeon RX 9070 XT" vendor="AMD" api=12_0 driver=d3d12 method=forward_plus
2026-10-04T20:07:36.106Z t=607 INFO godot's own log: C:/Users/Kam/AppData/Roaming/Godot/app_userdata/Godmode.exe/logs/godot.log
2026-10-04T20:07:36.107Z t=607 INFO [JS] GODMODE_LOG_FILE=D:/work/loadtime-exports/before/logs/client-20261004-200736-40248.log
2026-10-04T20:07:36.108Z t=609 INFO [JS] GODMODE_ROGUELITE_LEVEL_BUILT=0:0
2026-10-04T20:07:38.101Z t=2601 INFO [JS] GODMODE_MODULE_BATCHES=instances:233:nodes:90:groundInstances:97:groundChunks:18:shrubShapes:5:treeShapes:6
2026-10-04T20:07:41.425Z t=5926 INFO [JS] GODMODE_STREET_DRESSING=placements:235:cells:33:renderNodes:137:shrubShapes:4:shrubInstances:385:collisionShapes:162
2026-10-04T20:07:50.249Z t=14750 INFO [JS] GODMODE_PATTERN_RUNTIME_RETIREMENT=[]
2026-10-04T20:07:50.426Z t=14926 INFO [JS] GODMODE_WESTERN_STREET_KIT=frontages:10; practicals:4
2026-10-04T20:07:50.426Z t=14927 INFO [JS] GODMODE_WESTERN_DRESSING=roofKits:0; lowPlanting:210; drains:90; buildMs:9000
2026-10-04T20:07:51.925Z t=16425 INFO [JS] GODMODE_ENVIRONMENT_GROUND=gutters:1506;grates:50;leaves:10288;manholes:11
2026-10-04T20:07:55.752Z t=20253 INFO [JS] GODMODE_STREET_FIDELITY={"crosswalk":1265,"stop":22,"centre":2778,"lane":2,"kerb":8045}
2026-10-04T20:08:46.775Z t=71275 INFO [JS] GODMODE_ENVIRONMENT_MODULES=39312
2026-10-04T20:08:52.234Z t=76734 INFO [JS] GODMODE_MODULE_BATCHES=instances:46999:nodes:7431:groundInstances:2597:groundChunks:68:shrubShapes:7:treeShapes:6
2026-10-04T20:08:53.934Z t=78434 INFO [JS] GODMODE_WATERFRONT_BATCHES=instances:38898:nodes:207:meshes:8
2026-10-04T20:09:06.134Z t=90634 INFO [JS] GODMODE_ENVIRONMENT_STREET_LIGHTS=visibleHeads:6;pools:5
2026-10-04T20:09:16.987Z t=101487 INFO [JS] GODMODE_STUDY_AUTHORED_PROBES=9234
2026-10-04T20:09:19.647Z t=104147 INFO [JS] GODMODE_STUDY_LIGHTMAP=static:1382;probeOnly:421;environmentOnly:1113
2026-10-04T20:09:20.403Z t=104903 INFO [JS] GODMODE_CRASH_SESSION=muu983yq-40248
2026-10-04T20:09:20.404Z t=104904 INFO [JS] GODMODE_DISPLAY boot mode=3 fullscreen=true applied=false
2026-10-04T20:09:20.404Z t=104904 INFO [JS] GODMODE_CLIENT_LAUNCHED
2026-10-04T20:09:21.029Z t=105529 INFO [JS] GODMODE_CRASH_REPORT=sent result=0 status=200 session=muu95i5y-10612 bytes=5326
2026-10-04T20:09:21.033Z t=105533 STATE fps=1 worstFrameMs=0 mem=0MB objects=49117 nodes=27108 orphans=0 resources=4551 serverTickMs=none seed=none progress="" enemies=0 player=none alive=none hp=none flying=false
2026-10-04T20:09:21.182Z t=105682 INFO [JS] GODMODE_ROGUELITE_LEVEL_BUILT=0:0
2026-10-04T20:09:24.593Z t=109094 INFO [JS] GODMODE_STREET_DRESSING=placements:235:cells:33:renderNodes:0:shrubShapes:0:shrubInstances:0:collisionShapes:162
2026-10-04T20:09:25.274Z t=109774 INFO [JS] GODMODE_SERVER_READY=local
2026-10-04T20:09:25.276Z t=109776 INFO [JS] GODMODE_PEER_CONNECTED=2
2026-10-04T20:09:25.486Z t=109986 INFO [JS] GODMODE_PEER_JOINED=2
2026-10-04T20:09:25.488Z t=109988 INFO [JS] GODMODE_ROGUELITE_SEED=55FB4FA1
2026-10-04T20:09:25.489Z t=109989 INFO [JS] GODMODE_ROGUELITE_PRIMARY=2:machineGun
2026-10-04T20:09:25.566Z t=110066 INFO [JS] GODMODE_SURVIVAL_MINUTE=0:rifleman:-
2026-10-04T20:09:25.570Z t=110070 INFO [JS] GODMODE_CLIENT_READY=2
2026-10-04T20:09:25.575Z t=110075 INFO [JS] GODMODE_FIRST_GAMEPLAY_FRAME=110075
2026-10-04T20:09:25.580Z t=110081 INFO [JS] GODMODE_STREAM_LIVE=18:1
2026-10-04T20:09:25.581Z t=110081 INFO [JS] GODMODE_STREAM_CHAT_EVENT=runStart
2026-10-04T20:09:25.586Z t=110086 WARN long frame: 4553 ms
2026-10-04T20:09:26.049Z t=110549 STATE fps=1 worstFrameMs=4553 mem=0MB objects=54784 nodes=31582 orphans=0 resources=4682 serverTickMs=1.3/72.5 seed=55FB4FA1 progress="survival 0 s · RIFLEMEN" enemies=0 player=-433.4,-16.2,-373.1 alive=true hp=100 flying=false
2026-10-04T20:09:27.031Z t=111531 INFO [JS] GODMODE_SYSTEM_ADMIN_SPAWNED=soldier-e1
