2026-10-04T20:03:29.818Z t=1453 INFO client log opened pid=42872 build=release executable=D:/work/loadtime-exports/before/BattleDuty-aimbot.exe args=["--fixture","roguelite"]
2026-10-04T20:03:29.819Z t=1453 INFO engine=4.6.1-stable (custom_build) build=release commit=ac138defdccb+dirty branch=HEAD built=2026-10-04T18:38:08.418Z
2026-10-04T20:03:29.819Z t=1453 INFO os=Windows 10.0.19045 cpu="AMD Ryzen 7 9800X3D 8-Core Processor" cores=16 locale=en_US
2026-10-04T20:03:29.819Z t=1453 INFO gpu="AMD Radeon RX 9070 XT" vendor="AMD" api=12_0 driver=d3d12 method=forward_plus
2026-10-04T20:03:29.819Z t=1453 INFO godot's own log: C:/Users/Kam/AppData/Roaming/Godot/app_userdata/Godmode.exe/logs/godot.log
2026-10-04T20:03:29.819Z t=1454 INFO [JS] GODMODE_LOG_FILE=D:/work/loadtime-exports/before/logs/client-20261004-200329-42872.log
2026-10-04T20:03:29.819Z t=1454 INFO [JS] GODMODE_ROGUELITE_LEVEL_BUILT=0:0
2026-10-04T20:03:32.342Z t=3977 INFO [JS] GODMODE_MODULE_BATCHES=instances:233:nodes:90:groundInstances:97:groundChunks:18:shrubShapes:5:treeShapes:6
2026-10-04T20:03:37.519Z t=9154 INFO [JS] GODMODE_STREET_DRESSING=placements:235:cells:33:renderNodes:137:shrubShapes:4:shrubInstances:385:collisionShapes:162
2026-10-04T20:03:51.675Z t=23309 INFO [JS] GODMODE_PATTERN_RUNTIME_RETIREMENT=[]
2026-10-04T20:03:51.941Z t=23576 INFO [JS] GODMODE_WESTERN_STREET_KIT=frontages:10; practicals:4
2026-10-04T20:03:51.941Z t=23576 INFO [JS] GODMODE_WESTERN_DRESSING=roofKits:0; lowPlanting:210; drains:90; buildMs:14420
2026-10-04T20:03:54.648Z t=26282 INFO [JS] GODMODE_ENVIRONMENT_GROUND=gutters:1506;grates:50;leaves:10288;manholes:11
2026-10-04T20:04:01.795Z t=33430 INFO [JS] GODMODE_STREET_FIDELITY={"crosswalk":1265,"stop":22,"centre":2778,"lane":2,"kerb":8045}
2026-10-04T20:04:40.277Z t=71911 INFO [JS] GODMODE_ENVIRONMENT_MODULES=39312
2026-10-04T20:04:45.594Z t=77228 INFO [JS] GODMODE_MODULE_BATCHES=instances:46999:nodes:7431:groundInstances:2597:groundChunks:68:shrubShapes:7:treeShapes:6
2026-10-04T20:04:47.310Z t=78945 INFO [JS] GODMODE_WATERFRONT_BATCHES=instances:38898:nodes:207:meshes:8
2026-10-04T20:04:59.890Z t=91524 INFO [JS] GODMODE_ENVIRONMENT_STREET_LIGHTS=visibleHeads:6;pools:5
2026-10-04T20:05:10.219Z t=101853 INFO [JS] GODMODE_STUDY_AUTHORED_PROBES=9234
2026-10-04T20:05:12.834Z t=104469 INFO [JS] GODMODE_STUDY_LIGHTMAP=static:1382;probeOnly:421;environmentOnly:1113
2026-10-04T20:05:13.610Z t=105245 INFO [JS] GODMODE_CRASH_SESSION=muu92tje-42872
2026-10-04T20:05:13.611Z t=105246 INFO [JS] GODMODE_DISPLAY boot mode=3 fullscreen=true applied=false
2026-10-04T20:05:13.611Z t=105246 INFO [JS] GODMODE_CLIENT_LAUNCHED
2026-10-04T20:05:14.230Z t=105865 INFO [JS] GODMODE_CRASH_REPORT=sent result=0 status=200 session=muu6h04a-37828 bytes=3750
2026-10-04T20:05:14.234Z t=105868 STATE fps=1 worstFrameMs=0 mem=0MB objects=49117 nodes=27108 orphans=0 resources=4551 serverTickMs=none seed=none progress="" enemies=0 player=none alive=none hp=none flying=false
2026-10-04T20:05:14.365Z t=105999 INFO [JS] GODMODE_ROGUELITE_LEVEL_BUILT=0:0
2026-10-04T20:05:17.473Z t=109108 INFO [JS] GODMODE_STREET_DRESSING=placements:235:cells:33:renderNodes:0:shrubShapes:0:shrubInstances:0:collisionShapes:162
2026-10-04T20:05:18.020Z t=109654 INFO [JS] GODMODE_SERVER_READY=local
2026-10-04T20:05:18.021Z t=109656 INFO [JS] GODMODE_PEER_CONNECTED=2
2026-10-04T20:05:18.239Z t=109874 INFO [JS] GODMODE_PEER_JOINED=2
2026-10-04T20:05:18.241Z t=109876 INFO [JS] GODMODE_ROGUELITE_SEED=6A8E8ACF
2026-10-04T20:05:18.242Z t=109876 INFO [JS] GODMODE_ROGUELITE_PRIMARY=2:machineGun
2026-10-04T20:05:18.315Z t=109949 INFO [JS] GODMODE_SURVIVAL_MINUTE=0:rifleman:-
2026-10-04T20:05:18.318Z t=109952 INFO [JS] GODMODE_CLIENT_READY=2
2026-10-04T20:05:18.323Z t=109957 INFO [JS] GODMODE_FIRST_GAMEPLAY_FRAME=109957
2026-10-04T20:05:18.330Z t=109964 INFO [JS] GODMODE_STREAM_LIVE=18:1
2026-10-04T20:05:18.331Z t=109965 INFO [JS] GODMODE_STREAM_CHAT_EVENT=runStart
2026-10-04T20:05:18.336Z t=109971 WARN long frame: 4103 ms
2026-10-04T20:05:19.240Z t=110875 STATE fps=1 worstFrameMs=4103 mem=0MB objects=54778 nodes=31582 orphans=0 resources=4682 serverTickMs=0.6/60.0 seed=6A8E8ACF progress="survival 1 s · RIFLEMEN" enemies=0 player=-579.3,-16.3,-392.3 alive=true hp=100 flying=false
2026-10-04T20:05:19.870Z t=111505 INFO [JS] GODMODE_SYSTEM_ADMIN_SPAWNED=soldier-e1
