2026-10-04T20:05:30.319Z t=614 INFO client log opened pid=10612 build=release executable=D:/work/loadtime-exports/before/BattleDuty-aimbot.exe args=["--fixture","roguelite"]
2026-10-04T20:05:30.319Z t=615 INFO engine=4.6.1-stable (custom_build) build=release commit=ac138defdccb+dirty branch=HEAD built=2026-10-04T18:38:08.418Z
2026-10-04T20:05:30.319Z t=615 INFO os=Windows 10.0.19045 cpu="AMD Ryzen 7 9800X3D 8-Core Processor" cores=16 locale=en_US
2026-10-04T20:05:30.319Z t=615 INFO gpu="AMD Radeon RX 9070 XT" vendor="AMD" api=12_0 driver=d3d12 method=forward_plus
2026-10-04T20:05:30.319Z t=615 INFO godot's own log: C:/Users/Kam/AppData/Roaming/Godot/app_userdata/Godmode.exe/logs/godot.log
2026-10-04T20:05:30.319Z t=615 INFO [JS] GODMODE_LOG_FILE=D:/work/loadtime-exports/before/logs/client-20261004-200530-10612.log
2026-10-04T20:05:30.321Z t=616 INFO [JS] GODMODE_ROGUELITE_LEVEL_BUILT=0:0
2026-10-04T20:05:32.420Z t=2715 INFO [JS] GODMODE_MODULE_BATCHES=instances:233:nodes:90:groundInstances:97:groundChunks:18:shrubShapes:5:treeShapes:6
2026-10-04T20:05:35.547Z t=5842 INFO [JS] GODMODE_STREET_DRESSING=placements:235:cells:33:renderNodes:137:shrubShapes:4:shrubInstances:385:collisionShapes:162
2026-10-04T20:05:44.132Z t=14428 INFO [JS] GODMODE_PATTERN_RUNTIME_RETIREMENT=[]
2026-10-04T20:05:44.320Z t=14615 INFO [JS] GODMODE_WESTERN_STREET_KIT=frontages:10; practicals:4
2026-10-04T20:05:44.320Z t=14615 INFO [JS] GODMODE_WESTERN_DRESSING=roofKits:0; lowPlanting:210; drains:90; buildMs:8772
2026-10-04T20:05:46.871Z t=17166 INFO [JS] GODMODE_ENVIRONMENT_GROUND=gutters:1506;grates:50;leaves:10288;manholes:11
2026-10-04T20:05:54.256Z t=24551 INFO [JS] GODMODE_STREET_FIDELITY={"crosswalk":1265,"stop":22,"centre":2778,"lane":2,"kerb":8045}
2026-10-04T20:06:40.775Z t=71070 INFO [JS] GODMODE_ENVIRONMENT_MODULES=39312
2026-10-04T20:06:46.023Z t=76319 INFO [JS] GODMODE_MODULE_BATCHES=instances:46999:nodes:7431:groundInstances:2597:groundChunks:68:shrubShapes:7:treeShapes:6
2026-10-04T20:06:47.629Z t=77924 INFO [JS] GODMODE_WATERFRONT_BATCHES=instances:38898:nodes:207:meshes:8
2026-10-04T20:07:03.304Z t=93600 INFO [JS] GODMODE_ENVIRONMENT_STREET_LIGHTS=visibleHeads:6;pools:5
2026-10-04T20:07:15.365Z t=105660 INFO [JS] GODMODE_STUDY_AUTHORED_PROBES=9234
2026-10-04T20:07:18.097Z t=108392 INFO [JS] GODMODE_STUDY_LIGHTMAP=static:1382;probeOnly:421;environmentOnly:1113
2026-10-04T20:07:18.839Z t=109134 INFO [JS] GODMODE_CRASH_SESSION=muu95i5y-10612
2026-10-04T20:07:18.839Z t=109135 INFO [JS] GODMODE_DISPLAY boot mode=3 fullscreen=true applied=false
2026-10-04T20:07:18.839Z t=109135 INFO [JS] GODMODE_CLIENT_LAUNCHED
2026-10-04T20:07:19.403Z t=109698 STATE fps=1 worstFrameMs=0 mem=0MB objects=49126 nodes=27110 orphans=0 resources=4551 serverTickMs=none seed=none progress="" enemies=0 player=none alive=none hp=none flying=false
2026-10-04T20:07:19.817Z t=110113 INFO [JS] GODMODE_CRASH_REPORT=failed result=13 status=0 session=muu92tje-42872 bytes=5333
2026-10-04T20:07:19.954Z t=110250 INFO [JS] GODMODE_ROGUELITE_LEVEL_BUILT=0:0
2026-10-04T20:07:23.034Z t=113329 INFO [JS] GODMODE_STREET_DRESSING=placements:235:cells:33:renderNodes:0:shrubShapes:0:shrubInstances:0:collisionShapes:162
2026-10-04T20:07:23.612Z t=113908 INFO [JS] GODMODE_SERVER_READY=local
2026-10-04T20:07:23.614Z t=113910 INFO [JS] GODMODE_PEER_CONNECTED=2
2026-10-04T20:07:23.837Z t=114132 INFO [JS] GODMODE_PEER_JOINED=2
2026-10-04T20:07:23.839Z t=114134 INFO [JS] GODMODE_ROGUELITE_SEED=D587EF44
2026-10-04T20:07:23.839Z t=114135 INFO [JS] GODMODE_ROGUELITE_PRIMARY=2:machineGun
2026-10-04T20:07:23.916Z t=114211 INFO [JS] GODMODE_SURVIVAL_MINUTE=0:rifleman:-
2026-10-04T20:07:23.920Z t=114215 INFO [JS] GODMODE_CLIENT_READY=2
2026-10-04T20:07:23.927Z t=114222 INFO [JS] GODMODE_FIRST_GAMEPLAY_FRAME=114222
2026-10-04T20:07:23.934Z t=114229 INFO [JS] GODMODE_STREAM_LIVE=18:1
2026-10-04T20:07:23.935Z t=114230 INFO [JS] GODMODE_STREAM_CHAT_EVENT=runStart
2026-10-04T20:07:23.940Z t=114236 WARN long frame: 4538 ms
2026-10-04T20:07:24.429Z t=114724 STATE fps=1 worstFrameMs=4538 mem=0MB objects=54780 nodes=31582 orphans=0 resources=4682 serverTickMs=1.4/72.3 seed=D587EF44 progress="survival 1 s · RIFLEMEN" enemies=0 player=-531.2,-16.5,-366.6 alive=true hp=100 flying=false
2026-10-04T20:07:25.402Z t=115697 INFO [JS] GODMODE_SYSTEM_ADMIN_SPAWNED=soldier-e1
