Godot Engine v4.6.1.stable.custom_build.14d19694e (2026-02-16 15:13:51 UTC) - https://godotengine.org
D3D12 12_0 - Forward+ - Using Device #0: AMD - AMD Radeon RX 9070 XT

[JSDebugger][Debug] devtools://devtools/bundled/inspector.html?v8only=true&ws=127.0.0.1:9229/1
GODOT_CLI_LOW_RES=640x360;scale:0.5;shadow:off;fps:30
GODOT_CLI_NO_LIGHTMAP=ambient:0.8;sun:retained
GODOT_CLI_LOW_TEXTURES=max:512;ui:authored
GODOT_CLI_PROFILE=cheap;lod:16;particles:0.25;map:collision-proxies
GODOT_CLI_TEXTURE_CAPPED=res://assets/maps/western_block/street-materials/metal-albedo.png:512x512
GODOT_CLI_TEXTURE_CAPPED=res://assets/maps/western_block/street-materials/metal-roughness.png:512x512
GODOT_CLI_TEXTURE_CAPPED=res://assets/maps/western_block/street-materials/metal-normal.png:512x512
GODOT_CLI_TEXTURE_CAPPED=res://assets/maps/western_block/street-materials/metal-detail-normal.png:512x512
GODOT_CLI_TEXTURE_CAPPED=res://assets/maps/car_garage/structures/concrete-albedo.png:512x512
GODOT_CLI_TEXTURE_CAPPED=res://assets/maps/car_garage/structures/concrete-roughness.png:512x512
GODOT_CLI_TEXTURE_CAPPED=res://assets/maps/car_garage/structures/concrete-normal.png:512x512
GODOT_CLI_TEXTURE_CAPPED=res://assets/maps/car_garage/structures/plaster-normal.png:512x256
[jsb][Debug] slow process JSRealm._load_module: 0.150626 s (modules\GodotJS\bridge\jsb_environment.cpp:1131)
[jsb][Debug] slow process JSRealm._require: 0.151436 s (modules\GodotJS\bridge\jsb_builtins.cpp:61)
[jsb][Debug] slow process JSRealm._load_module: 0.022354 s (modules\GodotJS\bridge\jsb_environment.cpp:1131)
[jsb][Debug] slow process JSRealm._require: 0.023136 s (modules\GodotJS\bridge\jsb_builtins.cpp:61)
[jsb][Debug] slow process JSRealm._load_module: 0.031842 s (modules\GodotJS\bridge\jsb_environment.cpp:1131)
[jsb][Debug] slow process JSRealm._require: 0.032687 s (modules\GodotJS\bridge\jsb_builtins.cpp:61)
[jsb][Debug] slow process JSRealm._load_module: 0.039769 s (modules\GodotJS\bridge\jsb_environment.cpp:1131)
[jsb][Debug] slow process JSRealm._require: 0.040359 s (modules\GodotJS\bridge\jsb_builtins.cpp:61)
[jsb][Debug] slow process JSRealm._load_module: 0.043238 s (modules\GodotJS\bridge\jsb_environment.cpp:1131)
[jsb][Debug] slow process JSRealm._require: 0.043855 s (modules\GodotJS\bridge\jsb_builtins.cpp:61)
[jsb][Debug] slow process JSRealm._load_module: 0.272233 s (modules\GodotJS\bridge\jsb_environment.cpp:1131)
[jsb][Debug] slow process JSRealm._require: 0.272891 s (modules\GodotJS\bridge\jsb_builtins.cpp:61)
[jsb][Debug] slow process JSRealm._load_module: 0.274785 s (modules\GodotJS\bridge\jsb_environment.cpp:1131)
[jsb][Debug] slow process JSRealm._require: 0.275369 s (modules\GodotJS\bridge\jsb_builtins.cpp:61)
[jsb][Debug] slow process JSRealm._load_module: 0.035691 s (modules\GodotJS\bridge\jsb_environment.cpp:1131)
[jsb][Debug] slow process JSRealm._require: 0.036493 s (modules\GodotJS\bridge\jsb_builtins.cpp:61)
[jsb][Debug] slow process JSRealm._load_module: 0.022420 s (modules\GodotJS\bridge\jsb_environment.cpp:1131)
[jsb][Debug] slow process JSRealm._require: 0.023096 s (modules\GodotJS\bridge\jsb_builtins.cpp:61)
[jsb][Debug] slow process JSRealm._load_module: 0.059934 s (modules\GodotJS\bridge\jsb_environment.cpp:1131)
[jsb][Debug] slow process JSRealm._require: 0.061112 s (modules\GodotJS\bridge\jsb_builtins.cpp:61)
[jsb][Debug] slow process JSRealm._load_module: 0.034753 s (modules\GodotJS\bridge\jsb_environment.cpp:1131)
[jsb][Debug] slow process JSRealm._require: 0.044332 s (modules\GodotJS\bridge\jsb_builtins.cpp:61)
[jsb][Debug] slow process JSRealm._load_module: 0.046594 s (modules\GodotJS\bridge\jsb_environment.cpp:1131)
[jsb][Debug] slow process JSRealm._require: 0.047172 s (modules\GodotJS\bridge\jsb_builtins.cpp:61)
[jsb][Debug] slow process JSRealm._load_module: 0.490037 s (modules\GodotJS\bridge\jsb_environment.cpp:1131)
[jsb][Debug] slow process JSRealm.load: 0.495546 s (modules\GodotJS\bridge\jsb_environment.cpp:1518)
[jsb][Debug] slow process GodotJSScript.load_module: 0.496152 s (modules\GodotJS\weaver\jsb_script.cpp:520)
[JS] GODMODE_LOG_FILE=C:\Users\Kam\AppData\Local\Temp\godot-cli\07c94f9740ac/logs/client-20261008-081034-6500.log
[JS] GODMODE_ARENA_PRELOAD=client:78
[JS] GODMODE_ARENA_PRELOAD=server:42
[JS] GODMODE_ROGUELITE_LEVEL_BUILT=0:0
[JS] GODMODE_ARENA_BUILD=client:prebuilt:load:0:instantiate:248:rehook:0:foliageMaterials:0
GODOT_CLI_TEXTURE_CAPPED=res://assets/characters/viewmodel/assault-rifle-arms-pbr-texture-1.jpg:512x512
GODOT_CLI_TEXTURE_CAPPED=res://assets/characters/viewmodel/assault-rifle-arms-pbr-texture-2.jpg:512x512
GODOT_CLI_TEXTURE_CAPPED=res://assets/characters/viewmodel/assault-rifle-arms-pbr-texture-0.jpg:512x512
GODOT_CLI_TEXTURE_CAPPED=res://assets/characters/viewmodel/assault-rifle-prop-pbr-texture-2.png:512x512
GODOT_CLI_TEXTURE_CAPPED=res://assets/characters/viewmodel/assault-rifle-prop-pbr-texture-3.png:512x512
GODOT_CLI_TEXTURE_CAPPED=res://assets/characters/viewmodel/assault-rifle-prop-pbr-texture-0.png:512x512
GODOT_CLI_TEXTURE_CAPPED=res://assets/characters/viewmodel/assault-rifle-prop-pbr-texture-1.png:512x512
GODOT_CLI_TEXTURE_CAPPED=res://assets/vfx/binbun_muzzle_flash/flash_front_01.png:512x512
GODOT_CLI_TEXTURE_CAPPED=res://assets/vfx/binbun_muzzle_flash/flash_side_01.png:512x512
GODOT_CLI_TEXTURE_CAPPED=res://assets/vfx/binbun_muzzle_flash/flash_long_01.png:512x512
GODOT_CLI_TEXTURE_CAPPED=res://assets/vfx/pyro/fire-32.png:256x512
GODOT_CLI_TEXTURE_CAPPED=res://assets/vfx/pyro/smoke-32.png:256x512
GODOT_CLI_TEXTURE_CAPPED=res://assets/maps/western_block/street-materials/paint-albedo.png:512x512
GODOT_CLI_TEXTURE_CAPPED=res://assets/maps/western_block/street-materials/paint-roughness.png:512x512
GODOT_CLI_TEXTURE_CAPPED=res://assets/maps/western_block/street-materials/paint-normal.png:512x512
GODOT_CLI_TEXTURE_CAPPED=res://assets/maps/western_block/street-materials/paint-detail-normal.png:512x512
GODOT_CLI_TEXTURE_CAPPED=res://assets/maps/western_block/street-materials/rubber-albedo.png:512x512
GODOT_CLI_TEXTURE_CAPPED=res://assets/maps/western_block/street-materials/rubber-roughness.png:512x512
GODOT_CLI_TEXTURE_CAPPED=res://assets/maps/western_block/street-materials/rubber-normal.png:512x512
GODOT_CLI_TEXTURE_CAPPED=res://assets/maps/western_block/street-materials/rubber-detail-normal.png:512x512
[JS] GODMODE_CRASH_REPORT=off
[JS] GODMODE_DISPLAY boot mode=3 fullscreen=true applied=false
[JS] GODMODE_CLIENT_LAUNCHED
GODOT_CLI_INSPECTION=http://127.0.0.1:52537/inspect
GODOT_CLI_TEXTURE_CAPPED=embedded:res://assets/aircraft/production/transport_texture_pbr_20250901.png:512x512
GODOT_CLI_TEXTURE_CAPPED=embedded:res://assets/aircraft/production/transport_texture_pbr_20250901_normal.png:512x512
GODOT_CLI_TEXTURE_CAPPED=embedded:res://assets/aircraft/production/transport_texture_pbr_20250901_metallic-texture_pbr_20250901_roughness.png:512x512
GODOT_CLI_TEXTURE_CAPPED=embedded::512x340
GODOT_CLI_TEXTURE_CAPPED=embedded:res://assets/enemies/production/rccar_texture_pbr_20250901.png:512x512
GODOT_CLI_TEXTURE_CAPPED=embedded:res://assets/enemies/production/rccar_texture_pbr_20250901_normal.png:512x512
GODOT_CLI_TEXTURE_CAPPED=embedded:res://assets/enemies/production/rccar_texture_pbr_20250901_metallic-texture_pbr_20250901_roughness.png:512x512
WARNING: Loaded resource as image file, this will not work on export: 'res://assets/vfx/cc0_bullet_decal/bullet_hole.png'. Instead, import the image file as an Image resource and load it normally as a resource.
   at: Image::load (core\io\image.cpp:2756)
   GDScript backtrace (most recent call first):
       [0] _load (res://tools/godot-cli/runner/low_texture_loader.gd:43)
[JS] GODMODE_ROGUELITE_LEVEL_BUILT=0:0
[JS] GODMODE_ARENA_BUILD=server:prebuilt:load:0:instantiate:166:rehook:0:foliageMaterials:0
[JS] GODMODE_SERVER_READY=local
[JS] GODMODE_PEER_CONNECTED=2
[JS] GODMODE_PEER_JOINED=2
[JS] GODMODE_ROGUELITE_SEED=BC8F1D5E
[JS] GODMODE_ROGUELITE_PRIMARY=2:machineGun
[JS] GODMODE_SURVIVAL_MINUTE=0:rifleman:-
[JS] GODMODE_CLIENT_READY=2
[JS] GODMODE_FIRST_GAMEPLAY_FRAME=3973
[JS] GODMODE_STREAM_LIVE=18:1
[JS] GODMODE_STREAM_CHAT_EVENT=runStart
GODOT_CLI_TEXTURE_CAPPED=res://assets/characters/mixamo/character-assault-pbr-texture-1.png:512x512
GODOT_CLI_TEXTURE_CAPPED=res://assets/characters/mixamo/character-assault-pbr-texture-2.png:512x512
GODOT_CLI_TEXTURE_CAPPED=res://assets/characters/mixamo/character-assault-pbr-texture-0.png:512x512
[JS] GODMODE_INFIMA_LOAD=machineGun:9
[JS] GODMODE_FIRST_PRESENTED_GAMEPLAY_FRAME=4148
[JS] GODMODE_ACTOR_COST={"id":"soldier-e1","visual":false,"ms":0.299}
[JS] GODMODE_SYSTEM_ADMIN_SPAWNED=soldier-e1
[JS] GODMODE_PATROL_PRESENTATION={"id":"soldier-e1","distance":21.902070999145508,"visible":false,"seenPast":""}
GODOT_CLI_TEXTURE_CAPPED=res://assets/characters/mixamo/character-enemy-rifle-pbr-texture-1.png:512x512
GODOT_CLI_TEXTURE_CAPPED=res://assets/characters/mixamo/character-enemy-rifle-pbr-texture-2.png:512x512
GODOT_CLI_TEXTURE_CAPPED=res://assets/characters/mixamo/character-enemy-rifle-pbr-texture-0.png:512x512
GODOT_CLI_TEXTURE_CAPPED=res://assets/maps/western_block/combat-materials/fabric-albedo.png:512x512
GODOT_CLI_TEXTURE_CAPPED=res://assets/maps/western_block/combat-materials/fabric-roughness.png:512x512
GODOT_CLI_TEXTURE_CAPPED=res://assets/maps/western_block/combat-materials/fabric-normal.png:512x512
[JS] GODMODE_ACTOR_COST={"id":"soldier-e1","visual":true,"ms":99.335}
[JS] GODMODE_SYSTEM_ADMIN_TARGET=soldier-e1:2
[JS] GODMODE_PATROL_PRESENTATION={"id":"soldier-e2","distance":301.1509704589844,"visible":false,"seenPast":""}
[JS] GODMODE_ACTOR_COST={"id":"soldier-e2","visual":true,"ms":0.777}
[JS] GODMODE_ACTOR_COST={"id":"soldier-e2","visual":false,"ms":0.11}
[JS] GODMODE_SYSTEM_ADMIN_SPAWNED=soldier-e2
[JS] GODMODE_SYSTEM_ADMIN_TARGET=soldier-e2:2
[JS] GODMODE_PATROL_PRESENTATION={"id":"soldier-e3","distance":21.89605140686035,"visible":false,"seenPast":""}
[JS] GODMODE_ACTOR_COST={"id":"soldier-e3","visual":true,"ms":0.72}
[JS] GODMODE_ACTOR_COST={"id":"soldier-e3","visual":false,"ms":0.117}
[JS] GODMODE_SYSTEM_ADMIN_SPAWNED=soldier-e3
[JS] GODMODE_SYSTEM_ADMIN_TARGET=soldier-e3:2
[JS] GODMODE_ACTOR_COST={"id":"soldier-e4","visual":false,"ms":0.142}
[JS] GODMODE_SYSTEM_ADMIN_SPAWNED=soldier-e4
[JS] GODMODE_PATROL_PRESENTATION={"id":"soldier-e4","distance":108.81609344482422,"visible":false,"seenPast":""}
[JS] GODMODE_ACTOR_COST={"id":"soldier-e4","visual":true,"ms":0.734}
[JS] GODMODE_SOLDIER_SHOT=soldier-e1:rifle:2:hit
[JS] GODMODE_FEEDBACK=damage
[JS] GODMODE_SOLDIER_SHOT=soldier-e1:rifle:2:miss
[JS] GODMODE_SOLDIER_SHOT=soldier-e1:rifle:2:hit
[JS] GODMODE_FEEDBACK=damage
[JS] GODMODE_SOLDIER_SHOT=soldier-e1:rifle:2:miss
[JS] GODMODE_SYSTEM_ADMIN_TARGET=soldier-e4:2
[JS] GODMODE_ACTOR_COST={"id":"soldier-e5","visual":false,"ms":0.139}
[JS] GODMODE_SYSTEM_ADMIN_SPAWNED=soldier-e5
[JS] GODMODE_SOLDIER_SHOT=soldier-e1:rifle:2:miss
[JS] GODMODE_PATROL_PRESENTATION={"id":"soldier-e5","distance":21.902070999145508,"visible":false,"seenPast":""}
[JS] GODMODE_ACTOR_COST={"id":"soldier-e5","visual":true,"ms":0.643}
[JS] GODMODE_DEBUG_COMMAND=invincible:ok
[JS] GODMODE_ROGUELITE_PAUSED=true:pause-menu
[JS] GODMODE_STREAM_CHAT_EVENT=tip
[JS] GODMODE_TIPBOT=tip:New donation from chat.
[JS] GODMODE_ROGUELITE_PAUSED=false:pause-menu
[JS] GODMODE_SYSTEM_ADMIN_TARGET=soldier-e5:2
[JS] GODMODE_ACTOR_COST={"id":"soldier-e6","visual":false,"ms":0.132}
[JS] GODMODE_SYSTEM_ADMIN_SPAWNED=soldier-e6
[JS] GODMODE_PATROL_PRESENTATION={"id":"soldier-e6","distance":214.45973205566406,"visible":false,"seenPast":""}
[JS] GODMODE_ACTOR_COST={"id":"soldier-e6","visual":true,"ms":0.681}
[JS] GODMODE_SYSTEM_ADMIN_TARGET=soldier-e6:2
[JS] GODMODE_ACTOR_COST={"id":"soldier-e7","visual":false,"ms":0.109}
[JS] GODMODE_SYSTEM_ADMIN_SPAWNED=soldier-e7
[JS] GODMODE_PATROL_PRESENTATION={"id":"soldier-e7","distance":21.902070999145508,"visible":false,"seenPast":""}
[JS] GODMODE_ACTOR_COST={"id":"soldier-e7","visual":true,"ms":0.597}
[JS] GODMODE_SOLDIER_SHOT=soldier-e3:rifle:2:miss
[JS] GODMODE_SOLDIER_SHOT=soldier-e3:rifle:2:miss
[JS] GODMODE_SOLDIER_SHOT=soldier-e3:rifle:2:hit
[JS] GODMODE_SOLDIER_SHOT=soldier-e3:rifle:2:miss
[JS] GODMODE_SYSTEM_ADMIN_TARGET=soldier-e7:2
ERROR: FATAL: Condition "!(object_handle->ref_count_ > 0)" is true.
   at: jsb::Environment::reference_object (modules\GodotJS\bridge\jsb_environment.cpp:963)
