Godot Engine v4.6.1.stable.custom_build.14d19694e (2026-02-16 15:13:51 UTC) - https://godotengine.org
D3D12 12_0 - Forward+ - Using Device #0: AMD - AMD Radeon RX 9070 XT

[JSDebugger][Debug] devtools://devtools/bundled/inspector.html?v8only=true&ws=127.0.0.1:9229/1
GODOT_CLI_LOW_RES=640x360;scale:0.5;shadow:off;fps:30
GODOT_CLI_NO_LIGHTMAP=ambient:0.8;sun:retained
GODOT_CLI_LOW_TEXTURES=max:512;ui:authored
GODOT_CLI_PROFILE=cheap;lod:16;particles:0.25;map:collision-proxies
GODOT_CLI_TEXTURE_CAPPED=res://assets/maps/western_block/street-materials/metal-albedo.png:512x512
GODOT_CLI_TEXTURE_CAPPED=res://assets/maps/western_block/street-materials/metal-roughness.png:512x512
GODOT_CLI_TEXTURE_CAPPED=res://assets/maps/western_block/street-materials/metal-normal.png:512x512
GODOT_CLI_TEXTURE_CAPPED=res://assets/maps/western_block/street-materials/metal-detail-normal.png:512x512
GODOT_CLI_TEXTURE_CAPPED=res://assets/maps/car_garage/structures/concrete-albedo.png:512x512
GODOT_CLI_TEXTURE_CAPPED=res://assets/maps/car_garage/structures/concrete-roughness.png:512x512
GODOT_CLI_TEXTURE_CAPPED=res://assets/maps/car_garage/structures/concrete-normal.png:512x512
GODOT_CLI_TEXTURE_CAPPED=res://assets/maps/car_garage/structures/plaster-normal.png:512x256
[jsb][Debug] slow process JSRealm._load_module: 0.122727 s (modules\GodotJS\bridge\jsb_environment.cpp:1131)
[jsb][Debug] slow process JSRealm._require: 0.123344 s (modules\GodotJS\bridge\jsb_builtins.cpp:61)
[jsb][Debug] slow process JSRealm._load_module: 0.020734 s (modules\GodotJS\bridge\jsb_environment.cpp:1131)
[jsb][Debug] slow process JSRealm._require: 0.021409 s (modules\GodotJS\bridge\jsb_builtins.cpp:61)
[jsb][Debug] slow process JSRealm._load_module: 0.022872 s (modules\GodotJS\bridge\jsb_environment.cpp:1131)
[jsb][Debug] slow process JSRealm._require: 0.023487 s (modules\GodotJS\bridge\jsb_builtins.cpp:61)
[jsb][Debug] slow process JSRealm._load_module: 0.032379 s (modules\GodotJS\bridge\jsb_environment.cpp:1131)
[jsb][Debug] slow process JSRealm._require: 0.033033 s (modules\GodotJS\bridge\jsb_builtins.cpp:61)
[jsb][Debug] slow process JSRealm._load_module: 0.038530 s (modules\GodotJS\bridge\jsb_environment.cpp:1131)
[jsb][Debug] slow process JSRealm._require: 0.039340 s (modules\GodotJS\bridge\jsb_builtins.cpp:61)
[jsb][Debug] slow process JSRealm._load_module: 0.046372 s (modules\GodotJS\bridge\jsb_environment.cpp:1131)
[jsb][Debug] slow process JSRealm._require: 0.047011 s (modules\GodotJS\bridge\jsb_builtins.cpp:61)
[jsb][Debug] slow process JSRealm._load_module: 0.050120 s (modules\GodotJS\bridge\jsb_environment.cpp:1131)
[jsb][Debug] slow process JSRealm._require: 0.050827 s (modules\GodotJS\bridge\jsb_builtins.cpp:61)
[jsb][Debug] slow process JSRealm._load_module: 0.278726 s (modules\GodotJS\bridge\jsb_environment.cpp:1131)
[jsb][Debug] slow process JSRealm._require: 0.279486 s (modules\GodotJS\bridge\jsb_builtins.cpp:61)
[jsb][Debug] slow process JSRealm._load_module: 0.282133 s (modules\GodotJS\bridge\jsb_environment.cpp:1131)
[jsb][Debug] slow process JSRealm._require: 0.282878 s (modules\GodotJS\bridge\jsb_builtins.cpp:61)
[jsb][Debug] slow process JSRealm._load_module: 0.052184 s (modules\GodotJS\bridge\jsb_environment.cpp:1131)
[jsb][Debug] slow process JSRealm._require: 0.052929 s (modules\GodotJS\bridge\jsb_builtins.cpp:61)
[jsb][Debug] slow process JSRealm._load_module: 0.032263 s (modules\GodotJS\bridge\jsb_environment.cpp:1131)
[jsb][Debug] slow process JSRealm._require: 0.036210 s (modules\GodotJS\bridge\jsb_builtins.cpp:61)
[jsb][Debug] slow process JSRealm._load_module: 0.095831 s (modules\GodotJS\bridge\jsb_environment.cpp:1131)
[jsb][Debug] slow process JSRealm._require: 0.096710 s (modules\GodotJS\bridge\jsb_builtins.cpp:61)
[jsb][Debug] slow process JSRealm._load_module: 0.020417 s (modules\GodotJS\bridge\jsb_environment.cpp:1131)
[jsb][Debug] slow process JSRealm._require: 0.022269 s (modules\GodotJS\bridge\jsb_builtins.cpp:61)
[jsb][Debug] slow process JSRealm._load_module: 0.051912 s (modules\GodotJS\bridge\jsb_environment.cpp:1131)
[jsb][Debug] slow process JSRealm._require: 0.052766 s (modules\GodotJS\bridge\jsb_builtins.cpp:61)
[jsb][Debug] slow process JSRealm._load_module: 0.055120 s (modules\GodotJS\bridge\jsb_environment.cpp:1131)
[jsb][Debug] slow process JSRealm._require: 0.067228 s (modules\GodotJS\bridge\jsb_builtins.cpp:61)
[jsb][Debug] slow process JSRealm._load_module: 0.597524 s (modules\GodotJS\bridge\jsb_environment.cpp:1131)
[jsb][Debug] slow process JSRealm.load: 0.599646 s (modules\GodotJS\bridge\jsb_environment.cpp:1518)
[jsb][Debug] slow process GodotJSScript.load_module: 0.600339 s (modules\GodotJS\weaver\jsb_script.cpp:520)
[JS] GODMODE_LOG_FILE=C:\Users\Kam\AppData\Local\Temp\godot-cli\07c94f9740ac/logs/client-20261008-081103-2560.log
[JS] GODMODE_ARENA_PRELOAD=client:101
[JS] GODMODE_ARENA_PRELOAD=server:46
[JS] GODMODE_ROGUELITE_LEVEL_BUILT=0:0
[JS] GODMODE_ARENA_BUILD=client:prebuilt:load:0:instantiate:288:rehook:0:foliageMaterials:0
GODOT_CLI_TEXTURE_CAPPED=res://assets/characters/viewmodel/assault-rifle-arms-pbr-texture-1.jpg:512x512
GODOT_CLI_TEXTURE_CAPPED=res://assets/characters/viewmodel/assault-rifle-arms-pbr-texture-2.jpg:512x512
GODOT_CLI_TEXTURE_CAPPED=res://assets/characters/viewmodel/assault-rifle-arms-pbr-texture-0.jpg:512x512
GODOT_CLI_TEXTURE_CAPPED=res://assets/characters/viewmodel/assault-rifle-prop-pbr-texture-2.png:512x512
GODOT_CLI_TEXTURE_CAPPED=res://assets/characters/viewmodel/assault-rifle-prop-pbr-texture-3.png:512x512
GODOT_CLI_TEXTURE_CAPPED=res://assets/characters/viewmodel/assault-rifle-prop-pbr-texture-0.png:512x512
GODOT_CLI_TEXTURE_CAPPED=res://assets/characters/viewmodel/assault-rifle-prop-pbr-texture-1.png:512x512
GODOT_CLI_TEXTURE_CAPPED=res://assets/vfx/binbun_muzzle_flash/flash_front_01.png:512x512
GODOT_CLI_TEXTURE_CAPPED=res://assets/vfx/binbun_muzzle_flash/flash_side_01.png:512x512
GODOT_CLI_TEXTURE_CAPPED=res://assets/vfx/binbun_muzzle_flash/flash_long_01.png:512x512
GODOT_CLI_TEXTURE_CAPPED=res://assets/vfx/pyro/fire-32.png:256x512
GODOT_CLI_TEXTURE_CAPPED=res://assets/vfx/pyro/smoke-32.png:256x512
GODOT_CLI_TEXTURE_CAPPED=res://assets/maps/western_block/street-materials/paint-albedo.png:512x512
GODOT_CLI_TEXTURE_CAPPED=res://assets/maps/western_block/street-materials/paint-roughness.png:512x512
GODOT_CLI_TEXTURE_CAPPED=res://assets/maps/western_block/street-materials/paint-normal.png:512x512
GODOT_CLI_TEXTURE_CAPPED=res://assets/maps/western_block/street-materials/paint-detail-normal.png:512x512
GODOT_CLI_TEXTURE_CAPPED=res://assets/maps/western_block/street-materials/rubber-albedo.png:512x512
GODOT_CLI_TEXTURE_CAPPED=res://assets/maps/western_block/street-materials/rubber-roughness.png:512x512
GODOT_CLI_TEXTURE_CAPPED=res://assets/maps/western_block/street-materials/rubber-normal.png:512x512
GODOT_CLI_TEXTURE_CAPPED=res://assets/maps/western_block/street-materials/rubber-detail-normal.png:512x512
[JS] GODMODE_CRASH_REPORT=off
[JS] GODMODE_DISPLAY boot mode=3 fullscreen=true applied=false
[JS] GODMODE_CLIENT_LAUNCHED
GODOT_CLI_INSPECTION=http://127.0.0.1:52580/inspect
GODOT_CLI_TEXTURE_CAPPED=embedded:res://assets/aircraft/production/transport_texture_pbr_20250901.png:512x512
GODOT_CLI_TEXTURE_CAPPED=embedded:res://assets/aircraft/production/transport_texture_pbr_20250901_normal.png:512x512
GODOT_CLI_TEXTURE_CAPPED=embedded:res://assets/aircraft/production/transport_texture_pbr_20250901_metallic-texture_pbr_20250901_roughness.png:512x512
GODOT_CLI_TEXTURE_CAPPED=embedded::512x340
GODOT_CLI_TEXTURE_CAPPED=embedded:res://assets/enemies/production/rccar_texture_pbr_20250901.png:512x512
GODOT_CLI_TEXTURE_CAPPED=embedded:res://assets/enemies/production/rccar_texture_pbr_20250901_normal.png:512x512
GODOT_CLI_TEXTURE_CAPPED=embedded:res://assets/enemies/production/rccar_texture_pbr_20250901_metallic-texture_pbr_20250901_roughness.png:512x512
WARNING: Loaded resource as image file, this will not work on export: 'res://assets/vfx/cc0_bullet_decal/bullet_hole.png'. Instead, import the image file as an Image resource and load it normally as a resource.
   at: Image::load (core\io\image.cpp:2756)
   GDScript backtrace (most recent call first):
       [0] _load (res://tools/godot-cli/runner/low_texture_loader.gd:43)
[JS] GODMODE_ROGUELITE_LEVEL_BUILT=0:0
[JS] GODMODE_ARENA_BUILD=server:prebuilt:load:0:instantiate:204:rehook:0:foliageMaterials:0
[JS] GODMODE_SERVER_READY=local
[JS] GODMODE_PEER_CONNECTED=2
[JS] GODMODE_PEER_JOINED=2
[JS] GODMODE_ROGUELITE_SEED=5938B0B6
[JS] GODMODE_ROGUELITE_PRIMARY=2:machineGun
[JS] GODMODE_SURVIVAL_MINUTE=0:rifleman:-
[JS] GODMODE_CLIENT_READY=2
[JS] GODMODE_FIRST_GAMEPLAY_FRAME=5589
[JS] GODMODE_STREAM_LIVE=18:1
[JS] GODMODE_STREAM_CHAT_EVENT=runStart
GODOT_CLI_TEXTURE_CAPPED=res://assets/characters/mixamo/character-assault-pbr-texture-1.png:512x512
GODOT_CLI_TEXTURE_CAPPED=res://assets/characters/mixamo/character-assault-pbr-texture-2.png:512x512
GODOT_CLI_TEXTURE_CAPPED=res://assets/characters/mixamo/character-assault-pbr-texture-0.png:512x512
[JS] GODMODE_INFIMA_LOAD=machineGun:10
[JS] GODMODE_FIRST_PRESENTED_GAMEPLAY_FRAME=5806
[JS] GODMODE_ACTOR_COST={"id":"soldier-e1","visual":false,"ms":0.423}
[JS] GODMODE_SYSTEM_ADMIN_SPAWNED=soldier-e1
[JS] GODMODE_PATROL_PRESENTATION={"id":"soldier-e1","distance":103.39493560791016,"visible":false,"seenPast":""}
GODOT_CLI_TEXTURE_CAPPED=res://assets/characters/mixamo/character-enemy-rifle-pbr-texture-1.png:512x512
GODOT_CLI_TEXTURE_CAPPED=res://assets/characters/mixamo/character-enemy-rifle-pbr-texture-2.png:512x512
GODOT_CLI_TEXTURE_CAPPED=res://assets/characters/mixamo/character-enemy-rifle-pbr-texture-0.png:512x512
GODOT_CLI_TEXTURE_CAPPED=res://assets/maps/western_block/combat-materials/fabric-albedo.png:512x512
GODOT_CLI_TEXTURE_CAPPED=res://assets/maps/western_block/combat-materials/fabric-roughness.png:512x512
GODOT_CLI_TEXTURE_CAPPED=res://assets/maps/western_block/combat-materials/fabric-normal.png:512x512
[JS] GODMODE_ACTOR_COST={"id":"soldier-e1","visual":true,"ms":113.579}
[JS] GODMODE_SYSTEM_ADMIN_TARGET=soldier-e1:2
[JS] GODMODE_PATROL_PRESENTATION={"id":"soldier-e2","distance":342.28240966796875,"visible":false,"seenPast":""}
[JS] GODMODE_ACTOR_COST={"id":"soldier-e2","visual":true,"ms":1.671}
[JS] GODMODE_ACTOR_COST={"id":"soldier-e2","visual":false,"ms":0.145}
[JS] GODMODE_SYSTEM_ADMIN_SPAWNED=soldier-e2
[JS] GODMODE_DEBUG_COMMAND=invincible:ok
[JS] GODMODE_SYSTEM_ADMIN_TARGET=soldier-e2:2
[JS] GODMODE_ROGUELITE_PAUSED=true:pause-menu
[JS] GODMODE_STREAM_CHAT_EVENT=tip
[JS] GODMODE_TIPBOT=tip:New donation from chat.
[JS] GODMODE_ROGUELITE_PAUSED=false:pause-menu
[JS] GODMODE_ACTOR_COST={"id":"soldier-e3","visual":false,"ms":0.154}
[JS] GODMODE_SYSTEM_ADMIN_SPAWNED=soldier-e3
[JS] GODMODE_PATROL_PRESENTATION={"id":"soldier-e3","distance":105.68177032470703,"visible":false,"seenPast":""}
[JS] GODMODE_ACTOR_COST={"id":"soldier-e3","visual":true,"ms":0.762}
[JS] GODMODE_SYSTEM_ADMIN_TARGET=soldier-e3:2
[JS] GODMODE_ACTOR_COST={"id":"soldier-e4","visual":false,"ms":0.153}
[JS] GODMODE_SYSTEM_ADMIN_SPAWNED=soldier-e4
[JS] GODMODE_PATROL_PRESENTATION={"id":"soldier-e4","distance":98.67207336425781,"visible":false,"seenPast":""}
[JS] GODMODE_ACTOR_COST={"id":"soldier-e4","visual":true,"ms":0.983}
[JS] GODMODE_SYSTEM_ADMIN_TARGET=soldier-e4:2
[JS] GODMODE_PATROL_PRESENTATION={"id":"soldier-e5","distance":147.9225311279297,"visible":false,"seenPast":""}
[JS] GODMODE_ACTOR_COST={"id":"soldier-e5","visual":true,"ms":0.789}
[JS] GODMODE_ACTOR_COST={"id":"soldier-e5","visual":false,"ms":0.103}
[JS] GODMODE_SYSTEM_ADMIN_SPAWNED=soldier-e5
[JS] GODMODE_SYSTEM_ADMIN_TARGET=soldier-e5:2
[JS] GODMODE_ACTOR_COST={"id":"soldier-e6","visual":false,"ms":0.16}
[JS] GODMODE_SYSTEM_ADMIN_SPAWNED=soldier-e6
[JS] GODMODE_PATROL_PRESENTATION={"id":"soldier-e6","distance":321.3009948730469,"visible":false,"seenPast":""}
[JS] GODMODE_ACTOR_COST={"id":"soldier-e6","visual":true,"ms":0.674}
[JS] GODMODE_SYSTEM_ADMIN_TARGET=soldier-e6:2
[JS] GODMODE_PATROL_PRESENTATION={"id":"soldier-e7","distance":100.40763092041016,"visible":false,"seenPast":""}
[JS] GODMODE_ACTOR_COST={"id":"soldier-e7","visual":true,"ms":0.725}
[JS] GODMODE_ACTOR_COST={"id":"soldier-e7","visual":false,"ms":0.075}
[JS] GODMODE_SYSTEM_ADMIN_SPAWNED=soldier-e7
[JS] GODMODE_SYSTEM_ADMIN_TARGET=soldier-e7:2
[JS] GODMODE_PATROL_PRESENTATION={"id":"soldier-e8","distance":266.1849365234375,"visible":false,"seenPast":""}
[JS] GODMODE_ACTOR_COST={"id":"soldier-e8","visual":true,"ms":1.008}
[JS] GODMODE_ACTOR_COST={"id":"soldier-e8","visual":false,"ms":0.107}
[JS] GODMODE_SYSTEM_ADMIN_SPAWNED=soldier-e8
[JS] GODMODE_SYSTEM_ADMIN_TARGET=soldier-e8:2
[JS] GODMODE_ACTOR_COST={"id":"soldier-e9","visual":false,"ms":0.158}
[JS] GODMODE_SYSTEM_ADMIN_SPAWNED=soldier-e9
[JS] GODMODE_PATROL_PRESENTATION={"id":"soldier-e9","distance":120.28157043457031,"visible":false,"seenPast":""}
[JS] GODMODE_ACTOR_COST={"id":"soldier-e9","visual":true,"ms":0.731}
[JS] GODMODE_SYSTEM_ADMIN_TARGET=soldier-e9:2
[JS] GODMODE_ACTOR_COST={"id":"soldier-e10","visual":false,"ms":0.111}
[JS] GODMODE_SYSTEM_ADMIN_SPAWNED=soldier-e10
[JS] GODMODE_PATROL_PRESENTATION={"id":"soldier-e10","distance":98.33256530761719,"visible":false,"seenPast":""}
[JS] GODMODE_ACTOR_COST={"id":"soldier-e10","visual":true,"ms":0.607}
[JS] GODMODE_SYSTEM_ADMIN_TARGET=soldier-e10:2
[JS] GODMODE_ACTOR_COST={"id":"soldier-e11","visual":false,"ms":0.201}
[JS] GODMODE_SYSTEM_ADMIN_SPAWNED=soldier-e11
[JS] GODMODE_PATROL_PRESENTATION={"id":"soldier-e11","distance":76.6617431640625,"visible":false,"seenPast":""}
[JS] GODMODE_ACTOR_COST={"id":"soldier-e11","visual":true,"ms":0.642}
[JS] GODMODE_SYSTEM_ADMIN_TARGET=soldier-e11:2
[JS] GODMODE_ACTOR_COST={"id":"soldier-e12","visual":false,"ms":0.113}
[JS] GODMODE_SYSTEM_ADMIN_SPAWNED=soldier-e12
[JS] GODMODE_PATROL_PRESENTATION={"id":"soldier-e12","distance":136.212158203125,"visible":false,"seenPast":""}
[JS] GODMODE_ACTOR_COST={"id":"soldier-e12","visual":true,"ms":0.547}
[JS] GODMODE_SYSTEM_ADMIN_TARGET=soldier-e12:2
[JS] GODMODE_ACTOR_COST={"id":"soldier-e13","visual":false,"ms":0.119}
[JS] GODMODE_SYSTEM_ADMIN_SPAWNED=soldier-e13
[JS] GODMODE_PATROL_PRESENTATION={"id":"soldier-e13","distance":101.92134094238281,"visible":false,"seenPast":""}
[JS] GODMODE_ACTOR_COST={"id":"soldier-e13","visual":true,"ms":0.559}
ERROR: FATAL: Condition "!(object_handle->ref_count_ > 0)" is true.
   at: jsb::Environment::reference_object (modules\GodotJS\bridge\jsb_environment.cpp:963)
