2026-10-04T20:05:21.718Z t=865 INFO client log opened pid=27348 build=release executable=D:/work/loadtime-exports/after/BattleDuty-aimbot.exe args=["--fixture","roguelite"]
2026-10-04T20:05:21.718Z t=865 INFO engine=4.6.1-stable (custom_build) build=release commit=f2ff1037b636 branch=HEAD built=2026-10-04T19:59:33.357Z
2026-10-04T20:05:21.718Z t=865 INFO os=Windows 10.0.19045 cpu="AMD Ryzen 7 9800X3D 8-Core Processor" cores=16 locale=en_US
2026-10-04T20:05:21.718Z t=865 INFO gpu="AMD Radeon RX 9070 XT" vendor="AMD" api=12_0 driver=d3d12 method=forward_plus
2026-10-04T20:05:21.718Z t=865 INFO godot's own log: C:/Users/Kam/AppData/Roaming/Godot/app_userdata/Godmode.exe/logs/godot.log
2026-10-04T20:05:21.718Z t=865 INFO [JS] GODMODE_LOG_FILE=D:/work/loadtime-exports/after/logs/client-20261004-200521-27348.log
2026-10-04T20:05:21.719Z t=866 INFO [JS] GODMODE_ROGUELITE_LEVEL_BUILT=0:0
2026-10-04T20:05:25.260Z t=4407 INFO [JS] GODMODE_ARENA_BUILD=client:prebuilt:load:1852:instantiate:236:expand:1347:rehook:107:expandedVertices:15120000:foliageMaterials:2
2026-10-04T20:05:26.034Z t=5181 INFO [JS] GODMODE_CRASH_SESSION=muu9334h-27348
2026-10-04T20:05:26.035Z t=5182 INFO [JS] GODMODE_DISPLAY boot mode=3 fullscreen=true applied=false
2026-10-04T20:05:26.035Z t=5182 INFO [JS] GODMODE_CLIENT_LAUNCHED
2026-10-04T20:05:26.547Z t=5694 STATE fps=1 worstFrameMs=0 mem=0MB objects=48110 nodes=27110 orphans=0 resources=17233 serverTickMs=none seed=none progress="" enemies=0 player=none alive=none hp=none flying=false
2026-10-04T20:05:26.716Z t=5863 INFO [JS] GODMODE_ROGUELITE_LEVEL_BUILT=0:0
2026-10-04T20:05:26.877Z t=6024 INFO [JS] GODMODE_ARENA_BUILD=server:prebuilt:load:0:instantiate:161:expand:0:rehook:0:expandedVertices:0:foliageMaterials:0
2026-10-04T20:05:27.087Z t=6234 INFO [JS] GODMODE_SERVER_READY=local
2026-10-04T20:05:27.089Z t=6236 INFO [JS] GODMODE_PEER_CONNECTED=2
2026-10-04T20:05:27.303Z t=6450 INFO [JS] GODMODE_CRASH_REPORT=sent result=0 status=200 session=muu90h8y-29524 bytes=3638
2026-10-04T20:05:27.306Z t=6453 INFO [JS] GODMODE_FIRST_GAMEPLAY_FRAME=6453
2026-10-04T20:05:27.311Z t=6458 WARN long frame: 637 ms
2026-10-04T20:05:27.337Z t=6484 INFO [JS] GODMODE_PEER_JOINED=2
2026-10-04T20:05:27.339Z t=6486 INFO [JS] GODMODE_ROGUELITE_SEED=FC4C78C0
2026-10-04T20:05:27.339Z t=6487 INFO [JS] GODMODE_ROGUELITE_PRIMARY=2:machineGun
2026-10-04T20:05:27.410Z t=6557 INFO [JS] GODMODE_SURVIVAL_MINUTE=0:rifleman:-
2026-10-04T20:05:27.412Z t=6560 INFO [JS] GODMODE_CLIENT_READY=2
2026-10-04T20:05:27.471Z t=6618 INFO [JS] GODMODE_STREAM_LIVE=18:1
2026-10-04T20:05:27.472Z t=6619 INFO [JS] GODMODE_STREAM_CHAT_EVENT=runStart
2026-10-04T20:05:28.862Z t=8009 INFO [JS] GODMODE_SYSTEM_ADMIN_SPAWNED=soldier-e1
