2026-10-04T20:07:27.098Z t=621 INFO client log opened pid=13944 build=release executable=D:/work/loadtime-exports/after/BattleDuty-aimbot.exe args=["--fixture","roguelite"]
2026-10-04T20:07:27.098Z t=621 INFO engine=4.6.1-stable (custom_build) build=release commit=f2ff1037b636 branch=HEAD built=2026-10-04T19:59:33.357Z
2026-10-04T20:07:27.098Z t=621 INFO os=Windows 10.0.19045 cpu="AMD Ryzen 7 9800X3D 8-Core Processor" cores=16 locale=en_US
2026-10-04T20:07:27.098Z t=621 INFO gpu="AMD Radeon RX 9070 XT" vendor="AMD" api=12_0 driver=d3d12 method=forward_plus
2026-10-04T20:07:27.098Z t=621 INFO godot's own log: C:/Users/Kam/AppData/Roaming/Godot/app_userdata/Godmode.exe/logs/godot.log
2026-10-04T20:07:27.098Z t=621 INFO [JS] GODMODE_LOG_FILE=D:/work/loadtime-exports/after/logs/client-20261004-200727-13944.log
2026-10-04T20:07:27.099Z t=623 INFO [JS] GODMODE_ROGUELITE_LEVEL_BUILT=0:0
2026-10-04T20:07:30.712Z t=4235 INFO [JS] GODMODE_ARENA_BUILD=client:prebuilt:load:1853:instantiate:254:expand:1410:rehook:95:expandedVertices:15120000:foliageMaterials:2
2026-10-04T20:07:31.530Z t=5054 INFO [JS] GODMODE_CRASH_SESSION=muu95ryi-13944
2026-10-04T20:07:31.531Z t=5055 INFO [JS] GODMODE_DISPLAY boot mode=3 fullscreen=true applied=false
2026-10-04T20:07:31.531Z t=5055 INFO [JS] GODMODE_CLIENT_LAUNCHED
2026-10-04T20:07:32.086Z t=5609 INFO [JS] GODMODE_CRASH_REPORT=sent result=0 status=200 session=muu9334h-27348 bytes=3693
2026-10-04T20:07:32.089Z t=5612 STATE fps=1 worstFrameMs=0 mem=0MB objects=48101 nodes=27108 orphans=0 resources=17233 serverTickMs=none seed=none progress="" enemies=0 player=none alive=none hp=none flying=false
2026-10-04T20:07:32.233Z t=5756 INFO [JS] GODMODE_ROGUELITE_LEVEL_BUILT=0:0
2026-10-04T20:07:32.403Z t=5926 INFO [JS] GODMODE_ARENA_BUILD=server:prebuilt:load:0:instantiate:170:expand:0:rehook:0:expandedVertices:0:foliageMaterials:0
2026-10-04T20:07:32.613Z t=6136 INFO [JS] GODMODE_SERVER_READY=local
2026-10-04T20:07:32.615Z t=6138 INFO [JS] GODMODE_PEER_CONNECTED=2
2026-10-04T20:07:32.834Z t=6357 INFO [JS] GODMODE_PEER_JOINED=2
2026-10-04T20:07:32.836Z t=6360 INFO [JS] GODMODE_ROGUELITE_SEED=1D72421A
2026-10-04T20:07:32.837Z t=6360 INFO [JS] GODMODE_ROGUELITE_PRIMARY=2:machineGun
2026-10-04T20:07:32.917Z t=6440 INFO [JS] GODMODE_SURVIVAL_MINUTE=0:rifleman:-
2026-10-04T20:07:32.921Z t=6444 INFO [JS] GODMODE_CLIENT_READY=2
2026-10-04T20:07:32.925Z t=6449 INFO [JS] GODMODE_FIRST_GAMEPLAY_FRAME=6449
2026-10-04T20:07:32.932Z t=6456 INFO [JS] GODMODE_STREAM_LIVE=18:1
2026-10-04T20:07:32.933Z t=6456 INFO [JS] GODMODE_STREAM_CHAT_EVENT=runStart
2026-10-04T20:07:32.939Z t=6462 WARN long frame: 761 ms
2026-10-04T20:07:34.466Z t=7989 INFO [JS] GODMODE_SYSTEM_ADMIN_SPAWNED=soldier-e1
2026-10-04T20:07:35.154Z t=8677 INFO [JS] GODMODE_SYSTEM_ADMIN_TARGET=soldier-e1:2
