2026-10-04T20:03:19.934Z t=775 INFO client log opened pid=29524 build=release executable=D:/work/loadtime-exports/after/BattleDuty-aimbot.exe args=["--fixture","roguelite"]
2026-10-04T20:03:19.935Z t=776 INFO engine=4.6.1-stable (custom_build) build=release commit=f2ff1037b636 branch=HEAD built=2026-10-04T19:59:33.357Z
2026-10-04T20:03:19.935Z t=776 INFO os=Windows 10.0.19045 cpu="AMD Ryzen 7 9800X3D 8-Core Processor" cores=16 locale=en_US
2026-10-04T20:03:19.935Z t=776 INFO gpu="AMD Radeon RX 9070 XT" vendor="AMD" api=12_0 driver=d3d12 method=forward_plus
2026-10-04T20:03:19.935Z t=776 INFO godot's own log: C:/Users/Kam/AppData/Roaming/Godot/app_userdata/Godmode.exe/logs/godot.log
2026-10-04T20:03:19.935Z t=776 INFO [JS] GODMODE_LOG_FILE=D:/work/loadtime-exports/after/logs/client-20261004-200319-29524.log
2026-10-04T20:03:19.936Z t=777 INFO [JS] GODMODE_ROGUELITE_LEVEL_BUILT=0:0
2026-10-04T20:03:23.512Z t=4353 INFO [JS] GODMODE_ARENA_BUILD=client:prebuilt:load:1869:instantiate:261:expand:1356:rehook:90:expandedVertices:15120000:foliageMaterials:2
2026-10-04T20:03:24.370Z t=5211 INFO [JS] GODMODE_CRASH_SESSION=muu90h8y-29524
2026-10-04T20:03:24.371Z t=5212 INFO [JS] GODMODE_DISPLAY boot mode=3 fullscreen=true applied=false
2026-10-04T20:03:24.372Z t=5212 INFO [JS] GODMODE_CLIENT_LAUNCHED
2026-10-04T20:03:25.142Z t=5983 INFO [JS] GODMODE_CRASH_REPORT=sent result=0 status=200 session=muu709ld-3956 bytes=3991
2026-10-04T20:03:25.183Z t=6024 INFO [JS] GODMODE_ROGUELITE_LEVEL_BUILT=0:0
2026-10-04T20:03:25.348Z t=6189 INFO [JS] GODMODE_ARENA_BUILD=server:prebuilt:load:0:instantiate:165:expand:0:rehook:0:expandedVertices:0:foliageMaterials:0
2026-10-04T20:03:25.532Z t=6373 INFO [JS] GODMODE_SERVER_READY=local
2026-10-04T20:03:25.533Z t=6374 INFO [JS] GODMODE_PEER_CONNECTED=2
2026-10-04T20:03:25.752Z t=6593 INFO [JS] GODMODE_FIRST_GAMEPLAY_FRAME=6593
2026-10-04T20:03:25.756Z t=6597 STATE fps=1 worstFrameMs=0 mem=0MB objects=52499 nodes=31345 orphans=0 resources=17260 serverTickMs=0.0/0.0 seed=none progress="" enemies=0 player=none alive=none hp=none flying=false
2026-10-04T20:03:25.844Z t=6685 INFO [JS] GODMODE_PEER_JOINED=2
2026-10-04T20:03:25.846Z t=6687 INFO [JS] GODMODE_ROGUELITE_SEED=955EB360
2026-10-04T20:03:25.846Z t=6687 INFO [JS] GODMODE_ROGUELITE_PRIMARY=2:machineGun
2026-10-04T20:03:25.920Z t=6761 INFO [JS] GODMODE_SURVIVAL_MINUTE=0:rifleman:-
2026-10-04T20:03:25.923Z t=6764 INFO [JS] GODMODE_CLIENT_READY=2
2026-10-04T20:03:25.992Z t=6832 INFO [JS] GODMODE_STREAM_LIVE=18:1
2026-10-04T20:03:25.992Z t=6833 INFO [JS] GODMODE_STREAM_CHAT_EVENT=runStart
2026-10-04T20:03:27.495Z t=8336 INFO [JS] GODMODE_SYSTEM_ADMIN_SPAWNED=soldier-e1
