✔ tip gains count up and further gains continue from the displayed amount (0.8169ms)
✔ first display, losses and a new stream show their current tip total immediately (0.1308ms)
✔ a kill survives the next target's hits, while new kills retrigger and expiry releases it (0.101ms)
✔ confirmation pulses settle before fading, including extended fixture holds (0.6719ms)
✔ audience growth pulses once, settles, and throttles continuous gains (0.1706ms)
✔ audience losses and hidden-stream resets do not celebrate gains (0.095ms)
✔ the respawn countdown rounds up to whole seconds and never goes negative (0.096ms)
✔ HUD families keep their requested screen corners (0.3111ms)
✔ HUD stays in safe bounds at 1280x720 (0.3709ms)
✔ HUD stays in safe bounds at 3440x1440 (0.706ms)
✔ HUD stays in safe bounds at 1100x735 (0.1858ms)
✔ HUD stays in safe bounds at 1024x768 (0.0997ms)
✔ HUD stays in safe bounds at 800x600 (0.1028ms)
✔ HUD stays in safe bounds at 600x600 (0.0903ms)
✔ HUD stays in safe bounds at 640x360 (0.0603ms)
✔ HUD stays in safe bounds at 390x844 (0.0785ms)
✔ HUD stays in safe bounds at 320x320 (0.0586ms)
✔ HUD stays in safe bounds at 280x180 (0.0462ms)
✔ the frame-rate readout states both the rate and what a frame cost (0.1341ms)
✔ the frame-rate readout takes the top-left corner and the radar moves down for it (0.0708ms)
✔ the hit marker is centred on the crosshair, whatever it is confirming (0.311ms)
✔ the hit marker gets heavier as the shot is worth more, and never depends on the viewport (0.0816ms)
✔ release rejects fresh pilot, unknown, duplicate and incomplete region coverage (0.633ms)
✔ absent development output differs from orphaned imported/baked files (6.675ms)
✔ a lone atlas or atlas/data pair cannot bypass the source and binding manifest (4.8382ms)
✔ each approved study has static receivers and unique street probe positions (4.74ms)
✔ crossing batches are exported wholly while unsupported out-of-volume probe meshes fall back (0.0986ms)
✔ an audit crop replaces the study regions for the bake set and parses strictly (0.4429ms)
ℹ tests 28
ℹ suites 0
ℹ pass 28
ℹ fail 0
ℹ cancelled 0
ℹ skipped 0
ℹ todo 0
ℹ duration_ms 69.6312
